******************************************************************************
            TI ARM Clang Linker Unix v2.1.2                    
******************************************************************************
>> Linked Thu Oct  5 17:17:24 2023

OUTPUT FILE NAME:   <embedded_kafka.release.out>
ENTRY POINT SYMBOL: "_c_int00"  address: 00008f2b


MEMORY CONFIGURATION

         name            origin    length      used     unused   attr    fill
----------------------  --------  ---------  --------  --------  ----  --------
  M4F_VECS              00000000   00000200  00000140  000000c0  RWIX
  M4F_IRAM              00000200   0002fe00  00016f18  00018ee8  RWIX
  M4F_DRAM              00030000   00010000  0000c1c0  00003e40  RWIX
  USER_SHM_MEM          701d0000   00000080  00000000  00000080  RWIX
  LOG_SHM_MEM           701d0080   00003f80  00000000  00003f80  RWIX
  IPC_VRING_MEM         701d4000   0000c000  00006680  00005980  RWIX
  DDR_0                 a4100000   00001000  00001000  00000000  RWIX


SEGMENT ALLOCATION MAP

run origin  load origin   length   init length attrs members
----------  ----------- ---------- ----------- ----- -------
00000000    00000000    00000140   00000140    rw-
  00000000    00000000    00000140   00000140    rw- .vectors
00000200    00000200    0000af10   0000af10    r-x
  00000200    00000200    0000af10   0000af10    r-x .text
0000b110    0000b110    0000c000   00000000    rw-
  0000b110    0000b110    00008000   00000000    rw- .sysmem
  00013110    00013110    00004000   00000000    rw- .stack
00017110    00017110    00000008   00000008    r--
  00017110    00017110    00000008   00000008    r-- .ARM.exidx
00030000    00030000    00007d00   00000000    rw-
  00030000    00030000    00007d00   00000000    rw- .bss
00037d00    00037d00    00003f40   00003f40    r--
  00037d00    00037d00    00003f40   00003f40    r-- .rodata
0003bc40    0003bc40    00000580   00000580    rw-
  0003bc40    0003bc40    00000580   00000580    rw- .data
a4100000    a4100000    00001000   00001000    r--
  a4100000    a4100000    00001000   00001000    r-- .resource_table


SECTION ALLOCATION MAP

 output                                  attributes/
section   page    origin      length       input sections
--------  ----  ----------  ----------   ----------------
.vectors   0    00000000    00000140     
                  00000000    00000140     freertos.am64x.m4f.ti-arm-clang.release.lib : HwiP_armv7m_handlers_freertos.obj (.vectors)

.text      0    00000200    0000af10     
                  00000200    000009d4     libc.a : _printfi.c.obj (.text:__TI_printfi)
                  00000bd4    00000570     freertos.am64x.m4f.ti-arm-clang.release.lib : printf.obj (.text._vsnprintf)
                  00001144    00000004     ti_board_open_close.obj (.text.Board_driversOpen)
                  00001148    000004a8     freertos.am64x.m4f.ti-arm-clang.release.lib : printf.obj (.text._etoa)
                  000015f0    00000438                                                 : printf.obj (.text._ftoa)
                  00001a28    000003a4                                                 : HwiP_armv7m.obj (.text.hwi)
                  00001dcc    0000039e     Configurer.obj (.text._ZN8nlohmann16json_abi_v3_11_210basic_jsonINSt3__13mapENS2_6vectorENS2_12basic_stringIcNS2_11char_traitsIcEENS2_9allocatorIcEEEEbxydS8_NS0_14adl_serializerENS4_IhNS8_IhEEEEvE10json_value7destroyENS0_6detail7value_tE)
                  0000216a    00000002     ti_board_open_close.obj (.text.Board_driversClose)
                  0000216c    00000384     drivers.am64x.m4f.ti-arm-clang.release.lib : ipc_notify_v0.obj (.text.IpcNotify_init)
                  000024f0    0000035a                                                : sciclient.obj (.text.Sciclient_service)
                  0000284a    00000006     freertos.am64x.m4f.ti-arm-clang.release.lib : SemaphoreP_freertos.obj (.text.SemaphoreP_destruct)
                  00002850    000002b8     libc.a : _printfi.c.obj (.text._pconv_a)
                  00002b08    00000240     freertos.am64x.m4f.ti-arm-clang.release.lib : timers.obj (.text.prvTimerTask)
                  00002d48    00000238     libc.a : _printfi.c.obj (.text._pconv_g)
                  00002f80    000001fc     freertos.am64x.m4f.ti-arm-clang.release.lib : queue.obj (.text.xQueueSemaphoreTake)
                  0000317c    000001e8                                                 : queue.obj (.text.xQueueGenericSend)
                  00003364    000001be                                                 : MpuP_armv7m.obj (.text.mpu)
                  00003522    00000002     ti_board_config.obj (.text.Board_init)
                  00003524    000001ba     freertos.am64x.m4f.ti-arm-clang.release.lib : queue.obj (.text.xQueueReceive)
                  000036de    00000002                                                 : CacheP_null.obj (.text.CacheP_inv)
                  000036e0    000001b6     RPMessageEndpoint.obj (.text._ZNK17RPMessageEndpoint7to_jsonERN8nlohmann16json_abi_v3_11_210basic_jsonINSt3__13mapENS3_6vectorENS3_12basic_stringIcNS3_11char_traitsIcEENS3_9allocatorIcEEEEbxydS9_NS1_14adl_serializerENS5_IhNS9_IhEEEEvEE)
                  00003896    00000002     freertos.am64x.m4f.ti-arm-clang.release.lib : CacheP_null.obj (.text.CacheP_wbInv)
                  00003898    000001b6     libclang_rt.builtins.a : adddf3.S.obj (.text)
                  00003a4e    00000002     freertos.am64x.m4f.ti-arm-clang.release.lib : ClockP_freertos_m4.obj (.text.ClockP_timerClearOverflowInt)
                  00003a50    000001a0     libc.a : _printfi.c.obj (.text.fcvt)
                  00003bf0    00000180            : _printfi.c.obj (.text._pconv_e)
                  00003d70    0000016a     freertos.am64x.m4f.ti-arm-clang.release.lib : tasks.obj (.text.xTaskIncrementTick)
                  00003eda    00000002     ti_drivers_open_close.obj (.text.Drivers_open)
                  00003edc    0000013e     freertos.am64x.m4f.ti-arm-clang.release.lib : tasks.obj (.text.xTaskResumeAll)
                  0000401a    00000136     drivers.am64x.m4f.ti-arm-clang.release.lib : ipc_rpmsg.obj (.text.RPMessage_recv)
                  00004150    00000136     Configurer.obj (.text._ZNSt3__127__tree_balance_after_insertIPNS_16__tree_node_baseIPvEEEEvT_S5_)
                  00004286    00000002     RPMessageEndpoint.obj (.text._ZN17RPMessageEndpointD2Ev)
                  00004288    00000136     libclang_rt.builtins.a : divdf3.S.obj (.text)
                  000043be    00000002                            : aeabi_div0.c.obj (.text.__aeabi_ldiv0)
                  000043c0    00000134     drivers.am64x.m4f.ti-arm-clang.release.lib : soc.obj (.text.SOC_moduleSetClockFrequency)
                  000044f4    00000130     freertos.am64x.m4f.ti-arm-clang.release.lib : ClockP_freertos_m4.obj (.text.ClockP_init)
                  00004624    0000012c                                                 : queue.obj (.text.xQueueGenericSendFromISR)
                  00004750    00000122                                                 : tasks.obj (.text.vTaskDelete)
                  00004872    00000002     libc.a : _lock.c.obj (.text._nop)
                  00004874    00000120            : memory.c.obj (.text.aligned_alloc)
                  00004994    0000011c     freertos.am64x.m4f.ti-arm-clang.release.lib : printf.obj (.text._ntoa_format)
                  00004ab0    0000011a                                                 : tasks.obj (.text.prvAddNewTaskToReadyList)
                  00004bca    0000010c     drivers.am64x.m4f.ti-arm-clang.release.lib : ipc_rpmsg.obj (.text.RPMessage_recvHandler)
                  00004cd6    00000002     freertos.am64x.m4f.ti-arm-clang.release.lib : printf.obj (.text._out_null)
                  00004cd8    0000010c     libc.a : s_scalbn.c.obj (.text.scalbn)
                  00004de4    0000010c     freertos.am64x.m4f.ti-arm-clang.release.lib : queue.obj (.text.xQueueGiveFromISR)
                  00004ef0    00000108                                                 : SysTickTimerP.obj (.text.SysTickTimerP_setup)
                  00004ff8    00000108     Configurer.obj (.text._ZNSt3__16__treeINS_12__value_typeINS_12basic_stringIcNS_11char_traitsIcEENS_9allocatorIcEEEEN8nlohmann16json_abi_v3_11_210basic_jsonINS_3mapENS_6vectorES7_bxydS5_NS9_14adl_serializerENSC_IhNS5_IhEEEEvEEEENS_19__map_value_compareIS7_SH_NS_4lessIvEELb1EEENS5_ISH_EEE12__find_equalIS7_EERPNS_16__tree_node_baseIPvEENS_21__tree_const_iteratorISH_PNS_11__tree_nodeISH_SQ_EEiEERPNS_15__tree_end_nodeISS_EEST_RKT_)
                  00005100    00000100     ti_drivers_config.obj (.text.System_init)
                  00005200    00000100     freertos.am64x.m4f.ti-arm-clang.release.lib : queue.obj (.text.xQueueReceiveFromISR)
                  00005300    000000fe                                                 : queue.obj (.text.xQueueGenericCreateStatic)
                  000053fe    000000fc     drivers.am64x.m4f.ti-arm-clang.release.lib : ipc_rpmsg.obj (.text.RPMessage_send)
                  000054fa    00000002     freertos.am64x.m4f.ti-arm-clang.release.lib : port.obj (.text.vPortConfigTimerForRunTimeStats)
                  000054fc    000000fc     libclang_rt.builtins.a : muldf3.S.obj (.text)
                  000055f8    000000fa     Record.obj (.text._ZN8nlohmann16json_abi_v3_11_210basic_jsonINSt3__13mapENS2_6vectorENS2_12basic_stringIcNS2_11char_traitsIcEENS2_9allocatorIcEEEEbxydS8_NS0_14adl_serializerENS4_IhNS8_IhEEEEvEC2ESt16initializer_listINS0_6detail8json_refISE_EEEbNSG_7value_tE)
                  000056f2    00000002     --HOLE-- [fill = 0]
                  000056f4    000000f8     libc.a : memory.c.obj (.text.free)
                  000057ec    000000f8     freertos.am64x.m4f.ti-arm-clang.release.lib : tasks.obj (.text.vTaskSwitchContext)
                  000058e4    000000f6     embedded_kafka.obj (.text._Z14linux_and_rtosv)
                  000059da    00000002     --HOLE-- [fill = 0]
                  000059dc    000000f0     libc.a : fputs.c.obj (.text.fputs)
                  00005acc    000000ee     drivers.am64x.m4f.ti-arm-clang.release.lib : ipc_rpmsg.obj (.text.RPMessage_init)
                  00005bba    000000da     freertos.am64x.m4f.ti-arm-clang.release.lib : tasks.obj (.text.vTaskPriorityDisinheritAfterTimeout)
                  00005c94    000000d8     libc.a : setvbuf.c.obj (.text.setvbuf)
                  00005d6c    000000cc     drivers.am64x.m4f.ti-arm-clang.release.lib : ipc_notify_v0.obj (.text.IpcNotify_isr)
                  00005e38    000000cc     freertos.am64x.m4f.ti-arm-clang.release.lib : timers.obj (.text.prvSampleTimeNow)
                  00005f04    000000ca     drivers.am64x.m4f.ti-arm-clang.release.lib : ipc_notify_v0.obj (.text.IpcNotify_sendMsg)
                  00005fce    000000ca     freertos.am64x.m4f.ti-arm-clang.release.lib : tasks.obj (.text.xTaskPriorityDisinherit)
                  00006098    000000c4     Configurer.obj (.text._ZNSt3__120back_insert_iteratorINS_6vectorIN8nlohmann16json_abi_v3_11_210basic_jsonINS_3mapES1_NS_12basic_stringIcNS_11char_traitsIcEENS_9allocatorIcEEEEbxydS9_NS3_14adl_serializerENS1_IhNS9_IhEEEEvEENS9_ISF_EEEEEaSEOSF_)
                  0000615c    000000c4     freertos.am64x.m4f.ti-arm-clang.release.lib : tasks.obj (.text.vTaskStartScheduler)
                  00006220    000000c2                                                 : tasks.obj (.text.prvInitialiseNewTask)
                  000062e2    000000c2                                                 : tasks.obj (.text.xTaskCreateStatic)
                  000063a4    000000be     drivers.am64x.m4f.ti-arm-clang.release.lib : pinmux.obj (.text.Pinmux_config)
                  00006462    000000b8                                                : ipc_rpmsg_vring.obj (.text.RPMessage_vringReset)
                  0000651a    00000002     --HOLE-- [fill = 0]
                  0000651c    000000b0     freertos.am64x.m4f.ti-arm-clang.release.lib : AddrTranslateP.obj (.text.AddrTranslateP_init)
                  000065cc    000000b0                                                 : DebugP_memTraceLogWriter.obj (.text.DebugP_memLogWriterPutChar)
                  0000667c    000000b0                                                 : TaskP_freertos.obj (.text.TaskP_loadUpdateAll)
                  0000672c    000000b0     libclang_rt.builtins.a : udivmoddi4.S.obj (.text)
                  000067dc    000000a8     freertos.am64x.m4f.ti-arm-clang.release.lib : tasks.obj (.text.xTaskPriorityInherit)
                  00006884    000000a6     drivers.am64x.m4f.ti-arm-clang.release.lib : ipc_rpmsg_vring.obj (.text.RPMessage_vringResetLinux)
                  0000692a    000000a6     embedded_kafka.obj (.text._Z18communication_mainPv)
                  000069d0    000000a6     freertos.am64x.m4f.ti-arm-clang.release.lib : HwiP_armv7m_handlers_freertos.obj (.text.hwi)
                  00006a76    000000a4     drivers.am64x.m4f.ti-arm-clang.release.lib : ipc_rpmsg_vring.obj (.text.RPMessage_vringGetFullRxBuf)
                  00006b1a    00000002     --HOLE-- [fill = 0]
                  00006b1c    000000a4     freertos.am64x.m4f.ti-arm-clang.release.lib : printf.obj (.text._ntoa_long_long)
                  00006bc0    000000a4                                                 : printf.obj (.text._out_rev)
                  00006c64    000000a4                                                 : tasks.obj (.text.xTaskRemoveFromEventList)
                  00006d08    000000a0                                                 : tasks.obj (.text.eTaskGetState)
                  00006da8    000000a0                                                 : tasks.obj (.text.prvAddCurrentTaskToDelayedList)
                  00006e48    0000009e     drivers.am64x.m4f.ti-arm-clang.release.lib : ipc_rpmsg_vring.obj (.text.RPMessage_vringPutEmptyRxBuf)
                  00006ee6    0000009e                                                : sciclient_pm.obj (.text.Sciclient_pmQueryModuleClkFreq)
                  00006f84    0000009e     freertos.am64x.m4f.ti-arm-clang.release.lib : tasks.obj (.text.xTaskCheckForTimeOut)
                  00007022    0000009a     drivers.am64x.m4f.ti-arm-clang.release.lib : sciclient.obj (.text.Sciclient_init)
                  000070bc    0000009a                                                : sciclient.obj (.text.Sciclient_sendMessage)
                  00007156    00000002     --HOLE-- [fill = 0]
                  00007158    00000098                                                : ipc_rpmsg.obj (.text.RPMessage_coreInit)
                  000071f0    00000096     freertos.am64x.m4f.ti-arm-clang.release.lib : tasks.obj (.text.vTaskGetInfo)
                  00007286    00000002     --HOLE-- [fill = 0]
                  00007288    00000094                                                 : printf.obj (.text._ntoa_long)
                  0000731c    00000092     drivers.am64x.m4f.ti-arm-clang.release.lib : ipc_rpmsg_vring.obj (.text.RPMessage_vringGetEmptyTxBuf)
                  000073ae    00000092     Configurer.obj (.text._ZNK8nlohmann16json_abi_v3_11_210basic_jsonINSt3__13mapENS2_6vectorENS2_12basic_stringIcNS2_11char_traitsIcEENS2_9allocatorIcEEEEbxydS8_NS0_14adl_serializerENS4_IhNS8_IhEEEEvE16assert_invariantEb)
                  00007440    00000092     freertos.am64x.m4f.ti-arm-clang.release.lib : queue.obj (.text.xQueueGenericReset)
                  000074d2    00000002     --HOLE-- [fill = 0]
                  000074d4    00000090     drivers.am64x.m4f.ti-arm-clang.release.lib : ipc_rpmsg_vring.obj (.text.RPMessage_vringResetInternal)
                  00007564    0000008c                                                : sciclient_pm.obj (.text.Sciclient_pmSetModuleClkFreq)
                  000075f0    00000088     freertos.am64x.m4f.ti-arm-clang.release.lib : DebugP_memTraceLogWriter.obj (.text.DebugP_memTraceLogWriterPutLine)
                  00007678    00000086                                                 : timers.obj (.text.xTimerCreateTimerTask)
                  000076fe    00000082     main.obj (.text.main)
                  00007780    00000080     RPMessageCommunication.obj (.text._ZN22RPMessageCommunicationC2ERK17RPMessageEndpointRK6Logger)
                  00007800    0000007e     drivers.am64x.m4f.ti-arm-clang.release.lib : ipc_rpmsg.obj (.text.RPMessage_waitForLinuxReady)
                  0000787e    0000007a                                                : sciclient_pm.obj (.text.Sciclient_pmGetModuleClkNumParent)
                  000078f8    0000007a     freertos.am64x.m4f.ti-arm-clang.release.lib : timers.obj (.text.prvCheckForValidListAndQueue)
                  00007972    0000007a                                                 : port.obj (.text.xPortStartScheduler)
                  000079ec    00000078     drivers.am64x.m4f.ti-arm-clang.release.lib : ipc_rpmsg.obj (.text.RPMessage_construct)
                  00007a64    00000078     freertos.am64x.m4f.ti-arm-clang.release.lib : queue.obj (.text.prvCopyDataToQueue)
                  00007adc    00000078                                                 : timers.obj (.text.xTimerGenericCommand)
                  00007b54    00000076                                                 : DebugP_freertos.obj (.text._DebugP_logZone)
                  00007bca    00000002     --HOLE-- [fill = 0]
                  00007bcc    00000076     RPMessageCommunication.obj (.text._ZN22RPMessageCommunication5writeEPKcjRK8Endpoint)
                  00007c42    00000002     --HOLE-- [fill = 0]
                  00007c44    00000074     libc.a : fclose.c.obj (.text.__TI_closefile)
                  00007cb8    00000074            : fflush.c.obj (.text.fflush)
                  00007d2c    00000072     drivers.am64x.m4f.ti-arm-clang.release.lib : soc.obj (.text.SOC_moduleClockEnable)
                  00007d9e    00000072     embedded_kafka.obj (.text._Z7blockerii)
                  00007e10    00000072     freertos.am64x.m4f.ti-arm-clang.release.lib : queue.obj (.text.prvUnlockQueue)
                  00007e82    00000070                                                 : SemaphoreP_freertos.obj (.text.SemaphoreP_constructBinary)
                  00007ef2    00000002     --HOLE-- [fill = 0]
                  00007ef4    00000070                                                 : tasks.obj (.text.prvIdleTask)
                  00007f64    0000006e     drivers.am64x.m4f.ti-arm-clang.release.lib : ipc_rpmsg.obj (.text.RPMessage_getEndPtMsg)
                  00007fd2    0000006e                                                : sciclient_pm.obj (.text.Sciclient_pmGetModuleState)
                  00008040    0000006e     libclang_rt.builtins.a : comparedf2.c.obj (.text.__gedf2)
                  000080ae    00000002     --HOLE-- [fill = 0]
                  000080b0    0000006e                            : comparedf2.c.obj (.text.__ledf2)
                  0000811e    00000002     --HOLE-- [fill = 0]
                  00008120    0000006c     Configurer.obj (.text._ZN8nlohmann16json_abi_v3_11_210basic_jsonINSt3__13mapENS2_6vectorENS2_12basic_stringIcNS2_11char_traitsIcEENS2_9allocatorIcEEEEbxydS8_NS0_14adl_serializerENS4_IhNS8_IhEEEEvEC2ERKSE_)
                  0000818c    0000006c     libc.a : _printfi.c.obj (.text._mcpy)
                  000081f8    0000006c            : memory.c.obj (.text.split)
                  00008264    0000006a     freertos.am64x.m4f.ti-arm-clang.release.lib : AddrTranslateP.obj (.text.AddrTranslateP_getLocalAddr)
                  000082ce    00000002     --HOLE-- [fill = 0]
                  000082d0    0000006a     TI_DebugLogger.obj (.text._ZNK14TI_DebugLogger3logEPKcz)
                  0000833a    00000002     --HOLE-- [fill = 0]
                  0000833c    0000006a     TI_DebugLogger.obj (.text._ZNK14TI_DebugLogger8logErrorEPKcz)
                  000083a6    0000006a     freertos.am64x.m4f.ti-arm-clang.release.lib : tasks.obj (.text.vTaskDelay)
                  00008410    00000068     libc.a : s_frexp.c.obj (.text.frexp)
                  00008478    00000068            : fseek.c.obj (.text.fseeko)
                  000084e0    00000068            : getdevice.c.obj (.text.getdevice)
                  00008548    00000066     drivers.am64x.m4f.ti-arm-clang.release.lib : sciclient_pm.obj (.text.Sciclient_pmGetModuleClkParent)
                  000085ae    00000066     freertos.am64x.m4f.ti-arm-clang.release.lib : SemaphoreP_freertos.obj (.text.SemaphoreP_pend)
                  00008614    00000066                                                 : SemaphoreP_freertos.obj (.text.SemaphoreP_post)
                  0000867a    00000066     RPMessageCommunication.obj (.text._ZN22RPMessageCommunication4readEPcjR8Endpoint)
                  000086e0    00000064     libsysbm.a : hostrename.c.obj (.text.HOSTrename)
                  00008744    00000064     drivers.am64x.m4f.ti-arm-clang.release.lib : ipc_notify_v0.obj (.text.IpcNotify_waitSync)
                  000087a8    00000064                                                : sciclient_pm.obj (.text.Sciclient_pmModuleGetClkStatus)
                  0000880c    00000064     libc++.a : string.cpp.obj (.text._ZNSt3__112basic_stringIcNS_11char_traitsIcEENS_9allocatorIcEEEC2ERKS5_)
                  00008870    00000064     freertos.am64x.m4f.ti-arm-clang.release.lib : queue.obj (.text.vQueueDelete)
                  000088d4    0000000c     drivers.am64x.m4f.ti-arm-clang.release.lib : ipc_notify_v0.obj (.text.IpcNotify_getSelfCoreId)
                  000088e0    00000064     freertos.am64x.m4f.ti-arm-clang.release.lib : port.obj (.text.xPortPendSVHandler)
                  00008944    00000062     Configurer.obj (.text._ZNSt3__16__treeINS_12__value_typeINS_12basic_stringIcNS_11char_traitsIcEENS_9allocatorIcEEEEN8nlohmann16json_abi_v3_11_210basic_jsonINS_3mapENS_6vectorES7_bxydS5_NS9_14adl_serializerENSC_IhNS5_IhEEEEvEEEENS_19__map_value_compareIS7_SH_NS_4lessIvEELb1EEENS5_ISH_EEE12__find_equalIS7_EERPNS_16__tree_node_baseIPvEERPNS_15__tree_end_nodeISS_EERKT_)
                  000089a6    00000002     --HOLE-- [fill = 0]
                  000089a8    00000062     libclang_rt.builtins.a : aeabi_dcmp.S.obj (.text)
                  00008a0a    00000002     --HOLE-- [fill = 0]
                  00008a0c    00000060     drivers.am64x.m4f.ti-arm-clang.release.lib : ipc_notify_v0.obj (.text.IpcNotify_syncAll)
                  00008a6c    00000060     Configurer.obj (.text._ZNSt3__13mapINS_12basic_stringIcNS_11char_traitsIcEENS_9allocatorIcEEEEN8nlohmann16json_abi_v3_11_210basic_jsonIS0_NS_6vectorES6_bxydS4_NS8_14adl_serializerENSA_IhNS4_IhEEEEvEENS_4lessIvEENS4_INS_4pairIKS6_SE_EEEEE6insertINS_20__map_const_iteratorINS_21__tree_const_iteratorINS_12__value_typeIS6_SE_EEPNS_11__tree_nodeISQ_PvEEiEEEEEEvT_SX_)
                  00008acc    00000060     libc.a : _io_perm.c.obj (.text.__TI_wrt_ok)
                  00008b2c    00000060     libsysbm.a : close.c.obj (.text.close)
                  00008b8c    0000005e     drivers.am64x.m4f.ti-arm-clang.release.lib : ipc_rpmsg_vring.obj (.text.RPMessage_vringPutFullTxBuf)
                  00008bea    0000005e                                                : sciclient_pm.obj (.text.Sciclient_pmSetModuleClkParent)
                  00008c48    0000005e     freertos.am64x.m4f.ti-arm-clang.release.lib : DebugP_log.obj (.text._DebugP_assert)
                  00008ca6    0000005e     Configurer.obj (.text._ZNSt3__16__treeINS_12__value_typeINS_12basic_stringIcNS_11char_traitsIcEENS_9allocatorIcEEEEN8nlohmann16json_abi_v3_11_210basic_jsonINS_3mapENS_6vectorES7_bxydS5_NS9_14adl_serializerENSC_IhNS5_IhEEEEvEEEENS_19__map_value_compareIS7_SH_NS_4lessIvEELb1EEENS5_ISH_EEE30__emplace_hint_unique_key_argsIS7_JRKNS_4pairIKS7_SG_EEEEENSP_INS_15__tree_iteratorISH_PNS_11__tree_nodeISH_PvEEiEEbEENS_21__tree_const_iteratorISH_SY_iEERKT_DpOT0_)
                  00008d04    0000005e     freertos.am64x.m4f.ti-arm-clang.release.lib : port.obj (.text.vPortEnterCritical)
                  00008d62    0000005c     drivers.am64x.m4f.ti-arm-clang.release.lib : sciclient_pm.obj (.text.Sciclient_pmModuleClkRequest)
                  00008dbe    0000005c     embedded_kafka.obj (.text._Z12waitingLinuxv)
                  00008e1a    0000005c     Record.obj (.text._ZNSt3__16__treeINS_12__value_typeINS_12basic_stringIcNS_11char_traitsIcEENS_9allocatorIcEEEEN8nlohmann16json_abi_v3_11_210basic_jsonINS_3mapENS_6vectorES7_bxydS5_NS9_14adl_serializerENSC_IhNS5_IhEEEEvEEEENS_19__map_value_compareIS7_SH_NS_4lessIvEELb1EEENS5_ISH_EEE16__construct_nodeIJS7_SG_EEENS_10unique_ptrINS_11__tree_nodeISH_PvEENS_22__tree_node_destructorINS5_ISS_EEEEEEDpOT_)
                  00008e76    0000005a     drivers.am64x.m4f.ti-arm-clang.release.lib : ipc_rpmsg_vring.obj (.text.RPMessage_vringIsFullRxBuf)
                  00008ed0    0000005a     Configurer.obj (.text._ZNSt3__146__construct_backward_with_exception_guaranteesINS_9allocatorIN8nlohmann16json_abi_v3_11_210basic_jsonINS_3mapENS_6vectorENS_12basic_stringIcNS_11char_traitsIcEENS1_IcEEEEbxydS1_NS3_14adl_serializerENS6_IhNS1_IhEEEEvEEEEPSF_EEvRT_T0_SK_RSK_)
                  00008f2a    0000005a     freertos.am64x.m4f.ti-arm-clang.release.lib : boot_armv7m.obj (.text:_c_int00)
                  00008f84    00000058     libsysbm.a : hostlseek.c.obj (.text.HOSTlseek)
                  00008fdc    00000058                : hostopen.c.obj (.text.HOSTopen)
                  00009034    00000058     libc++.a : string.cpp.obj (.text._ZNKSt3__112basic_stringIcNS_11char_traitsIcEENS_9allocatorIcEEE7compareEPKc)
                  0000908c    00000058     freertos.am64x.m4f.ti-arm-clang.release.lib : tasks.obj (.text.vTaskPlaceOnEventListRestricted)
                  000090e4    00000056     libc.a : _ltoa.c.obj (.text.__TI_ltoa)
                  0000913a    00000002     --HOLE-- [fill = 0]
                  0000913c    00000056     freertos.am64x.m4f.ti-arm-clang.release.lib : port.obj (.text.prvTaskExitError)
                  00009192    00000002     --HOLE-- [fill = 0]
                  00009194    00000054     libsysbm.a : hostread.c.obj (.text.HOSTread)
                  000091e8    00000054                : hostwrite.c.obj (.text.HOSTwrite)
                  0000923c    00000054     Configurer.obj (.text._ZNKSt3__14lessIvEclIRKNS_12basic_stringIcNS_11char_traitsIcEENS_9allocatorIcEEEESA_EEDTltclsr3stdE7forwardIT_Efp_Eclsr3stdE7forwardIT0_Efp0_EEOSB_OSC_)
                  00009290    00000054     Configurer.obj (.text._ZNSt3__112basic_stringIcNS_11char_traitsIcEENS_9allocatorIcEEEC2IDnEEPKc)
                  000092e4    00000054     libc.a : _printfi.c.obj (.text._pconv_f)
                  00009338    00000052     drivers.am64x.m4f.ti-arm-clang.release.lib : ipc_rpmsg.obj (.text.RPMessage_announce)
                  0000938a    00000052                                                : sciclient_pm.obj (.text.Sciclient_pmSetModuleState)
                  000093dc    00000052     RPMessageEndpoint.obj (.text._ZN17RPMessageEndpoint9from_jsonERKN8nlohmann16json_abi_v3_11_210basic_jsonINSt3__13mapENS3_6vectorENS3_12basic_stringIcNS3_11char_traitsIcEENS3_9allocatorIcEEEEbxydS9_NS1_14adl_serializerENS5_IhNS9_IhEEEEvEE)
                  0000942e    00000052     freertos.am64x.m4f.ti-arm-clang.release.lib : queue.obj (.text.xQueueGiveMutexRecursive)
                  00009480    00000050     drivers.am64x.m4f.ti-arm-clang.release.lib : ipc_rpmsg.obj (.text.RPMessage_notifyCallback)
                  000094d0    00000050                                                : sciclient_soc_priv.obj (.text.Sciclient_getContext)
                  00009520    00000050     freertos.am64x.m4f.ti-arm-clang.release.lib : SemaphoreP_freertos.obj (.text.SemaphoreP_constructMutex)
                  00009570    00000050     EndpointFactory.obj (.text._ZN15EndpointFactory15getFreeEndpointEv)
                  000095c0    00000050     freertos.am64x.m4f.ti-arm-clang.release.lib : tasks.obj (.text.prvDeleteTCB)
                  00009610    00000050                                                 : queue.obj (.text.xQueueTakeMutexRecursive)
                  00009660    0000004e     Record.obj (.text._ZN8nlohmann16json_abi_v3_11_210basic_jsonINSt3__13mapENS2_6vectorENS2_12basic_stringIcNS2_11char_traitsIcEENS2_9allocatorIcEEEEbxydS8_NS0_14adl_serializerENS4_IhNS8_IhEEEEvEC2INS0_6detail8json_refISE_EELi0EEERKT_)
                  000096ae    0000004e     libc.a : fflush.c.obj (.text.__TI_doflush)
                  000096fc    0000004e            : _printfi.c.obj (.text._ecpy)
                  0000974a    0000004e     freertos.am64x.m4f.ti-arm-clang.release.lib : tasks.obj (.text.vTaskPlaceOnEventList)
                  00009798    0000004c                                                 : ClockP_freertos.obj (.text.ClockP_getTimeUsec)
                  000097e4    0000004c     drivers.am64x.m4f.ti-arm-clang.release.lib : ipc_rpmsg.obj (.text.RPMessage_allocEndPtMsg)
                  00009830    0000004a     ti_dpl_config.obj (.text.Dpl_init)
                  0000987a    00000002     --HOLE-- [fill = 0]
                  0000987c    00000048     libc.a : aeabi_portable.c.obj (.text.__aeabi_assert)
                  000098c4    00000048            : atoi.c.obj (.text.atoi)
                  0000990c    00000048     libclang_rt.builtins.a : fixdfsi.S.obj (.text)
                  00009954    00000046     freertos.am64x.m4f.ti-arm-clang.release.lib : queue.obj (.text.vQueueWaitForMessageRestricted)
                  0000999a    00000002     --HOLE-- [fill = 0]
                  0000999c    00000044     libsysbm.a : hostunlink.c.obj (.text.HOSTunlink)
                  000099e0    00000044     drivers.am64x.m4f.ti-arm-clang.release.lib : sciclient_pm.obj (.text.Sciclient_pmSetModuleRst)
                  00009a24    00000044     Configurer.obj (.text._ZNSt3__16__treeINS_12__value_typeINS_12basic_stringIcNS_11char_traitsIcEENS_9allocatorIcEEEEN8nlohmann16json_abi_v3_11_210basic_jsonINS_3mapENS_6vectorES7_bxydS5_NS9_14adl_serializerENSC_IhNS5_IhEEEEvEEEENS_19__map_value_compareIS7_SH_NS_4lessIvEELb1EEENS5_ISH_EEE7destroyEPNS_11__tree_nodeISH_PvEE)
                  00009a68    00000044     freertos.am64x.m4f.ti-arm-clang.release.lib : port.obj (.text.vPortExitCritical)
                  00009aac    00000044     libclang_rt.builtins.a : fixunsdfsi.S.obj (.text)
                  00009af0    00000042     Configurer.obj (.text._ZN8nlohmann16json_abi_v3_11_210basic_jsonINSt3__13mapENS2_6vectorENS2_12basic_stringIcNS2_11char_traitsIcEENS2_9allocatorIcEEEEbxydS8_NS0_14adl_serializerENS4_IhNS8_IhEEEEvE6createINS3_ISA_SE_NS2_4lessIvEENS8_INS2_4pairIKSA_SE_EEEEEEJRKSM_EEEPT_DpOT0_)
                  00009b32    00000002     --HOLE-- [fill = 0]
                  00009b34    00000042     RPMessageEndpoint.obj (.text._ZNSt3__16__treeINS_12__value_typeINS_12basic_stringIcNS_11char_traitsIcEENS_9allocatorIcEEEEN8nlohmann16json_abi_v3_11_210basic_jsonINS_3mapENS_6vectorES7_bxydS5_NS9_14adl_serializerENSC_IhNS5_IhEEEEvEEEENS_19__map_value_compareIS7_SH_NS_4lessIvEELb1EEENS5_ISH_EEE4findIA16_cEENS_15__tree_iteratorISH_PNS_11__tree_nodeISH_PvEEiEERKT_)
                  00009b76    00000002     --HOLE-- [fill = 0]
                  00009b78    00000042     BrokerMetadata.obj (.text._ZNSt3__16__treeINS_12__value_typeINS_12basic_stringIcNS_11char_traitsIcEENS_9allocatorIcEEEEN8nlohmann16json_abi_v3_11_210basic_jsonINS_3mapENS_6vectorES7_bxydS5_NS9_14adl_serializerENSC_IhNS5_IhEEEEvEEEENS_19__map_value_compareIS7_SH_NS_4lessIvEELb1EEENS5_ISH_EEE4findIA7_cEENS_15__tree_iteratorISH_PNS_11__tree_nodeISH_PvEEiEERKT_)
                  00009bba    00000002     --HOLE-- [fill = 0]
                  00009bbc    00000042     Record.obj (.text._ZNSt3__16vectorIN8nlohmann16json_abi_v3_11_210basic_jsonINS_3mapES0_NS_12basic_stringIcNS_11char_traitsIcEENS_9allocatorIcEEEEbxydS8_NS2_14adl_serializerENS0_IhNS8_IhEEEEvEENS8_ISE_EEEC2IPKNS2_6detail8json_refISE_EEEET_NS_9enable_ifIXaasr27__is_cpp17_forward_iteratorISN_EE5valuesr16is_constructibleISE_NS_15iterator_traitsISN_E9referenceEEE5valueESN_E4typeE)
                  00009bfe    00000040     drivers.am64x.m4f.ti-arm-clang.release.lib : ipc_rpmsg.obj (.text.RPMessage_destruct)
                  00009c3e    00000040     Record.obj (.text._ZNSt3__16__treeINS_12__value_typeINS_12basic_stringIcNS_11char_traitsIcEENS_9allocatorIcEEEEN8nlohmann16json_abi_v3_11_210basic_jsonINS_3mapENS_6vectorES7_bxydS5_NS9_14adl_serializerENSC_IhNS5_IhEEEEvEEEENS_19__map_value_compareIS7_SH_NS_4lessIvEELb1EEENS5_ISH_EEE25__emplace_unique_key_argsIS7_JS7_SG_EEENS_4pairINS_15__tree_iteratorISH_PNS_11__tree_nodeISH_PvEEiEEbEERKT_DpOT0_)
                  00009c7e    00000040     Configurer.obj (.text._ZNSt3__16vectorIN8nlohmann16json_abi_v3_11_210basic_jsonINS_3mapES0_NS_12basic_stringIcNS_11char_traitsIcEENS_9allocatorIcEEEEbxydS8_NS2_14adl_serializerENS0_IhNS8_IhEEEEvEENS8_ISE_EEE7reserveEj)
                  00009cbe    00000002     --HOLE-- [fill = 0]
                  00009cc0    00000040     Configurer.obj (.text._ZNSt3__16vectorIN8nlohmann16json_abi_v3_11_210basic_jsonINS_3mapES0_NS_12basic_stringIcNS_11char_traitsIcEENS_9allocatorIcEEEEbxydS8_NS2_14adl_serializerENS0_IhNS8_IhEEEEvEENS8_ISE_EEED2Ev)
                  00009d00    00000040     freertos.am64x.m4f.ti-arm-clang.release.lib : timers.obj (.text.prvInsertTimerInActiveList)
                  00009d40    0000003e     drivers.am64x.m4f.ti-arm-clang.release.lib : ipc_notify_v0.obj (.text.IpcNotify_registerClient)
                  00009d7e    0000003e     Configurer.obj (.text._ZN8nlohmann16json_abi_v3_11_210basic_jsonINSt3__13mapENS2_6vectorENS2_12basic_stringIcNS2_11char_traitsIcEENS2_9allocatorIcEEEEbxydS8_NS0_14adl_serializerENS4_IhNS8_IhEEEEvE6createINS0_27byte_container_with_subtypeISD_EEJRKSH_EEEPT_DpOT0_)
                  00009dbc    0000003e     Configurer.obj (.text._ZNSt3__16vectorIN8nlohmann16json_abi_v3_11_210basic_jsonINS_3mapES0_NS_12basic_stringIcNS_11char_traitsIcEENS_9allocatorIcEEEEbxydS8_NS2_14adl_serializerENS0_IhNS8_IhEEEEvEENS8_ISE_EEEC2ERKSG_)
                  00009dfa    0000003e     freertos.am64x.m4f.ti-arm-clang.release.lib : TaskP_freertos.obj (.text.vApplicationLoadHook)
                  00009e38    0000003e                                                 : port.obj (.text.vPortTimerTickHandler)
                  00009e76    0000003e                                                 : tasks.obj (.text.xTaskGetIdleTaskHandle)
                  00009eb4    0000003c     libsysbm.a : hostclose.c.obj (.text.HOSTclose)
                  00009ef0    0000003c     UDPEndpoint.obj (.text._ZN8nlohmann16json_abi_v3_11_210basic_jsonINSt3__13mapENS2_6vectorENS2_12basic_stringIcNS2_11char_traitsIcEENS2_9allocatorIcEEEEbxydS8_NS0_14adl_serializerENS4_IhNS8_IhEEEEvEC2IRKjjLi0EEEOT_)
                  00009f2c    0000003c     RPMessageEndpoint.obj (.text._ZN8nlohmann16json_abi_v3_11_210basic_jsonINSt3__13mapENS2_6vectorENS2_12basic_stringIcNS2_11char_traitsIcEENS2_9allocatorIcEEEEbxydS8_NS0_14adl_serializerENS4_IhNS8_IhEEEEvEC2IRKttLi0EEEOT_)
                  00009f68    0000003c     libc.a : vsnprintf.c.obj (.text.vsnprintf)
                  00009fa4    0000003a     freertos.am64x.m4f.ti-arm-clang.release.lib : list.obj (.text.vListInsert)
                  00009fde    00000002     --HOLE-- [fill = 0]
                  00009fe0    00000038     ti_power_clock_config.obj (.text.Module_clockSetFrequency)
                  0000a018    00000038     drivers.am64x.m4f.ti-arm-clang.release.lib : ipc_rpmsg_vring.obj (.text.RPMessage_vringCheckEmptyTxBuf)
                  0000a050    00000038                                                : sciclient.obj (.text.Sciclient_getCurrentContext)
                  0000a088    00000038     Record.obj (.text._ZNK8nlohmann16json_abi_v3_11_26detail8json_refINS0_10basic_jsonINSt3__13mapENS4_6vectorENS4_12basic_stringIcNS4_11char_traitsIcEENS4_9allocatorIcEEEEbxydSA_NS0_14adl_serializerENS6_IhNSA_IhEEEEvEEE15moved_or_copiedEv)
                  0000a0c0    00000038     Configurer.obj (.text._ZNSt3__16vectorIhNS_9allocatorIhEEEC2ERKS3_)
                  0000a0f8    00000038     libc.a : sprintf.c.obj (.text.sprintf)
                  0000a130    00000038            : autoinit.c.obj (.text:__TI_auto_init_nobinit_nopinit)
                  0000a168    00000036     freertos.am64x.m4f.ti-arm-clang.release.lib : ClockP_freertos.obj (.text.ClockP_usleep)
                  0000a19e    00000034     Configurer.obj (.text._ZN8nlohmann16json_abi_v3_11_210basic_jsonINSt3__13mapENS2_6vectorENS2_12basic_stringIcNS2_11char_traitsIcEENS2_9allocatorIcEEEEbxydS8_NS0_14adl_serializerENS4_IhNS8_IhEEEEvE6createINS3_ISA_SE_NS2_4lessIvEENS8_INS2_4pairIKSA_SE_EEEEEEJEEEPT_DpOT0_)
                  0000a1d2    00000034     Record.obj (.text._ZN8nlohmann16json_abi_v3_11_210basic_jsonINSt3__13mapENS2_6vectorENS2_12basic_stringIcNS2_11char_traitsIcEENS2_9allocatorIcEEEEbxydS8_NS0_14adl_serializerENS4_IhNS8_IhEEEEvE6createINS4_ISE_NS8_ISE_EEEEJPKNS0_6detail8json_refISE_EESM_EEEPT_DpOT0_)
                  0000a206    00000034     Configurer.obj (.text._ZNSt3__114__split_bufferIN8nlohmann16json_abi_v3_11_210basic_jsonINS_3mapENS_6vectorENS_12basic_stringIcNS_11char_traitsIcEENS_9allocatorIcEEEEbxydS9_NS2_14adl_serializerENS5_IhNS9_IhEEEEvEERNS9_ISF_EEEC2EjjSH_)
                  0000a23a    00000002     --HOLE-- [fill = 0]
                  0000a23c    00000034     Configurer.obj (.text._ZNSt3__16vectorIN8nlohmann16json_abi_v3_11_210basic_jsonINS_3mapES0_NS_12basic_stringIcNS_11char_traitsIcEENS_9allocatorIcEEEEbxydS8_NS2_14adl_serializerENS0_IhNS8_IhEEEEvEENS8_ISE_EEE5clearEv)
                  0000a270    00000034     libc.a : fopen.c.obj (.text.__TI_cleanup)
                  0000a2a4    00000034     libsysbm.a : trgmsg.c.obj (.text.__TI_writemsg)
                  0000a2d8    00000034     libc.a : _printfi.c.obj (.text._fcpy)
                  0000a30c    00000034            : getdevice.c.obj (.text.finddevice)
                  0000a340    00000032     Configurer.obj (.text._ZN8nlohmann16json_abi_v3_11_210basic_jsonINSt3__13mapENS2_6vectorENS2_12basic_stringIcNS2_11char_traitsIcEENS2_9allocatorIcEEEEbxydS8_NS0_14adl_serializerENS4_IhNS8_IhEEEEvEaSESE_)
                  0000a372    00000032     freertos.am64x.m4f.ti-arm-clang.release.lib : printf.obj (.text.snprintf_)
                  0000a3a4    00000030     Configurer.obj (.text._ZN8nlohmann16json_abi_v3_11_210basic_jsonINSt3__13mapENS2_6vectorENS2_12basic_stringIcNS2_11char_traitsIcEENS2_9allocatorIcEEEEbxydS8_NS0_14adl_serializerENS4_IhNS8_IhEEEEvE6createINS4_ISE_NS8_ISE_EEEEJRKSH_EEEPT_DpOT0_)
                  0000a3d4    00000030     Configurer.obj (.text._ZN8nlohmann16json_abi_v3_11_210basic_jsonINSt3__13mapENS2_6vectorENS2_12basic_stringIcNS2_11char_traitsIcEENS2_9allocatorIcEEEEbxydS8_NS0_14adl_serializerENS4_IhNS8_IhEEEEvE6createISA_JRA10_KcEEEPT_DpOT0_)
                  0000a404    00000030     UDPEndpoint.obj (.text._ZN8nlohmann16json_abi_v3_11_210basic_jsonINSt3__13mapENS2_6vectorENS2_12basic_stringIcNS2_11char_traitsIcEENS2_9allocatorIcEEEEbxydS8_NS0_14adl_serializerENS4_IhNS8_IhEEEEvE6createISA_JRA16_KcEEEPT_DpOT0_)
                  0000a434    00000030     Record.obj (.text._ZN8nlohmann16json_abi_v3_11_210basic_jsonINSt3__13mapENS2_6vectorENS2_12basic_stringIcNS2_11char_traitsIcEENS2_9allocatorIcEEEEbxydS8_NS0_14adl_serializerENS4_IhNS8_IhEEEEvE6createISA_JRA5_KcEEEPT_DpOT0_)
                  0000a464    00000030     BrokerMetadata.obj (.text._ZN8nlohmann16json_abi_v3_11_210basic_jsonINSt3__13mapENS2_6vectorENS2_12basic_stringIcNS2_11char_traitsIcEENS2_9allocatorIcEEEEbxydS8_NS0_14adl_serializerENS4_IhNS8_IhEEEEvE6createISA_JRA7_KcEEEPT_DpOT0_)
                  0000a494    00000030     Configurer.obj (.text._ZN8nlohmann16json_abi_v3_11_210basic_jsonINSt3__13mapENS2_6vectorENS2_12basic_stringIcNS2_11char_traitsIcEENS2_9allocatorIcEEEEbxydS8_NS0_14adl_serializerENS4_IhNS8_IhEEEEvE6createISA_JRKSA_EEEPT_DpOT0_)
                  0000a4c4    00000030     SystemManager.obj (.text._ZNK8nlohmann16json_abi_v3_11_26detail12from_json_fnclINS0_10basic_jsonINSt3__13mapENS5_6vectorENS5_12basic_stringIcNS5_11char_traitsIcEENS5_9allocatorIcEEEEbxydSB_NS0_14adl_serializerENS7_IhNSB_IhEEEEvEERiEEDTcl9from_jsonfp_clsr3stdE7forwardIT0_Efp0_EEERKT_OSJ_)
                  0000a4f4    00000030     Configurer.obj (.text._ZNSt3__114__split_bufferIN8nlohmann16json_abi_v3_11_210basic_jsonINS_3mapENS_6vectorENS_12basic_stringIcNS_11char_traitsIcEENS_9allocatorIcEEEEbxydS9_NS2_14adl_serializerENS5_IhNS9_IhEEEEvEERNS9_ISF_EEE17__destruct_at_endEPSF_)
                  0000a524    00000030     Configurer.obj (.text._ZNSt3__16vectorIN8nlohmann16json_abi_v3_11_210basic_jsonINS_3mapES0_NS_12basic_stringIcNS_11char_traitsIcEENS_9allocatorIcEEEEbxydS8_NS2_14adl_serializerENS0_IhNS8_IhEEEEvEENS8_ISE_EEE26__swap_out_circular_bufferERNS_14__split_bufferISE_RSF_EE)
                  0000a554    00000030     libsysbm.a : trgmsg.c.obj (.text.__TI_readmsg)
                  0000a584    00000030     libclang_rt.builtins.a : comparedf2.c.obj (.text.__unorddf2)
                  0000a5b4    00000030     libc.a : vsnprintf.c.obj (.text._outs)
                  0000a5e4    00000030            : exit.c.obj (.text.exit)
                  0000a614    00000030     freertos.am64x.m4f.ti-arm-clang.release.lib : port.obj (.text.prvPortStartFirstTask)
                  0000a644    00000030                                                 : port.obj (.text.vApplicationStackOverflowHook)
                  0000a674    00000030                                                 : queue.obj (.text.xQueueCreateMutexStatic)
                  0000a6a4    0000002e                                                 : ClockP_freertos.obj (.text.ClockP_timerTickIsr)
                  0000a6d2    00000002     --HOLE-- [fill = 0]
                  0000a6d4    0000002e     ti_power_clock_config.obj (.text.Module_clockEnable)
                  0000a702    00000002     --HOLE-- [fill = 0]
                  0000a704    0000002e     libclang_rt.builtins.a : floatsidf.S.obj (.text)
                  0000a732    0000002c     RPMessageCommunication.obj (.text._ZN22RPMessageCommunicationD0Ev)
                  0000a75e    00000002     --HOLE-- [fill = 0]
                  0000a760    0000002c     libsysbm.a : lseek.c.obj (.text.lseek)
                  0000a78c    0000002c                : unlink.c.obj (.text.unlink)
                  0000a7b8    0000002c                : write.c.obj (.text.write)
                  0000a7e4    0000002a     EndpointFactory.obj (.text._ZN15EndpointFactory14createEndpointE17CommunicationType)
                  0000a80e    00000002     --HOLE-- [fill = 0]
                  0000a810    0000002a     embedded_kafka.obj (.text._ZNSt3__16vectorI13TopicMetadataNS_9allocatorIS1_EEE22__base_destruct_at_endEPS1_)
                  0000a83a    00000028     drivers.am64x.m4f.ti-arm-clang.release.lib : ipc_rpmsg.obj (.text.RPMessage_Params_init)
                  0000a862    00000028     Configurer.obj (.text._ZN8nlohmann16json_abi_v3_11_26detail20external_constructorILNS1_7value_tE3EE9constructINS0_10basic_jsonINSt3__13mapENS7_6vectorENS7_12basic_stringIcNS7_11char_traitsIcEENS7_9allocatorIcEEEEbxydSD_NS0_14adl_serializerENS9_IhNSD_IhEEEEvEEA10_cLi0EEEvRT_RKT0_)
                  0000a88a    00000028     UDPEndpoint.obj (.text._ZN8nlohmann16json_abi_v3_11_26detail20external_constructorILNS1_7value_tE3EE9constructINS0_10basic_jsonINSt3__13mapENS7_6vectorENS7_12basic_stringIcNS7_11char_traitsIcEENS7_9allocatorIcEEEEbxydSD_NS0_14adl_serializerENS9_IhNSD_IhEEEEvEEA16_cLi0EEEvRT_RKT0_)
                  0000a8b2    00000028     Record.obj (.text._ZN8nlohmann16json_abi_v3_11_26detail20external_constructorILNS1_7value_tE3EE9constructINS0_10basic_jsonINSt3__13mapENS7_6vectorENS7_12basic_stringIcNS7_11char_traitsIcEENS7_9allocatorIcEEEEbxydSD_NS0_14adl_serializerENS9_IhNSD_IhEEEEvEEA5_cLi0EEEvRT_RKT0_)
                  0000a8da    00000028     BrokerMetadata.obj (.text._ZN8nlohmann16json_abi_v3_11_26detail20external_constructorILNS1_7value_tE3EE9constructINS0_10basic_jsonINSt3__13mapENS7_6vectorENS7_12basic_stringIcNS7_11char_traitsIcEENS7_9allocatorIcEEEEbxydSD_NS0_14adl_serializerENS9_IhNSD_IhEEEEvEEA7_cLi0EEEvRT_RKT0_)
                  0000a902    00000028     Configurer.obj (.text._ZNSt3__16__treeINS_12__value_typeINS_12basic_stringIcNS_11char_traitsIcEENS_9allocatorIcEEEEN8nlohmann16json_abi_v3_11_210basic_jsonINS_3mapENS_6vectorES7_bxydS5_NS9_14adl_serializerENSC_IhNS5_IhEEEEvEEEENS_19__map_value_compareIS7_SH_NS_4lessIvEELb1EEENS5_ISH_EEE16__insert_node_atEPNS_15__tree_end_nodeIPNS_16__tree_node_baseIPvEEEERSS_SS_)
                  0000a92a    00000002     --HOLE-- [fill = 0]
                  0000a92c    00000028     libc.a : memory.c.obj (.text.free_list_insert)
                  0000a954    00000028     freertos.am64x.m4f.ti-arm-clang.release.lib : port.obj (.text.pxPortInitialiseStack)
                  0000a97c    00000028                                                 : queue.obj (.text.vQueueAddToRegistry)
                  0000a9a4    00000026     drivers.am64x.m4f.ti-arm-clang.release.lib : ipc_rpmsg.obj (.text.RPMessage_controlEndPtHandler)
                  0000a9ca    00000026     RPMessageCommunication.obj (.text._ZN22RPMessageCommunicationD2Ev)
                  0000a9f0    00000024     libc++abi.a : stdlib_new_delete.cpp.obj (.text._Znwj)
                  0000aa14    00000024     freertos.am64x.m4f.ti-arm-clang.release.lib : list.obj (.text.uxListRemove)
                  0000aa38    00000008     libc.a : aeabi_portable.c.obj (.text.__aeabi_errno_addr)
                  0000aa40    00000024     freertos.am64x.m4f.ti-arm-clang.release.lib : port.obj (.text.vPortSVCHandler)
                  0000aa64    00000024                                                 : printf.obj (.text.vprintf_)
                  0000aa88    00000024                                                 : tasks.obj (.text.xTaskGetSchedulerState)
                  0000aaac    00000022     ti_pinmux_config.obj (.text.Pinmux_init)
                  0000aace    00000022     drivers.am64x.m4f.ti-arm-clang.release.lib : ipc_rpmsg.obj (.text.RPMessage_isLinuxCore)
                  0000aaf0    00000022     Configurer.obj (.text._ZNSt3__16vectorIN8nlohmann16json_abi_v3_11_210basic_jsonINS_3mapES0_NS_12basic_stringIcNS_11char_traitsIcEENS_9allocatorIcEEEEbxydS8_NS2_14adl_serializerENS0_IhNS8_IhEEEEvEENS8_ISE_EEE11__vallocateEj)
                  0000ab12    00000022     libc.a : memcmp.c.obj (.text.memcmp)
                  0000ab34    00000020     freertos.am64x.m4f.ti-arm-clang.release.lib : DebugP_log.obj (.text.DebugP_logZoneEnable)
                  0000ab54    00000020     CommunicationFactory.obj (.text._ZN20CommunicationFactory19createCommunicationE17CommunicationTypeRK8EndpointRK6Logger)
                  0000ab74    00000020     RPMessageEndpoint.obj (.text._ZNK17RPMessageEndpoint24printEndpointInformationERK6Logger)
                  0000ab94    00000020     RPMessageEndpoint.obj (.text._ZNK8nlohmann16json_abi_v3_11_210basic_jsonINSt3__13mapENS2_6vectorENS2_12basic_stringIcNS2_11char_traitsIcEENS2_9allocatorIcEEEEbxydS8_NS0_14adl_serializerENS4_IhNS8_IhEEEEvE2atIRA16_KcLi0EEERKSE_OT_)
                  0000abb4    00000020     BrokerMetadata.obj (.text._ZNK8nlohmann16json_abi_v3_11_210basic_jsonINSt3__13mapENS2_6vectorENS2_12basic_stringIcNS2_11char_traitsIcEENS2_9allocatorIcEEEEbxydS8_NS0_14adl_serializerENS4_IhNS8_IhEEEEvE2atIRA7_KcLi0EEERKSE_OT_)
                  0000abd4    00000020     Configurer.obj (.text._ZNSt3__16vectorIhNS_9allocatorIhEEE11__vallocateEj)
                  0000abf4    00000020     libclang_rt.builtins.a : floatunsidf.S.obj (.text)
                  0000ac14    0000001e     drivers.am64x.m4f.ti-arm-clang.release.lib : ipc_notify_v0.obj (.text.IpcNotify_syncCallback)
                  0000ac32    0000001e     freertos.am64x.m4f.ti-arm-clang.release.lib : SysTickTimerP.obj (.text.SysTickTimerP_Params_init)
                  0000ac50    0000001e                                                 : DebugP_log.obj (.text._DebugP_assertNoLog)
                  0000ac6e    0000001e     libc.a : memccpy.c.obj (.text.memccpy)
                  0000ac8c    0000001c     drivers.am64x.m4f.ti-arm-clang.release.lib : ipc_rpmsg_vring.obj (.text.RPMessage_vringGetTxBufLen)
                  0000aca8    0000001c                                                : soc.obj (.text.SOC_getCoreName)
                  0000acc4    0000001c     libc.a : assert.c.obj (.text._abort_msg)
                  0000ace0    0000001c            : memory.c.obj (.text.free_list_remove)
                  0000acfc    0000001c     freertos.am64x.m4f.ti-arm-clang.release.lib : port.obj (.text.vApplicationGetIdleTaskMemory)
                  0000ad18    0000001c                                                 : port.obj (.text.vApplicationGetTimerTaskMemory)
                  0000ad34    0000001c                                                 : list.obj (.text.vListInsertEnd)
                  0000ad50    0000001a     drivers.am64x.m4f.ti-arm-clang.release.lib : ipc_notify_v0.obj (.text.IpcNotify_Params_init)
                  0000ad6a    0000001a                                                : ipc_rpmsg_vring.obj (.text.RPMessage_vringGetRxBufAddr)
                  0000ad84    0000001a                                                : ipc_rpmsg_vring.obj (.text.RPMessage_vringGetTxBufAddr)
                  0000ad9e    0000001a     freertos.am64x.m4f.ti-arm-clang.release.lib : heap_3.obj (.text.vPortFree)
                  0000adb8    0000001a                                                 : tasks.obj (.text.vTaskInternalSetTimeOutState)
                  0000add2    00000018     ti_drivers_config.obj (.text.IpcNotify_getConfig)
                  0000adea    00000018     drivers.am64x.m4f.ti-arm-clang.release.lib : ipc_notify_v0.obj (.text.IpcNotify_isCoreEnabled)
                  0000ae02    00000018     embedded_kafka.obj (.text._ZNSt3__16vectorI13TopicMetadataNS_9allocatorIS1_EEED2Ev)
                  0000ae1a    00000018     libc.a : vsnprintf.c.obj (.text._outc)
                  0000ae32    00000018            : sprintf.c.obj (.text._outs)
                  0000ae4a    00000018     freertos.am64x.m4f.ti-arm-clang.release.lib : tasks.obj (.text.pvTaskIncrementMutexHeldCount)
                  0000ae62    00000016                                                 : HwiP_armv7m.obj (.text.HwiP_inISR)
                  0000ae78    00000016     drivers.am64x.m4f.ti-arm-clang.release.lib : sciclient_soc_priv.obj (.text.Sciclient_getDevId)
                  0000ae8e    00000016     Configurer.obj (.text._ZNSt3__114__split_bufferIN8nlohmann16json_abi_v3_11_210basic_jsonINS_3mapENS_6vectorENS_12basic_stringIcNS_11char_traitsIcEENS_9allocatorIcEEEEbxydS9_NS2_14adl_serializerENS5_IhNS9_IhEEEEvEERNS9_ISF_EEED2Ev)
                  0000aea4    00000016     freertos.am64x.m4f.ti-arm-clang.release.lib : list.obj (.text.vListInitialise)
                  0000aeba    00000014                                                 : ClockP_freertos.obj (.text.ClockP_usecToTicks)
                  0000aece    00000002     --HOLE-- [fill = 0]
                  0000aed0    00000014                                                 : port.obj (.text.vPortEnableVFP)
                  0000aee4    00000014     libclang_rt.builtins.a : aeabi_memset.S.obj (.text)
                  0000aef8    00000014                            : aeabi_uldivmod.S.obj (.text)
                  0000af0c    00000012     freertos.am64x.m4f.ti-arm-clang.release.lib : DebugP_memTraceLogWriter.obj (.text.DebugP_memLogWriterInit)
                  0000af1e    00000012                                                 : SysTickTimerP.obj (.text.SysTickTimerP_start)
                  0000af30    00000012     main.obj (.text._Z13freertos_mainPv)
                  0000af42    00000012     RPMessageEndpoint.obj (.text._ZN17RPMessageEndpointC2Ejt)
                  0000af54    00000012     libc.a : _printfi.c.obj (.text.strchr)
                  0000af66    00000012            : memcpy_t2.S.obj (.text:TI_memcpy_small)
                  0000af78    00000010     freertos.am64x.m4f.ti-arm-clang.release.lib : ClockP_freertos.obj (.text.ClockP_ticksToUsec)
                  0000af88    00000010     drivers.am64x.m4f.ti-arm-clang.release.lib : ipc_rpmsg.obj (.text.RPMessage_CreateParams_init)
                  0000af98    00000010     freertos.am64x.m4f.ti-arm-clang.release.lib : tasks.obj (.text.vTaskSuspendAll)
                  0000afa8    00000010     libc.a : wcslen.c.obj (.text.wcslen)
                  0000afb8    0000000e     ti_power_clock_config.obj (.text.PowerClock_init)
                  0000afc6    0000000e     freertos.am64x.m4f.ti-arm-clang.release.lib : SysTickTimerP.obj (.text.SysTickTimerP_getCount)
                  0000afd4    0000000e                                                 : SysTickTimerP.obj (.text.SysTickTimerP_getReloadCount)
                  0000afe2    0000000e     libsysbm.a : hostrename.c.obj (.text.strcpy)
                  0000aff0    0000000e     libc.a : _printfi.c.obj (.text.strlen)
                  0000affe    0000000e            : aeabi_portable.c.obj (.text.strlen)
                  0000b00c    0000000e            : strlen.c.obj (.text.strlen)
                  0000b01a    0000000e     libsysbm.a : hostrename.c.obj (.text.strlen)
                  0000b028    0000000e     freertos.am64x.m4f.ti-arm-clang.release.lib : tasks.obj (.text.vTaskMissedYield)
                  0000b036    0000000e     libc.a : memset_t2.S.obj (.text:TI_memset_small)
                  0000b044    0000000c     BrokerMetadata.obj (.text._ZN14BrokerMetadataC2EP8Endpoint)
                  0000b050    0000000c     libc++abi.a : cxa_handlers.cpp.obj (.text._ZSt15get_new_handlerv)
                  0000b05c    0000000c     freertos.am64x.m4f.ti-arm-clang.release.lib : tasks.obj (.text.xTaskGetCurrentTaskHandle)
                  0000b068    0000000c                                                 : tasks.obj (.text.xTaskGetTickCount)
                  0000b074    0000000a                                                 : AddrTranslateP.obj (.text.AddrTranslateP_Params_init)
                  0000b07e    0000000a     drivers.am64x.m4f.ti-arm-clang.release.lib : csl_sec_proxy.obj (.text.CSL_secProxyGetDataAddr)
                  0000b088    0000000a     freertos.am64x.m4f.ti-arm-clang.release.lib : printf.obj (.text._out_char)
                  0000b092    0000000a     libc.a : sprintf.c.obj (.text._outc)
                  0000b09c    0000000a     freertos.am64x.m4f.ti-arm-clang.release.lib : port.obj (.text.vApplicationIdleHook)
                  0000b0a6    00000008                                                 : printf.obj (.text._out_buffer)
                  0000b0ae    00000008     libc.a : memory.c.obj (.text.malloc)
                  0000b0b6    00000008     freertos.am64x.m4f.ti-arm-clang.release.lib : port.obj (.text.uiPortGetRunTimeCounterValue)
                  0000b0be    00000006                                                 : list.obj (.text.vListInitialiseItem)
                  0000b0c4    00000004                                                 : ClockP_freertos.obj (.text.ClockP_getTicks)
                  0000b0c8    00000004                                                 : ClockP_freertos_m4.obj (.text.ClockP_getTimerCount)
                  0000b0cc    00000004     drivers.am64x.m4f.ti-arm-clang.release.lib : ipc_rpmsg.obj (.text.RPMessage_getLocalEndPt)
                  0000b0d0    00000004     RPMessageEndpoint.obj (.text._ZN17RPMessageEndpoint18setServiceEndpointEt)
                  0000b0d4    00000004     RPMessageEndpoint.obj (.text._ZN17RPMessageEndpoint9setCoreIdEj)
                  0000b0d8    00000004     RPMessageEndpoint.obj (.text._ZN17RPMessageEndpointD0Ev)
                  0000b0dc    00000004     BrokerMetadata.obj (.text._ZNK14BrokerMetadata11getEndpointEv)
                  0000b0e0    00000004     RPMessageEndpoint.obj (.text._ZNK17RPMessageEndpoint18getServiceEndpointEv)
                  0000b0e4    00000004     RPMessageEndpoint.obj (.text._ZNK17RPMessageEndpoint9getCoreIdEv)
                  0000b0e8    00000004     Configurer.obj (.text._ZSt28__throw_bad_array_new_lengthv)
                  0000b0ec    00000004     libc++abi.a : stdlib_new_delete.cpp.obj (.text._ZdlPv)
                  0000b0f0    00000004     ti_dpl_config.obj (.text.boot)
                  0000b0f4    00000004     libc.a : fseek.c.obj (.text.fseek)
                  0000b0f8    00000004     ti_dpl_config.obj (.text.putchar_)
                  0000b0fc    00000004     libsysbm.a : remove.c.obj (.text.remove)
                  0000b100    00000004     libc.a : exit.c.obj (.text:abort)
                  0000b104    00000004     libclang_rt.builtins.a : aeabi_memcpy.S.obj (.text)
                  0000b108    00000008     --HOLE-- [fill = 0]

.sysmem    0    0000b110    00008000     UNINITIALIZED
                  0000b110    00000010     libc.a : memory.c.obj (.sysmem)
                  0000b120    00007ff0     --HOLE--

.stack     0    00013110    00004000     UNINITIALIZED
                  00013110    00000004     freertos.am64x.m4f.ti-arm-clang.release.lib : boot_armv7m.obj (.stack)
                  00013114    00003ffc     --HOLE--

.bss       0    00030000    00007d00     UNINITIALIZED
                  00030000    00004000     main.obj (.bss.gMainTaskStack)
                  00034000    00001000     ti_dpl_config.obj (.bss.debug_mem_trace_buf)
                  00035000    00001000     freertos.am64x.m4f.ti-arm-clang.release.lib : port.obj (.bss.uxIdleTaskStack)
                  00036000    00000b2c     (.common:gIpcRpmsgCtrl)
                  00036b2c    00000400                                                 : port.obj (.bss.uxTimerTaskStack)
                  00036f2c    00000280                                                 : tasks.obj (.bss.pxReadyTasksLists)
                  000371ac    00000280     (.common:gHwiCtrl)
                  0003742c    00000120     libsysbm.a : trgmsg.c.obj (.bss:_CIOBUF_)
                  0003754c    00000100     freertos.am64x.m4f.ti-arm-clang.release.lib : timers.obj (.bss.prvCheckForValidListAndQueue.ucStaticTimerQueueStorage)
                  0003764c    00000100     (.common:xQueueRegistry)
                  0003774c    000000a8     (.common:gIpcNotifyCtrl)
                  000377f4    000000a0     (.common:__TI_tmpnams)
                  00037894    00000004     main.obj (.bss.gMainTask)
                  00037898    000000a0     (.common:gTaskP_ctrl)
                  00037938    00000098     freertos.am64x.m4f.ti-arm-clang.release.lib : DebugP_freertos.obj (.bss.gDebugLogLockObj)
                  000379d0    00000088                                                 : port.obj (.bss.xIdleTaskTCB)
                  00037a58    00000088                                                 : port.obj (.bss.xTimerTaskTCB)
                  00037ae0    0000007a                                                 : DebugP_memTraceLogWriter.obj (.bss.DebugP_memLogWriterPutChar.lineBuf)
                  00037b5a    00000002     --HOLE--
                  00037b5c    00000050                                                 : timers.obj (.bss.prvCheckForValidListAndQueue.xStaticTimerQueue)
                  00037bac    00000050     (.common:gRovDummyQueue)
                  00037bfc    00000004                                                 : timers.obj (.bss.pxCurrentTimerList)
                  00037c00    00000038     (.common:gClockCtrl)
                  00037c38    00000014                                                 : timers.obj (.bss.xActiveTimerList1)
                  00037c4c    00000014                                                 : timers.obj (.bss.xActiveTimerList2)
                  00037c60    00000014                                                 : tasks.obj (.bss.xDelayedTaskList1)
                  00037c74    00000014                                                 : tasks.obj (.bss.xDelayedTaskList2)
                  00037c88    00000014                                                 : tasks.obj (.bss.xPendingReadyList)
                  00037c9c    00000014                                                 : tasks.obj (.bss.xSuspendedTaskList)
                  00037cb0    00000014                                                 : tasks.obj (.bss.xTasksWaitingTermination)
                  00037cc4    00000008     (.common:parmbuf)
                  00037ccc    00000004                                                 : tasks.obj (.bss.pxDelayedTaskList)
                  00037cd0    00000004                                                 : tasks.obj (.bss.pxOverflowDelayedTaskList)
                  00037cd4    00000004                                                 : timers.obj (.bss.pxOverflowTimerList)
                  00037cd8    00000004     libc.a : memory.c.obj (.bss.sys_free)
                  00037cdc    00000024     --HOLE--

.rodata    0    00037d00    00003f40     
                  00037d00    00001792     Configurer.obj (.rodata.str1.1)
                  00039492    000007ee     freertos.am64x.m4f.ti-arm-clang.release.lib : tasks.obj (.rodata.str1.1)
                  00039c80    00000756                                                 : queue.obj (.rodata.str1.1)
                  0003a3d6    0000031a     drivers.am64x.m4f.ti-arm-clang.release.lib : ipc_rpmsg.obj (.rodata.str1.1)
                  0003a6f0    000002bc     freertos.am64x.m4f.ti-arm-clang.release.lib : timers.obj (.rodata.str1.1)
                  0003a9ac    000001fe     BrokerMetadata.obj (.rodata.str1.1)
                  0003abaa    000001ad     freertos.am64x.m4f.ti-arm-clang.release.lib : port.obj (.rodata.str1.1)
                  0003ad57    00000197     RPMessageEndpoint.obj (.rodata.str1.1)
                  0003aeee    00000180     UDPEndpoint.obj (.rodata.str1.1)
                  0003b06e    0000017d     drivers.am64x.m4f.ti-arm-clang.release.lib : ipc_notify_v0.obj (.rodata.str1.1)
                  0003b1eb    00000154     Record.obj (.rodata.str1.1)
                  0003b33f    00000001     SystemManager.obj (.rodata._ZN8nlohmann16json_abi_v3_11_26detail12static_constINS1_12from_json_fnEE5valueE)
                  0003b340    0000012c     drivers.am64x.m4f.ti-arm-clang.release.lib : sciclient_fmwSecureProxyMap.obj (.rodata.gSciclientMap)
                  0003b46c    0000010a     freertos.am64x.m4f.ti-arm-clang.release.lib : ClockP_freertos_m4.obj (.rodata.str1.1)
                  0003b576    00000002     --HOLE-- [fill = 0]
                  0003b578    00000004                                                 : tasks.obj (.rodata.uxTopUsedPriority)
                  0003b57c    00000003     TI_DebugLogger.obj (.rodata.str1.1)
                  0003b57f    00000001     --HOLE-- [fill = 0]
                  0003b580    00000101     libc.a : aeabi_ctype.S.obj (.rodata)
                  0003b681    000000da     freertos.am64x.m4f.ti-arm-clang.release.lib : SemaphoreP_freertos.obj (.rodata.str1.1)
                  0003b75b    000000a9                                                 : SysTickTimerP.obj (.rodata.str1.1)
                  0003b804    000000a2     embedded_kafka.obj (.rodata.str1.1)
                  0003b8a6    0000007b     drivers.am64x.m4f.ti-arm-clang.release.lib : soc.obj (.rodata.str1.1)
                  0003b921    00000076     RPMessageCommunication.obj (.rodata.str1.1)
                  0003b997    00000001     --HOLE-- [fill = 0]
                  0003b998    00000050     freertos.am64x.m4f.ti-arm-clang.release.lib : printf.obj (.rodata._ftoa.pow10)
                  0003b9e8    00000050     drivers.am64x.m4f.ti-arm-clang.release.lib : ipc_rpmsg_vring.obj (.rodata.str1.1)
                  0003ba38    00000045     libc.a : aeabi_portable.c.obj (.rodata.str1.1)
                  0003ba7d    00000042     ti_drivers_config.obj (.rodata.str1.1)
                  0003babf    0000003f     main.obj (.rodata.str1.1)
                  0003bafe    0000002d     freertos.am64x.m4f.ti-arm-clang.release.lib : DebugP_log.obj (.rodata.str1.1)
                  0003bb2b    00000022     libc.a : _printfi.c.obj (.rodata.str1.1)
                  0003bb4d    00000003     --HOLE-- [fill = 0]
                  0003bb50    00000020     drivers.am64x.m4f.ti-arm-clang.release.lib : soc.obj (.rodata.SOC_getCoreName.coreIdNames)
                  0003bb70    00000020     ti_dpl_config.obj (.rodata.gMpuRegionConfig)
                  0003bb90    0000001c     RPMessageEndpoint.obj (.rodata._ZTV17RPMessageEndpoint)
                  0003bbac    0000001b     freertos.am64x.m4f.ti-arm-clang.release.lib : DebugP_memTraceLogWriter.obj (.rodata.str1.1)
                  0003bbc7    00000001     --HOLE-- [fill = 0]
                  0003bbc8    00000018     drivers.am64x.m4f.ti-arm-clang.release.lib : sciclient_soc_priv.obj (.rodata..Lswitch.table.Sciclient_getDevId)
                  0003bbe0    00000018     RPMessageCommunication.obj (.rodata._ZTV22RPMessageCommunication)
                  0003bbf8    00000012     freertos.am64x.m4f.ti-arm-clang.release.lib : printf.obj (.rodata.str1.1)
                  0003bc0a    00000002     --HOLE-- [fill = 0]
                  0003bc0c    00000012     embedded_kafka.obj (.rodata.str1.4)
                  0003bc1e    00000002     --HOLE-- [fill = 0]
                  0003bc20    00000010     TI_DebugLogger.obj (.rodata._ZTV14TI_DebugLogger)
                  0003bc30    0000000c     ti_dpl_config.obj (.rodata.gMpuConfig)
                  0003bc3c    00000004     --HOLE-- [fill = 0]

.data      0    0003bc40    00000580     
                  0003bc40    000000f0     libc.a : defs.c.obj (.data._ftable)
                  0003bd30    000000c0     EndpointFactory.obj (.data._ZL9msgObject)
                  0003bdf0    00000093     drivers.am64x.m4f.ti-arm-clang.release.lib : ipc_notify_v0_cfg.obj (.data.gIpcNotifyMailboxConfig)
                  0003be83    00000001                                                : sciclient.obj (.data.gSecHeaderSizeWords)
                  0003be84    00000088     main.obj (.data.gMainTaskObj)
                  0003bf0c    00000004     freertos.am64x.m4f.ti-arm-clang.release.lib : DebugP_memTraceLogWriter.obj (.data.DebugP_memLogWriterPutChar.lineBufIndex)
                  0003bf10    00000080     ti_dpl_config.obj (.data.gAddrTranslateRegionConfig)
                  0003bf90    00000078     libsysbm.a : host_device.c.obj (.data._device)
                  0003c008    00000050                : host_device.c.obj (.data._stream)
                  0003c058    00000030     drivers.am64x.m4f.ti-arm-clang.release.lib : ipc_notify_v0_cfg.obj (.data.gIpcNotifyInterruptConfig_m4fss0_0)
                  0003c088    00000024                                                : ipc_notify_v0_cfg.obj (.data.gIpcNotifyMailboxBaseAddr)
                  0003c0ac    00000004     freertos.am64x.m4f.ti-arm-clang.release.lib : tasks.obj (.data.FreeRTOS_errno)
                  0003c0b0    00000020     drivers.am64x.m4f.ti-arm-clang.release.lib : sciclient_soc_priv.obj (.data.gSciclientSecProxyCfg)
                  0003c0d0    00000014     ti_dpl_config.obj (.data.gClockConfig)
                  0003c0e4    0000000c     freertos.am64x.m4f.ti-arm-clang.release.lib : AddrTranslateP.obj (.data.gAddrTranslateConfig)
                  0003c0f0    0000000c     ti_power_clock_config.obj (.data.gSocModulesClockFrequency)
                  0003c0fc    00000008     libc.a : exit.c.obj (.data..L_MergedGlobals)
                  0003c104    00000008     ti_pinmux_config.obj (.data.gPinMuxMainDomainCfg)
                  0003c10c    00000008     ti_pinmux_config.obj (.data.gPinMuxMcuDomainCfg)
                  0003c114    00000004     EndpointFactory.obj (.data._ZN15EndpointFactory12freeEndpointE)
                  0003c118    00000008     freertos.am64x.m4f.ti-arm-clang.release.lib : TaskP_freertos.obj (.data.vApplicationLoadHook.lastUpdateTime)
                  0003c120    00000004     libc.a : defs.c.obj (.data.__TI_ft_end)
                  0003c124    00000004            : aeabi_portable.c.obj (.data.__aeabi_errno)
                  0003c128    00000004     libc++abi.a : cxa_default_handlers.cpp.obj (.data.__cxa_new_handler)
                  0003c12c    00000004     libc.a : _lock.c.obj (.data._lock)
                  0003c130    00000004            : _lock.c.obj (.data._unlock)
                  0003c134    00000004     freertos.am64x.m4f.ti-arm-clang.release.lib : DebugP_log.obj (.data.gDebugLogZone)
                  0003c138    00000004                                                 : DebugP_memTraceLogWriter.obj (.data.gDebugMemLogIsWrapAround)
                  0003c13c    00000004     ti_dpl_config.obj (.data.gDebugMemLogSize)
                  0003c140    00000004     freertos.am64x.m4f.ti-arm-clang.release.lib : DebugP_memTraceLogWriter.obj (.data.gDebugMemLogWriteIndex)
                  0003c144    00000004                                                 : DebugP_memTraceLogWriter.obj (.data.gDebugP_memTraceLogWriterSelfCoreName)
                  0003c148    00000004     drivers.am64x.m4f.ti-arm-clang.release.lib : ipc_notify_v0_cfg.obj (.data.gIpcNotifyInterruptConfigNum_m4fss0_0)
                  0003c14c    00000004                                                : sciclient.obj (.data.gSciclientHandle.0)
                  0003c150    00000004                                                : sciclient.obj (.data.gSciclientHandle.2)
                  0003c154    00000004                                                : sciclient.obj (.data.gSciclientHandle.3)
                  0003c158    00000004                                                : sciclient.obj (.data.gSciclientHandle.4)
                  0003c15c    00000004                                                : sciclient.obj (.data.gSciclientHandle.5)
                  0003c160    00000004     ti_power_clock_config.obj (.data.gSocModules)
                  0003c164    00000004     freertos.am64x.m4f.ti-arm-clang.release.lib : timers.obj (.data.prvSampleTimeNow.xLastTime)
                  0003c168    00000004                                                 : tasks.obj (.data.pxCurrentTCB)
                  0003c16c    00000004                                                 : tasks.obj (.data.ulTaskSwitchedInTime)
                  0003c170    00000004                                                 : tasks.obj (.data.ulTotalRunTime)
                  0003c174    00000004                                                 : port.obj (.data.uxCriticalNesting)
                  0003c178    00000004                                                 : tasks.obj (.data.uxCurrentNumberOfTasks)
                  0003c17c    00000004                                                 : tasks.obj (.data.uxDeletedTasksWaitingCleanUp)
                  0003c180    00000004                                                 : tasks.obj (.data.uxSchedulerSuspended)
                  0003c184    00000004                                                 : tasks.obj (.data.uxTaskNumber)
                  0003c188    00000004                                                 : tasks.obj (.data.uxTopReadyPriority)
                  0003c18c    00000004                                                 : tasks.obj (.data.xIdleTaskHandle)
                  0003c190    00000004                                                 : tasks.obj (.data.xNextTaskUnblockTime)
                  0003c194    00000004                                                 : tasks.obj (.data.xNumOfOverflows)
                  0003c198    00000004                                                 : tasks.obj (.data.xPendedTicks)
                  0003c19c    00000004                                                 : tasks.obj (.data.xSchedulerRunning)
                  0003c1a0    00000004                                                 : tasks.obj (.data.xTickCount)
                  0003c1a4    00000004                                                 : timers.obj (.data.xTimerQueue)
                  0003c1a8    00000004                                                 : timers.obj (.data.xTimerTaskHandle)
                  0003c1ac    00000004                                                 : tasks.obj (.data.xYieldPending)
                  0003c1b0    00000001                                                 : DebugP_freertos.obj (.data.gDebugLogIsInitDone)
                  0003c1b1    00000003     --HOLE-- [fill = 0]
                  0003c1b4    00000001     libc.a : memory.c.obj (.data.memory_is_initialized)
                  0003c1b5    00000003     --HOLE-- [fill = 0]
                  0003c1b8    00000001     freertos.am64x.m4f.ti-arm-clang.release.lib : port.obj (.data.ulPortSchedularRunning)
                  0003c1b9    00000007     --HOLE-- [fill = 0]

.resource_table 
*          0    a4100000    00001000     
                  a4100000    0000008c     ti_drivers_config.obj (.resource_table)
                  a410008c    00000f74     --HOLE-- [fill = 0]

.init_array 
*          0    00000200    00000000     UNINITIALIZED

.bss.ipc_vring_mem 
*          0    701d4000    00006680     NOLOAD SECTION
                  701d4000    00006680     ti_drivers_config.obj (.bss.ipc_vring_mem)

__llvm_prf_cnts 
*          0    00030000    00000000     UNINITIALIZED

__llvm_prf_bits 
*          0    00030000    00000000     UNINITIALIZED

.ARM.exidx 
*          0    00017110    00000008     
                  00017110    00000008     (.ARM.exidx.text:__TI_printfi:libc.a<_printfi.c.obj>)

MODULE SUMMARY

       Module                              code    ro data   rw data
       ------                              ----    -------   -------
    obj/release/
       ti_drivers_config.obj               280     206       26240  
       main.obj                            148     63        16524  
       Configurer.obj                      3556    6034      0      
       ti_dpl_config.obj                   82      44        4248   
       RPMessageEndpoint.obj               750     435       0      
       Record.obj                          746     340       0      
       embedded_kafka.obj                  684     180       0      
       BrokerMetadata.obj                  202     510       0      
       RPMessageCommunication.obj          430     142       0      
       UDPEndpoint.obj                     148     384       0      
       EndpointFactory.obj                 122     0         196    
       TI_DebugLogger.obj                  212     19        0      
       ti_power_clock_config.obj           116     0         16     
       ti_pinmux_config.obj                34      0         16     
       SystemManager.obj                   48      1         0      
       CommunicationFactory.obj            32      0         0      
       ti_board_open_close.obj             6       0         0      
       ti_board_config.obj                 2       0         0      
       ti_drivers_open_close.obj           2       0         0      
    +--+-----------------------------------+-------+---------+---------+
       Total:                              7600    8358      47240  
                                                                    
    /home/thomas/ti/mcu_plus_sdk_am64x_08_05_00_24/source/drivers/lib/drivers.am64x.m4f.ti-arm-clang.release.lib
       ipc_rpmsg.obj                       2010    794       2860   
       ipc_notify_v0.obj                   1656    381       168    
       ipc_rpmsg_vring.obj                 1282    80        0      
       sciclient.obj                       1222    0         21     
       sciclient_pm.obj                    1068    0         0      
       soc.obj                             450     155       0      
       sciclient_fmwSecureProxyMap.obj     0       300       0      
       ipc_notify_v0_cfg.obj               0       0         235    
       pinmux.obj                          190     0         0      
       sciclient_soc_priv.obj              102     24        32     
       csl_sec_proxy.obj                   10      0         0      
    +--+-----------------------------------+-------+---------+---------+
       Total:                              7990    1734      3316   
                                                                    
    /home/thomas/ti/mcu_plus_sdk_am64x_08_05_00_24/source/kernel/freertos/lib/freertos.am64x.m4f.ti-arm-clang.release.lib
       tasks.obj                           4130    2034      812    
       port.obj                            800     429       5397   
       queue.obj                           3316    1878      256    
       printf.obj                          4530    98        0      
       timers.obj                          1220    700       396    
       HwiP_armv7m.obj                     954     0         640    
       SemaphoreP_freertos.obj             402     218       80     
       ClockP_freertos_m4.obj              310     266       0      
       SysTickTimerP.obj                   340     169       0      
       DebugP_memTraceLogWriter.obj        330     27        138    
       HwiP_armv7m_handlers_freertos.obj   166     0         320    
       MpuP_armv7m.obj                     446     0         0      
       TaskP_freertos.obj                  238     0         168    
       AddrTranslateP.obj                  292     0         12     
       ClockP_freertos.obj                 216     0         56     
       DebugP_freertos.obj                 118     0         153    
       DebugP_log.obj                      156     45        4      
       list.obj                            150     0         0      
       boot_armv7m.obj                     90      0         0      
       heap_3.obj                          26      0         0      
       CacheP_null.obj                     4       0         0      
    +--+-----------------------------------+-------+---------+---------+
       Total:                              18234   5864      8432   
                                                                    
    /home/thomas/ti/ti-cgt-armllvm_2.1.2.LTS/lib/armv7em-ti-none-eabihf/c/libc.a
       _printfi.c.obj                      4934    34        0      
       memory.c.obj                        720     0         5      
       defs.c.obj                          0       0         404    
       s_scalbn.c.obj                      268     0         0      
       aeabi_ctype.S.obj                   0       257       0      
       fputs.c.obj                         240     0         0      
       setvbuf.c.obj                       216     0         0      
       fflush.c.obj                        194     0         0      
       aeabi_portable.c.obj                94      69        4      
       getdevice.c.obj                     156     0         0      
       vsnprintf.c.obj                     132     0         0      
       fclose.c.obj                        116     0         0      
       fseek.c.obj                         108     0         0      
       s_frexp.c.obj                       104     0         0      
[...]
0003b580  __aeabi_ctype_table_                                                                                                                                                                                                                                                                                                                                                                                                                           
0003b580  __aeabi_ctype_table_C                                                                                                                                                                                                                                                                                                                                                                                                                          
0003bb70  gMpuRegionConfig                                                                                                                                                                                                                                                                                                                                                                                                                               
0003bb90  _ZTV17RPMessageEndpoint                                                                                                                                                                                                                                                                                                                                                                                                                        
0003bbe0  _ZTV22RPMessageCommunication                                                                                                                                                                                                                                                                                                                                                                                                                   
0003bc20  _ZTV14TI_DebugLogger                                                                                                                                                                                                                                                                                                                                                                                                                           
0003bc30  gMpuConfig                                                                                                                                                                                                                                                                                                                                                                                                                                     
0003bc40  _ftable                                                                                                                                                                                                                                                                                                                                                                                                                                        
0003bdf0  gIpcNotifyMailboxConfig                                                                                                                                                                                                                                                                                                                                                                                                                        
0003be84  gMainTaskObj                                                                                                                                                                                                                                                                                                                                                                                                                                   
0003bf10  gAddrTranslateRegionConfig                                                                                                                                                                                                                                                                                                                                                                                                                     
0003bf90  _device                                                                                                                                                                                                                                                                                                                                                                                                                                        
0003c008  _stream                                                                                                                                                                                                                                                                                                                                                                                                                                        
0003c058  gIpcNotifyInterruptConfig_m4fss0_0                                                                                                                                                                                                                                                                                                                                                                                                             
0003c088  gIpcNotifyMailboxBaseAddr                                                                                                                                                                                                                                                                                                                                                                                                                      
0003c0ac  FreeRTOS_errno                                                                                                                                                                                                                                                                                                                                                                                                                                 
0003c0b0  gSciclientSecProxyCfg                                                                                                                                                                                                                                                                                                                                                                                                                          
0003c0d0  gClockConfig                                                                                                                                                                                                                                                                                                                                                                                                                                   
0003c0e4  gAddrTranslateConfig                                                                                                                                                                                                                                                                                                                                                                                                                           
0003c0f0  gSocModulesClockFrequency                                                                                                                                                                                                                                                                                                                                                                                                                      
0003c0fc  __TI_cleanup_ptr                                                                                                                                                                                                                                                                                                                                                                                                                               
0003c100  __TI_dtors_ptr                                                                                                                                                                                                                                                                                                                                                                                                                                 
0003c114  _ZN15EndpointFactory12freeEndpointE                                                                                                                                                                                                                                                                                                                                                                                                            
0003c120  __TI_ft_end                                                                                                                                                                                                                                                                                                                                                                                                                                    
0003c124  __aeabi_errno                                                                                                                                                                                                                                                                                                                                                                                                                                  
0003c128  __cxa_new_handler                                                                                                                                                                                                                                                                                                                                                                                                                              
0003c12c  _lock                                                                                                                                                                                                                                                                                                                                                                                                                                          
0003c130  _unlock                                                                                                                                                                                                                                                                                                                                                                                                                                        
0003c134  gDebugLogZone                                                                                                                                                                                                                                                                                                                                                                                                                                  
0003c13c  gDebugMemLogSize                                                                                                                                                                                                                                                                                                                                                                                                                               
0003c148  gIpcNotifyInterruptConfigNum_m4fss0_0                                                                                                                                                                                                                                                                                                                                                                                                          
0003c160  gSocModules                                                                                                                                                                                                                                                                                                                                                                                                                                    
0003c168  pxCurrentTCB                                                                                                                                                                                                                                                                                                                                                                                                                                   
701d4000  gRPMessageVringMem                                                                                                                                                                                                                                                                                                                                                                                                                             
a4100000  gRPMessage_linuxResourceTable                                                                                                                                                                                                                                                                                                                                                                                                                  
ffffffff  __TI_pprof_out_hndl                                                                                                                                                                                                                                                                                                                                                                                                                            
ffffffff  __TI_prof_data_size                                                                                                                                                                                                                                                                                                                                                                                                                            
ffffffff  __TI_prof_data_start                                                                                                                                                                                                                                                                                                                                                                                                                           
ffffffff  __binit__                                                                                                                                                                                                                                                                                                                                                                                                                                      
ffffffff  binit                                                                                                                                                                                                                                                                                                                                                                                                                                          
UNDEFED   __TI_CINIT_Base                                                                                                                                                                                                                                                                                                                                                                                                                                
UNDEFED   __TI_CINIT_Limit                                                                                                                                                                                                                                                                                                                                                                                                                               
UNDEFED   __TI_Handler_Table_Base                                                                                                                                                                                                                                                                                                                                                                                                                        
UNDEFED   __TI_Handler_Table_Limit                                                                                                                                                                                                                                                                                                                                                                                                                       
UNDEFED   _system_post_cinit                                                                                                                                                                                                                                                                                                                                                                                                                             

[466 symbols]
