******************************************************************************
            TI ARM Clang Linker Unix v2.1.2                    
******************************************************************************
>> Linked Thu Dec 22 10:12:38 2022

OUTPUT FILE NAME:   <sbl_ospi.release.out>
ENTRY POINT SYMBOL: "_vectors_sbl"  address: 70000000


MEMORY CONFIGURATION

         name            origin    length      used     unused   attr    fill
----------------------  --------  ---------  --------  --------  ----  --------
  R5F_VECS              00000000   00000040  00000000  00000040  RWIX
  R5F_TCMA              00000040   00007fc0  00000000  00007fc0  RWIX
  R5F_TCMB0             41010000   00008000  00000000  00008000  RWIX
  MSRAM_VECS            70000000   00000100  00000040  000000c0  RWIX
  MSRAM_0               70000100   0006ff00  00015028  0005aed8  RWIX
  MSRAM_1               70070000   00010000  00007800  00008800  RWIX


SEGMENT ALLOCATION MAP

run origin  load origin   length   init length attrs members
----------  ----------- ---------- ----------- ----- -------
70000000    70000000    00000040   00000040    r-x
  70000000    70000000    00000040   00000040    r-x .vectors
70000100    70000100    00010840   00010840    r-x
  70000100    70000100    0000f8f0   0000f8f0    r-x .text
  7000f9f0    7000f9f0    00000790   00000790    r-x .text.hwi
  70010180    70010180    00000450   00000450    r-x .text.cache
  700105d0    700105d0    00000240   00000240    r-x .text.mpu
  70010810    70010810    00000130   00000130    r-x .text.boot
70010940    70010940    00002758   00002758    rw-
  70010940    70010940    00002758   00002758    rw- .data
70013098    70013098    00002090   00002090    r--
  70013098    70013098    00002090   00002090    r-- .rodata
70070000    70070000    00006400   00000000    rw-
  70070000    70070000    00004000   00000000    rw- .stack
  70074000    70074000    00002400   00000000    rw- .bss
70076400    70076400    00001400   00000000    r--
  70076400    70076400    00001000   00000000    r-- .irqstack
  70077400    70077400    00000100   00000000    r-- .fiqstack
  70077500    70077500    00000100   00000000    r-- .svcstack
  70077600    70077600    00000100   00000000    r-- .abortstack
  70077700    70077700    00000100   00000000    r-- .undefinedstack


SECTION ALLOCATION MAP

 output                                  attributes/
section   page    origin      length       input sections
--------  ----  ----------  ----------   ----------------
.vectors   0    70000000    00000040     
                  70000000    00000040     nortos.am64x.r5f.ti-arm-clang.release.lib : HwiP_armv7r_vectors_nortos_sbl_asm.obj (.vectors)

.text      0    70000100    0000f8f0     
                  70000100    00000648     board.am64x.r5f.ti-arm-clang.release.lib : flash_nor_ospi.obj (.text.Flash_norOspiOpen)
                  70000748    00000008     libc.a : exit.c.obj (.text:abort)
                  70000750    00000624     drivers.am64x.r5f.ti-arm-clang.release.lib : sciclient_rm_irq.obj (.text.Sciclient_rmIrqFindRoute)
                  70000d74    00000004     libclang_rt.builtins.a : aeabi_memcpy.S.obj (.text)
                  70000d78    00000008     nortos.am64x.r5f.ti-arm-clang.release.lib : CacheP_armv7r_asm.obj (.tramp.CacheP_wb.1)
                  70000d80    000005b4     drivers.am64x.r5f.ti-arm-clang.release.lib : ospi_phy.obj (.text.OSPI_phyFindOTP1)
                  70001334    00000008     nortos.am64x.r5f.ti-arm-clang.release.lib : HwiP_armv7r_asm.obj (.tramp.HwiP_enable.1)
                  7000133c    00000004     --HOLE-- [fill = 0]
                  70001340    00000596                                               : printf.obj (.text._vsnprintf)
                  700018d6    00000002     --HOLE-- [fill = 0]
                  700018d8    00000008                                               : HwiP_armv7r_asm.obj (.tramp.HwiP_restore.1)
                  700018e0    00000522     drivers.am64x.r5f.ti-arm-clang.release.lib : udma_ch.obj (.text.Udma_chDisable)
                  70001e02    00000002     --HOLE-- [fill = 0]
                  70001e04    00000008     nortos.am64x.r5f.ti-arm-clang.release.lib : PmuP_armv7r_asm.obj (.tramp.PmuP_enableCounters.1)
                  70001e0c    00000004     --HOLE-- [fill = 0]
                  70001e10    000004e8     drivers.am64x.r5f.ti-arm-clang.release.lib : uart_v0.obj (.text.UART_open)
                  700022f8    00000008     --HOLE-- [fill = 0]
                  70002300    0000046a                                                : udma_event.obj (.text.Udma_eventRegister)
                  7000276a    00000006     --HOLE-- [fill = 0]
                  70002770    000003ee                                                : ddr.obj (.text.DDR_init)
                  70002b5e    00000002     --HOLE-- [fill = 0]
                  70002b60    000003b2                                                : udma_rm.obj (.text.Udma_rmDeinit)
                  70002f12    0000000e     --HOLE-- [fill = 0]
                  70002f20    000003aa     main.obj (.text.main)
                  700032ca    00000006     --HOLE-- [fill = 0]
                  700032d0    0000039c     drivers.am64x.r5f.ti-arm-clang.release.lib : udma_ch.obj (.text.Udma_chOpen)
                  7000366c    00000004     --HOLE-- [fill = 0]
                  70003670    00000388     nortos.am64x.r5f.ti-arm-clang.release.lib : printf.obj (.text._ftoa)
                  700039f8    00000008     --HOLE-- [fill = 0]
                  70003a00    0000037e     drivers.am64x.r5f.ti-arm-clang.release.lib : sciclient.obj (.text.Sciclient_service)
                  70003d7e    00000002     --HOLE-- [fill = 0]
                  70003d80    00000366                                                : udma_rm.obj (.text.Udma_rmInit)
                  700040e6    0000000a     --HOLE-- [fill = 0]
                  700040f0    00000358     board.am64x.r5f.ti-arm-clang.release.lib : flash_nor_ospi.obj (.text.Flash_setQeBit)
                  70004448    00000008     --HOLE-- [fill = 0]
                  70004450    0000032c     drivers.am64x.r5f.ti-arm-clang.release.lib : ospi_phy.obj (.text.OSPI_phyFindOTP2)
                  7000477c    00000004     --HOLE-- [fill = 0]
                  70004780    00000310     nortos.am64x.r5f.ti-arm-clang.release.lib : printf.obj (.text._etoa)
                  70004a90    000002fa     drivers.am64x.r5f.ti-arm-clang.release.lib : ospi_v0.obj (.text.OSPI_open)
                  70004d8a    00000006     --HOLE-- [fill = 0]
                  70004d90    00000292                                                : udma_rmcfg_common.obj (.text.UdmaRmInitPrms_init)
                  70005022    0000000e     --HOLE-- [fill = 0]
                  70005030    0000028c                                                : sciclient_rm_irq.obj (.text.Sciclient_rmIrqGetRoute)
                  700052bc    00000004     --HOLE-- [fill = 0]
                  700052c0    00000288                                                : udma_soc.obj (.text.Udma_initDrvHandle)
                  70005548    00000008     --HOLE-- [fill = 0]
                  70005550    00000226                                                : bootloader_soc.obj (.text.Bootloader_socCpuPowerOnResetR5f)
                  70005776    0000000a     --HOLE-- [fill = 0]
                  70005780    00000224                                                : bootloader_soc.obj (.text.Bootloader_socCpuResetRelease)
                  700059a4    0000000c     --HOLE-- [fill = 0]
                  700059b0    0000021a                                                : uart_v0.obj (.text.UART_masterIsr)
                  70005bca    00000006     --HOLE-- [fill = 0]
                  70005bd0    0000020a                                                : udma_event.obj (.text.Udma_eventUnRegister)
                  70005dda    00000006     --HOLE-- [fill = 0]
                  70005de0    00000202                                                : sciclient_rm_irq.obj (.text.Sciclient_rmProgramInterruptRoute)
                  70005fe2    0000000e     --HOLE-- [fill = 0]
                  70005ff0    000001fe                                                : uart_v0.obj (.text.UART_write)
                  700061ee    00000002     --HOLE-- [fill = 0]
                  700061f0    000001ca                                                : csl_bcdma.obj (.text.CSL_bcdmaChanOp)
                  700063ba    00000006     --HOLE-- [fill = 0]
                  700063c0    000001c0     nortos.am64x.r5f.ti-arm-clang.release.lib : TimerP.obj (.text.TimerP_setup)
                  70006580    000001b0     drivers.am64x.r5f.ti-arm-clang.release.lib : sciclient_rm_irq.obj (.text.Sciclient_rmClearInterruptRoute)
                  70006730    0000019c                                                : udma_ring_common.obj (.text.Udma_ringAlloc)
                  700068cc    00000004     --HOLE-- [fill = 0]
                  700068d0    00000178                                                : bootloader.obj (.text.Bootloader_verifyMulticoreImage)
                  70006a48    00000008     --HOLE-- [fill = 0]
                  70006a50    00000174                                                : bootloader_soc.obj (.text.Bootloader_socCpuResetReleaseSelf)
                  70006bc4    0000000c     --HOLE-- [fill = 0]
                  70006bd0    00000150                                                : bootloader_profile.obj (.text.Bootloader_profilePrintProfileLog)
                  70006d20    00000148                                                : csl_bcdma.obj (.text.CSL_bcdmaChanOpCfgChan)
                  70006e68    00000008     --HOLE-- [fill = 0]
                  70006e70    00000148                                                : ospi_v0.obj (.text.OSPI_setProtocol)
                  70006fb8    00000008     --HOLE-- [fill = 0]
                  70006fc0    00000148                                                : ospi_dma_udma.obj (.text.OspiDma_udmaOpen)
                  70007108    00000008     --HOLE-- [fill = 0]
                  70007110    00000146                                                : uart_v0.obj (.text.UART_close)
                  70007256    0000000a     --HOLE-- [fill = 0]
                  70007260    00000142                                                : sciclient_rm_irq.obj (.text.Sciclient_rmIrqProgramRoute)
                  700073a2    0000000e     --HOLE-- [fill = 0]
                  700073b0    00000140     board.am64x.r5f.ti-arm-clang.release.lib : flash_nor_ospi.obj (.text.Flash_norOspiReset)
                  700074f0    0000013c     drivers.am64x.r5f.ti-arm-clang.release.lib : udma_ch.obj (.text.Udma_chConfigRx)
                  7000762c    00000004     --HOLE-- [fill = 0]
                  70007630    00000138                                                : sciclient_rm_irq.obj (.text.Sciclient_rmIrqDeleteRoute)
                  70007768    00000008     --HOLE-- [fill = 0]
                  70007770    00000132                                                : ospi_v0.obj (.text.OSPI_readCmd)
                  700078a2    0000000e     --HOLE-- [fill = 0]
                  700078b0    00000132     nortos.am64x.r5f.ti-arm-clang.release.lib : printf.obj (.text._ntoa_format)
                  700079e2    0000000e     --HOLE-- [fill = 0]
                  700079f0    0000012a     drivers.am64x.r5f.ti-arm-clang.release.lib : soc.obj (.text.SOC_moduleSetClockFrequency)
                  70007b1a    00000006     --HOLE-- [fill = 0]
                  70007b20    00000120                                                : lpddr4_16bit.obj (.text.LPDDR4_CheckCtlInterrupt)
                  70007c40    0000011e                                                : ospi_dma_udma.obj (.text.OspiDma_udmaUpdateSubmitTR)
                  70007d5e    00000002     --HOLE-- [fill = 0]
                  70007d60    0000011a                                                : bootloader_soc.obj (.text.Bootloader_socCpuPowerOnResetM4f)
                  70007e7a    00000002     --HOLE-- [fill = 0]
                  70007e7c    00000118     libclang_rt.builtins.a : udivmoddi4.S.obj (.text)
                  70007f94    0000000c     --HOLE-- [fill = 0]
                  70007fa0    00000112     drivers.am64x.r5f.ti-arm-clang.release.lib : lpddr4_16bit.obj (.text.LPDDR4_AckCtlInterrupt)
                  700080b2    0000000e     --HOLE-- [fill = 0]
                  700080c0    0000010e                                                : ospi_v0.obj (.text.OSPI_writeCmd)
                  700081ce    00000002     --HOLE-- [fill = 0]
                  700081d0    00000106                                                : udma_rm.obj (.text.Udma_rmSetSharedResRmInitPrms)
                  700082d6    0000000a     --HOLE-- [fill = 0]
                  700082e0    000000fc                                                : csl_lcdma_ringacc.obj (.text.CSL_lcdma_ringaccPop64MultiAccess)
                  700083dc    00000004     --HOLE-- [fill = 0]
                  700083e0    000000fc     nortos.am64x.r5f.ti-arm-clang.release.lib : ClockP_nortos_r5.obj (.text.ClockP_init)
                  700084dc    00000004     --HOLE-- [fill = 0]
                  700084e0    000000fa     drivers.am64x.r5f.ti-arm-clang.release.lib : udma_flow.obj (.text.Udma_flowConfig)
                  700085da    00000006     --HOLE-- [fill = 0]
                  700085e0    000000f6     board.am64x.r5f.ti-arm-clang.release.lib : flash_nor_ospi.obj (.text.Flash_norOspiWrite)
                  700086d6    0000000a     --HOLE-- [fill = 0]
                  700086e0    000000f6     drivers.am64x.r5f.ti-arm-clang.release.lib : udma_ch.obj (.text.Udma_chEnable)
                  700087d6    0000000a     --HOLE-- [fill = 0]
                  700087e0    000000f0                                                : udma_ch.obj (.text.Udma_chFreeResource)
                  700088d0    000000e6                                                : ospi_v0.obj (.text.OSPI_writeIndirect)
                  700089b6    0000000a     --HOLE-- [fill = 0]
                  700089c0    000000da                                                : udma_ch.obj (.text.Udma_chConfigTx)
                  70008a9a    00000006     --HOLE-- [fill = 0]
                  70008aa0    000000d4                                                : bootloader.obj (.text.Bootloader_rprcImageLoad)
                  70008b74    0000000c     --HOLE-- [fill = 0]
                  70008b80    000000d4                                                : csl_lcdma_ringacc.obj (.text.CSL_lcdma_ringaccPush64MultiAccess)
                  70008c54    0000000c     --HOLE-- [fill = 0]
                  70008c60    000000ca     board.am64x.r5f.ti-arm-clang.release.lib : flash_nor_ospi.obj (.text.Flash_norOspiErase)
                  70008d2a    00000006     --HOLE-- [fill = 0]
                  70008d30    000000ca                                              : flash_nor_ospi.obj (.text.Flash_norOspiEraseSector)
                  70008dfa    00000006     --HOLE-- [fill = 0]
                  70008e00    000000c8     drivers.am64x.r5f.ti-arm-clang.release.lib : sciclient.obj (.text.Sciclient_getVersionCheck)
                  70008ec8    00000008     --HOLE-- [fill = 0]
                  70008ed0    000000c6     board.am64x.r5f.ti-arm-clang.release.lib : flash_nor_ospi.obj (.text.Flash_setOeBit)
                  70008f96    0000000a     --HOLE-- [fill = 0]
                  70008fa0    000000c2     drivers.am64x.r5f.ti-arm-clang.release.lib : bootloader.obj (.text.Bootloader_parseMultiCoreAppImage)
                  70009062    0000000e     --HOLE-- [fill = 0]
                  70009070    000000c2                                                : ospi_v0.obj (.text.OSPI_readDirect)
                  70009132    0000000e     --HOLE-- [fill = 0]
                  70009140    000000bc                                                : pinmux.obj (.text.Pinmux_config)
                  700091fc    00000004     --HOLE-- [fill = 0]
                  70009200    000000ba                                                : csl_bcdma.obj (.text.CSL_bcdmaChanOpTeardownChan)
                  700092ba    00000006     --HOLE-- [fill = 0]
                  700092c0    000000b8                                                : csl_lcdma_ringacc.obj (.text.CSL_lcdma_ringaccDequeue)
                  70009378    00000008     --HOLE-- [fill = 0]
                  70009380    000000b8                                                : uart_v0.obj (.text.UART_divisorLatchWrite)
                  70009438    00000008     --HOLE-- [fill = 0]
                  70009440    000000b2                                                : uart_v0.obj (.text.UART_flushTxFifo)
                  700094f2    0000000e     --HOLE-- [fill = 0]
                  70009500    000000b0     nortos.am64x.r5f.ti-arm-clang.release.lib : printf.obj (.text._ntoa_long_long)
                  700095b0    000000aa     drivers.am64x.r5f.ti-arm-clang.release.lib : bootloader.obj (.text.Bootloader_loadSelfCpu)
                  7000965a    00000006     --HOLE-- [fill = 0]
                  70009660    000000aa     board.am64x.r5f.ti-arm-clang.release.lib : flash_nor_ospi.obj (.text.Flash_norOspiWaitReady)
                  7000970a    00000006     --HOLE-- [fill = 0]
                  70009710    000000aa     drivers.am64x.r5f.ti-arm-clang.release.lib : sciclient_rm_irq.obj (.text.Sciclient_rmIaValidateMapping)
                  700097ba    00000006     --HOLE-- [fill = 0]
                  700097c0    000000aa                                                : uart_v0.obj (.text.UART_procLineStatusErr)
                  7000986a    00000006     --HOLE-- [fill = 0]
                  70009870    000000aa                                                : udma_rm.obj (.text.Udma_rmAllocMappedRxCh)
                  7000991a    00000006     --HOLE-- [fill = 0]
                  70009920    000000aa                                                : udma_rm.obj (.text.Udma_rmAllocMappedTxCh)
                  700099ca    00000006     --HOLE-- [fill = 0]
                  700099d0    000000a6     nortos.am64x.r5f.ti-arm-clang.release.lib : printf.obj (.text._out_rev)
                  70009a76    0000000a     --HOLE-- [fill = 0]
                  70009a80    000000a4     drivers.am64x.r5f.ti-arm-clang.release.lib : sciclient_pm.obj (.text.Sciclient_pmQueryModuleClkFreq)
                  70009b24    0000000c     --HOLE-- [fill = 0]
                  70009b30    000000a2                                                : sciclient_rm_irq.obj (.text.Sciclient_rmIrInpIsFree)
                  70009bd2    0000000e     --HOLE-- [fill = 0]
                  70009be0    000000a0     board.am64x.r5f.ti-arm-clang.release.lib : flash_nor_ospi.obj (.text.Flash_norOspiReadId)
                  70009c80    000000a0     drivers.am64x.r5f.ti-arm-clang.release.lib : udma.obj (.text.Udma_init)
                  70009d20    000000a0                                                : udma_rm.obj (.text.Udma_rmAllocBlkCopyCh)
                  70009dc0    000000a0                                                : udma_rm.obj (.text.Udma_rmAllocBlkCopyHcCh)
                  70009e60    000000a0                                                : udma_rm.obj (.text.Udma_rmAllocBlkCopyUhcCh)
                  70009f00    000000a0                                                : udma_rm.obj (.text.Udma_rmAllocIrIntr)
                  70009fa0    000000a0                                                : udma_rm.obj (.text.Udma_rmAllocRxCh)
                  7000a040    000000a0                                                : udma_rm.obj (.text.Udma_rmAllocRxHcCh)
                  7000a0e0    000000a0                                                : udma_rm.obj (.text.Udma_rmAllocRxUhcCh)
                  7000a180    000000a0                                                : udma_rm.obj (.text.Udma_rmAllocTxCh)
                  7000a220    000000a0                                                : udma_rm.obj (.text.Udma_rmAllocTxHcCh)
                  7000a2c0    000000a0                                                : udma_rm.obj (.text.Udma_rmAllocTxUhcCh)
                  7000a360    0000009a                                                : sciclient.obj (.text.Sciclient_init)
                  7000a3fa    00000006     --HOLE-- [fill = 0]
                  7000a400    0000009a                                                : sciclient.obj (.text.Sciclient_sendMessage)
                  7000a49a    00000006     --HOLE-- [fill = 0]
                  7000a4a0    00000096     nortos.am64x.r5f.ti-arm-clang.release.lib : SemaphoreP_nortos.obj (.text.SemaphoreP_pend)
                  7000a536    0000000a     --HOLE-- [fill = 0]
                  7000a540    00000094     drivers.am64x.r5f.ti-arm-clang.release.lib : bootloader.obj (.text.Bootloader_getMsgLen)
                  7000a5d4    0000000c     --HOLE-- [fill = 0]
                  7000a5e0    00000094                                                : ospi_phy.obj (.text.OSPI_phyTuneDDR)
                  7000a674    0000000c     --HOLE-- [fill = 0]
                  7000a680    00000094                                                : uart_v0.obj (.text.UART_init)
                  7000a714    0000000c     --HOLE-- [fill = 0]
                  7000a720    00000094                                                : udma_rm.obj (.text.Udma_rmAllocMappedRing)
                  7000a7b4    0000000c     --HOLE-- [fill = 0]
                  7000a7c0    00000092                                                : sciclient_pm.obj (.text.Sciclient_pmSetModuleClkFreq)
                  7000a852    0000000e     --HOLE-- [fill = 0]
                  7000a860    00000092                                                : udma_ch.obj (.text.Udma_chClose)
                  7000a8f2    0000000e     --HOLE-- [fill = 0]
                  7000a900    00000092                                                : udma_event.obj (.text.Udma_eventFreeResource)
                  7000a992    0000000e     --HOLE-- [fill = 0]
                  7000a9a0    00000090                                                : bootloader_soc.obj (.text.Bootloader_socCpuSetEntryPoint)
                  7000aa30    0000008e                                                : csl_pktdma.obj (.text.CSL_pktdmaTeardownChan)
                  7000aabe    00000002     --HOLE-- [fill = 0]
                  7000aac0    0000008e                                                : udma_ring_lcdma.obj (.text.Udma_ringSetCfgLcdma)
                  7000ab4e    00000002     --HOLE-- [fill = 0]
                  7000ab50    0000008c     nortos.am64x.r5f.ti-arm-clang.release.lib : printf.obj (.text._ntoa_long)
                  7000abdc    00000004     --HOLE-- [fill = 0]
                  7000abe0    0000008a     drivers.am64x.r5f.ti-arm-clang.release.lib : udma_event.obj (.text.Udma_eventIsrFxn)
                  7000ac6a    00000006     --HOLE-- [fill = 0]
                  7000ac70    00000088                                                : udma_rm.obj (.text.Udma_rmGetSciclientDefaultBoardCfgRmRange)
                  7000acf8    00000008     --HOLE-- [fill = 0]
                  7000ad00    00000082                                                : ospi_v0.obj (.text.OSPI_init)
                  7000ad82    0000000e     --HOLE-- [fill = 0]
                  7000ad90    00000082                                                : ospi_dma_udma.obj (.text.OspiDma_udmaCopy)
                  7000ae12    0000000e     --HOLE-- [fill = 0]
                  7000ae20    00000080                                                : sciclient_boardcfg.obj (.text.Sciclient_boardCfgPm)
                  7000aea0    00000080     ti_drivers_config.obj (.text.System_init)
                  7000af20    0000007e     drivers.am64x.r5f.ti-arm-clang.release.lib : bootloader_soc.obj (.text.Bootloader_socOpenFirewalls)
                  7000af9e    00000002     --HOLE-- [fill = 0]
                  7000afa0    0000007c                                                : sciclient_procboot.obj (.text.Sciclient_procBootWaitProcessorState)
                  7000b01c    00000004     --HOLE-- [fill = 0]
                  7000b020    0000007c                                                : sciclient_rm_irq.obj (.text.Sciclient_rmIrOutpIsFree)
                  7000b09c    00000004     --HOLE-- [fill = 0]
                  7000b0a0    0000007c                                                : sciclient_rm_irq.obj (.text.Sciclient_rmIrqGetNode)
                  7000b11c    00000004     --HOLE-- [fill = 0]
                  7000b120    0000007a     board.am64x.r5f.ti-arm-clang.release.lib : flash_nor_ospi.obj (.text.Flash_norOspiRegWrite)
                  7000b19a    00000006     --HOLE-- [fill = 0]
                  7000b1a0    0000007a     drivers.am64x.r5f.ti-arm-clang.release.lib : sciclient_pm.obj (.text.Sciclient_pmGetModuleClkNumParent)
                  7000b21a    00000006     --HOLE-- [fill = 0]
                  7000b220    0000007a                                                : sciclient_rm_irq.obj (.text.Sciclient_rmTranslateIntOutput)
                  7000b29a    00000006     --HOLE-- [fill = 0]
                  7000b2a0    00000078                                                : bootloader_soc.obj (.text.Bootloader_socCpuSetClock)
                  7000b318    00000008     --HOLE-- [fill = 0]
                  7000b320    00000078                                                : bootloader_soc.obj (.text.Bootloader_socOpenFirewallRegion)
                  7000b398    00000008     --HOLE-- [fill = 0]
                  7000b3a0    00000072                                                : bootloader_soc.obj (.text.Bootloader_socCpuPowerOnResetA53)
                  7000b412    0000000e     --HOLE-- [fill = 0]
                  7000b420    00000072                                                : udma_rm.obj (.text.Udma_rmAllocVintrBit)
                  7000b492    0000000e     --HOLE-- [fill = 0]
                  7000b4a0    00000070                                                : bootloader_soc.obj (.text.Bootloader_socMemInitCpu)
                  7000b510    00000070                                                : ospi_phy.obj (.text.OSPI_phyResyncDLL)
                  7000b580    0000006e     ti_board_open_close.obj (.text.Board_flashOpen)
                  7000b5ee    00000002     --HOLE-- [fill = 0]
                  7000b5f0    0000006e     drivers.am64x.r5f.ti-arm-clang.release.lib : csl_pktdma.obj (.text.CSL_pktdmaAccessChanPeerReg)
                  7000b65e    00000002     --HOLE-- [fill = 0]
                  7000b660    0000006e                                                : lpddr4.obj (.text.LPDDR4_Start)
                  7000b6ce    00000002     --HOLE-- [fill = 0]
                  7000b6d0    0000006e                                                : soc.obj (.text.SOC_moduleClockEnable)
                  7000b73e    00000002     --HOLE-- [fill = 0]
                  7000b740    0000006e                                                : sciclient_pm.obj (.text.Sciclient_pmGetModuleState)
                  7000b7ae    00000002     --HOLE-- [fill = 0]
                  7000b7b0    0000006c                                                : bootloader.obj (.text.Bootloader_findSeq)
                  7000b81c    00000004     --HOLE-- [fill = 0]
                  7000b820    0000006c     nortos.am64x.r5f.ti-arm-clang.release.lib : ClockP_nortos.obj (.text.ClockP_timerTickIsr)
                  7000b88c    00000004     --HOLE-- [fill = 0]
                  7000b890    0000006c     drivers.am64x.r5f.ti-arm-clang.release.lib : ospi_dma_udma.obj (.text.OspiDma_udmaClose)
                  7000b8fc    00000004     --HOLE-- [fill = 0]
                  7000b900    0000006c                                                : soc.obj (.text.SOC_isR5FDualCoreMode)
                  7000b96c    00000004     --HOLE-- [fill = 0]
                  7000b970    0000006a     board.am64x.r5f.ti-arm-clang.release.lib : flash.obj (.text.Flash_offsetToSectorPage)
                  7000b9da    00000006     --HOLE-- [fill = 0]
                  7000b9e0    00000068     nortos.am64x.r5f.ti-arm-clang.release.lib : AddrTranslateP.obj (.text.AddrTranslateP_getLocalAddr)
                  7000ba48    00000008     --HOLE-- [fill = 0]
                  7000ba50    00000068     drivers.am64x.r5f.ti-arm-clang.release.lib : bootloader_soc.obj (.text.Bootloader_socCpuRelease)
                  7000bab8    00000008     --HOLE-- [fill = 0]
                  7000bac0    00000068                                                : uart_v0.obj (.text.UART_writeCancelNoCB)
                  7000bb28    00000008     --HOLE-- [fill = 0]
                  7000bb30    00000066                                                : bootloader_soc.obj (.text.Bootloader_socCpuRequest)
                  7000bb96    0000000a     --HOLE-- [fill = 0]
                  7000bba0    00000066     board.am64x.r5f.ti-arm-clang.release.lib : flash_nor_ospi.obj (.text.Flash_norOspiRegRead)
                  7000bc06    0000000a     --HOLE-- [fill = 0]
                  7000bc10    00000066                                              : flash_nor_ospi.obj (.text.Flash_norOspiSetRegCfg)
                  7000bc76    0000000a     --HOLE-- [fill = 0]
                  7000bc80    00000066     drivers.am64x.r5f.ti-arm-clang.release.lib : ospi_v0.obj (.text.OSPI_close)
                  7000bce6    0000000a     --HOLE-- [fill = 0]
                  7000bcf0    00000066                                                : sciclient_pm.obj (.text.Sciclient_pmGetModuleClkFreq)
                  7000bd56    0000000a     --HOLE-- [fill = 0]
                  7000bd60    00000066                                                : sciclient_pm.obj (.text.Sciclient_pmGetModuleClkParent)
                  7000bdc6    0000000a     --HOLE-- [fill = 0]
                  7000bdd0    00000064                                                : bootloader_soc.obj (.text.Bootloader_socCpuGetClock)
                  7000be34    0000000c     --HOLE-- [fill = 0]
                  7000be40    00000064                                                : csl_bcdma.obj (.text.CSL_bcdmaDoChanOp)
                  7000bea4    0000000c     --HOLE-- [fill = 0]
                  7000beb0    00000064                                                : csl_emif.obj (.text.CSL_emifConfig)
                  7000bf14    0000000c     --HOLE-- [fill = 0]
                  7000bf20    00000064                                                : ospi_v0.obj (.text.OSPI_setXferOpCodes)
                  7000bf84    0000000c     --HOLE-- [fill = 0]
                  7000bf90    00000064                                                : sciclient_pm.obj (.text.Sciclient_pmModuleGetClkStatus)
                  7000bff4    0000000c     --HOLE-- [fill = 0]
                  7000c000    00000064                                                : udma_ring_lcdma.obj (.text.Udma_ringFlushRawLcdma)
                  7000c064    0000000c     --HOLE-- [fill = 0]
                  7000c070    00000064     nortos.am64x.r5f.ti-arm-clang.release.lib : PmuP_armv7r.obj (.text.pmu)
                  7000c0d4    0000000c     --HOLE-- [fill = 0]
                  7000c0e0    00000062     drivers.am64x.r5f.ti-arm-clang.release.lib : sciclient.obj (.text.Sciclient_waitForBootNotification)
                  7000c142    0000000e     --HOLE-- [fill = 0]
                  7000c150    00000062                                                : udma_utils.obj (.text.UdmaUtils_makeTrpd)
                  7000c1b2    0000000e     --HOLE-- [fill = 0]
                  7000c1c0    00000062                                                : udma_ring_common.obj (.text.Udma_ringFree)
                  7000c222    0000000e     --HOLE-- [fill = 0]
                  7000c230    00000062                                                : udma_ring_common.obj (.text.Udma_ringQueueRaw)
                  7000c292    0000000e     --HOLE-- [fill = 0]
                  7000c2a0    00000060                                                : udma_rm.obj (.text.Udma_rmFreeMappedRing)
                  7000c300    0000005e                                                : bootloader.obj (.text.Bootloader_runCpu)
                  7000c35e    00000002     --HOLE-- [fill = 0]
                  7000c360    0000005e                                                : sciclient_pm.obj (.text.Sciclient_pmModuleClkRequest)
                  7000c3be    00000002     --HOLE-- [fill = 0]
                  7000c3c0    0000005e                                                : sciclient_pm.obj (.text.Sciclient_pmSetModuleClkParent)
                  7000c41e    00000002     --HOLE-- [fill = 0]
                  7000c420    0000005e     ti_drivers_config.obj (.text.System_deinit)
                  7000c47e    00000002     --HOLE-- [fill = 0]
                  7000c480    0000005c     drivers.am64x.r5f.ti-arm-clang.release.lib : csl_bcdma.obj (.text.CSL_bcdmaChanOpGetChanStats)
                  7000c4dc    00000004     --HOLE-- [fill = 0]
                  7000c4e0    0000005c                                                : csl_bcdma.obj (.text.CSL_bcdmaChanOpSetChanPause)
                  7000c53c    00000004     --HOLE-- [fill = 0]
                  7000c540    0000005c                                                : ospi_phy.obj (.text.OSPI_phyFindRxHigh)
                  7000c59c    00000004     --HOLE-- [fill = 0]
                  7000c5a0    0000005c                                                : ospi_phy.obj (.text.OSPI_phyFindRxLow)
                  7000c5fc    00000004     --HOLE-- [fill = 0]
                  7000c600    0000005c                                                : ospi_phy.obj (.text.OSPI_phyFindTxHigh)
                  7000c65c    00000004     --HOLE-- [fill = 0]
                  7000c660    0000005c                                                : ospi_phy.obj (.text.OSPI_phyFindTxLow)
                  7000c6bc    00000004     --HOLE-- [fill = 0]
                  7000c6c0    0000005c                                                : sciclient_procboot.obj (.text.Sciclient_procBootSetSequenceCtrl)
                  7000c71c    00000004     --HOLE-- [fill = 0]
                  7000c720    0000005c                                                : udma_rm.obj (.text.Udma_rmAllocEvent)
                  7000c77c    00000004     --HOLE-- [fill = 0]
                  7000c780    0000005c                                                : udma_rm.obj (.text.Udma_rmAllocVintr)
                  7000c7dc    00000004     --HOLE-- [fill = 0]
                  7000c7e0    0000005c     nortos.am64x.r5f.ti-arm-clang.release.lib : DebugP_log.obj (.text._DebugP_assert)
                  7000c83c    00000004     --HOLE-- [fill = 0]
                  7000c840    0000005a     drivers.am64x.r5f.ti-arm-clang.release.lib : soc.obj (.text.SOC_generateSwWarmResetMcuDomain)
                  7000c89a    00000006     --HOLE-- [fill = 0]
                  7000c8a0    0000005a                                                : udma_ring_common.obj (.text.Udma_ringDequeueRaw)
                  7000c8fa    00000006     --HOLE-- [fill = 0]
                  7000c900    00000058                                                : soc.obj (.text.SOC_getWarmResetCauseMcuDomain)
                  7000c958    00000008     --HOLE-- [fill = 0]
                  7000c960    00000056     board.am64x.r5f.ti-arm-clang.release.lib : flash_nor_ospi.obj (.text.Flash_norOspiRead)
                  7000c9b6    0000000a     --HOLE-- [fill = 0]
                  7000c9c0    00000056     drivers.am64x.r5f.ti-arm-clang.release.lib : soc.obj (.text.SOC_clearResetCauseMainMcuDomain)
                  7000ca16    0000000a     --HOLE-- [fill = 0]
                  7000ca20    00000056                                                : uart_dma.obj (.text.UART_dmaDisableChannel)
                  7000ca76    0000000a     --HOLE-- [fill = 0]
                  7000ca80    00000056                                                : udma.obj (.text.Udma_deinit)
                  7000cad6    0000000a     --HOLE-- [fill = 0]
                  7000cae0    00000054                                                : csl_bcdma.obj (.text.CSL_bcdmaChanOpGetChanRT)
                  7000cb34    0000000c     --HOLE-- [fill = 0]
                  7000cb40    00000054                                                : csl_intaggr.obj (.text.CSL_intaggrIsIntrPending)
                  7000cb94    0000000c     --HOLE-- [fill = 0]
                  7000cba0    00000054                                                : sciclient_rm.obj (.text.Sciclient_rmGetResourceRange)
                  7000cbf4    0000000c     --HOLE-- [fill = 0]
                  7000cc00    00000054                                                : uart_dma.obj (.text.UART_dmaClose)
                  7000cc54    0000000c     --HOLE-- [fill = 0]
                  7000cc60    00000052                                                : sciclient_pm.obj (.text.Sciclient_pmSetModuleState)
                  7000ccb2    0000000e     --HOLE-- [fill = 0]
                  7000ccc0    00000050                                                : csl_bcdma.obj (.text.CSL_bcdmaChanOpDecChanStats)
                  7000cd10    00000050     nortos.am64x.r5f.ti-arm-clang.release.lib : ClockP_nortos.obj (.text.ClockP_addToList)
                  7000cd60    00000050                                               : ClockP_nortos.obj (.text.ClockP_construct)
                  7000cdb0    00000050     drivers.am64x.r5f.ti-arm-clang.release.lib : bootloader_flash.obj (.text.Flash_imgRead)
                  7000ce00    00000050                                                : sciclient_soc_priv.obj (.text.Sciclient_getContext)
                  7000ce50    00000050                                                : udma_rm.obj (.text.Udma_rmFreeVintrBit)
                  7000cea0    00000050     libc.a : autoinit.c.obj (.text:__TI_auto_init_nobinit_nopinit)
                  7000cef0    0000004e     drivers.am64x.r5f.ti-arm-clang.release.lib : lpddr4.obj (.text.LPDDR4_ReadReg)
                  7000cf3e    00000002     --HOLE-- [fill = 0]
                  7000cf40    0000004e                                                : sciclient_procboot.obj (.text.Sciclient_procBootReleaseProcessor)
                  7000cf8e    00000002     --HOLE-- [fill = 0]
                  7000cf90    0000004e                                                : udma_ch.obj (.text.UdmaChTxPrms_init)
                  7000cfde    00000002     --HOLE-- [fill = 0]
                  7000cfe0    0000004e                                                : udma_soc.obj (.text.Udma_getMappedChRingAttributes)
                  7000d02e    00000002     --HOLE-- [fill = 0]
                  7000d030    0000004c     nortos.am64x.r5f.ti-arm-clang.release.lib : ClockP_nortos.obj (.text.ClockP_getTimeUsec)
                  7000d07c    00000004     --HOLE-- [fill = 0]
                  7000d080    0000004c     ti_drivers_open_close.obj (.text.Drivers_ospiOpen)
                  7000d0cc    00000004     --HOLE-- [fill = 0]
                  7000d0d0    0000004c     ti_drivers_open_close.obj (.text.Drivers_uartOpen)
                  7000d11c    00000004     --HOLE-- [fill = 0]
                  7000d120    0000004c     drivers.am64x.r5f.ti-arm-clang.release.lib : udma_ring_lcdma.obj (.text.Udma_ringSetDoorBellLcdma)
                  7000d16c    00000004     --HOLE-- [fill = 0]
                  7000d170    0000004a                                                : ospi_phy.obj (.text.OSPI_phyReadAttackVector)
                  7000d1ba    00000006     --HOLE-- [fill = 0]
                  7000d1c0    0000004a                                                : sciclient.obj (.text.Sciclient_triggerSecHandover)
                  7000d20a    00000006     --HOLE-- [fill = 0]
                  7000d210    0000004a                                                : udma_ch.obj (.text.UdmaChPrms_init)
                  7000d25a    00000006     --HOLE-- [fill = 0]
                  7000d260    0000004a                                                : udma_rm.obj (.text.Udma_rmFreeMappedRxCh)
                  7000d2aa    00000006     --HOLE-- [fill = 0]
                  7000d2b0    0000004a                                                : udma_rm.obj (.text.Udma_rmFreeMappedTxCh)
                  7000d2fa    00000006     --HOLE-- [fill = 0]
                  7000d300    00000048                                                : csl_bcdma.obj (.text.CSL_bcdmaChanOpSetChanRT)
                  7000d348    00000008     --HOLE-- [fill = 0]
                  7000d350    00000048                                                : csl_intaggr.obj (.text.CSL_intaggrClrIntr)
                  7000d398    00000008     --HOLE-- [fill = 0]
                  7000d3a0    00000048                                                : lpddr4.obj (.text.LPDDR4_WritePhyIndepConfig)
                  7000d3e8    00000008     --HOLE-- [fill = 0]
                  7000d3f0    00000048                                                : ospi_phy.obj (.text.OSPI_phySetRdDelayTxRxDLL)
                  7000d438    00000008     --HOLE-- [fill = 0]
                  7000d440    00000048                                                : udma_ch.obj (.text.UdmaChRxPrms_init)
                  7000d488    00000008     --HOLE-- [fill = 0]
                  7000d490    00000046                                                : lpddr4.obj (.text.LPDDR4_WritePhyConfig)
                  7000d4d6    0000000a     --HOLE-- [fill = 0]
                  7000d4e0    00000046                                                : ospi_v0.obj (.text.OSPI_enablePhy)
                  7000d526    0000000a     --HOLE-- [fill = 0]
                  7000d530    00000046                                                : sciclient_pm.obj (.text.Sciclient_pmSetModuleRst_flags)
                  7000d576    0000000a     --HOLE-- [fill = 0]
                  7000d580    00000046                                                : sciclient_procboot.obj (.text.Sciclient_procBootGetProcessorState)
                  7000d5c6    0000000a     --HOLE-- [fill = 0]
                  7000d5d0    00000044                                                : bootloader.obj (.text.Bootloader_loadCpu)
                  7000d614    0000000c     --HOLE-- [fill = 0]
                  7000d620    00000044                                                : sciclient_pm.obj (.text.Sciclient_pmSetModuleRst)
                  7000d664    0000000c     --HOLE-- [fill = 0]
                  7000d670    00000044                                                : sciclient_procboot.obj (.text.Sciclient_procBootRequestProcessor)
                  7000d6b4    0000000c     --HOLE-- [fill = 0]
                  7000d6c0    00000044                                                : sciclient_rm_irq.obj (.text.Sciclient_rmIrqUnmappedVintRouteDelete)
                  7000d704    0000000c     --HOLE-- [fill = 0]
                  7000d710    00000042                                                : ddr_soc.obj (.text.DDR_socEnableVttRegulator)
                  7000d752    0000000e     --HOLE-- [fill = 0]
                  7000d760    00000042     board.am64x.r5f.ti-arm-clang.release.lib : flash_nor_ospi.obj (.text.Flash_quirkSpansionUNHYSADisable)
                  7000d7a2    0000000e     --HOLE-- [fill = 0]
                  7000d7b0    00000042     drivers.am64x.r5f.ti-arm-clang.release.lib : sciclient_procboot.obj (.text.Sciclient_procBootAuthAndStart)
                  7000d7f2    0000000e     --HOLE-- [fill = 0]
                  7000d800    00000042                                                : sciclient_rm.obj (.text.Sciclient_rmIrqReleaseRaw)
                  7000d842    0000000e     --HOLE-- [fill = 0]
                  7000d850    00000042                                                : sciclient_rm.obj (.text.Sciclient_rmPsilPair)
                  7000d892    0000000e     --HOLE-- [fill = 0]
                  7000d8a0    00000042                                                : sciclient_rm.obj (.text.Sciclient_rmPsilUnpair)
                  7000d8e2    0000000e     --HOLE-- [fill = 0]
                  7000d8f0    00000042     main.obj (.text.flashFixUpOspiBoot)
                  7000d932    0000000e     --HOLE-- [fill = 0]
                  7000d940    00000040     drivers.am64x.r5f.ti-arm-clang.release.lib : bootloader_profile.obj (.text.Bootloader_profileReset)
                  7000d980    00000040                                                : csl_bcdma.obj (.text.CSL_bcdmaChanOpSetBurstSize)
                  7000d9c0    00000040     nortos.am64x.r5f.ti-arm-clang.release.lib : ClockP_nortos.obj (.text.ClockP_stop)
                  7000da00    00000040     ti_dpl_config.obj (.text.Dpl_init)
                  7000da40    00000040     drivers.am64x.r5f.ti-arm-clang.release.lib : lpddr4.obj (.text.LPDDR4_WriteCtlConfig)
                  7000da80    00000040                                                : sciclient_firewall.obj (.text.Sciclient_firewallChangeOwnerInfo)
                  7000dac0    00000040                                                : sciclient_firewall.obj (.text.Sciclient_firewallSetRegion)
                  7000db00    00000040                                                : sciclient_rm.obj (.text.Sciclient_rmIrqSetRaw)
                  7000db40    00000040                                                : sciclient_rm.obj (.text.Sciclient_rmRingCfg)
                  7000db80    00000040                                                : sciclient_rm.obj (.text.Sciclient_rmUdmapFlowCfg)
                  7000dbc0    00000040                                                : sciclient_rm.obj (.text.Sciclient_rmUdmapFlowSizeThreshCfg)
                  7000dc00    00000040                                                : sciclient_rm.obj (.text.Sciclient_rmUdmapRxChCfg)
                  7000dc40    00000040                                                : sciclient_rm.obj (.text.Sciclient_rmUdmapTxChCfg)
                  7000dc80    00000040     nortos.am64x.r5f.ti-arm-clang.release.lib : SemaphoreP_nortos.obj (.text.SemaphoreP_constructBinary)
                  7000dcc0    00000040     drivers.am64x.r5f.ti-arm-clang.release.lib : udma_rm.obj (.text.Udma_rmFreeBlkCopyCh)
                  7000dd00    00000040                                                : udma_rm.obj (.text.Udma_rmFreeBlkCopyHcCh)
                  7000dd40    00000040                                                : udma_rm.obj (.text.Udma_rmFreeBlkCopyUhcCh)
                  7000dd80    00000040                                                : udma_rm.obj (.text.Udma_rmFreeEvent)
                  7000ddc0    00000040                                                : udma_rm.obj (.text.Udma_rmFreeIrIntr)
                  7000de00    00000040                                                : udma_rm.obj (.text.Udma_rmFreeRxCh)
                  7000de40    00000040                                                : udma_rm.obj (.text.Udma_rmFreeRxHcCh)
                  7000de80    00000040                                                : udma_rm.obj (.text.Udma_rmFreeRxUhcCh)
                  7000dec0    00000040                                                : udma_rm.obj (.text.Udma_rmFreeTxCh)
                  7000df00    00000040                                                : udma_rm.obj (.text.Udma_rmFreeTxHcCh)
                  7000df40    00000040                                                : udma_rm.obj (.text.Udma_rmFreeTxUhcCh)
                  7000df80    00000040                                                : udma_rm.obj (.text.Udma_rmFreeVintr)
                  7000dfc0    0000003e                                                : bootloader.obj (.text.Bootloader_open)
                  7000dffe    00000002     --HOLE-- [fill = 0]
                  7000e000    0000003e                                                : soc.obj (.text.SOC_controlModuleUnlockMMR)
                  7000e03e    00000002     --HOLE-- [fill = 0]
                  7000e040    0000003e                                                : sciclient_procboot.obj (.text.Sciclient_procBootSetProcessorCfg)
                  7000e07e    00000002     --HOLE-- [fill = 0]
                  7000e080    0000003e     nortos.am64x.r5f.ti-arm-clang.release.lib : SemaphoreP_nortos.obj (.text.SemaphoreP_constructMutex)
                  7000e0be    00000002     --HOLE-- [fill = 0]
                  7000e0c0    0000003e     drivers.am64x.r5f.ti-arm-clang.release.lib : udma_flow.obj (.text.UdmaFlowPrms_init)
                  7000e0fe    00000002     --HOLE-- [fill = 0]
                  7000e100    0000003e                                                : udma_ring_common.obj (.text.Udma_ringFlushRaw)
                  7000e13e    00000002     --HOLE-- [fill = 0]
                  7000e140    0000003c                                                : bootloader_soc.obj (.text.Bootloader_socTranslateSectionAddr)
                  7000e17c    00000004     --HOLE-- [fill = 0]
                  7000e180    0000003c                                                : csl_bcdma.obj (.text.CSL_bcdmaGetCfg)
                  7000e1bc    00000004     --HOLE-- [fill = 0]
                  7000e1c0    0000003c                                                : udma_ring_lcdma.obj (.text.Udma_ringPrimeReadLcdma)
                  7000e1fc    00000004     --HOLE-- [fill = 0]
                  7000e200    0000003a     nortos.am64x.r5f.ti-arm-clang.release.lib : ClockP_nortos.obj (.text.ClockP_destruct)
                  7000e23a    00000006     --HOLE-- [fill = 0]
                  7000e240    0000003a                                               : DebugP_uartLogWriter.obj (.text.DebugP_uartLogWriterPutChar)
                  7000e27a    00000006     --HOLE-- [fill = 0]
                  7000e280    0000003a     drivers.am64x.r5f.ti-arm-clang.release.lib : ospi_dma.obj (.text.OSPI_dmaOpen)
                  7000e2ba    00000006     --HOLE-- [fill = 0]
                  7000e2c0    0000003a                                                : ospi_v0.obj (.text.OSPI_setDeviceSize)
                  7000e2fa    00000006     --HOLE-- [fill = 0]
                  7000e300    0000003a                                                : uart_dma.obj (.text.UART_dmaOpen)
                  7000e33a    00000006     --HOLE-- [fill = 0]
                  7000e340    00000038                                                : bootloader.obj (.text.Bootloader_getX509CertLen)
                  7000e378    00000008     --HOLE-- [fill = 0]
                  7000e380    00000038                                                : ospi_v0.obj (.text.OSPI_disablePhy)
                  7000e3b8    00000008     --HOLE-- [fill = 0]
                  7000e3c0    00000038                                                : sciclient.obj (.text.Sciclient_getCurrentContext)
                  7000e3f8    00000008     --HOLE-- [fill = 0]
                  7000e400    00000038                                                : udma_ring_lcdma.obj (.text.Udma_lcdmaRingaccMemOps)
                  7000e438    00000008     --HOLE-- [fill = 0]
                  7000e440    00000038     nortos.am64x.r5f.ti-arm-clang.release.lib : DebugP_nortos.obj (.text._DebugP_logZone)
                  7000e478    00000008     --HOLE-- [fill = 0]
                  7000e480    00000036     drivers.am64x.r5f.ti-arm-clang.release.lib : csl_pktdma.obj (.text.CSL_pktdmaGetCfg)
                  7000e4b6    0000000a     --HOLE-- [fill = 0]
                  7000e4c0    00000036     board.am64x.r5f.ti-arm-clang.release.lib : flash.obj (.text.Flash_open)
                  7000e4f6    0000000a     --HOLE-- [fill = 0]
                  7000e500    00000036     ti_power_clock_config.obj (.text.Module_clockSetFrequency)
                  7000e536    0000000a     --HOLE-- [fill = 0]
                  7000e540    00000034     nortos.am64x.r5f.ti-arm-clang.release.lib : ClockP_nortos.obj (.text.ClockP_start)
                  7000e574    0000000c     --HOLE-- [fill = 0]
                  7000e580    00000034     drivers.am64x.r5f.ti-arm-clang.release.lib : lpddr4_16bit.obj (.text.LPDDR4_EnablePIInitiator)
                  7000e5b4    0000000c     --HOLE-- [fill = 0]
                  7000e5c0    00000034                                                : lpddr4.obj (.text.LPDDR4_PollCtlIrq)
                  7000e5f4    0000000c     --HOLE-- [fill = 0]
                  7000e600    00000032                                                : bootloader.obj (.text.Bootloader_BootImageInfo_init)
                  7000e632    0000000e     --HOLE-- [fill = 0]
                  7000e640    00000032     nortos.am64x.r5f.ti-arm-clang.release.lib : ClockP_nortos.obj (.text.ClockP_usleep)
                  7000e672    0000000e     --HOLE-- [fill = 0]
                  7000e680    00000032                                               : SemaphoreP_nortos.obj (.text.SemaphoreP_post)
                  7000e6b2    0000000e     --HOLE-- [fill = 0]
                  7000e6c0    00000032     drivers.am64x.r5f.ti-arm-clang.release.lib : udma_event.obj (.text.UdmaEventPrms_init)
                  7000e6f2    00000002     --HOLE-- [fill = 0]
                  7000e6f4    00000030     nortos.am64x.r5f.ti-arm-clang.release.lib : PmuP_armv7r_asm.obj (.text.pmu)
                  7000e724    0000000c     --HOLE-- [fill = 0]
                  7000e730    0000002e     drivers.am64x.r5f.ti-arm-clang.release.lib : ddr.obj (.text.DDR_setFreq)
                  7000e75e    00000002     --HOLE-- [fill = 0]
                  7000e760    0000002e     ti_power_clock_config.obj (.text.Module_clockDisable)
                  7000e78e    00000002     --HOLE-- [fill = 0]
                  7000e790    0000002e     ti_power_clock_config.obj (.text.Module_clockEnable)
                  7000e7be    00000002     --HOLE-- [fill = 0]
                  7000e7c0    0000002e     drivers.am64x.r5f.ti-arm-clang.release.lib : uart_v0.obj (.text.UART_getHandle)
                  7000e7ee    00000002     --HOLE-- [fill = 0]
                  7000e7f0    0000002e                                                : udma_ring_common.obj (.text.UdmaRingPrms_init)
                  7000e81e    00000002     --HOLE-- [fill = 0]
                  7000e820    0000002e                                                : udma_ch.obj (.text.Udma_chGetCqRingNum)
                  7000e84e    00000002     --HOLE-- [fill = 0]
                  7000e850    0000002c                                                : bootloader_soc.obj (.text.Bootloader_socIsMCUResetIsoEnabled)
                  7000e87c    00000004     --HOLE-- [fill = 0]
                  7000e880    0000002c                                                : csl_pktdma.obj (.text.CSL_pktdmaGetRxRT)
                  7000e8ac    00000004     --HOLE-- [fill = 0]
                  7000e8b0    0000002c                                                : csl_pktdma.obj (.text.CSL_pktdmaGetTxRT)
                  7000e8dc    00000004     --HOLE-- [fill = 0]
                  7000e8e0    0000002c     ti_drivers_open_close.obj (.text.Drivers_close)
                  7000e90c    00000004     --HOLE-- [fill = 0]
                  7000e910    0000002c     drivers.am64x.r5f.ti-arm-clang.release.lib : ospi_v0.obj (.text.OSPI_getHandle)
                  7000e93c    00000004     --HOLE-- [fill = 0]
                  7000e940    0000002a                                                : soc.obj (.text.SOC_controlModuleLockMMR)
                  7000e96a    00000006     --HOLE-- [fill = 0]
                  7000e970    0000002a                                                : udma_utils.obj (.text.Udma_phyToVirtFxn)
                  7000e99a    00000006     --HOLE-- [fill = 0]
                  7000e9a0    00000028                                                : bootloader_soc.obj (.text.Bootloader_socCpuPowerOnReset)
                  7000e9c8    00000008     --HOLE-- [fill = 0]
                  7000e9d0    00000028                                                : csl_intaggr.obj (.text.CSL_intaggrGetCfg)
                  7000e9f8    00000008     --HOLE-- [fill = 0]
                  7000ea00    00000028     nortos.am64x.r5f.ti-arm-clang.release.lib : ClockP_nortos.obj (.text.ClockP_sleepTicks)
                  7000ea28    00000008     --HOLE-- [fill = 0]
                  7000ea30    00000028     drivers.am64x.r5f.ti-arm-clang.release.lib : udma_ch.obj (.text.Udma_chGetCqRingHandle)
                  7000ea58    00000008     --HOLE-- [fill = 0]
                  7000ea60    00000028                                                : udma_ch.obj (.text.Udma_chGetFqRingHandle)
                  7000ea88    00000008     --HOLE-- [fill = 0]
                  7000ea90    00000028                                                : udma_ring_lcdma.obj (.text.Udma_ringGetForwardRingOccLcdma)
                  7000eab8    00000008     --HOLE-- [fill = 0]
                  7000eac0    00000028                                                : udma_ring_lcdma.obj (.text.Udma_ringGetReverseRingOccLcdma)
                  7000eae8    00000008     --HOLE-- [fill = 0]
                  7000eaf0    00000028                                                : udma_rmcfg.obj (.text.Udma_rmGetSharedResPrms)
                  7000eb18    00000008     --HOLE-- [fill = 0]
                  7000eb20    00000026                                                : bootloader_profile.obj (.text.Bootloader_profileAddProfilePoint)
                  7000eb46    0000000a     --HOLE-- [fill = 0]
                  7000eb50    00000026                                                : ospi_v0.obj (.text.OSPI_setNumAddrBytes)
                  7000eb76    0000000a     --HOLE-- [fill = 0]
                  7000eb80    00000024                                                : csl_bcdma.obj (.text.CSL_bcdmaGetChanPeerReg)
                  7000eba4    0000000c     --HOLE-- [fill = 0]
                  7000ebb0    00000024                                                : ospi_dma.obj (.text.OSPI_dmaCopy)
                  7000ebd4    0000000c     --HOLE-- [fill = 0]
                  7000ebe0    00000024                                                : udma_ring_lcdma.obj (.text.Udma_ringPrimeLcdma)
                  7000ec04    0000000c     --HOLE-- [fill = 0]
                  7000ec10    00000024     nortos.am64x.r5f.ti-arm-clang.release.lib : printf.obj (.text.vprintf_)
                  7000ec34    00000024     libclang_rt.builtins.a : aeabi_uldivmod.S.obj (.text)
                  7000ec58    00000008     --HOLE-- [fill = 0]
                  7000ec60    00000022     drivers.am64x.r5f.ti-arm-clang.release.lib : bootloader.obj (.text.Bootloader_runSelfCpu)
                  7000ec82    0000000e     --HOLE-- [fill = 0]
                  7000ec90    00000022                                                : csl_bcdma.obj (.text.CSL_bcdmaSetChanPeerReg)
                  7000ecb2    0000000e     --HOLE-- [fill = 0]
                  7000ecc0    00000022     ti_pinmux_config.obj (.text.Pinmux_init)
                  7000ece2    0000000e     --HOLE-- [fill = 0]
                  7000ecf0    00000022     drivers.am64x.r5f.ti-arm-clang.release.lib : udma_utils.obj (.text.Udma_virtToPhyFxn)
                  7000ed12    0000000e     --HOLE-- [fill = 0]
                  7000ed20    00000020                                                : bootloader_soc.obj (.text.Bootloader_enableMCUPLL)
                  7000ed40    00000020                                                : bootloader_soc.obj (.text.Bootloader_socGetCoreName)
                  7000ed60    00000020                                                : bootloader_soc.obj (.text.Bootloader_socRprcToCslCoreId)
                  7000ed80    00000020                                                : csl_pktdma.obj (.text.CSL_pktdmaSetRxRT)
                  7000eda0    00000020                                                : csl_pktdma.obj (.text.CSL_pktdmaSetTxRT)
                  7000edc0    00000020     nortos.am64x.r5f.ti-arm-clang.release.lib : DebugP_log.obj (.text.DebugP_logZoneEnable)
                  7000ede0    00000020     board.am64x.r5f.ti-arm-clang.release.lib : flash.obj (.text.Flash_getAttrs)
                  7000ee00    00000020                                              : flash.obj (.text.Flash_getHandle)
                  7000ee20    00000020     drivers.am64x.r5f.ti-arm-clang.release.lib : soc.obj (.text.SOC_getSelfCpuClk)
                  7000ee40    00000020     nortos.am64x.r5f.ti-arm-clang.release.lib : TimerP.obj (.text.TimerP_Params_init)
                  7000ee60    00000020     drivers.am64x.r5f.ti-arm-clang.release.lib : udma_utils.obj (.text.UdmaUtils_makeTrpdTr15)
                  7000ee80    0000001e                                                : csl_bcdma.obj (.text.CSL_bcdmaTeardownRxChan)
                  7000ee9e    00000002     --HOLE-- [fill = 0]
                  7000eea0    0000001e                                                : csl_bcdma.obj (.text.CSL_bcdmaTeardownTxChan)
                  7000eebe    00000002     --HOLE-- [fill = 0]
                  7000eec0    0000001e     board.am64x.r5f.ti-arm-clang.release.lib : flash.obj (.text.Flash_read)
                  7000eede    00000002     --HOLE-- [fill = 0]
                  7000eee0    0000001e     drivers.am64x.r5f.ti-arm-clang.release.lib : ospi_v0.obj (.text.OSPI_enableDacMode)
                  7000eefe    00000002     --HOLE-- [fill = 0]
                  7000ef00    0000001e                                                : udma_ring_lcdma.obj (.text.Udma_ringDequeueRawLcdma)
                  7000ef1e    00000002     --HOLE-- [fill = 0]
                  7000ef20    0000001e                                                : udma_ring_lcdma.obj (.text.Udma_ringQueueRawLcdma)
                  7000ef3e    00000002     --HOLE-- [fill = 0]
                  7000ef40    0000001c                                                : bootloader_soc.obj (.text.Bootloader_socCpuGetClkDefault)
                  7000ef5c    00000004     --HOLE-- [fill = 0]
                  7000ef60    0000001c                                                : bootloader_soc.obj (.text.Bootloader_socIsAuthRequired)
                  7000ef7c    00000004     --HOLE-- [fill = 0]
                  7000ef80    0000001c                                                : bootloader_soc.obj (.text.Bootloader_socResetWorkaround)
                  7000ef9c    00000004     --HOLE-- [fill = 0]
                  7000efa0    0000001c                                                : csl_lcdma_ringacc.obj (.text.CSL_lcdma_ringaccPush64)
                  7000efbc    00000004     --HOLE-- [fill = 0]
                  7000efc0    0000001c                                                : csl_pktdma.obj (.text.CSL_pktdmaGetChanPeerReg)
                  7000efdc    00000004     --HOLE-- [fill = 0]
                  7000efe0    0000001c                                                : csl_pktdma.obj (.text.CSL_pktdmaSetChanPeerReg)
                  7000effc    00000004     --HOLE-- [fill = 0]
                  7000f000    0000001c                                                : ospi_v0.obj (.text.OSPI_setRdDataCaptureDelay)
                  7000f01c    00000004     --HOLE-- [fill = 0]
                  7000f020    0000001c                                                : soc.obj (.text.SOC_getCoreName)
                  7000f03c    00000004     --HOLE-- [fill = 0]
                  7000f040    0000001c                                                : udma_utils.obj (.text.UdmaUtils_getRingMemSize)
                  7000f05c    00000004     --HOLE-- [fill = 0]
                  7000f060    0000001c                                                : udma_ring_common.obj (.text.Udma_ringGetNum)
                  7000f07c    00000004     --HOLE-- [fill = 0]
                  7000f080    0000001c     nortos.am64x.r5f.ti-arm-clang.release.lib : boot_armv7r.obj (.text._system_pre_init)
                  7000f09c    0000001c     libsysbm.a : memcpy32.S.obj (.text:TI_memcpy_small)
                  7000f0b8    0000001c     libclang_rt.builtins.a : aeabi_memset.S.obj (.text)
                  7000f0d4    0000000c     --HOLE-- [fill = 0]
                  7000f0e0    0000001a     drivers.am64x.r5f.ti-arm-clang.release.lib : bootloader_profile.obj (.text.Bootloader_profileAddCore)
                  7000f0fa    00000006     --HOLE-- [fill = 0]
                  7000f100    0000001a                                                : csl_emif.obj (.text.CSL_emifDisableECC)
                  7000f11a    00000006     --HOLE-- [fill = 0]
                  7000f120    0000001a                                                : csl_emif.obj (.text.CSL_emifEnableECC)
                  7000f13a    00000006     --HOLE-- [fill = 0]
                  7000f140    0000001a                                                : ospi_v0.obj (.text.OSPI_deinit)
                  7000f15a    00000006     --HOLE-- [fill = 0]
                  7000f160    0000001a                                                : uart_v0.obj (.text.UART_deinit)
                  7000f17a    00000006     --HOLE-- [fill = 0]
                  7000f180    0000001a                                                : uart_dma.obj (.text.UART_writeInterruptDma)
                  7000f19a    00000006     --HOLE-- [fill = 0]
                  7000f1a0    0000001a                                                : udma_rmcfg.obj (.text.Udma_rmGetDefBoardCfgPrms)
                  7000f1ba    00000006     --HOLE-- [fill = 0]
                  7000f1c0    00000018                                                : bootloader_soc.obj (.text.Bootloader_socAuthImage)
                  7000f1d8    00000008     --HOLE-- [fill = 0]
                  7000f1e0    00000018                                                : lpddr4.obj (.text.LPDDR4_Init)
                  7000f1f8    00000008     --HOLE-- [fill = 0]
                  7000f200    00000018                                                : ospi_v0.obj (.text.OSPI_disablePhyPipeline)
                  7000f218    00000008     --HOLE-- [fill = 0]
                  7000f220    00000018                                                : ospi_dma.obj (.text.OSPI_dmaClose)
                  7000f238    00000008     --HOLE-- [fill = 0]
                  7000f240    00000018                                                : ospi_v0.obj (.text.OSPI_enableDDR)
                  7000f258    00000008     --HOLE-- [fill = 0]
                  7000f260    00000018                                                : ospi_v0.obj (.text.OSPI_enablePhyPipeline)
                  7000f278    00000008     --HOLE-- [fill = 0]
                  7000f280    00000018                                                : ospi_v0.obj (.text.OSPI_enableSDR)
                  7000f298    00000008     --HOLE-- [fill = 0]
                  7000f2a0    00000018                                                : ospi_v0.obj (.text.OSPI_setCmdDummyCycles)
                  7000f2b8    00000008     --HOLE-- [fill = 0]
                  7000f2c0    00000018                                                : sciclient_soc_priv.obj (.text.Sciclient_getDevId)
                  7000f2d8    00000008     --HOLE-- [fill = 0]
                  7000f2e0    00000018                                                : udma_ring_lcdma.obj (.text.Udma_ringGetElementCntLcdma)
                  7000f2f8    00000008     --HOLE-- [fill = 0]
                  7000f300    00000018                                                : udma_ring_lcdma.obj (.text.Udma_ringGetMemPtrLcdma)
                  7000f318    00000008     --HOLE-- [fill = 0]
                  7000f320    00000018                                                : udma_ring_lcdma.obj (.text.Udma_ringGetModeLcdma)
                  7000f338    00000008     --HOLE-- [fill = 0]
                  7000f340    00000018                                                : udma_ring_lcdma.obj (.text.Udma_ringGetRdIdxLcdma)
                  7000f358    00000008     --HOLE-- [fill = 0]
                  7000f360    00000018                                                : udma_ring_lcdma.obj (.text.Udma_ringGetWrIdxLcdma)
                  7000f378    00000018     libsysbm.a : memset32.S.obj (.text:TI_memset_small)
                  7000f390    00000016     drivers.am64x.r5f.ti-arm-clang.release.lib : bootloader_soc.obj (.text.Bootloader_socNotifyFirewallOpen)
                  7000f3a6    0000000a     --HOLE-- [fill = 0]
                  7000f3b0    00000016                                                : csl_bcdma.obj (.text.CSL_bcdmaGetRxRT)
                  7000f3c6    0000000a     --HOLE-- [fill = 0]
                  7000f3d0    00000016                                                : csl_bcdma.obj (.text.CSL_bcdmaGetTxRT)
                  7000f3e6    0000000a     --HOLE-- [fill = 0]
                  7000f3f0    00000016                                                : csl_bcdma.obj (.text.CSL_bcdmaSetRxRT)
                  7000f406    0000000a     --HOLE-- [fill = 0]
                  7000f410    00000016                                                : csl_bcdma.obj (.text.CSL_bcdmaSetTxRT)
                  7000f426    0000000a     --HOLE-- [fill = 0]
                  7000f430    00000016                                                : ospi_v0.obj (.text.OSPI_ReadCmdParams_init)
                  7000f446    0000000a     --HOLE-- [fill = 0]
                  7000f450    00000016                                                : ospi_v0.obj (.text.OSPI_WriteCmdParams_init)
                  7000f466    0000000a     --HOLE-- [fill = 0]
                  7000f470    00000014                                                : csl_lcdma_ringacc.obj (.text.CSL_lcdma_ringaccPop64)
                  7000f484    0000000c     --HOLE-- [fill = 0]
                  7000f490    00000014                                                : ospi_v0.obj (.text.OSPI_enableModeBitsCmd)
                  7000f4a4    0000000c     --HOLE-- [fill = 0]
                  7000f4b0    00000014                                                : ospi_v0.obj (.text.OSPI_setReadDummyCycles)
                  7000f4c4    0000000c     --HOLE-- [fill = 0]
                  7000f4d0    00000012                                                : csl_emif.obj (.text.CSL_emifClearECCInterruptStatus)
                  7000f4e2    0000000e     --HOLE-- [fill = 0]
                  7000f4f0    00000012                                                : csl_emif.obj (.text.CSL_emifEnableECCInterrupts)
                  7000f502    0000000e     --HOLE-- [fill = 0]
                  7000f510    00000012                                                : csl_lcdma_ringacc.obj (.text.CSL_lcdma_ringaccGetReverseRingOcc)
                  7000f522    0000000e     --HOLE-- [fill = 0]
                  7000f530    00000012     board.am64x.r5f.ti-arm-clang.release.lib : flash.obj (.text.Flash_reset)
                  7000f542    0000000e     --HOLE-- [fill = 0]
                  7000f550    00000012     drivers.am64x.r5f.ti-arm-clang.release.lib : ospi_v0.obj (.text.OSPI_Transaction_init)
                  7000f562    0000000e     --HOLE-- [fill = 0]
                  7000f570    00000012     nortos.am64x.r5f.ti-arm-clang.release.lib : TimerP.obj (.text.TimerP_clearOverflowInt)
                  7000f582    0000000e     --HOLE-- [fill = 0]
                  7000f590    00000010     drivers.am64x.r5f.ti-arm-clang.release.lib : bootloader.obj (.text.Bootloader_close)
                  7000f5a0    00000010                                                : bootloader.obj (.text.Bootloader_isCorePresent)
                  7000f5b0    00000010                                                : csl_lcdma_ringacc.obj (.text.CSL_lcdma_ringaccIsTeardownComplete)
                  7000f5c0    00000010     board.am64x.r5f.ti-arm-clang.release.lib : flash.obj (.text.Flash_getPhyTuningOffset)
                  7000f5d0    00000010     drivers.am64x.r5f.ti-arm-clang.release.lib : lpddr4.obj (.text.LPDDR4_Probe)
                  7000f5e0    00000010                                                : ospi_v0.obj (.text.OSPI_clearDualOpCodeMode)
                  7000f5f0    00000010                                                : ospi_v0.obj (.text.OSPI_enableModeBitsRead)
                  7000f600    00000010                                                : ospi_phy.obj (.text.OSPI_phyGetTuningData)
                  7000f610    00000010                                                : ospi_v0.obj (.text.OSPI_setDualOpCodeMode)
                  7000f620    00000010                                                : ospi_v0.obj (.text.OSPI_setModeBits)
                  7000f630    00000010                                                : sciclient_rm.obj (.text.Sciclient_rmIrqRelease)
                  7000f640    00000010                                                : udma_rm.obj (.text.Udma_rmTranslateCoreIntrInput)
                  7000f650    00000010                                                : udma_rm.obj (.text.Udma_rmTranslateIrOutput)
                  7000f660    0000000e                                                : bootloader_profile.obj (.text.Bootloader_profileUpdateAppimageSize)
                  7000f66e    00000002     --HOLE-- [fill = 0]
                  7000f670    0000000e                                                : bootloader_profile.obj (.text.Bootloader_profileUpdateMediaAndClk)
                  7000f67e    00000002     --HOLE-- [fill = 0]
                  7000f680    0000000e                                                : csl_lcdma_ringacc.obj (.text.CSL_lcdma_ringaccGetForwardRingOcc)
                  7000f68e    00000002     --HOLE-- [fill = 0]
                  7000f690    0000000e                                                : csl_lcdma_ringacc.obj (.text.CSL_lcdma_ringaccInitRingObj)
                  7000f69e    00000002     --HOLE-- [fill = 0]
                  7000f6a0    0000000e     ti_drivers_open_close.obj (.text.Drivers_open)
                  7000f6ae    00000002     --HOLE-- [fill = 0]
                  7000f6b0    0000000e     board.am64x.r5f.ti-arm-clang.release.lib : flash.obj (.text.Flash_close)
                  7000f6be    00000002     --HOLE-- [fill = 0]
                  7000f6c0    0000000e     ti_power_clock_config.obj (.text.PowerClock_init)
                  7000f6ce    00000002     --HOLE-- [fill = 0]
                  7000f6d0    0000000c     drivers.am64x.r5f.ti-arm-clang.release.lib : bootloader.obj (.text.Bootloader_Params_init)
                  7000f6dc    00000004     --HOLE-- [fill = 0]
                  7000f6e0    0000000c     nortos.am64x.r5f.ti-arm-clang.release.lib : ClockP_nortos.obj (.text.ClockP_getTicks)
                  7000f6ec    00000004     --HOLE-- [fill = 0]
                  7000f6f0    0000000c                                               : DebugP_uartLogWriter.obj (.text.DebugP_uartSetDrvIndex)
                  7000f6fc    00000004     --HOLE-- [fill = 0]
                  7000f700    0000000c     drivers.am64x.r5f.ti-arm-clang.release.lib : ospi_v0.obj (.text.OSPI_getFlashDataBaseAddr)
                  7000f70c    00000004     --HOLE-- [fill = 0]
                  7000f710    0000000c                                                : ospi_v0.obj (.text.OSPI_getInputClk)
                  7000f71c    00000004     --HOLE-- [fill = 0]
                  7000f720    0000000c                                                : sciclient.obj (.text.Sciclient_getSelfDevIdCore)
                  7000f72c    00000004     --HOLE-- [fill = 0]
                  7000f730    0000000a                                                : bootloader.obj (.text.Bootloader_getMulticoreImageSize)
                  7000f73a    00000006     --HOLE-- [fill = 0]
                  7000f740    0000000a                                                : bootloader_soc.obj (.text.Bootloader_socGetSBLMem)
                  7000f74a    00000006     --HOLE-- [fill = 0]
                  7000f750    0000000a                                                : csl_sec_proxy.obj (.text.CSL_secProxyGetDataAddr)
                  7000f75a    00000006     --HOLE-- [fill = 0]
                  7000f760    0000000a     nortos.am64x.r5f.ti-arm-clang.release.lib : ClockP_nortos.obj (.text.ClockP_Params_init)
                  7000f76a    00000006     --HOLE-- [fill = 0]
                  7000f770    0000000a                                               : ClockP_nortos.obj (.text.ClockP_isActive)
                  7000f77a    00000006     --HOLE-- [fill = 0]
                  7000f780    0000000a     drivers.am64x.r5f.ti-arm-clang.release.lib : bootloader_flash.obj (.text.Flash_imgOpen)
                  7000f78a    00000006     --HOLE-- [fill = 0]
                  7000f790    0000000a                                                : ospi_v0.obj (.text.OSPI_setPhyEnableSuccess)
                  7000f79a    00000006     --HOLE-- [fill = 0]
                  7000f7a0    0000000a     nortos.am64x.r5f.ti-arm-clang.release.lib : TimerP.obj (.text.TimerP_start)
                  7000f7aa    00000006     --HOLE-- [fill = 0]
                  7000f7b0    00000008     drivers.am64x.r5f.ti-arm-clang.release.lib : bootloader_flash.obj (.text.Flash_imgSeek)
                  7000f7b8    00000008     --HOLE-- [fill = 0]
                  7000f7c0    00000008     board.am64x.r5f.ti-arm-clang.release.lib : flash_nor_ospi.obj (.text.Flash_norOspiClose)
                  7000f7c8    00000008     --HOLE-- [fill = 0]
                  7000f7d0    00000008     drivers.am64x.r5f.ti-arm-clang.release.lib : ospi_v0.obj (.text.OSPI_setCmdExtType)
                  7000f7d8    00000008     --HOLE-- [fill = 0]
                  7000f7e0    00000008                                                : udma_ring_common.obj (.text.Udma_ringGetForwardRingOcc)
                  7000f7e8    00000008     --HOLE-- [fill = 0]
                  7000f7f0    00000008                                                : udma_ring_common.obj (.text.Udma_ringGetReverseRingOcc)
                  7000f7f8    00000008     --HOLE-- [fill = 0]
                  7000f800    00000008                                                : udma_ring_lcdma.obj (.text.Udma_ringHandleClearRegsLcdma)
                  7000f808    00000008     --HOLE-- [fill = 0]
                  7000f810    00000008     nortos.am64x.r5f.ti-arm-clang.release.lib : printf.obj (.text._out_char)
                  7000f818    00000008     --HOLE-- [fill = 0]
                  7000f820    00000006     drivers.am64x.r5f.ti-arm-clang.release.lib : csl_pktdma.obj (.text.CSL_pktdmaTeardownRxChan)
                  7000f826    0000000a     --HOLE-- [fill = 0]
[...]
70012724  gAddrTranslateInfo                                                            
700127e8  vint_usage_count_DMASS0_INTAGGR_0                                             
700128a0  gCoreBootInfo                                                                 
70012b80  gFlashDevCfg_S28HS512T                                                        
70012c60  gRmIrInstances                                                                
70012cc0  gUdmaRmSharedResPrms                                                          
70012d18  gUartParams                                                                   
70012db4  gBootloaderConfigNum                                                          
70012df0  gFlashAttrs_S28HS512T                                                         
70012e20  gPhyTuneWindowParamsGTE133                                                    
70012e48  gPhyTuneWindowParamsLT133                                                     
70012e70  gFlashToSpiProtocolMap                                                        
70012e94  gSocModulesClockFrequency                                                     
70012ed8  gRmIaInstances                                                                
70012ef8  gSciclientSecProxyCfg                                                         
70012f18  gBootloaderConfig                                                             
70012f34  gFlashNorOspiFxns                                                             
70012f50  gOspiUdma0Args                                                                
70012f6c  gSocModules                                                                   
70012f88  gBootloaderFlashFxns                                                          
70012f9c  gClockConfig                                                                  
70012fb0  gResMemSection                                                                
70012fd8  gFlashConfig                                                                  
70012ff8  gAddrTranslateConfig                                                          
70013004  gBootloader0Args                                                              
70013010  gOspiDmaUdmaFxns                                                              
7001301c  gFlashParams                                                                  
70013024  gOspiConfig                                                                   
7001302c  gOspiDmaConfig                                                                
70013044  gUartConfig                                                                   
7001304c  gDebugLogZone                                                                 
70013058  gDebugP_uartDrvIndex                                                          
7001305c  gFlashConfigNum                                                               
70013060  gHwiConfig                                                                    
70013064  gOspiConfigNum                                                                
70013068  gOspiDmaConfigNum                                                             
7001306c  gOspiParams                                                                   
70013070  gPhyTuneWindowParams                                                          
70013088  gUartConfigNum                                                                
7001308c  gUartDmaConfigNum                                                             
70013090  operatingMode                                                                 
700134d4  gUdmaRmDefBoardCfg_Pktdma                                                     
70013974  gUdmaTxMappedChRingAttributes                                                 
70013e4c  gSciclientMap                                                                 
70014378  gUdmaRxMappedChRingAttributes                                                 
700144a0  gUdmaRmDefBoardCfg_Bcdma                                                      
70014710  tisci_if_TIMESYNC_EVENT_INTROUTER0                                            
70014838  gRmIrqTree                                                                    
70014938  gMpuRegionConfig                                                              
70014a70  gSOC_r5fVectors                                                               
70014ab8  tisci_if_MAIN_GPIOMUX_INTROUTER0                                              
70014aec  tisci_if_DMASS0_INTAGGR_0                                                     
70014b4c  tisci_if_MCU_MCU_GPIOMUX_INTROUTER0                                           
70014b90  tisci_if_CPTS0                                                                
70014bcc  tisci_if_PRU_ICSSG0                                                           
70014be8  tisci_if_PRU_ICSSG1                                                           
70014c1c  tisci_if_CMP_EVENT_INTROUTER0                                                 
70014c34  tisci_if_PCIE0                                                                
70014c6c  tisci_if_CPSW0                                                                
70014c88  gMpuConfig                                                                    
70014ca0  CMP_EVENT_INTROUTER0_outp_0_15_to_GICSS0_spi_48_63                            
70014ca8  CMP_EVENT_INTROUTER0_outp_16_23_to_R5FSS0_CORE0_intr_48_55                    
70014cb0  CMP_EVENT_INTROUTER0_outp_16_23_to_R5FSS0_CORE1_intr_48_55                    
70014cb8  CMP_EVENT_INTROUTER0_outp_24_31_to_R5FSS1_CORE0_intr_48_55                    
70014cc0  CMP_EVENT_INTROUTER0_outp_24_31_to_R5FSS1_CORE1_intr_48_55                    
70014cc8  CMP_EVENT_INTROUTER0_outp_32_39_to_DMASS0_INTAGGR_0_intaggr_levi_pend_0_7     
70014cd0  CPSW0_cpts_comp_0_0_to_CMP_EVENT_INTROUTER0_in_80_80                          
70014cd8  CPSW0_cpts_genf0_1_1_to_TIMESYNC_EVENT_INTROUTER0_in_21_21                    
70014ce0  CPSW0_cpts_genf1_2_2_to_TIMESYNC_EVENT_INTROUTER0_in_22_22                    
70014ce8  CPSW0_cpts_sync_3_3_to_TIMESYNC_EVENT_INTROUTER0_in_34_34                     
70014cf0  CPTS0_cpts_comp_0_0_to_CMP_EVENT_INTROUTER0_in_82_82                          
70014cf8  CPTS0_cpts_genf0_1_1_to_TIMESYNC_EVENT_INTROUTER0_in_16_16                    
70014d00  CPTS0_cpts_genf1_2_2_to_TIMESYNC_EVENT_INTROUTER0_in_17_17                    
70014d08  CPTS0_cpts_genf2_3_3_to_TIMESYNC_EVENT_INTROUTER0_in_18_18                    
70014d10  CPTS0_cpts_genf3_4_4_to_TIMESYNC_EVENT_INTROUTER0_in_19_19                    
70014d18  CPTS0_cpts_genf4_5_5_to_TIMESYNC_EVENT_INTROUTER0_in_20_20                    
70014d20  CPTS0_cpts_genf5_6_6_to_TIMESYNC_EVENT_INTROUTER0_in_24_24                    
70014d28  CPTS0_cpts_sync_7_7_to_TIMESYNC_EVENT_INTROUTER0_in_35_35                     
70014d30  DMASS0_INTAGGR_0_intaggr_vintr_pend_0_39_to_GICSS0_spi_64_103                 
70014d38  DMASS0_INTAGGR_0_intaggr_vintr_pend_120_127_to_R5FSS1_CORE0_intr_8_15         
70014d40  DMASS0_INTAGGR_0_intaggr_vintr_pend_128_135_to_R5FSS1_CORE1_intr_8_15         
70014d48  DMASS0_INTAGGR_0_intaggr_vintr_pend_152_159_to_PRU_ICSSG0_pr1_slv_intr_16_23  
70014d50  DMASS0_INTAGGR_0_intaggr_vintr_pend_160_167_to_PRU_ICSSG1_pr1_slv_intr_16_23  
70014d58  DMASS0_INTAGGR_0_intaggr_vintr_pend_168_183_to_MCU_M4FSS0_CORE0_nvic_32_47    
70014d60  DMASS0_INTAGGR_0_intaggr_vintr_pend_40_71_to_R5FSS0_CORE0_intr_64_95          
70014d68  DMASS0_INTAGGR_0_intaggr_vintr_pend_40_71_to_R5FSS0_CORE1_intr_64_95          
70014d70  DMASS0_INTAGGR_0_intaggr_vintr_pend_72_79_to_R5FSS0_CORE0_intr_8_15           
70014d78  DMASS0_INTAGGR_0_intaggr_vintr_pend_80_87_to_R5FSS0_CORE1_intr_8_15           
70014d80  DMASS0_INTAGGR_0_intaggr_vintr_pend_88_119_to_R5FSS1_CORE0_intr_64_95         
70014d88  DMASS0_INTAGGR_0_intaggr_vintr_pend_88_119_to_R5FSS1_CORE1_intr_64_95         
70014d90  EPWM0_epwm_synco_o_0_0_to_TIMESYNC_EVENT_INTROUTER0_in_39_39                  
70014d98  EPWM3_epwm_synco_o_0_0_to_TIMESYNC_EVENT_INTROUTER0_in_40_40                  
70014da0  EPWM6_epwm_synco_o_0_0_to_TIMESYNC_EVENT_INTROUTER0_in_41_41                  
70014da8  GPIO0_gpio_0_89_to_MAIN_GPIOMUX_INTROUTER0_in_0_89                            
70014db0  GPIO0_gpio_bank_90_98_to_MAIN_GPIOMUX_INTROUTER0_in_190_198                   
70014db8  GPIO1_gpio_0_89_to_MAIN_GPIOMUX_INTROUTER0_in_90_179                          
70014dc0  GPIO1_gpio_bank_90_98_to_MAIN_GPIOMUX_INTROUTER0_in_180_188                   
70014dc8  GPMC0_gpmc_sdmareq_0_0_to_DMASS0_INTAGGR_0_intaggr_levi_pend_29_29            
70014dd0  GTC0_gtc_push_event_0_0_to_TIMESYNC_EVENT_INTROUTER0_in_36_36                 
70014dd8  MAIN_GPIOMUX_INTROUTER0_outp_0_15_to_GICSS0_spi_32_47                         
70014de0  MAIN_GPIOMUX_INTROUTER0_outp_0_15_to_R5FSS0_CORE0_intr_32_47                  
70014de8  MAIN_GPIOMUX_INTROUTER0_outp_0_15_to_R5FSS0_CORE1_intr_32_47                  
70014df0  MAIN_GPIOMUX_INTROUTER0_outp_0_15_to_R5FSS1_CORE0_intr_32_47                  
70014df8  MAIN_GPIOMUX_INTROUTER0_outp_0_15_to_R5FSS1_CORE1_intr_32_47                  
70014e00  MAIN_GPIOMUX_INTROUTER0_outp_16_17_to_DMASS0_INTAGGR_0_intaggr_levi_pend_24_25
70014e08  MAIN_GPIOMUX_INTROUTER0_outp_18_23_to_PRU_ICSSG0_pr1_iep0_cap_intr_req_4_9    
70014e10  MAIN_GPIOMUX_INTROUTER0_outp_18_23_to_PRU_ICSSG1_pr1_iep0_cap_intr_req_4_9    
70014e18  MAIN_GPIOMUX_INTROUTER0_outp_24_29_to_PRU_ICSSG0_pr1_iep1_cap_intr_req_10_15  
70014e20  MAIN_GPIOMUX_INTROUTER0_outp_24_29_to_PRU_ICSSG1_pr1_iep1_cap_intr_req_10_15  
70014e28  MAIN_GPIOMUX_INTROUTER0_outp_30_37_to_DMASS0_INTAGGR_0_intaggr_levi_pend_16_23
70014e30  MAIN_GPIOMUX_INTROUTER0_outp_38_45_to_PRU_ICSSG0_pr1_slv_intr_46_53           
70014e38  MAIN_GPIOMUX_INTROUTER0_outp_46_53_to_PRU_ICSSG1_pr1_slv_intr_46_53           
70014e40  MCU_GPIO0_gpio_0_29_to_MCU_MCU_GPIOMUX_INTROUTER0_in_0_29                     
70014e48  MCU_GPIO0_gpio_bank_30_31_to_MCU_MCU_GPIOMUX_INTROUTER0_in_30_31              
70014e50  MCU_MCU_GPIOMUX_INTROUTER0_outp_0_3_to_GICSS0_spi_104_107                     
70014e58  MCU_MCU_GPIOMUX_INTROUTER0_outp_0_3_to_R5FSS0_CORE0_intr_104_107              
70014e60  MCU_MCU_GPIOMUX_INTROUTER0_outp_0_3_to_R5FSS0_CORE1_intr_104_107              
70014e68  MCU_MCU_GPIOMUX_INTROUTER0_outp_0_3_to_R5FSS1_CORE0_intr_104_107              
70014e70  MCU_MCU_GPIOMUX_INTROUTER0_outp_0_3_to_R5FSS1_CORE1_intr_104_107              
70014e78  MCU_MCU_GPIOMUX_INTROUTER0_outp_4_7_to_MCU_M4FSS0_CORE0_nvic_0_3              
70014e80  MCU_MCU_GPIOMUX_INTROUTER0_outp_8_11_to_MCU_ESM0_esm_pls_event0_88_91         
70014e88  MCU_MCU_GPIOMUX_INTROUTER0_outp_8_11_to_MCU_ESM0_esm_pls_event1_92_95         
70014e90  MCU_MCU_GPIOMUX_INTROUTER0_outp_8_11_to_MCU_ESM0_esm_pls_event2_96_99         
70014e98  PCIE0_pcie_cpts_comp_0_0_to_CMP_EVENT_INTROUTER0_in_81_81                     
70014ea0  PCIE0_pcie_cpts_genf0_1_1_to_TIMESYNC_EVENT_INTROUTER0_in_23_23               
70014ea8  PCIE0_pcie_cpts_hw1_push_2_2_to_TIMESYNC_EVENT_INTROUTER0_in_37_37            
70014eb0  PCIE0_pcie_cpts_sync_3_3_to_TIMESYNC_EVENT_INTROUTER0_in_33_33                
70014eb8  PCIE0_pcie_ptm_valid_pulse_4_4_to_TIMESYNC_EVENT_INTROUTER0_in_38_38          
70014ec0  PRU_ICSSG0_pr1_edc0_sync0_out_0_0_to_TIMESYNC_EVENT_INTROUTER0_in_25_25       
70014ec8  PRU_ICSSG0_pr1_edc0_sync1_out_1_1_to_TIMESYNC_EVENT_INTROUTER0_in_26_26       
70014ed0  PRU_ICSSG0_pr1_edc1_sync0_out_2_2_to_TIMESYNC_EVENT_INTROUTER0_in_27_27       
70014ed8  PRU_ICSSG0_pr1_edc1_sync1_out_3_3_to_TIMESYNC_EVENT_INTROUTER0_in_28_28       
70014ee0  PRU_ICSSG0_pr1_host_intr_req_4_11_to_CMP_EVENT_INTROUTER0_in_0_7              
70014ee8  PRU_ICSSG0_pr1_iep0_cmp_intr_req_12_27_to_CMP_EVENT_INTROUTER0_in_16_31       
70014ef0  PRU_ICSSG0_pr1_iep1_cmp_intr_req_28_43_to_CMP_EVENT_INTROUTER0_in_32_47       
70014ef8  PRU_ICSSG1_pr1_edc0_sync0_out_0_0_to_TIMESYNC_EVENT_INTROUTER0_in_29_29       
70014f00  PRU_ICSSG1_pr1_edc0_sync1_out_1_1_to_TIMESYNC_EVENT_INTROUTER0_in_30_30       
70014f08  PRU_ICSSG1_pr1_edc1_sync0_out_2_2_to_TIMESYNC_EVENT_INTROUTER0_in_31_31       
70014f10  PRU_ICSSG1_pr1_edc1_sync1_out_3_3_to_TIMESYNC_EVENT_INTROUTER0_in_32_32       
70014f18  PRU_ICSSG1_pr1_host_intr_req_4_11_to_CMP_EVENT_INTROUTER0_in_8_15             
70014f20  PRU_ICSSG1_pr1_iep0_cmp_intr_req_12_27_to_CMP_EVENT_INTROUTER0_in_48_63       
70014f28  PRU_ICSSG1_pr1_iep1_cmp_intr_req_28_43_to_CMP_EVENT_INTROUTER0_in_64_79       
70014f30  TIMER0_timer_pwm_0_0_to_TIMESYNC_EVENT_INTROUTER0_in_0_0                      
70014f38  TIMER1_timer_pwm_0_0_to_TIMESYNC_EVENT_INTROUTER0_in_1_1                      
70014f40  TIMER2_timer_pwm_0_0_to_TIMESYNC_EVENT_INTROUTER0_in_2_2                      
70014f48  TIMER3_timer_pwm_0_0_to_TIMESYNC_EVENT_INTROUTER0_in_3_3                      
70014f50  TIMESYNC_EVENT_INTROUTER0_outl_0_7_to_DMASS0_INTAGGR_0_intaggr_levi_pend_8_15 
70014f58  TIMESYNC_EVENT_INTROUTER0_outl_10_10_to_PRU_ICSSG0_pr1_edc1_latch0_in_2_2     
70014f60  TIMESYNC_EVENT_INTROUTER0_outl_11_11_to_PRU_ICSSG0_pr1_edc1_latch1_in_3_3     
70014f68  TIMESYNC_EVENT_INTROUTER0_outl_12_12_to_PRU_ICSSG1_pr1_edc0_latch0_in_0_0     
70014f70  TIMESYNC_EVENT_INTROUTER0_outl_13_13_to_PRU_ICSSG1_pr1_edc0_latch1_in_1_1     
70014f78  TIMESYNC_EVENT_INTROUTER0_outl_14_14_to_PRU_ICSSG1_pr1_edc1_latch0_in_2_2     
70014f80  TIMESYNC_EVENT_INTROUTER0_outl_15_15_to_PRU_ICSSG1_pr1_edc1_latch1_in_3_3     
70014f88  TIMESYNC_EVENT_INTROUTER0_outl_16_16_to_CPTS0_cpts_hw1_push_0_0               
70014f90  TIMESYNC_EVENT_INTROUTER0_outl_17_17_to_CPTS0_cpts_hw2_push_1_1               
70014f98  TIMESYNC_EVENT_INTROUTER0_outl_18_18_to_CPTS0_cpts_hw3_push_2_2               
70014fa0  TIMESYNC_EVENT_INTROUTER0_outl_19_19_to_CPTS0_cpts_hw4_push_3_3               
70014fa8  TIMESYNC_EVENT_INTROUTER0_outl_20_20_to_CPTS0_cpts_hw5_push_4_4               
70014fb0  TIMESYNC_EVENT_INTROUTER0_outl_21_21_to_CPTS0_cpts_hw6_push_5_5               
70014fb8  TIMESYNC_EVENT_INTROUTER0_outl_22_22_to_CPTS0_cpts_hw7_push_6_6               
70014fc0  TIMESYNC_EVENT_INTROUTER0_outl_23_23_to_CPTS0_cpts_hw8_push_7_7               
70014fc8  TIMESYNC_EVENT_INTROUTER0_outl_29_29_to_PCIE0_pcie_cpts_hw2_push_0_0          
70014fd0  TIMESYNC_EVENT_INTROUTER0_outl_30_30_to_CPSW0_cpts_hw1_push_0_0               
70014fd8  TIMESYNC_EVENT_INTROUTER0_outl_31_31_to_CPSW0_cpts_hw2_push_1_1               
70014fe0  TIMESYNC_EVENT_INTROUTER0_outl_32_32_to_CPSW0_cpts_hw3_push_2_2               
70014fe8  TIMESYNC_EVENT_INTROUTER0_outl_33_33_to_CPSW0_cpts_hw4_push_3_3               
70014ff0  TIMESYNC_EVENT_INTROUTER0_outl_34_34_to_CPSW0_cpts_hw5_push_4_4               
70014ff8  TIMESYNC_EVENT_INTROUTER0_outl_35_35_to_CPSW0_cpts_hw6_push_5_5               
70015000  TIMESYNC_EVENT_INTROUTER0_outl_36_36_to_CPSW0_cpts_hw7_push_6_6               
70015008  TIMESYNC_EVENT_INTROUTER0_outl_37_37_to_CPSW0_cpts_hw8_push_7_7               
70015010  TIMESYNC_EVENT_INTROUTER0_outl_8_8_to_PRU_ICSSG0_pr1_edc0_latch0_in_0_0       
70015018  TIMESYNC_EVENT_INTROUTER0_outl_9_9_to_PRU_ICSSG0_pr1_edc0_latch1_in_1_1       
70015020  gCacheConfig                                                                  
70015028  tisci_if_GPIO0                                                                
70015030  tisci_if_GPIO1                                                                
70015038  tisci_if_MCU_GPIO0                                                            
700150f8  gCacheL1dCacheLineSize                                                        
700150fc  gCacheL1pCacheLineSize                                                        
70015100  gRmIrqTreeCount                                                               
70015104  tisci_if_EPWM0                                                                
70015108  tisci_if_EPWM3                                                                
7001510c  tisci_if_EPWM6                                                                
70015110  tisci_if_GPMC0                                                                
70015114  tisci_if_GTC0                                                                 
70015118  tisci_if_TIMER0                                                               
7001511c  tisci_if_TIMER1                                                               
70015120  tisci_if_TIMER2                                                               
70015124  tisci_if_TIMER3                                                               
70070000  __stack                                                                       
70070000  __start___llvm_prf_bits                                                       
70070000  __start___llvm_prf_cnts                                                       
70070000  __stop___llvm_prf_bits                                                        
70070000  __stop___llvm_prf_cnts                                                        
70074000  __BSS_START                                                                   
70074000  __STACK_END                                                                   
70074000  gHwiCtrl                                                                      
70075008  gUdmaDrvObj                                                                   
70076050  gProfileObj                                                                   
70076300  gClockCtrl                                                                    
70076360  gFlashObject_S28HS512T                                                        
70076388  gFlashHandle                                                                  
7007638c  gOspiHandle                                                                   
70076390  gUartHandle                                                                   
70076400  __BSS_END                                                                     
70076400  __IRQ_STACK_START                                                             
70077400  __FIQ_STACK_START                                                             
70077400  __IRQ_STACK_END                                                               
70077500  __FIQ_STACK_END                                                               
70077500  __SVC_STACK_START                                                             
70077600  __ABORT_STACK_START                                                           
70077600  __SVC_STACK_END                                                               
70077700  __ABORT_STACK_END                                                             
70077700  __UNDEFINED_STACK_START                                                       
70077800  __UNDEFINED_STACK_END                                                         
ffffffff  __TI_pprof_out_hndl                                                           
ffffffff  __TI_prof_data_size                                                           
ffffffff  __TI_prof_data_start                                                          
ffffffff  __binit__                                                                     
ffffffff  binit                                                                         
UNDEFED   __TI_CINIT_Base                                                               
UNDEFED   __TI_CINIT_Limit                                                              
UNDEFED   __TI_Handler_Table_Base                                                       
UNDEFED   __TI_Handler_Table_Limit                                                      
UNDEFED   _system_post_cinit                                                            

[704 symbols]
