******************************************************************************
            TI ARM Clang Linker Unix v2.1.2                    
******************************************************************************
>> Linked Wed Aug  2 10:23:41 2023

OUTPUT FILE NAME:   <embedded_kafka.release.out>
ENTRY POINT SYMBOL: "_vectors"  address: 00000000


MEMORY CONFIGURATION

         name            origin    length      used     unused   attr    fill
----------------------  --------  ---------  --------  --------  ----  --------
  R5F_VECS              00000000   00000040  00000040  00000000  RWIX
  R5F_TCMA              00000040   00007fc0  00000008  00007fb8  RWIX
  R5F_TCMB0             41010000   00008000  00000000  00008000  RWIX
  FLASH                 60100000   00080000  00000000  00080000  RWIX
  NON_CACHE_MEM         70060000   00008000  00000000  00008000  RWIX
  MSRAM                 70080000   00040000  00023590  0001ca70  RWIX
  USER_SHM_MEM          701d0000   00000080  00000000  00000080  RWIX
  LOG_SHM_MEM           701d0080   00003f80  00003800  00000780  RWIX
  RTOS_NORTOS_IPC_SHM_M 701d4000   0000c000  00008e80  00003180  RWIX


SEGMENT ALLOCATION MAP

run origin  load origin   length   init length attrs members
----------  ----------- ---------- ----------- ----- -------
00000000    00000000    00000048   00000048    r-x
  00000000    00000000    00000040   00000040    r-x .vectors
  00000040    00000040    00000008   00000008    r-- .ARM.exidx
70080000    70080000    00014be0   00000000    rw-
  70080000    70080000    00008be0   00000000    rw- .bss
  70088be0    70088be0    00008000   00000000    rw- .sysmem
  70090be0    70090be0    00004000   00000000    rw- .stack
70094be0    70094be0    0000d1d8   0000d1d8    r-x
  70094be0    70094be0    00009f90   00009f90    r-x .text
  7009eb70    7009eb70    000021b0   000021b0    r-- .rodata
  700a0d20    700a0d20    000008d0   000008d0    r-x .text.hwi
  700a15f0    700a15f0    00000450   00000450    r-x .text.cache
  700a1a40    700a1a40    00000240   00000240    r-x .text.mpu
  700a1c80    700a1c80    00000130   00000130    r-x .text.boot
  700a1db0    700a1db0    00000008   00000008    r-x .text:abort
700a1db8    700a1db8    000003d8   000003d8    rw-
  700a1db8    700a1db8    000003d8   000003d8    rw- .data
700a2190    700a2190    00001400   00000000    r--
  700a2190    700a2190    00000100   00000000    r-- .irqstack
  700a2290    700a2290    00000100   00000000    r-- .fiqstack
  700a2390    700a2390    00001000   00000000    r-- .svcstack
  700a3390    700a3390    00000100   00000000    r-- .abortstack
  700a3490    700a3490    00000100   00000000    r-- .undefinedstack


SECTION ALLOCATION MAP

 output                                  attributes/
section   page    origin      length       input sections
--------  ----  ----------  ----------   ----------------
.vectors   0    00000000    00000040     
                  00000000    00000040     freertos.am64x.r5f.ti-arm-clang.release.lib : HwiP_armv7r_vectors_freertos_asm.obj (.vectors)

.init_array 
*          0    00000048    00000000     UNINITIALIZED

.fini_array 
*          0    00000048    00000000     UNINITIALIZED

.bss       0    70080000    00008be0     UNINITIALIZED
                  70080000    00004000     main.obj (.bss.gMainTaskStack)
                  70084000    00001008     (.common:gHwiCtrl)
                  70085008    00000014     freertos.am64x.r5f.ti-arm-clang.release.lib : timers.obj (.bss.xActiveTimerList1)
                  7008501c    00000004                                                 : DebugP_shmLogReader_freertos.obj (.bss.gDebugShmLogReaderTask)
                  70085020    00001000                                                 : DebugP_shmLogReader_freertos.obj (.bss.gDebugShmLogReaderTaskStack)
                  70086020    00001000                                                 : port.obj (.bss.uxIdleTaskStack)
                  70087020    00000b2c     (.common:gIpcRpmsgCtrl)
                  70087b4c    00000400                                                 : port.obj (.bss.uxTimerTaskStack)
                  70087f4c    00000280     ti_drivers_config.obj (.bss.gUartObjects)
                  700881cc    00000280     freertos.am64x.r5f.ti-arm-clang.release.lib : tasks.obj (.bss.pxReadyTasksLists)
                  7008844c    00000100                                                 : timers.obj (.bss.prvCheckForValidListAndQueue.ucStaticTimerQueueStorage)
                  7008854c    00000100     (.common:xQueueRegistry)
                  7008864c    000000a8     (.common:gIpcNotifyCtrl)
                  700886f4    00000004     main.obj (.bss.gMainTask)
                  700886f8    000000a0     (.common:gTaskP_ctrl)
                  70088798    00000098     freertos.am64x.r5f.ti-arm-clang.release.lib : DebugP_freertos.obj (.bss.gDebugLogLockObj)
                  70088830    00000094     (.common:gDebugShmLogReaderCtrl)
                  700888c4    0000008c                                                 : DebugP_shmLogReader_freertos.obj (.bss.gDebugShmLogReaderTaskObj)
                  70088950    0000008c                                                 : port.obj (.bss.xIdleTaskTCB)
                  700889dc    0000008c                                                 : port.obj (.bss.xTimerTaskTCB)
                  70088a68    00000050                                                 : timers.obj (.bss.prvCheckForValidListAndQueue.xStaticTimerQueue)
                  70088ab8    00000050     (.common:gRovDummyQueue)
                  70088b08    00000038     (.common:gClockCtrl)
                  70088b40    00000014                                                 : timers.obj (.bss.xActiveTimerList2)
                  70088b54    00000014                                                 : tasks.obj (.bss.xDelayedTaskList1)
                  70088b68    00000014                                                 : tasks.obj (.bss.xDelayedTaskList2)
                  70088b7c    00000014                                                 : tasks.obj (.bss.xPendingReadyList)
                  70088b90    00000014                                                 : tasks.obj (.bss.xSuspendedTaskList)
                  70088ba4    00000014                                                 : tasks.obj (.bss.xTasksWaitingTermination)
                  70088bb8    00000004                                                 : HwiP_armv7r_handlers_freertos.obj (.bss.gdummy)
                  70088bbc    00000004                                                 : HwiP_armv7r_vim.obj (.bss.gdummy)
                  70088bc0    00000004                                                 : timers.obj (.bss.pxCurrentTimerList)
                  70088bc4    00000004                                                 : tasks.obj (.bss.pxDelayedTaskList)
                  70088bc8    00000004                                                 : tasks.obj (.bss.pxOverflowDelayedTaskList)
                  70088bcc    00000004                                                 : timers.obj (.bss.pxOverflowTimerList)
                  70088bd0    00000004     libc.a : memory.c.obj (.bss.sys_free)
                  70088bd4    00000004     (.common:gUartHandle)
                  70088bd8    00000008     --HOLE--

.sysmem    0    70088be0    00008000     UNINITIALIZED
                  70088be0    00000010     libc.a : memory.c.obj (.sysmem)
                  70088bf0    00007ff0     --HOLE--

.stack     0    70090be0    00004000     UNINITIALIZED
                  70090be0    00000004     freertos.am64x.r5f.ti-arm-clang.release.lib : boot_armv7r_asm.obj (.stack)
                  70090be4    00003ffc     --HOLE--

.text      0    70094be0    00009f90     
                  70094be0    00000fe8     libc.a : _printfi.c.obj (.text:__TI_printfi)
                  70095bc8    00000004            : _lock.c.obj (.text._nop)
                  70095bcc    00000004     libclang_rt.builtins.a : aeabi_memcpy.S.obj (.text)
                  70095bd0    00000596     freertos.am64x.r5f.ti-arm-clang.release.lib : printf.obj (.text._vsnprintf)
                  70096166    00000002     --HOLE-- [fill = 0]
                  70096168    00000008     libc++abi.a : stdlib_new_delete.cpp.obj (.tramp._ZdlPv.1)
                  70096170    000004e8     drivers.am64x.r5f.ti-arm-clang.release.lib : uart_v0.obj (.text.UART_open)
                  70096658    00000008     freertos.am64x.r5f.ti-arm-clang.release.lib : HwiP_armv7r_asm.obj (.tramp.HwiP_enable.1)
                  70096660    00000388                                                 : printf.obj (.text._ftoa)
                  700969e8    00000008                                                 : PmuP_armv7r_asm.obj (.tramp.PmuP_enableCounters.1)
                  700969f0    0000037e     drivers.am64x.r5f.ti-arm-clang.release.lib : sciclient.obj (.text.Sciclient_service)
                  70096d6e    00000002     --HOLE-- [fill = 0]
                  70096d70    00000372                                                : ipc_notify_v0.obj (.text.IpcNotify_init)
                  700970e2    00000002     --HOLE-- [fill = 0]
                  700970e4    0000000c     libc.a : aeabi_portable.c.obj (.text.__aeabi_errno_addr)
                  700970f0    00000310     freertos.am64x.r5f.ti-arm-clang.release.lib : printf.obj (.text._etoa)
                  70097400    00000278     libc.a : _printfi.c.obj (.text._pconv_a)
                  70097678    00000230            : _printfi.c.obj (.text._pconv_g)
                  700978a8    00000008     --HOLE-- [fill = 0]
                  700978b0    0000021e     freertos.am64x.r5f.ti-arm-clang.release.lib : timers.obj (.text.prvTimerTask)
                  70097ace    00000002     --HOLE-- [fill = 0]
                  70097ad0    0000021a     drivers.am64x.r5f.ti-arm-clang.release.lib : uart_v0.obj (.text.UART_masterIsr)
                  70097cea    00000006     --HOLE-- [fill = 0]
                  70097cf0    000001fe                                                : uart_v0.obj (.text.UART_write)
                  70097eee    00000002     --HOLE-- [fill = 0]
                  70097ef0    000001d0     libclang_rt.builtins.a : udivsi3.S.obj (.text)
                  700980c0    000001cc     freertos.am64x.r5f.ti-arm-clang.release.lib : queue.obj (.text.xQueueSemaphoreTake)
                  7009828c    00000004     --HOLE-- [fill = 0]
                  70098290    000001c0                                                 : TimerP.obj (.text.TimerP_setup)
                  70098450    000001b8     libc.a : memory.c.obj (.text.aligned_alloc)
                  70098608    000001b8            : memory.c.obj (.text.free)
                  700987c0    000001ae     freertos.am64x.r5f.ti-arm-clang.release.lib : queue.obj (.text.xQueueGenericSend)
                  7009896e    00000002     --HOLE-- [fill = 0]
                  70098970    00000184                                                 : queue.obj (.text.xQueueReceive)
                  70098af4    0000000c     libc.a : memory.c.obj (.text.malloc)
                  70098b00    00000170     embedded_kafka.obj (.text._Z6senderiiii)
                  70098c70    0000015e     freertos.am64x.r5f.ti-arm-clang.release.lib : tasks.obj (.text.xTaskIncrementTick)
                  70098dce    00000002     --HOLE-- [fill = 0]
                  70098dd0    00000148     libc.a : _printfi.c.obj (.text.fcvt)
                  70098f18    00000008     --HOLE-- [fill = 0]
                  70098f20    00000146     drivers.am64x.r5f.ti-arm-clang.release.lib : uart_v0.obj (.text.UART_close)
                  70099066    00000002     --HOLE-- [fill = 0]
                  70099068    00000140     libc.a : s_scalbn.c.obj (.text.scalbn)
                  700991a8    00000008     --HOLE-- [fill = 0]
                  700991b0    00000140     freertos.am64x.r5f.ti-arm-clang.release.lib : tasks.obj (.text.xTaskResumeAll)
                  700992f0    00000138     libc.a : _printfi.c.obj (.text._pconv_e)
                  70099428    00000008     --HOLE-- [fill = 0]
                  70099430    00000136     freertos.am64x.r5f.ti-arm-clang.release.lib : ClockP_freertos_r5.obj (.text.ClockP_init)
                  70099566    0000000a     --HOLE-- [fill = 0]
                  70099570    00000136     drivers.am64x.r5f.ti-arm-clang.release.lib : ipc_rpmsg.obj (.text.RPMessage_recv)
                  700996a6    0000000a     --HOLE-- [fill = 0]
                  700996b0    00000132     freertos.am64x.r5f.ti-arm-clang.release.lib : printf.obj (.text._ntoa_format)
                  700997e2    0000000e     --HOLE-- [fill = 0]
                  700997f0    0000012a     drivers.am64x.r5f.ti-arm-clang.release.lib : soc.obj (.text.SOC_moduleSetClockFrequency)
                  7009991a    00000006     --HOLE-- [fill = 0]
                  70099920    00000128     freertos.am64x.r5f.ti-arm-clang.release.lib : tasks.obj (.text.vTaskSwitchContext)
                  70099a48    00000008     --HOLE-- [fill = 0]
                  70099a50    00000126                                                 : queue.obj (.text.xQueueGenericSendFromISR)
                  70099b76    00000002     --HOLE-- [fill = 0]
                  70099b78    00000118     libclang_rt.builtins.a : udivmoddi4.S.obj (.text)
                  70099c90    00000112     freertos.am64x.r5f.ti-arm-clang.release.lib : tasks.obj (.text.prvAddNewTaskToReadyList)
                  70099da2    0000000e     --HOLE-- [fill = 0]
                  70099db0    0000010c     drivers.am64x.r5f.ti-arm-clang.release.lib : ipc_rpmsg.obj (.text.RPMessage_recvHandler)
                  70099ebc    00000004     --HOLE-- [fill = 0]
                  70099ec0    00000106     freertos.am64x.r5f.ti-arm-clang.release.lib : queue.obj (.text.xQueueGiveFromISR)
                  70099fc6    0000000a     --HOLE-- [fill = 0]
                  70099fd0    00000100     drivers.am64x.r5f.ti-arm-clang.release.lib : ipc_rpmsg.obj (.text.RPMessage_send)
                  7009a0d0    000000fc     freertos.am64x.r5f.ti-arm-clang.release.lib : queue.obj (.text.xQueueGenericCreateStatic)
                  7009a1cc    00000004     --HOLE-- [fill = 0]
                  7009a1d0    000000fa                                                 : queue.obj (.text.xQueueReceiveFromISR)
                  7009a2ca    00000006     --HOLE-- [fill = 0]
                  7009a2d0    000000f8     ti_drivers_config.obj (.text.System_init)
                  7009a3c8    00000008     --HOLE-- [fill = 0]
                  7009a3d0    000000ee     freertos.am64x.r5f.ti-arm-clang.release.lib : tasks.obj (.text.vTaskDelete)
                  7009a4be    00000002     --HOLE-- [fill = 0]
                  7009a4c0    000000e2     drivers.am64x.r5f.ti-arm-clang.release.lib : ipc_rpmsg.obj (.text.RPMessage_init)
                  7009a5a2    0000000e     --HOLE-- [fill = 0]
                  7009a5b0    000000ce     freertos.am64x.r5f.ti-arm-clang.release.lib : tasks.obj (.text.vTaskPriorityDisinheritAfterTimeout)
                  7009a67e    00000002     --HOLE-- [fill = 0]
                  7009a680    000000cc                                                 : timers.obj (.text.prvSampleTimeNow)
                  7009a74c    00000004     --HOLE-- [fill = 0]
                  7009a750    000000c8     drivers.am64x.r5f.ti-arm-clang.release.lib : ipc_notify_v0.obj (.text.IpcNotify_sendMsg)
                  7009a818    00000008     --HOLE-- [fill = 0]
                  7009a820    000000c6                                                : ipc_notify_v0.obj (.text.IpcNotify_isr)
                  7009a8e6    0000000a     --HOLE-- [fill = 0]
                  7009a8f0    000000c6     freertos.am64x.r5f.ti-arm-clang.release.lib : tasks.obj (.text.prvInitialiseNewTask)
                  7009a9b6    0000000a     --HOLE-- [fill = 0]
                  7009a9c0    000000c6                                                 : tasks.obj (.text.xTaskCreateStatic)
                  7009aa86    00000002     --HOLE-- [fill = 0]
                  7009aa88    000000c0     libc.a : _printfi.c.obj (.text._mcpy)
                  7009ab48    00000008     --HOLE-- [fill = 0]
                  7009ab50    000000c0     freertos.am64x.r5f.ti-arm-clang.release.lib : tasks.obj (.text.xTaskCheckForTimeOut)
                  7009ac10    000000be     drivers.am64x.r5f.ti-arm-clang.release.lib : ipc_rpmsg_vring.obj (.text.RPMessage_vringReset)
                  7009acce    00000002     --HOLE-- [fill = 0]
                  7009acd0    000000bc                                                : pinmux.obj (.text.Pinmux_config)
                  7009ad8c    00000004     --HOLE-- [fill = 0]
                  7009ad90    000000ba     freertos.am64x.r5f.ti-arm-clang.release.lib : tasks.obj (.text.vTaskStartScheduler)
                  7009ae4a    00000006     --HOLE-- [fill = 0]
                  7009ae50    000000b8     drivers.am64x.r5f.ti-arm-clang.release.lib : uart_v0.obj (.text.UART_divisorLatchWrite)
                  7009af08    00000008     --HOLE-- [fill = 0]
                  7009af10    000000b2                                                : uart_v0.obj (.text.UART_flushTxFifo)
                  7009afc2    0000000e     --HOLE-- [fill = 0]
                  7009afd0    000000b2     freertos.am64x.r5f.ti-arm-clang.release.lib : tasks.obj (.text.eTaskGetState)
                  7009b082    0000000e     --HOLE-- [fill = 0]
                  7009b090    000000b0                                                 : printf.obj (.text._ntoa_long_long)
                  7009b140    000000ae                                                 : TaskP_freertos.obj (.text.TaskP_loadUpdateAll)
                  7009b1ee    00000002     --HOLE-- [fill = 0]
                  7009b1f0    000000ae                                                 : tasks.obj (.text.xTaskPriorityDisinherit)
                  7009b29e    00000002     --HOLE-- [fill = 0]
                  7009b2a0    000000aa     drivers.am64x.r5f.ti-arm-clang.release.lib : ipc_rpmsg_vring.obj (.text.RPMessage_vringGetFullRxBuf)
                  7009b34a    00000006     --HOLE-- [fill = 0]
                  7009b350    000000aa                                                : uart_v0.obj (.text.UART_procLineStatusErr)
                  7009b3fa    00000006     --HOLE-- [fill = 0]
                  7009b400    000000a6     freertos.am64x.r5f.ti-arm-clang.release.lib : printf.obj (.text._out_rev)
                  7009b4a6    0000000a     --HOLE-- [fill = 0]
                  7009b4b0    000000a4     drivers.am64x.r5f.ti-arm-clang.release.lib : sciclient_pm.obj (.text.Sciclient_pmQueryModuleClkFreq)
                  7009b554    000000a4     libc.a : memory.c.obj (.text.split)
                  7009b5f8    00000008     --HOLE-- [fill = 0]
                  7009b600    000000a2     freertos.am64x.r5f.ti-arm-clang.release.lib : tasks.obj (.text.xTaskRemoveFromEventList)
                  7009b6a2    0000000e     --HOLE-- [fill = 0]
                  7009b6b0    000000a0                                                 : DebugP_shmLogReader.obj (.text.DebugP_shmLogReaderGetString)
                  7009b750    0000009e     drivers.am64x.r5f.ti-arm-clang.release.lib : ipc_rpmsg_vring.obj (.text.RPMessage_vringPutEmptyRxBuf)
                  7009b7ee    00000002     --HOLE-- [fill = 0]
                  7009b7f0    0000009a     freertos.am64x.r5f.ti-arm-clang.release.lib : DebugP_shmLogReader.obj (.text.DebugP_shmLogReaderTaskMain)
                  7009b88a    00000006     --HOLE-- [fill = 0]
                  7009b890    0000009a     drivers.am64x.r5f.ti-arm-clang.release.lib : sciclient.obj (.text.Sciclient_init)
                  7009b92a    00000006     --HOLE-- [fill = 0]
                  7009b930    0000009a                                                : sciclient.obj (.text.Sciclient_sendMessage)
                  7009b9ca    00000006     --HOLE-- [fill = 0]
                  7009b9d0    00000098                                                : ipc_rpmsg.obj (.text.RPMessage_coreInit)
                  7009ba68    00000008     --HOLE-- [fill = 0]
                  7009ba70    00000096     freertos.am64x.r5f.ti-arm-clang.release.lib : tasks.obj (.text.vTaskGetInfo)
                  7009bb06    0000000a     --HOLE-- [fill = 0]
                  7009bb10    00000094     drivers.am64x.r5f.ti-arm-clang.release.lib : uart_v0.obj (.text.UART_init)
                  7009bba4    0000000c     --HOLE-- [fill = 0]
                  7009bbb0    00000092                                                : ipc_rpmsg_vring.obj (.text.RPMessage_vringGetEmptyTxBuf)
                  7009bc42    0000000e     --HOLE-- [fill = 0]
                  7009bc50    00000092                                                : sciclient_pm.obj (.text.Sciclient_pmSetModuleClkFreq)
                  7009bce2    0000000e     --HOLE-- [fill = 0]
                  7009bcf0    00000090     freertos.am64x.r5f.ti-arm-clang.release.lib : tasks.obj (.text.xTaskPriorityInherit)
                  7009bd80    0000008e                                                 : port.obj (.text.pxPortInitialiseStack)
                  7009be0e    00000002     --HOLE-- [fill = 0]
                  7009be10    0000008c     drivers.am64x.r5f.ti-arm-clang.release.lib : ipc_rpmsg_vring.obj (.text.RPMessage_vringResetInternal)
                  7009be9c    00000004     --HOLE-- [fill = 0]
                  7009bea0    0000008c     freertos.am64x.r5f.ti-arm-clang.release.lib : printf.obj (.text._ntoa_long)
                  7009bf2c    00000088     libc.a : _ltoa.c.obj (.text.__TI_ltoa)
                  7009bfb4    00000088            : _printfi.c.obj (.text._ecpy)
                  7009c03c    00000004     --HOLE-- [fill = 0]
                  7009c040    00000086     freertos.am64x.r5f.ti-arm-clang.release.lib : timers.obj (.text.xTimerCreateTimerTask)
                  7009c0c6    0000000a     --HOLE-- [fill = 0]
                  7009c0d0    00000084                                                 : tasks.obj (.text.prvAddCurrentTaskToDelayedList)
                  7009c154    0000000c     --HOLE-- [fill = 0]
                  7009c160    00000082     RPMessageCommunication.obj (.text._ZN22RPMessageCommunicationC2ERK17RPMessageEndpointRK6Logger)
                  7009c1e2    0000000e     --HOLE-- [fill = 0]
                  7009c1f0    00000080     main.obj (.text.main)
                  7009c270    00000080     freertos.am64x.r5f.ti-arm-clang.release.lib : queue.obj (.text.prvCopyDataToQueue)
                  7009c2f0    00000080                                                 : queue.obj (.text.xQueueGenericReset)
                  7009c370    0000007c     drivers.am64x.r5f.ti-arm-clang.release.lib : ipc_rpmsg.obj (.text.RPMessage_construct)
                  7009c3ec    0000007c     libc.a : _printfi.c.obj (.text._pconv_f)
                  7009c468    0000007c            : s_frexp.c.obj (.text.frexp)
                  7009c4e4    0000000c     --HOLE-- [fill = 0]
                  7009c4f0    0000007a     drivers.am64x.r5f.ti-arm-clang.release.lib : sciclient_pm.obj (.text.Sciclient_pmGetModuleClkNumParent)
                  7009c56a    00000006     --HOLE-- [fill = 0]
                  7009c570    0000007a     freertos.am64x.r5f.ti-arm-clang.release.lib : timers.obj (.text.prvCheckForValidListAndQueue)
                  7009c5ea    00000006     --HOLE-- [fill = 0]
                  7009c5f0    0000007a                                                 : tasks.obj (.text.prvIdleTask)
                  7009c66a    00000006     --HOLE-- [fill = 0]
                  7009c670    00000076                                                 : DebugP_freertos.obj (.text._DebugP_logZone)
                  7009c6e6    0000000a     --HOLE-- [fill = 0]
                  7009c6f0    00000076                                                 : timers.obj (.text.xTimerGenericCommand)
                  7009c766    0000000a     --HOLE-- [fill = 0]
                  7009c770    00000074     RPMessageCommunication.obj (.text._ZN22RPMessageCommunication5writeEPKcjRK8Endpoint)
                  7009c7e4    0000000c     --HOLE-- [fill = 0]
                  7009c7f0    00000072     embedded_kafka.obj (.text._Z8receiverii)
                  7009c862    0000000e     --HOLE-- [fill = 0]
                  7009c870    00000072     freertos.am64x.r5f.ti-arm-clang.release.lib : queue.obj (.text.prvUnlockQueue)
                  7009c8e2    0000000e     --HOLE-- [fill = 0]
                  7009c8f0    00000070                                                 : SemaphoreP_freertos.obj (.text.SemaphoreP_constructBinary)
                  7009c960    00000070     libc.a : atoi.c.obj (.text.atoi)
                  7009c9d0    0000006e     drivers.am64x.r5f.ti-arm-clang.release.lib : soc.obj (.text.SOC_moduleClockEnable)
                  7009ca3e    00000002     --HOLE-- [fill = 0]
                  7009ca40    0000006e                                                : sciclient_pm.obj (.text.Sciclient_pmGetModuleState)
                  7009caae    00000002     --HOLE-- [fill = 0]
                  7009cab0    0000006c     TI_DebugLogger.obj (.text._ZNK14TI_DebugLogger3logEPKcz)
                  7009cb1c    00000004     --HOLE-- [fill = 0]
                  7009cb20    0000006c     TI_DebugLogger.obj (.text._ZNK14TI_DebugLogger8logErrorEPKcz)
                  7009cb8c    00000004     --HOLE-- [fill = 0]
                  7009cb90    00000068     freertos.am64x.r5f.ti-arm-clang.release.lib : AddrTranslateP.obj (.text.AddrTranslateP_getLocalAddr)
                  7009cbf8    00000008     --HOLE-- [fill = 0]
                  7009cc00    00000068     drivers.am64x.r5f.ti-arm-clang.release.lib : uart_v0.obj (.text.UART_writeCancelNoCB)
                  7009cc68    00000068     libc.a : vsnprintf.c.obj (.text.vsnprintf)
                  7009ccd0    00000066     drivers.am64x.r5f.ti-arm-clang.release.lib : ipc_rpmsg.obj (.text.RPMessage_getEndPtMsg)
                  7009cd36    0000000a     --HOLE-- [fill = 0]
                  7009cd40    00000066                                                : sciclient_pm.obj (.text.Sciclient_pmGetModuleClkFreq)
                  7009cda6    0000000a     --HOLE-- [fill = 0]
                  7009cdb0    00000066                                                : sciclient_pm.obj (.text.Sciclient_pmGetModuleClkParent)
                  7009ce16    0000000a     --HOLE-- [fill = 0]
                  7009ce20    00000066     RPMessageCommunication.obj (.text._ZN22RPMessageCommunication4readEPcjR8Endpoint)
                  7009ce86    0000000a     --HOLE-- [fill = 0]
                  7009ce90    00000064     drivers.am64x.r5f.ti-arm-clang.release.lib : sciclient_pm.obj (.text.Sciclient_pmModuleGetClkStatus)
                  7009cef4    0000000c     --HOLE-- [fill = 0]
                  7009cf00    00000064     freertos.am64x.r5f.ti-arm-clang.release.lib : PmuP_armv7r.obj (.text.pmu)
                  7009cf64    0000000c     --HOLE-- [fill = 0]
                  7009cf70    00000064                                                 : queue.obj (.text.vQueueDelete)
                  7009cfd4    0000000c     --HOLE-- [fill = 0]
                  7009cfe0    00000062     drivers.am64x.r5f.ti-arm-clang.release.lib : ipc_notify_v0.obj (.text.IpcNotify_waitSync)
                  7009d042    0000000e     --HOLE-- [fill = 0]
                  7009d050    0000005e                                                : ipc_rpmsg_vring.obj (.text.RPMessage_vringPutFullTxBuf)
                  7009d0ae    00000002     --HOLE-- [fill = 0]
                  7009d0b0    0000005e                                                : sciclient_pm.obj (.text.Sciclient_pmModuleClkRequest)
                  7009d10e    00000002     --HOLE-- [fill = 0]
                  7009d110    0000005e                                                : sciclient_pm.obj (.text.Sciclient_pmSetModuleClkParent)
                  7009d16e    00000002     --HOLE-- [fill = 0]
                  7009d170    0000005c     freertos.am64x.r5f.ti-arm-clang.release.lib : DebugP_log.obj (.text._DebugP_assert)
                  7009d1cc    0000005c     libc.a : _printfi.c.obj (.text._fcpy)
                  7009d228    00000008     --HOLE-- [fill = 0]
                  7009d230    0000005a     drivers.am64x.r5f.ti-arm-clang.release.lib : ipc_rpmsg_vring.obj (.text.RPMessage_vringIsFullRxBuf)
                  7009d28a    00000006     --HOLE-- [fill = 0]
                  7009d290    00000058     freertos.am64x.r5f.ti-arm-clang.release.lib : SemaphoreP_freertos.obj (.text.SemaphoreP_pend)
                  7009d2e8    00000058     libc.a : vsnprintf.c.obj (.text._outs)
                  7009d340    00000058     freertos.am64x.r5f.ti-arm-clang.release.lib : tasks.obj (.text.vTaskPlaceOnEventListRestricted)
                  7009d398    00000008     --HOLE-- [fill = 0]
                  7009d3a0    00000056     drivers.am64x.r5f.ti-arm-clang.release.lib : uart_dma.obj (.text.UART_dmaDisableChannel)
                  7009d3f6    0000000a     --HOLE-- [fill = 0]
                  7009d400    00000056     freertos.am64x.r5f.ti-arm-clang.release.lib : tasks.obj (.text.vTaskDelay)
                  7009d456    0000000a     --HOLE-- [fill = 0]
                  7009d460    00000054     drivers.am64x.r5f.ti-arm-clang.release.lib : ipc_rpmsg.obj (.text.RPMessage_notifyCallback)
                  7009d4b4    0000000c     --HOLE-- [fill = 0]
                  7009d4c0    00000054                                                : uart_dma.obj (.text.UART_dmaClose)
                  7009d514    0000000c     --HOLE-- [fill = 0]
                  7009d520    00000054     embedded_kafka.obj (.text._Z18communication_mainPv)
                  7009d574    0000000c     --HOLE-- [fill = 0]
                  7009d580    00000052     drivers.am64x.r5f.ti-arm-clang.release.lib : sciclient_pm.obj (.text.Sciclient_pmSetModuleState)
                  7009d5d2    0000000e     --HOLE-- [fill = 0]
                  7009d5e0    00000052     freertos.am64x.r5f.ti-arm-clang.release.lib : SemaphoreP_freertos.obj (.text.SemaphoreP_constructMutex)
                  7009d632    0000000e     --HOLE-- [fill = 0]
                  7009d640    00000052                                                 : SemaphoreP_freertos.obj (.text.SemaphoreP_post)
                  7009d692    0000000e     --HOLE-- [fill = 0]
                  7009d6a0    00000052                                                 : queue.obj (.text.xQueueGiveMutexRecursive)
                  7009d6f2    0000000e     --HOLE-- [fill = 0]
                  7009d700    00000050                                                 : DebugP_shmLogReader_freertos.obj (.text.DebugP_shmLogReaderTaskCreate)
                  7009d750    00000050     drivers.am64x.r5f.ti-arm-clang.release.lib : sciclient_soc_priv.obj (.text.Sciclient_getContext)
                  7009d7a0    00000050     freertos.am64x.r5f.ti-arm-clang.release.lib : tasks.obj (.text.prvDeleteTCB)
                  7009d7f0    00000050     libc.a : autoinit.c.obj (.text:__TI_auto_init_nobinit_nopinit)
                  7009d840    0000004e     ti_dpl_config.obj (.text.Dpl_init)
                  7009d88e    00000002     --HOLE-- [fill = 0]
                  7009d890    0000004e     freertos.am64x.r5f.ti-arm-clang.release.lib : tasks.obj (.text.vTaskPlaceOnEventList)
                  7009d8de    00000002     --HOLE-- [fill = 0]
                  7009d8e0    0000004e                                                 : queue.obj (.text.xQueueTakeMutexRecursive)
                  7009d92e    00000002     --HOLE-- [fill = 0]
                  7009d930    0000004c                                                 : ClockP_freertos.obj (.text.ClockP_getTimeUsec)
                  7009d97c    00000004     --HOLE-- [fill = 0]
                  7009d980    0000004c     ti_drivers_open_close.obj (.text.Drivers_uartOpen)
                  7009d9cc    00000004     --HOLE-- [fill = 0]
                  7009d9d0    0000004c     drivers.am64x.r5f.ti-arm-clang.release.lib : ipc_rpmsg.obj (.text.RPMessage_allocEndPtMsg)
                  7009da1c    00000004     --HOLE-- [fill = 0]
                  7009da20    00000048     libc++abi.a : stdlib_new_delete.cpp.obj (.text._Znwj)
                  7009da68    00000048     libc.a : memccpy.c.obj (.text.memccpy)
                  7009dab0    00000046     freertos.am64x.r5f.ti-arm-clang.release.lib : queue.obj (.text.vQueueWaitForMessageRestricted)
                  7009daf6    0000000a     --HOLE-- [fill = 0]
                  7009db00    00000044     drivers.am64x.r5f.ti-arm-clang.release.lib : sciclient_pm.obj (.text.Sciclient_pmSetModuleRst)
                  7009db44    0000000c     --HOLE-- [fill = 0]
                  7009db50    00000040                                                : ipc_rpmsg.obj (.text.RPMessage_destruct)
                  7009db90    00000040     libc.a : memory.c.obj (.text.free_list_insert)
                  7009dbd0    00000040     freertos.am64x.r5f.ti-arm-clang.release.lib : timers.obj (.text.prvInsertTimerInActiveList)
                  7009dc10    0000003e     drivers.am64x.r5f.ti-arm-clang.release.lib : ipc_notify_v0.obj (.text.IpcNotify_registerClient)
                  7009dc4e    00000002     --HOLE-- [fill = 0]
                  7009dc50    0000003e                                                : soc.obj (.text.SOC_controlModuleUnlockMMR)
                  7009dc8e    00000002     --HOLE-- [fill = 0]
                  7009dc90    0000003c     freertos.am64x.r5f.ti-arm-clang.release.lib : TaskP_freertos.obj (.text.vApplicationLoadHook)
                  7009dccc    00000004     --HOLE-- [fill = 0]
                  7009dcd0    0000003c                                                 : tasks.obj (.text.xTaskGetIdleTaskHandle)
                  7009dd0c    00000004     --HOLE-- [fill = 0]
                  7009dd10    0000003a                                                 : DebugP_uartLogWriter.obj (.text.DebugP_uartLogWriterPutChar)
                  7009dd4a    00000006     --HOLE-- [fill = 0]
                  7009dd50    0000003a     drivers.am64x.r5f.ti-arm-clang.release.lib : uart_dma.obj (.text.UART_dmaOpen)
                  7009dd8a    00000006     --HOLE-- [fill = 0]
                  7009dd90    0000003a     freertos.am64x.r5f.ti-arm-clang.release.lib : list.obj (.text.vListInsert)
                  7009ddca    00000006     --HOLE-- [fill = 0]
                  7009ddd0    00000038     drivers.am64x.r5f.ti-arm-clang.release.lib : ipc_rpmsg_vring.obj (.text.RPMessage_vringCheckEmptyTxBuf)
                  7009de08    00000008     --HOLE-- [fill = 0]
                  7009de10    00000038                                                : sciclient.obj (.text.Sciclient_getCurrentContext)
                  7009de48    00000008     --HOLE-- [fill = 0]
                  7009de50    00000036     freertos.am64x.r5f.ti-arm-clang.release.lib : ClockP_freertos.obj (.text.ClockP_usleep)
                  7009de86    0000000a     --HOLE-- [fill = 0]
                  7009de90    00000036     ti_power_clock_config.obj (.text.Module_clockSetFrequency)
                  7009dec6    00000002     --HOLE-- [fill = 0]
                  7009dec8    00000034     libc.a : memory.c.obj (.text.free_list_remove)
                  7009defc    00000004     --HOLE-- [fill = 0]
                  7009df00    00000034     freertos.am64x.r5f.ti-arm-clang.release.lib : tasks.obj (.text.xTaskGetTickCount)
                  7009df34    0000000c     --HOLE-- [fill = 0]
                  7009df40    00000032                                                 : queue.obj (.text.xQueueCreateMutexStatic)
                  7009df72    0000000e     --HOLE-- [fill = 0]
                  7009df80    00000030                                                 : DebugP_shmLogReader.obj (.text.DebugP_shmLogReaderInit)
                  7009dfb0    00000030     libc.a : vsnprintf.c.obj (.text._outc)
                  7009dfe0    00000030     freertos.am64x.r5f.ti-arm-clang.release.lib : PmuP_armv7r_asm.obj (.text.pmu)
                  7009e010    00000030                                                 : port.obj (.text.vApplicationStackOverflowHook)
                  7009e040    0000002e                                                 : ClockP_freertos.obj (.text.ClockP_timerTickIsr)
                  7009e06e    00000002     --HOLE-- [fill = 0]
                  7009e070    0000002e     ti_power_clock_config.obj (.text.Module_clockEnable)
                  7009e09e    00000002     --HOLE-- [fill = 0]
                  7009e0a0    0000002e     drivers.am64x.r5f.ti-arm-clang.release.lib : uart_v0.obj (.text.UART_getHandle)
                  7009e0ce    00000002     --HOLE-- [fill = 0]
                  7009e0d0    0000002e     freertos.am64x.r5f.ti-arm-clang.release.lib : tasks.obj (.text.vTaskExitCritical)
                  7009e0fe    00000002     --HOLE-- [fill = 0]
                  7009e100    0000002c     drivers.am64x.r5f.ti-arm-clang.release.lib : ipc_rpmsg.obj (.text.RPMessage_controlEndPtHandler)
                  7009e12c    00000004     --HOLE-- [fill = 0]
                  7009e130    0000002c     RPMessageCommunication.obj (.text._ZN22RPMessageCommunicationD0Ev)
                  7009e15c    00000004     --HOLE-- [fill = 0]
                  7009e160    0000002c     libclang_rt.builtins.a : divsi3.S.obj (.text)
                  7009e18c    00000004     --HOLE-- [fill = 0]
                  7009e190    0000002a     drivers.am64x.r5f.ti-arm-clang.release.lib : soc.obj (.text.SOC_controlModuleLockMMR)
                  7009e1ba    00000006     --HOLE-- [fill = 0]
                  7009e1c0    00000028                                                : ipc_rpmsg.obj (.text.RPMessage_Params_init)
                  7009e1e8    00000008     --HOLE-- [fill = 0]
                  7009e1f0    00000028     embedded_kafka.obj (.text._ZNSt3__16vectorI13TopicMetadataNS_9allocatorIS1_EEE22__base_destruct_at_endEPS1_)
                  7009e218    00000028     libc.a : _printfi.c.obj (.text.strchr)
                  7009e240    00000026     drivers.am64x.r5f.ti-arm-clang.release.lib : ipc_rpmsg.obj (.text.RPMessage_isLinuxCore)
                  7009e266    0000000a     --HOLE-- [fill = 0]
                  7009e270    00000026     RPMessageCommunication.obj (.text._ZN22RPMessageCommunicationD2Ev)
                  7009e296    0000000a     --HOLE-- [fill = 0]
                  7009e2a0    00000026     freertos.am64x.r5f.ti-arm-clang.release.lib : port.obj (.text.vPortTimerTickHandler)
                  7009e2c6    0000000a     --HOLE-- [fill = 0]
                  7009e2d0    00000026                                                 : queue.obj (.text.vQueueAddToRegistry)
                  7009e2f6    0000000a     --HOLE-- [fill = 0]
                  7009e300    00000024                                                 : list.obj (.text.uxListRemove)
                  7009e324    0000000c     --HOLE-- [fill = 0]
                  7009e330    00000024                                                 : printf.obj (.text.vprintf_)
                  7009e354    0000000c     --HOLE-- [fill = 0]
                  7009e360    00000024                                                 : tasks.obj (.text.xTaskGetSchedulerState)
                  7009e384    00000024     libclang_rt.builtins.a : aeabi_uldivmod.S.obj (.text)
                  7009e3a8    00000008     --HOLE-- [fill = 0]
                  7009e3b0    00000022     ti_pinmux_config.obj (.text.Pinmux_init)
                  7009e3d2    0000000e     --HOLE-- [fill = 0]
                  7009e3e0    00000022     RPMessageEndpoint.obj (.text._ZNK17RPMessageEndpoint24printEndpointInformationERK6Logger)
                  7009e402    0000000e     --HOLE-- [fill = 0]
                  7009e410    00000022     freertos.am64x.r5f.ti-arm-clang.release.lib : tasks.obj (.text.vTaskEnterCritical)
                  7009e432    0000000e     --HOLE-- [fill = 0]
                  7009e440    00000020                                                 : DebugP_log.obj (.text.DebugP_logZoneEnable)
                  7009e460    00000020     drivers.am64x.r5f.ti-arm-clang.release.lib : soc.obj (.text.SOC_getSelfCpuClk)
                  7009e480    00000020     freertos.am64x.r5f.ti-arm-clang.release.lib : TimerP.obj (.text.TimerP_Params_init)
                  7009e4a0    00000020     CommunicationFactory.obj (.text._ZN20CommunicationFactory19createCommunicationE17CommunicationTypeRK8EndpointRK6Logger)
                  7009e4c0    00000020     libc.a : wcslen.c.obj (.text.wcslen)
                  7009e4e0    0000001e     drivers.am64x.r5f.ti-arm-clang.release.lib : ipc_notify_v0.obj (.text.IpcNotify_syncCallback)
                  7009e4fe    00000002     --HOLE-- [fill = 0]
                  7009e500    0000001e     freertos.am64x.r5f.ti-arm-clang.release.lib : port.obj (.text.vApplicationGetIdleTaskMemory)
                  7009e51e    00000002     --HOLE-- [fill = 0]
                  7009e520    0000001e                                                 : port.obj (.text.vApplicationGetTimerTaskMemory)
                  7009e53e    00000002     --HOLE-- [fill = 0]
                  7009e540    0000001c     drivers.am64x.r5f.ti-arm-clang.release.lib : ipc_rpmsg_vring.obj (.text.RPMessage_vringGetTxBufLen)
                  7009e55c    00000004     --HOLE-- [fill = 0]
                  7009e560    0000001c     freertos.am64x.r5f.ti-arm-clang.release.lib : boot_armv7r.obj (.text._system_pre_init)
                  7009e57c    0000001c     libc.a : _printfi.c.obj (.text.strlen)
                  7009e598    00000008     --HOLE-- [fill = 0]
                  7009e5a0    0000001c     freertos.am64x.r5f.ti-arm-clang.release.lib : list.obj (.text.vListInsertEnd)
                  7009e5bc    0000001c     libsysbm.a : memcpy32.S.obj (.text:TI_memcpy_small)
                  7009e5d8    0000001c     libclang_rt.builtins.a : aeabi_memset.S.obj (.text)
                  7009e5f4    0000000c     --HOLE-- [fill = 0]
                  7009e600    0000001a     drivers.am64x.r5f.ti-arm-clang.release.lib : ipc_notify_v0.obj (.text.IpcNotify_Params_init)
                  7009e61a    00000006     --HOLE-- [fill = 0]
                  7009e620    0000001a                                                : ipc_rpmsg_vring.obj (.text.RPMessage_vringGetRxBufAddr)
                  7009e63a    00000006     --HOLE-- [fill = 0]
                  7009e640    0000001a                                                : ipc_rpmsg_vring.obj (.text.RPMessage_vringGetTxBufAddr)
                  7009e65a    00000006     --HOLE-- [fill = 0]
                  7009e660    0000001a                                                : uart_dma.obj (.text.UART_writeInterruptDma)
                  7009e67a    00000006     --HOLE-- [fill = 0]
                  7009e680    0000001a     RPMessageEndpoint.obj (.text._ZN17RPMessageEndpointC2Ev)
                  7009e69a    00000006     --HOLE-- [fill = 0]
                  7009e6a0    0000001a     freertos.am64x.r5f.ti-arm-clang.release.lib : heap_3.obj (.text.vPortFree)
                  7009e6ba    00000006     --HOLE-- [fill = 0]
                  7009e6c0    0000001a                                                 : tasks.obj (.text.vTaskInternalSetTimeOutState)
                  7009e6da    00000006     --HOLE-- [fill = 0]
                  7009e6e0    00000018     ti_drivers_config.obj (.text.IpcNotify_getConfig)
                  7009e6f8    00000008     --HOLE-- [fill = 0]
                  7009e700    00000018     drivers.am64x.r5f.ti-arm-clang.release.lib : ipc_notify_v0.obj (.text.IpcNotify_isCoreEnabled)
                  7009e718    00000008     --HOLE-- [fill = 0]
                  7009e720    00000018                                                : sciclient_soc_priv.obj (.text.Sciclient_getDevId)
                  7009e738    00000008     --HOLE-- [fill = 0]
                  7009e740    00000018     EndpointFactory.obj (.text._ZN15EndpointFactory14createEndpointE17CommunicationType)
                  7009e758    00000008     --HOLE-- [fill = 0]
                  7009e760    00000018     embedded_kafka.obj (.text._ZNSt3__16vectorI13TopicMetadataNS_9allocatorIS1_EEED2Ev)
                  7009e778    00000008     --HOLE-- [fill = 0]
                  7009e780    00000018     freertos.am64x.r5f.ti-arm-clang.release.lib : tasks.obj (.text.pvTaskIncrementMutexHeldCount)
                  7009e798    00000008     --HOLE-- [fill = 0]
                  7009e7a0    00000018                                                 : port.obj (.text.xPortStartScheduler)
                  7009e7b8    00000018     libsysbm.a : memset32.S.obj (.text:TI_memset_small)
                  7009e7d0    00000016     freertos.am64x.r5f.ti-arm-clang.release.lib : list.obj (.text.vListInitialise)
                  7009e7e6    0000000a     --HOLE-- [fill = 0]
                  7009e7f0    00000014                                                 : ClockP_freertos.obj (.text.ClockP_usecToTicks)
                  7009e804    0000000c     --HOLE-- [fill = 0]
                  7009e810    00000012                                                 : TimerP.obj (.text.TimerP_clearOverflowInt)
                  7009e822    0000000e     --HOLE-- [fill = 0]
                  7009e830    00000012     main.obj (.text._Z13freertos_mainPv)
                  7009e842    0000000e     --HOLE-- [fill = 0]
                  7009e850    00000012     RPMessageEndpoint.obj (.text._ZN17RPMessageEndpointC2Ejt)
                  7009e862    0000000e     --HOLE-- [fill = 0]
                  7009e870    00000010     freertos.am64x.r5f.ti-arm-clang.release.lib : ClockP_freertos.obj (.text.ClockP_ticksToUsec)
                  7009e880    00000010     drivers.am64x.r5f.ti-arm-clang.release.lib : ipc_rpmsg.obj (.text.RPMessage_CreateParams_init)
                  7009e890    00000010     libc++abi.a : cxa_handlers.cpp.obj (.text._ZSt15get_new_handlerv)
                  7009e8a0    00000010     freertos.am64x.r5f.ti-arm-clang.release.lib : port.obj (.text.vPortYeildFromISR)
                  7009e8b0    00000010                                                 : tasks.obj (.text.vTaskSuspendAll)
                  7009e8c0    0000000e     ti_power_clock_config.obj (.text.PowerClock_init)
                  7009e8ce    00000002     --HOLE-- [fill = 0]
                  7009e8d0    0000000e     freertos.am64x.r5f.ti-arm-clang.release.lib : tasks.obj (.text.vTaskMissedYield)
                  7009e8de    00000002     --HOLE-- [fill = 0]
                  7009e8e0    0000000c                                                 : DebugP_uartLogWriter.obj (.text.DebugP_uartSetDrvIndex)
                  7009e8ec    00000004     --HOLE-- [fill = 0]
                  7009e8f0    0000000c     drivers.am64x.r5f.ti-arm-clang.release.lib : ipc_notify_v0.obj (.text.IpcNotify_getSelfCoreId)
                  7009e8fc    00000004     --HOLE-- [fill = 0]
                  7009e900    0000000c                                                : sciclient.obj (.text.Sciclient_getSelfDevIdCore)
                  7009e90c    00000004     --HOLE-- [fill = 0]
                  7009e910    0000000c     BrokerMetadata.obj (.text._ZN14BrokerMetadataC2EP8Endpoint)
                  7009e91c    00000004     --HOLE-- [fill = 0]
                  7009e920    0000000c     freertos.am64x.r5f.ti-arm-clang.release.lib : tasks.obj (.text.xTaskGetCurrentTaskHandle)
                  7009e92c    00000004     --HOLE-- [fill = 0]
                  7009e930    0000000a     drivers.am64x.r5f.ti-arm-clang.release.lib : csl_sec_proxy.obj (.text.CSL_secProxyGetDataAddr)
                  7009e93a    00000006     --HOLE-- [fill = 0]
                  7009e940    0000000a                                                : ipc_notify_v0.obj (.text.IpcNotify_sendSync)
                  7009e94a    00000006     --HOLE-- [fill = 0]
                  7009e950    0000000a     freertos.am64x.r5f.ti-arm-clang.release.lib : TimerP.obj (.text.TimerP_start)
                  7009e95a    00000006     --HOLE-- [fill = 0]
                  7009e960    0000000a                                                 : port.obj (.text.vApplicationIdleHook)
                  7009e96a    00000006     --HOLE-- [fill = 0]
                  7009e970    00000008                                                 : printf.obj (.text._out_char)
                  7009e978    00000008     --HOLE-- [fill = 0]
                  7009e980    00000008                                                 : port.obj (.text.uiPortGetRunTimeCounterValue)
                  7009e988    00000008     --HOLE-- [fill = 0]
                  7009e990    00000006                                                 : SemaphoreP_freertos.obj (.text.SemaphoreP_destruct)
                  7009e996    0000000a     --HOLE-- [fill = 0]
                  7009e9a0    00000006                                                 : port.obj (.text.prvTaskExitError)
                  7009e9a6    0000000a     --HOLE-- [fill = 0]
                  7009e9b0    00000006                                                 : list.obj (.text.vListInitialiseItem)
                  7009e9b6    0000000a     --HOLE-- [fill = 0]
                  7009e9c0    00000004     ti_board_open_close.obj (.text.Board_driversOpen)
                  7009e9c4    0000000c     --HOLE-- [fill = 0]
                  7009e9d0    00000004     freertos.am64x.r5f.ti-arm-clang.release.lib : ClockP_freertos.obj (.text.ClockP_getTicks)
                  7009e9d4    0000000c     --HOLE-- [fill = 0]
                  7009e9e0    00000004                                                 : ClockP_freertos_r5.obj (.text.ClockP_getTimerCount)
                  7009e9e4    0000000c     --HOLE-- [fill = 0]
                  7009e9f0    00000004                                                 : ClockP_freertos_r5.obj (.text.ClockP_timerClearOverflowInt)
                  7009e9f4    0000000c     --HOLE-- [fill = 0]
                  7009ea00    00000004     ti_drivers_open_close.obj (.text.Drivers_open)
                  7009ea04    0000000c     --HOLE-- [fill = 0]
                  7009ea10    00000004     drivers.am64x.r5f.ti-arm-clang.release.lib : ipc_rpmsg.obj (.text.RPMessage_getLocalEndPt)
                  7009ea14    0000000c     --HOLE-- [fill = 0]
                  7009ea20    00000004     freertos.am64x.r5f.ti-arm-clang.release.lib : TaskP_freertos.obj (.text.TaskP_yield)
                  7009ea24    0000000c     --HOLE-- [fill = 0]
                  7009ea30    00000004                                                 : TimerP.obj (.text.TimerP_getCount)
                  7009ea34    0000000c     --HOLE-- [fill = 0]
                  7009ea40    00000004                                                 : TimerP.obj (.text.TimerP_getReloadCount)
                  7009ea44    0000000c     --HOLE-- [fill = 0]
                  7009ea50    00000004     RPMessageEndpoint.obj (.text._ZN17RPMessageEndpoint18setServiceEndpointEt)
                  7009ea54    0000000c     --HOLE-- [fill = 0]
                  7009ea60    00000004     RPMessageEndpoint.obj (.text._ZN17RPMessageEndpoint9setCoreIdEj)
                  7009ea64    0000000c     --HOLE-- [fill = 0]
                  7009ea70    00000004     RPMessageEndpoint.obj (.text._ZN17RPMessageEndpointD0Ev)
                  7009ea74    0000000c     --HOLE-- [fill = 0]
                  7009ea80    00000004     BrokerMetadata.obj (.text._ZNK14BrokerMetadata11getEndpointEv)
                  7009ea84    0000000c     --HOLE-- [fill = 0]
                  7009ea90    00000004     RPMessageEndpoint.obj (.text._ZNK17RPMessageEndpoint18getServiceEndpointEv)
                  7009ea94    0000000c     --HOLE-- [fill = 0]
                  7009eaa0    00000004     RPMessageEndpoint.obj (.text._ZNK17RPMessageEndpoint9getCoreIdEv)
                  7009eaa4    0000000c     --HOLE-- [fill = 0]
                  7009eab0    00000004     libc++abi.a : stdlib_new_delete.cpp.obj (.text._ZdlPv)
                  7009eab4    0000000c     --HOLE-- [fill = 0]
                  7009eac0    00000004     libclang_rt.builtins.a : aeabi_div0.c.obj (.text.__aeabi_idiv0)
                  7009eac4    0000000c     --HOLE-- [fill = 0]
                  7009ead0    00000004                            : aeabi_div0.c.obj (.text.__aeabi_ldiv0)
                  7009ead4    0000000c     --HOLE-- [fill = 0]
                  7009eae0    00000004     ti_dpl_config.obj (.text.putchar_)
                  7009eae4    0000000c     --HOLE-- [fill = 0]
                  7009eaf0    00000002     ti_board_open_close.obj (.text.Board_driversClose)
                  7009eaf2    0000000e     --HOLE-- [fill = 0]
                  7009eb00    00000002     ti_board_config.obj (.text.Board_init)
                  7009eb02    0000000e     --HOLE-- [fill = 0]
                  7009eb10    00000002     RPMessageEndpoint.obj (.text._ZN17RPMessageEndpoint9from_jsonERKN8nlohmann16json_abi_v3_11_210basic_jsonINSt3__13mapENS3_6vectorENS3_12basic_stringIcNS3_11char_traitsIcEENS3_9allocatorIcEEEEbxydS9_NS1_14adl_serializerENS5_IhNS9_IhEEEEvEE)
                  7009eb12    0000000e     --HOLE-- [fill = 0]
                  7009eb20    00000002     RPMessageEndpoint.obj (.text._ZN17RPMessageEndpointD2Ev)
                  7009eb22    0000000e     --HOLE-- [fill = 0]
                  7009eb30    00000002     RPMessageEndpoint.obj (.text._ZNK17RPMessageEndpoint7to_jsonERN8nlohmann16json_abi_v3_11_210basic_jsonINSt3__13mapENS3_6vectorENS3_12basic_stringIcNS3_11char_traitsIcEENS3_9allocatorIcEEEEbxydS9_NS1_14adl_serializerENS5_IhNS9_IhEEEEvEE)
                  7009eb32    0000000e     --HOLE-- [fill = 0]
                  7009eb40    00000002     freertos.am64x.r5f.ti-arm-clang.release.lib : printf.obj (.text._out_null)
                  7009eb42    0000000e     --HOLE-- [fill = 0]
                  7009eb50    00000002                                                 : port.obj (.text.vPortConfigTimerForRunTimeStats)
                  7009eb52    0000000e     --HOLE-- [fill = 0]
                  7009eb60    00000002                                                 : port.obj (.text.vPortValidateInterruptPriority)
                  7009eb62    0000000e     --HOLE-- [fill = 0]

.rodata    0    7009eb70    000021b0     
                  7009eb70    000007b7     freertos.am64x.r5f.ti-arm-clang.release.lib : tasks.obj (.rodata.str1.1)
                  7009f327    00000756                                                 : queue.obj (.rodata.str1.1)
                  7009fa7d    0000031a     drivers.am64x.r5f.ti-arm-clang.release.lib : ipc_rpmsg.obj (.rodata.str1.1)
                  7009fd97    000002bc     freertos.am64x.r5f.ti-arm-clang.release.lib : timers.obj (.rodata.str1.1)
                  700a0053    0000017d     drivers.am64x.r5f.ti-arm-clang.release.lib : ipc_notify_v0.obj (.rodata.str1.1)
                  700a01d0    00000135                                                : uart_v0.obj (.rodata.str1.1)
                  700a0305    00000003     TI_DebugLogger.obj (.rodata.str1.1)
                  700a0308    0000012c     drivers.am64x.r5f.ti-arm-clang.release.lib : sciclient_fmwSecureProxyMap.obj (.rodata.gSciclientMap)
                  700a0434    0000010d     freertos.am64x.r5f.ti-arm-clang.release.lib : TimerP.obj (.rodata.str1.1)
                  700a0541    0000010a                                                 : ClockP_freertos_r5.obj (.rodata.str1.1)
                  700a064b    00000001     --HOLE-- [fill = 0]
                  700a064c    00000004                                                 : CacheP_armv7r.obj (.rodata.gCacheL1dCacheLineSize)
                  700a0650    00000101     libc.a : aeabi_ctype.S.obj (.rodata)
                  700a0751    000000db     embedded_kafka.obj (.rodata.str1.1)
                  700a082c    000000da     freertos.am64x.r5f.ti-arm-clang.release.lib : SemaphoreP_freertos.obj (.rodata.str1.1)
                  700a0906    00000076     RPMessageCommunication.obj (.rodata.str1.1)
                  700a097c    00000070     ti_dpl_config.obj (.rodata.gMpuRegionConfig)
                  700a09ec    0000005d     freertos.am64x.r5f.ti-arm-clang.release.lib : port.obj (.rodata.str1.1)
                  700a0a49    00000003     --HOLE-- [fill = 0]
                  700a0a4c    00000004                                                 : CacheP_armv7r.obj (.rodata.gCacheL1pCacheLineSize)
                  700a0a50    00000050                                                 : printf.obj (.rodata._ftoa.pow10)
                  700a0aa0    00000050     drivers.am64x.r5f.ti-arm-clang.release.lib : ipc_rpmsg_vring.obj (.rodata.str1.1)
                  700a0af0    0000004b                                                : uart_dma.obj (.rodata.str1.1)
                  700a0b3b    00000046     ti_drivers_open_close.obj (.rodata.str1.1)
                  700a0b81    00000042     ti_drivers_config.obj (.rodata.str1.1)
                  700a0bc3    0000003f     main.obj (.rodata.str1.1)
                  700a0c02    0000002d     freertos.am64x.r5f.ti-arm-clang.release.lib : DebugP_log.obj (.rodata.str1.1)
                  700a0c2f    0000002c     RPMessageEndpoint.obj (.rodata.str1.1)
                  700a0c5b    00000022     libc.a : _printfi.c.obj (.rodata.str1.1)
                  700a0c7d    00000003     --HOLE-- [fill = 0]
                  700a0c80    0000001c     RPMessageEndpoint.obj (.rodata._ZTV17RPMessageEndpoint)
                  700a0c9c    00000018     drivers.am64x.r5f.ti-arm-clang.release.lib : sciclient_soc_priv.obj (.rodata..Lswitch.table.Sciclient_getDevId)
                  700a0cb4    00000018     RPMessageCommunication.obj (.rodata._ZTV22RPMessageCommunication)
                  700a0ccc    00000015     freertos.am64x.r5f.ti-arm-clang.release.lib : DebugP_shmLogReader_freertos.obj (.rodata.str1.1)
                  700a0ce1    00000012                                                 : printf.obj (.rodata.str1.1)
                  700a0cf3    00000001     --HOLE-- [fill = 0]
                  700a0cf4    00000010     TI_DebugLogger.obj (.rodata._ZTV14TI_DebugLogger)
                  700a0d04    0000000c     ti_dpl_config.obj (.rodata.gMpuConfig)
                  700a0d10    00000008     ti_dpl_config.obj (.rodata.gCacheConfig)
                  700a0d18    00000004     freertos.am64x.r5f.ti-arm-clang.release.lib : tasks.obj (.rodata.uxTopUsedPriority)
                  700a0d1c    00000004     --HOLE-- [fill = 0]

.text.hwi 
*          0    700a0d20    000008d0     
                  700a0d20    00000452     freertos.am64x.r5f.ti-arm-clang.release.lib : HwiP_armv7r_vim.obj (.text.hwi)
                  700a1172    00000002     --HOLE-- [fill = 0]
                  700a1174    00000008                                                 : HwiP_armv7r_asm.obj (.tramp.HwiP_enableFIQ.1)
                  700a117c    00000004     --HOLE-- [fill = 0]
                  700a1180    0000020e                                                 : HwiP_armv7r_handlers_freertos.obj (.text.hwi)
                  700a138e    00000002     --HOLE-- [fill = 0]
                  700a1390    000001ec                                                 : portASM.obj (.text.hwi)
                  700a157c    00000070                                                 : HwiP_armv7r_asm.obj (.text.hwi)
                  700a15ec    00000004     --HOLE-- [fill = 0]

.text.cache 
*          0    700a15f0    00000450     
                  700a15f0    00000340     freertos.am64x.r5f.ti-arm-clang.release.lib : CacheP_armv7r_asm.obj (.text.cache)
                  700a1930    000000f6                                                 : CacheP_armv7r.obj (.text.cache)
                  700a1a26    00000002     --HOLE-- [fill = 0]
                  700a1a28    00000008                                                 : CacheP_armv7r_asm.obj (.tramp.CacheP_invL1d.1)
                  700a1a30    00000008                                                 : HwiP_armv7r_asm.obj (.tramp.HwiP_restore.1)
                  700a1a38    00000008                                                 : CacheP_armv7r_asm.obj (.tramp.CacheP_enableL1p.1)

.text.mpu 
*          0    700a1a40    00000240     
                  700a1a40    000001b4     freertos.am64x.r5f.ti-arm-clang.release.lib : MpuP_armv7r.obj (.text.mpu)
                  700a1bf4    00000078                                                 : MpuP_armv7r_asm.obj (.text.mpu)
                  700a1c6c    00000008                                                 : MpuP_armv7r_asm.obj (.tramp.MpuP_isEnableAsm.1)
                  700a1c74    00000008                                                 : HwiP_armv7r_asm.obj (.tramp.HwiP_restore.2)
                  700a1c7c    00000004     --HOLE-- [fill = 0]

.text.boot 
*          0    700a1c80    00000130     
                  700a1c80    000000fc     freertos.am64x.r5f.ti-arm-clang.release.lib : boot_armv7r_asm.obj (.text.boot)
                  700a1d7c    00000004     --HOLE-- [fill = 0]
                  700a1d80    0000001e                                                 : DebugP_log.obj (.text.boot)
                  700a1d9e    00000002     --HOLE-- [fill = 0]
                  700a1da0    0000000e     ti_dpl_config.obj (.text.boot)
                  700a1dae    00000002     --HOLE-- [fill = 0]

.text:abort 
*          0    700a1db0    00000008     
                  700a1db0    00000008     libc.a : exit.c.obj (.text:abort)

.data      0    700a1db8    000003d8     
                  700a1db8    0000009c     drivers.am64x.r5f.ti-arm-clang.release.lib : uart_v0.obj (.data.gUartDrvObj)
                  700a1e54    00000093                                                : ipc_notify_v0_cfg.obj (.data.gIpcNotifyMailboxConfig)
                  700a1ee7    00000001                                                : sciclient.obj (.data.gSecHeaderSizeWords)
                  700a1ee8    0000008c     main.obj (.data.gMainTaskObj)
                  700a1f74    00000060     drivers.am64x.r5f.ti-arm-clang.release.lib : ipc_notify_v0_cfg.obj (.data.gIpcNotifyInterruptConfig_r5fss0_0)
                  700a1fd4    00000054     ti_drivers_open_close.obj (.data.gUartParams)
                  700a2028    00000024     drivers.am64x.r5f.ti-arm-clang.release.lib : ipc_notify_v0_cfg.obj (.data.gIpcNotifyMailboxBaseAddr)
                  700a204c    00000004     freertos.am64x.r5f.ti-arm-clang.release.lib : tasks.obj (.data.FreeRTOS_errno)
                  700a2050    00000020     drivers.am64x.r5f.ti-arm-clang.release.lib : sciclient_soc_priv.obj (.data.gSciclientSecProxyCfg)
                  700a2070    00000018     ti_pinmux_config.obj (.data.gPinMuxMainDomainCfg)
                  700a2088    00000018     ti_power_clock_config.obj (.data.gSocModulesClockFrequency)
                  700a20a0    00000014     ti_dpl_config.obj (.data.gClockConfig)
                  700a20b4    00000004     libc.a : aeabi_portable.c.obj (.data.__aeabi_errno)
                  700a20b8    0000000c     freertos.am64x.r5f.ti-arm-clang.release.lib : AddrTranslateP.obj (.data.gAddrTranslateConfig)
                  700a20c4    00000008     ti_pinmux_config.obj (.data.gPinMuxMcuDomainCfg)
                  700a20cc    00000008     ti_power_clock_config.obj (.data.gSocModules)
                  700a20d4    00000008     ti_drivers_config.obj (.data.gUartAttrs)
                  700a20dc    00000008     ti_drivers_config.obj (.data.gUartConfig)
                  700a20e4    00000004     libc++abi.a : cxa_default_handlers.cpp.obj (.data.__cxa_new_handler)
                  700a20e8    00000008     freertos.am64x.r5f.ti-arm-clang.release.lib : PmuP_armv7r.obj (.data.pmu)
                  700a20f0    00000008                                                 : TaskP_freertos.obj (.data.vApplicationLoadHook.lastUpdateTime)
                  700a20f8    00000004     libc.a : _lock.c.obj (.data._lock)
                  700a20fc    00000004            : _lock.c.obj (.data._unlock)
                  700a2100    00000004     freertos.am64x.r5f.ti-arm-clang.release.lib : DebugP_log.obj (.data.gDebugLogZone)
                  700a2104    00000004                                                 : DebugP_uartLogWriter.obj (.data.gDebugP_uartDrvIndex)
                  700a2108    00000004     ti_dpl_config.obj (.data.gHwiConfig)
                  700a210c    00000004     drivers.am64x.r5f.ti-arm-clang.release.lib : ipc_notify_v0_cfg.obj (.data.gIpcNotifyInterruptConfigNum_r5fss0_0)
                  700a2110    00000004     embedded_kafka.obj (.data.gMsgEchoCount)
                  700a2114    00000004     drivers.am64x.r5f.ti-arm-clang.release.lib : sciclient.obj (.data.gSciclientHandle.0)
                  700a2118    00000004                                                : sciclient.obj (.data.gSciclientHandle.2)
                  700a211c    00000004                                                : sciclient.obj (.data.gSciclientHandle.3)
                  700a2120    00000004                                                : sciclient.obj (.data.gSciclientHandle.4)
                  700a2124    00000004                                                : sciclient.obj (.data.gSciclientHandle.5)
                  700a2128    00000004     ti_drivers_config.obj (.data.gUartConfigNum)
                  700a212c    00000004     ti_drivers_config.obj (.data.gUartDmaConfigNum)
                  700a2130    00000004     freertos.am64x.r5f.ti-arm-clang.release.lib : timers.obj (.data.prvSampleTimeNow.xLastTime)
                  700a2134    00000004                                                 : tasks.obj (.data.pxCurrentTCB)
                  700a2138    00000004                                                 : port.obj (.data.ulPortInterruptNesting)
                  700a213c    00000004                                                 : port.obj (.data.ulPortSchedularRunning)
                  700a2140    00000004                                                 : port.obj (.data.ulPortTaskHasFPUContext)
                  700a2144    00000004                                                 : port.obj (.data.ulPortYieldRequired)
                  700a2148    00000004                                                 : tasks.obj (.data.ulTaskSwitchedInTime)
                  700a214c    00000004                                                 : tasks.obj (.data.ulTotalRunTime)
                  700a2150    00000004                                                 : tasks.obj (.data.uxCurrentNumberOfTasks)
                  700a2154    00000004                                                 : tasks.obj (.data.uxDeletedTasksWaitingCleanUp)
                  700a2158    00000004                                                 : tasks.obj (.data.uxSchedulerSuspended)
                  700a215c    00000004                                                 : tasks.obj (.data.uxTaskNumber)
                  700a2160    00000004                                                 : tasks.obj (.data.uxTopReadyPriority)
                  700a2164    00000004                                                 : tasks.obj (.data.xIdleTaskHandle)
                  700a2168    00000004                                                 : tasks.obj (.data.xNextTaskUnblockTime)
                  700a216c    00000004                                                 : tasks.obj (.data.xNumOfOverflows)
                  700a2170    00000004                                                 : tasks.obj (.data.xPendedTicks)
                  700a2174    00000004                                                 : tasks.obj (.data.xSchedulerRunning)
                  700a2178    00000004                                                 : tasks.obj (.data.xTickCount)
                  700a217c    00000004                                                 : timers.obj (.data.xTimerQueue)
                  700a2180    00000004                                                 : timers.obj (.data.xTimerTaskHandle)
                  700a2184    00000004                                                 : tasks.obj (.data.xYieldPending)
                  700a2188    00000001                                                 : DebugP_freertos.obj (.data.gDebugLogIsInitDone)
                  700a2189    00000003     --HOLE-- [fill = 0]
                  700a218c    00000001     libc.a : memory.c.obj (.data.memory_is_initialized)
                  700a218d    00000003     --HOLE-- [fill = 0]

.irqstack 
*          0    700a2190    00000100     UNINITIALIZED
                  700a2190    00000100     --HOLE--

.fiqstack 
*          0    700a2290    00000100     UNINITIALIZED
                  700a2290    00000100     --HOLE--

.svcstack 
*          0    700a2390    00001000     UNINITIALIZED
                  700a2390    00001000     --HOLE--

.abortstack 
*          0    700a3390    00000100     UNINITIALIZED
                  700a3390    00000100     --HOLE--

.undefinedstack 
*          0    700a3490    00000100     UNINITIALIZED
                  700a3490    00000100     --HOLE--

.bss.log_shared_mem 
*          0    701d0080    00003800     NOLOAD SECTION
                  701d0080    00003800     ti_dpl_config.obj (.bss.log_shared_mem)

.bss.ipc_vring_mem 
*          0    701d4000    00008e80     NOLOAD SECTION
                  701d4000    00008e80     ti_drivers_config.obj (.bss.ipc_vring_mem)

.ARM.exidx 
*          0    00000040    00000008     
                  00000040    00000008     (.ARM.exidx.vectors:freertos.am64x.r5f.ti-arm-clang.release.lib<HwiP_armv7r_vectors_freertos_asm.obj>)

MODULE SUMMARY

       Module                                 code    ro data   rw data
       ------                                 ----    -------   -------
    obj/release/
       ti_drivers_config.obj                  272     66        37144  
       main.obj                               146     63        16528  
       ti_dpl_config.obj                      96      132       14360  
       embedded_kafka.obj                     630     219       4      
       RPMessageCommunication.obj             430     142       0      
       ti_drivers_open_close.obj              80      70        88     
       TI_DebugLogger.obj                     216     19        0      
       RPMessageEndpoint.obj                  104     72        0      
       ti_power_clock_config.obj              114     0         32     
       ti_pinmux_config.obj                   34      0         32     
       CommunicationFactory.obj               32      0         0      
       EndpointFactory.obj                    24      0         0      
       BrokerMetadata.obj                     16      0         0      
       ti_board_open_close.obj                6       0         0      
       ti_board_config.obj                    2       0         0      
    +--+--------------------------------------+-------+---------+---------+
       Total:                                 2202    783       68188  
                                                                       
    /home/thomas/ti/mcu_plus_sdk_am64x_08_05_00_24/source/drivers/lib/drivers.am64x.r5f.ti-arm-clang.release.lib
       ipc_rpmsg.obj                          1804    794       2860   
       uart_v0.obj                            3460    309       156    
       ipc_notify_v0.obj                      1542    381       168    
       sciclient.obj                          1270    0         21     
       ipc_rpmsg_vring.obj                    1124    80        0      
       sciclient_pm.obj                       1184    0         0      
       soc.obj                                544     0         0      
       uart_dma.obj                           254     75        0      
       sciclient_fmwSecureProxyMap.obj        0       300       0      
       ipc_notify_v0_cfg.obj                  0       0         283    
       pinmux.obj                             188     0         0      
       sciclient_soc_priv.obj                 104     24        32     
       csl_sec_proxy.obj                      10      0         0      
    +--+--------------------------------------+-------+---------+---------+
       Total:                                 11484   1963      3520   
                                                                       
    /home/thomas/ti/mcu_plus_sdk_am64x_08_05_00_24/source/kernel/freertos/lib/freertos.am64x.r5f.ti-arm-clang.release.lib
       tasks.obj                              4172    1979      812    
       port.obj                               356     93        5416   
       queue.obj                              3124    1878      256    
       HwiP_armv7r_vim.obj                    1106    0         4108   
       DebugP_shmLogReader_freertos.obj       80      21        4240   
       printf.obj                             3952    98        0      
       timers.obj                             1184    700       396    
       CacheP_armv7r_asm.obj                  848     0         0      
       TimerP.obj                             516     269       0      
       SemaphoreP_freertos.obj                370     218       80     
       ClockP_freertos_r5.obj                 318     266       0      
       HwiP_armv7r_handlers_freertos.obj      526     0         4      
       DebugP_shmLogReader.obj                362     0         148    
       portASM.obj                            492     0         0      
       MpuP_armv7r.obj                        436     0         0      
       TaskP_freertos.obj                     238     0         168    
       ClockP_freertos.obj                    216     0         56     
       DebugP_freertos.obj                    118     0         153    
       CacheP_armv7r.obj                      246     8         0      
       boot_armv7r_asm.obj                    252     0         0      
       DebugP_log.obj                         154     45        4      
       list.obj                               150     0         0      
       HwiP_armv7r_asm.obj                    144     0         0      
       MpuP_armv7r_asm.obj                    128     0         0      
       AddrTranslateP.obj                     104     0         12     
       PmuP_armv7r.obj                        100     0         8      
       DebugP_uartLogWriter.obj               70      0         4      
       HwiP_armv7r_vectors_freertos_asm.obj   64      0         0      
       PmuP_armv7r_asm.obj                    56      0         0      
       boot_armv7r.obj                        28      0         0      
       heap_3.obj                             26      0         0      
    +--+--------------------------------------+-------+---------+---------+
       Total:                                 19936   5575      15865  
                                                                       
    /home/thomas/ti/ti-cgt-armllvm_2.1.2.LTS/lib/armv7r-ti-none-eabihf/c/libc.a
       _printfi.c.obj                         6516    34        0      
       memory.c.obj                           1172    0         5      
       s_scalbn.c.obj                         320     0         0      
       aeabi_ctype.S.obj                      0       257       0      
       vsnprintf.c.obj                        240     0         0      
       _ltoa.c.obj                            136     0         0      
       s_frexp.c.obj                          124     0         0      
       atoi.c.obj                             112     0         0      
       autoinit.c.obj                         80      0         0      
       memccpy.c.obj                          72      0         0      
       wcslen.c.obj                           32      0         0      
       aeabi_portable.c.obj                   12      0         4      
       _lock.c.obj                            4       0         8      
       exit.c.obj                             8       0         0      
    +--+--------------------------------------+-------+---------+---------+
       Total:                                 8828    291       17     
                                                                       
    /home/thomas/ti/ti-cgt-armllvm_2.1.2.LTS/lib/armv7r-ti-none-eabihf/c/libsysbm.a
       memcpy32.S.obj                         28      0         0      
       memset32.S.obj                         24      0         0      
    +--+--------------------------------------+-------+---------+---------+
       Total:                                 52      0         0      
                                                                       
    /home/thomas/ti/ti-cgt-armllvm_2.1.2.LTS/lib/armv7r-ti-none-eabihf/libc++abi.a
       stdlib_new_delete.cpp.obj              84      0         0      
       cxa_handlers.cpp.obj                   16      0         0      
       cxa_default_handlers.cpp.obj           0       0         4      
    +--+--------------------------------------+-------+---------+---------+
       Total:                                 100     0         4      
                                                                       
    /home/thomas/ti/ti-cgt-armllvm_2.1.2.LTS/lib/clang/14.0.6/lib/armv7r-ti-none-eabihf/libclang_rt.builtins.a
       udivsi3.S.obj                          464     0         0      
       udivmoddi4.S.obj                       280     0         0      
       divsi3.S.obj                           44      0         0      
       aeabi_uldivmod.S.obj                   36      0         0      
       aeabi_memset.S.obj                     28      0         0      
       aeabi_div0.c.obj                       8       0         0      
       aeabi_memcpy.S.obj                     4       0         0      
    +--+--------------------------------------+-------+---------+---------+
       Total:                                 864     0         0      
                                                                       
       Heap:                                  0       0         32768  
       Stack:                                 0       0         16384  
       Linker Generated:                      0       8         0      
    +--+--------------------------------------+-------+---------+---------+
       Grand Total:                           43466   8620      136746 

VENEERS

callee name               veneer name
   callee addr  veneer addr  call addr  call info
--------------  -----------  ---------  ----------------
HwiP_enableFIQ            $Ven$TA$L$PI$$HwiP_enableFIQ
   700a15ac     700a1174     700a115c   freertos.am64x.r5f.ti-arm-clang.release.lib : HwiP_armv7r_vim.obj (.text.hwi)
CacheP_invL1d             $Ven$TA$L$PI$$CacheP_invL1d
   700a1660     700a1a28     700a1a22   freertos.am64x.r5f.ti-arm-clang.release.lib : CacheP_armv7r.obj (.text.cache)
HwiP_restore              $Ven$TA$L$PI$$HwiP_restore
   700a15bc     700a1a30     700a19d6   freertos.am64x.r5f.ti-arm-clang.release.lib : CacheP_armv7r.obj (.text.cache)
CacheP_enableL1p          $Ven$TA$L$PI$$CacheP_enableL1p
[...]
700a15e4  HwiP_getCPSR                                                                                                                                                                                                    
700a15f0  CacheP_disableL1d                                                                                                                                                                                               
700a1618  CacheP_disableL1p                                                                                                                                                                                               
700a1630  CacheP_enableL1d                                                                                                                                                                                                
700a1648  CacheP_enableL1p                                                                                                                                                                                                
700a1660  CacheP_invL1d                                                                                                                                                                                                   
700a1698  CacheP_invL1p                                                                                                                                                                                                   
700a16d4  CacheP_invL1dAll                                                                                                                                                                                                
700a16dc  CacheP_invL1pAll                                                                                                                                                                                                
700a16e4  CacheP_wb                                                                                                                                                                                                       
700a1720  CacheP_wbInv                                                                                                                                                                                                    
700a175c  CacheP_wbAll                                                                                                                                                                                                    
700a1804  CacheP_wbInvAll                                                                                                                                                                                                 
700a181c  CacheP_wbInvAllAsm                                                                                                                                                                                              
700a18bc  CacheP_getEnabled                                                                                                                                                                                               
700a18f4  CacheP_getCacheLevelInfo                                                                                                                                                                                        
700a1900  CacheP_configForceWrThru                                                                                                                                                                                        
700a1920  CacheP_setDLFO                                                                                                                                                                                                  
700a1931  CacheP_init                                                                                                                                                                                                     
700a19a1  CacheP_disable                                                                                                                                                                                                  
700a19e1  CacheP_enable                                                                                                                                                                                                   
700a1a01  CacheP_inv                                                                                                                                                                                                      
700a1a41  MpuP_RegionAttrs_init                                                                                                                                                                                           
700a1a51  MpuP_setRegion                                                                                                                                                                                                  
700a1b01  MpuP_enable                                                                                                                                                                                                     
700a1b41  MpuP_disable                                                                                                                                                                                                    
700a1b81  MpuP_isEnable                                                                                                                                                                                                   
700a1b91  MpuP_init                                                                                                                                                                                                       
700a1bf4  MpuP_disableAsm                                                                                                                                                                                                 
700a1c0c  MpuP_disableBRAsm                                                                                                                                                                                               
700a1c1c  MpuP_enableAsm                                                                                                                                                                                                  
700a1c34  MpuP_enableBRAsm                                                                                                                                                                                                
700a1c44  MpuP_isEnableAsm                                                                                                                                                                                                
700a1c58  MpuP_setRegionAsm                                                                                                                                                                                               
700a1c80  _c_int00_sbl                                                                                                                                                                                                    
700a1ca4  _c_int00                                                                                                                                                                                                        
700a1d81  _DebugP_assertNoLog                                                                                                                                                                                             
700a1da1  __mpu_init                                                                                                                                                                                                      
700a1db0  C$$EXIT                                                                                                                                                                                                         
700a1db0  abort                                                                                                                                                                                                           
700a1db8  gUartDmaConfig                                                                                                                                                                                                  
700a1e54  gIpcNotifyMailboxConfig                                                                                                                                                                                         
700a1ee8  gMainTaskObj                                                                                                                                                                                                    
700a1f74  gIpcNotifyInterruptConfig_r5fss0_0                                                                                                                                                                              
700a1fd4  gUartParams                                                                                                                                                                                                     
700a2028  gIpcNotifyMailboxBaseAddr                                                                                                                                                                                       
700a204c  FreeRTOS_errno                                                                                                                                                                                                  
700a2050  gSciclientSecProxyCfg                                                                                                                                                                                           
700a2088  gSocModulesClockFrequency                                                                                                                                                                                       
700a20a0  gClockConfig                                                                                                                                                                                                    
700a20b4  __aeabi_errno                                                                                                                                                                                                   
700a20b8  gAddrTranslateConfig                                                                                                                                                                                            
700a20cc  gSocModules                                                                                                                                                                                                     
700a20dc  gUartConfig                                                                                                                                                                                                     
700a20e4  __cxa_new_handler                                                                                                                                                                                               
700a20f8  _lock                                                                                                                                                                                                           
700a20fc  _unlock                                                                                                                                                                                                         
700a2100  gDebugLogZone                                                                                                                                                                                                   
700a2104  gDebugP_uartDrvIndex                                                                                                                                                                                            
700a2108  gHwiConfig                                                                                                                                                                                                      
700a210c  gIpcNotifyInterruptConfigNum_r5fss0_0                                                                                                                                                                           
700a2110  gMsgEchoCount                                                                                                                                                                                                   
700a2128  gUartConfigNum                                                                                                                                                                                                  
700a212c  gUartDmaConfigNum                                                                                                                                                                                               
700a2134  pxCurrentTCB                                                                                                                                                                                                    
700a2138  ulPortInterruptNesting                                                                                                                                                                                          
700a213c  ulPortSchedularRunning                                                                                                                                                                                          
700a2140  ulPortTaskHasFPUContext                                                                                                                                                                                         
700a2144  ulPortYieldRequired                                                                                                                                                                                             
700a2190  __IRQ_STACK_START                                                                                                                                                                                               
700a2290  __FIQ_STACK_START                                                                                                                                                                                               
700a2290  __IRQ_STACK_END                                                                                                                                                                                                 
700a2390  __FIQ_STACK_END                                                                                                                                                                                                 
700a2390  __SVC_STACK_START                                                                                                                                                                                               
700a3390  __ABORT_STACK_START                                                                                                                                                                                             
700a3390  __SVC_STACK_END                                                                                                                                                                                                 
700a3490  __ABORT_STACK_END                                                                                                                                                                                               
700a3490  __UNDEFINED_STACK_START                                                                                                                                                                                         
700a3590  __UNDEFINED_STACK_END                                                                                                                                                                                           
701d0080  gDebugShmLog                                                                                                                                                                                                    
701d4000  gRPMessageVringMem                                                                                                                                                                                              
ffffffff  __TI_pprof_out_hndl                                                                                                                                                                                             
ffffffff  __TI_prof_data_size                                                                                                                                                                                             
ffffffff  __TI_prof_data_start                                                                                                                                                                                            
ffffffff  __binit__                                                                                                                                                                                                       
ffffffff  binit                                                                                                                                                                                                           
UNDEFED   __TI_CINIT_Base                                                                                                                                                                                                 
UNDEFED   __TI_CINIT_Limit                                                                                                                                                                                                
UNDEFED   __TI_Handler_Table_Base                                                                                                                                                                                         
UNDEFED   __TI_Handler_Table_Limit                                                                                                                                                                                        
UNDEFED   _system_post_cinit                                                                                                                                                                                              

[420 symbols]
