******************************************************************************
            TI ARM Clang Linker Unix v2.1.2                    
******************************************************************************
>> Linked Mon May 22 11:39:06 2023

OUTPUT FILE NAME:   <ipc_rpmsg_echo.release.out>
ENTRY POINT SYMBOL: "_vectors"  address: 00000000


MEMORY CONFIGURATION

         name            origin    length      used     unused   attr    fill
----------------------  --------  ---------  --------  --------  ----  --------
  R5F_VECS              00000000   00000040  00000040  00000000  RWIX
  R5F_TCMA              00000040   00007fc0  00000000  00007fc0  RWIX
  R5F_TCMB0             41010000   00008000  00000000  00008000  RWIX
  FLASH                 60180000   00080000  00000000  00080000  RWIX
  NON_CACHE_MEM         70068000   00008000  00000000  00008000  RWIX
  MSRAM                 700c0000   00040000  00015b10  0002a4f0  RWIX
  USER_SHM_MEM          701d0000   00000080  00000000  00000080  RWIX
  LOG_SHM_MEM           701d0080   00003f80  00003800  00000780  RWIX
  RTOS_NORTOS_IPC_SHM_M 701d4000   0000c000  000099c0  00002640  RWIX


SEGMENT ALLOCATION MAP

run origin  load origin   length   init length attrs members
----------  ----------- ---------- ----------- ----- -------
00000000    00000000    00000040   00000040    r-x
  00000000    00000000    00000040   00000040    r-x .vectors
700c0000    700c0000    0000de18   00000000    rw-
  700c0000    700c0000    00001e18   00000000    rw- .bss
  700c1e18    700c1e18    00008000   00000000    rw- .sysmem
  700c9e18    700c9e18    00004000   00000000    rw- .stack
700cde20    700cde20    000057e8   000057e8    r-x
  700cde20    700cde20    00004b80   00004b80    r-x .text
  700d29a0    700d29a0    00000c68   00000c68    r-- .rodata
700d3610    700d3610    00000f58   00000f58    r-x
  700d3610    700d3610    00000790   00000790    r-x .text.hwi
  700d3da0    700d3da0    00000450   00000450    r-x .text.cache
  700d41f0    700d41f0    00000240   00000240    r-x .text.mpu
  700d4430    700d4430    00000130   00000130    r-x .text.boot
  700d4560    700d4560    00000008   00000008    r-x .text:abort
700d4568    700d4568    000001b8   000001b8    rw-
  700d4568    700d4568    000001b8   000001b8    rw- .data
700d4720    700d4720    00001400   00000000    r--
  700d4720    700d4720    00000100   00000000    r-- .irqstack
  700d4820    700d4820    00000100   00000000    r-- .fiqstack
  700d4920    700d4920    00001000   00000000    r-- .svcstack
  700d5920    700d5920    00000100   00000000    r-- .abortstack
  700d5a20    700d5a20    00000100   00000000    r-- .undefinedstack


SECTION ALLOCATION MAP

 output                                  attributes/
section   page    origin      length       input sections
--------  ----  ----------  ----------   ----------------
.vectors   0    00000000    00000040     
                  00000000    00000040     nortos.am64x.r5f.ti-arm-clang.release.lib : HwiP_armv7r_vectors_nortos_asm.obj (.vectors)

.bss       0    700c0000    00001e18     UNINITIALIZED
                  700c0000    00001008     (.common:gHwiCtrl)
                  700c1008    00000b2c     (.common:gIpcRpmsgCtrl)
                  700c1b34    000000c0     ipc_rpmsg_echo.obj (.bss.gRecvMsgObject)
                  700c1bf4    000000c0     (.common:gAckReplyMsgObject)
                  700c1cb4    000000a8     (.common:gIpcNotifyCtrl)
                  700c1d5c    0000007a     nortos.am64x.r5f.ti-arm-clang.release.lib : DebugP_shmLogWriter.obj (.bss.DebugP_shmLogWriterPutChar.lineBuf)
                  700c1dd6    00000002     --HOLE--
                  700c1dd8    00000038     (.common:gClockCtrl)
                  700c1e10    00000004                                               : HwiP_armv7r_vim.obj (.bss.gdummy)
                  700c1e14    00000004     --HOLE--

.sysmem    0    700c1e18    00008000     UNINITIALIZED
                  700c1e18    00000010     libc.a : memory.c.obj (.sysmem)
                  700c1e28    00007ff0     --HOLE--

.stack     0    700c9e18    00004000     UNINITIALIZED
                  700c9e18    00000004     nortos.am64x.r5f.ti-arm-clang.release.lib : boot_armv7r_asm.obj (.stack)
                  700c9e1c    00003ffc     --HOLE--

.text      0    700cde20    00004b80     
                  700cde20    00000596     nortos.am64x.r5f.ti-arm-clang.release.lib : printf.obj (.text._vsnprintf)
                  700ce3b6    00000002     --HOLE-- [fill = 0]
                  700ce3b8    000003e4     libc.a : _printfi.c.obj (.text:__TI_printfi_minimal)
                  700ce79c    00000004     libclang_rt.builtins.a : aeabi_memcpy.S.obj (.text)
                  700ce7a0    00000388     nortos.am64x.r5f.ti-arm-clang.release.lib : printf.obj (.text._ftoa)
                  700ceb28    00000008                                               : HwiP_armv7r_asm.obj (.tramp.HwiP_enable.1)
                  700ceb30    0000037e     drivers.am64x.r5f.ti-arm-clang.release.lib : sciclient.obj (.text.Sciclient_service)
                  700ceeae    00000002     --HOLE-- [fill = 0]
                  700ceeb0    00000372                                                : ipc_notify_v0.obj (.text.IpcNotify_init)
                  700cf222    00000002     --HOLE-- [fill = 0]
                  700cf224    00000008     nortos.am64x.r5f.ti-arm-clang.release.lib : PmuP_armv7r_asm.obj (.tramp.PmuP_enableCounters.1)
                  700cf22c    00000004     --HOLE-- [fill = 0]
                  700cf230    00000310                                               : printf.obj (.text._etoa)
                  700cf540    000001d0     libclang_rt.builtins.a : udivsi3.S.obj (.text)
                  700cf710    000001c0     nortos.am64x.r5f.ti-arm-clang.release.lib : TimerP.obj (.text.TimerP_setup)
                  700cf8d0    00000168     ipc_rpmsg_echo.obj (.text.r5_0_0_code)
                  700cfa38    00000008     nortos.am64x.r5f.ti-arm-clang.release.lib : HwiP_armv7r_asm.obj (.tramp.HwiP_restore.1)
                  700cfa40    00000140     ipc_rpmsg_echo.obj (.text.r5_0_1_code)
                  700cfb80    00000136     drivers.am64x.r5f.ti-arm-clang.release.lib : ipc_rpmsg.obj (.text.RPMessage_recv)
                  700cfcb6    0000000a     --HOLE-- [fill = 0]
                  700cfcc0    00000132     nortos.am64x.r5f.ti-arm-clang.release.lib : printf.obj (.text._ntoa_format)
                  700cfdf2    0000000e     --HOLE-- [fill = 0]
                  700cfe00    0000012a     drivers.am64x.r5f.ti-arm-clang.release.lib : soc.obj (.text.SOC_moduleSetClockFrequency)
                  700cff2a    00000002     --HOLE-- [fill = 0]
                  700cff2c    00000118     libclang_rt.builtins.a : udivmoddi4.S.obj (.text)
                  700d0044    0000000c     --HOLE-- [fill = 0]
                  700d0050    0000010c     drivers.am64x.r5f.ti-arm-clang.release.lib : ipc_rpmsg.obj (.text.RPMessage_recvHandler)
                  700d015c    00000004     --HOLE-- [fill = 0]
                  700d0160    00000100                                                : ipc_rpmsg.obj (.text.RPMessage_send)
                  700d0260    000000fe     ti_drivers_config.obj (.text.System_init)
                  700d035e    00000002     --HOLE-- [fill = 0]
                  700d0360    000000fc     nortos.am64x.r5f.ti-arm-clang.release.lib : ClockP_nortos_r5.obj (.text.ClockP_init)
                  700d045c    00000004     --HOLE-- [fill = 0]
                  700d0460    000000e2     drivers.am64x.r5f.ti-arm-clang.release.lib : ipc_rpmsg.obj (.text.RPMessage_init)
                  700d0542    0000000e     --HOLE-- [fill = 0]
                  700d0550    000000de                                                : ipc_notify_v0.obj (.text.IpcNotify_deInit)
                  700d062e    00000002     --HOLE-- [fill = 0]
                  700d0630    000000c8                                                : ipc_notify_v0.obj (.text.IpcNotify_sendMsg)
                  700d06f8    00000008     --HOLE-- [fill = 0]
                  700d0700    000000c6                                                : ipc_notify_v0.obj (.text.IpcNotify_isr)
                  700d07c6    0000000a     --HOLE-- [fill = 0]
                  700d07d0    000000be                                                : ipc_rpmsg_vring.obj (.text.RPMessage_vringReset)
                  700d088e    00000002     --HOLE-- [fill = 0]
                  700d0890    000000bc                                                : pinmux.obj (.text.Pinmux_config)
                  700d094c    00000004     --HOLE-- [fill = 0]
                  700d0950    000000b0     nortos.am64x.r5f.ti-arm-clang.release.lib : DebugP_shmLogWriter.obj (.text.DebugP_shmLogWriterPutChar)
                  700d0a00    000000b0                                               : printf.obj (.text._ntoa_long_long)
                  700d0ab0    000000aa     drivers.am64x.r5f.ti-arm-clang.release.lib : ipc_rpmsg_vring.obj (.text.RPMessage_vringGetFullRxBuf)
                  700d0b5a    00000006     --HOLE-- [fill = 0]
                  700d0b60    000000a6     nortos.am64x.r5f.ti-arm-clang.release.lib : printf.obj (.text._out_rev)
                  700d0c06    0000000a     --HOLE-- [fill = 0]
                  700d0c10    000000a4     drivers.am64x.r5f.ti-arm-clang.release.lib : sciclient_pm.obj (.text.Sciclient_pmQueryModuleClkFreq)
                  700d0cb4    0000000c     --HOLE-- [fill = 0]
                  700d0cc0    0000009e                                                : ipc_rpmsg_vring.obj (.text.RPMessage_vringPutEmptyRxBuf)
                  700d0d5e    00000002     --HOLE-- [fill = 0]
                  700d0d60    0000009a                                                : sciclient.obj (.text.Sciclient_init)
                  700d0dfa    00000006     --HOLE-- [fill = 0]
                  700d0e00    0000009a                                                : sciclient.obj (.text.Sciclient_sendMessage)
                  700d0e9a    00000006     --HOLE-- [fill = 0]
                  700d0ea0    00000098                                                : ipc_rpmsg.obj (.text.RPMessage_coreInit)
                  700d0f38    00000008     --HOLE-- [fill = 0]
                  700d0f40    00000096     nortos.am64x.r5f.ti-arm-clang.release.lib : SemaphoreP_nortos.obj (.text.SemaphoreP_pend)
                  700d0fd6    0000000a     --HOLE-- [fill = 0]
                  700d0fe0    00000092     drivers.am64x.r5f.ti-arm-clang.release.lib : ipc_rpmsg_vring.obj (.text.RPMessage_vringGetEmptyTxBuf)
                  700d1072    0000000e     --HOLE-- [fill = 0]
                  700d1080    00000092                                                : sciclient_pm.obj (.text.Sciclient_pmSetModuleClkFreq)
                  700d1112    0000000e     --HOLE-- [fill = 0]
                  700d1120    0000008c                                                : ipc_rpmsg_vring.obj (.text.RPMessage_vringResetInternal)
                  700d11ac    00000004     --HOLE-- [fill = 0]
                  700d11b0    0000008c     nortos.am64x.r5f.ti-arm-clang.release.lib : printf.obj (.text._ntoa_long)
                  700d123c    00000004     --HOLE-- [fill = 0]
                  700d1240    00000086                                               : DebugP_shmLogWriter.obj (.text.DebugP_shmLogWriterPutLine)
                  700d12c6    0000000a     --HOLE-- [fill = 0]
                  700d12d0    0000007c     drivers.am64x.r5f.ti-arm-clang.release.lib : ipc_rpmsg.obj (.text.RPMessage_construct)
                  700d134c    00000004     --HOLE-- [fill = 0]
                  700d1350    0000007a                                                : sciclient_pm.obj (.text.Sciclient_pmGetModuleClkNumParent)
                  700d13ca    00000002     --HOLE-- [fill = 0]
                  700d13cc    00000078     libc.a : snprintf.c.obj (.text.snprintf)
                  700d1444    0000000c     --HOLE-- [fill = 0]
                  700d1450    0000006e     drivers.am64x.r5f.ti-arm-clang.release.lib : soc.obj (.text.SOC_moduleClockEnable)
                  700d14be    00000002     --HOLE-- [fill = 0]
                  700d14c0    0000006e                                                : sciclient_pm.obj (.text.Sciclient_pmGetModuleState)
                  700d152e    00000002     --HOLE-- [fill = 0]
                  700d1530    0000006c     nortos.am64x.r5f.ti-arm-clang.release.lib : ClockP_nortos.obj (.text.ClockP_timerTickIsr)
                  700d159c    00000004     --HOLE-- [fill = 0]
                  700d15a0    00000068                                               : AddrTranslateP.obj (.text.AddrTranslateP_getLocalAddr)
                  700d1608    00000008     --HOLE-- [fill = 0]
                  700d1610    00000066     drivers.am64x.r5f.ti-arm-clang.release.lib : ipc_rpmsg.obj (.text.RPMessage_getEndPtMsg)
                  700d1676    0000000a     --HOLE-- [fill = 0]
                  700d1680    00000066                                                : sciclient_pm.obj (.text.Sciclient_pmGetModuleClkFreq)
                  700d16e6    0000000a     --HOLE-- [fill = 0]
                  700d16f0    00000066                                                : sciclient_pm.obj (.text.Sciclient_pmGetModuleClkParent)
                  700d1756    0000000a     --HOLE-- [fill = 0]
                  700d1760    00000064                                                : sciclient_pm.obj (.text.Sciclient_pmModuleGetClkStatus)
                  700d17c4    0000000c     --HOLE-- [fill = 0]
                  700d17d0    00000064     nortos.am64x.r5f.ti-arm-clang.release.lib : PmuP_armv7r.obj (.text.pmu)
                  700d1834    0000000c     --HOLE-- [fill = 0]
                  700d1840    00000062     drivers.am64x.r5f.ti-arm-clang.release.lib : ipc_notify_v0.obj (.text.IpcNotify_waitSync)
                  700d18a2    0000000e     --HOLE-- [fill = 0]
                  700d18b0    0000005e                                                : ipc_rpmsg_vring.obj (.text.RPMessage_vringPutFullTxBuf)
                  700d190e    00000002     --HOLE-- [fill = 0]
                  700d1910    0000005e                                                : sciclient_pm.obj (.text.Sciclient_pmModuleClkRequest)
                  700d196e    00000002     --HOLE-- [fill = 0]
                  700d1970    0000005e                                                : sciclient_pm.obj (.text.Sciclient_pmSetModuleClkParent)
                  700d19ce    00000002     --HOLE-- [fill = 0]
                  700d19d0    0000005c     nortos.am64x.r5f.ti-arm-clang.release.lib : DebugP_log.obj (.text._DebugP_assert)
                  700d1a2c    00000004     --HOLE-- [fill = 0]
                  700d1a30    0000005a     drivers.am64x.r5f.ti-arm-clang.release.lib : ipc_rpmsg_vring.obj (.text.RPMessage_vringIsFullRxBuf)
                  700d1a8a    00000002     --HOLE-- [fill = 0]
                  700d1a8c    00000058     libc.a : snprintf.c.obj (.text._outs)
                  700d1ae4    0000000c     --HOLE-- [fill = 0]
                  700d1af0    00000054     drivers.am64x.r5f.ti-arm-clang.release.lib : ipc_rpmsg.obj (.text.RPMessage_notifyCallback)
                  700d1b44    0000000c     --HOLE-- [fill = 0]
                  700d1b50    00000052                                                : sciclient_pm.obj (.text.Sciclient_pmSetModuleState)
                  700d1ba2    0000000e     --HOLE-- [fill = 0]
                  700d1bb0    00000052     ipc_rpmsg_echo.obj (.text.ipc_rpmsg_echo_main)
                  700d1c02    0000000e     --HOLE-- [fill = 0]
                  700d1c10    00000050     nortos.am64x.r5f.ti-arm-clang.release.lib : ClockP_nortos.obj (.text.ClockP_addToList)
                  700d1c60    00000050                                               : ClockP_nortos.obj (.text.ClockP_construct)
                  700d1cb0    00000050     drivers.am64x.r5f.ti-arm-clang.release.lib : sciclient_soc_priv.obj (.text.Sciclient_getContext)
                  700d1d00    00000050     libc.a : autoinit.c.obj (.text:__TI_auto_init_nobinit_nopinit)
                  700d1d50    0000004c     nortos.am64x.r5f.ti-arm-clang.release.lib : ClockP_nortos.obj (.text.ClockP_getTimeUsec)
                  700d1d9c    00000004     --HOLE-- [fill = 0]
                  700d1da0    0000004c     ti_dpl_config.obj (.text.Dpl_init)
                  700d1dec    00000004     --HOLE-- [fill = 0]
                  700d1df0    0000004c     drivers.am64x.r5f.ti-arm-clang.release.lib : ipc_rpmsg.obj (.text.RPMessage_allocEndPtMsg)
                  700d1e3c    00000048     libc.a : memccpy.c.obj (.text.memccpy)
                  700d1e84    0000000c     --HOLE-- [fill = 0]
                  700d1e90    00000044     drivers.am64x.r5f.ti-arm-clang.release.lib : sciclient_pm.obj (.text.Sciclient_pmSetModuleRst)
                  700d1ed4    0000000c     --HOLE-- [fill = 0]
                  700d1ee0    00000040     nortos.am64x.r5f.ti-arm-clang.release.lib : ClockP_nortos.obj (.text.ClockP_stop)
                  700d1f20    00000040     drivers.am64x.r5f.ti-arm-clang.release.lib : ipc_rpmsg.obj (.text.RPMessage_destruct)
                  700d1f60    00000040     nortos.am64x.r5f.ti-arm-clang.release.lib : SemaphoreP_nortos.obj (.text.SemaphoreP_constructBinary)
                  700d1fa0    0000003e     drivers.am64x.r5f.ti-arm-clang.release.lib : ipc_notify_v0.obj (.text.IpcNotify_registerClient)
                  700d1fde    00000002     --HOLE-- [fill = 0]
                  700d1fe0    0000003e                                                : soc.obj (.text.SOC_controlModuleUnlockMMR)
                  700d201e    00000002     --HOLE-- [fill = 0]
                  700d2020    0000003a     nortos.am64x.r5f.ti-arm-clang.release.lib : ClockP_nortos.obj (.text.ClockP_destruct)
                  700d205a    00000006     --HOLE-- [fill = 0]
                  700d2060    00000038     drivers.am64x.r5f.ti-arm-clang.release.lib : ipc_rpmsg_vring.obj (.text.RPMessage_vringCheckEmptyTxBuf)
                  700d2098    00000008     --HOLE-- [fill = 0]
                  700d20a0    00000038                                                : sciclient.obj (.text.Sciclient_getCurrentContext)
                  700d20d8    00000008     --HOLE-- [fill = 0]
                  700d20e0    00000038     nortos.am64x.r5f.ti-arm-clang.release.lib : DebugP_nortos.obj (.text._DebugP_logZone)
                  700d2118    00000008     --HOLE-- [fill = 0]
                  700d2120    00000036     ti_power_clock_config.obj (.text.Module_clockSetFrequency)
                  700d2156    0000000a     --HOLE-- [fill = 0]
                  700d2160    00000036     drivers.am64x.r5f.ti-arm-clang.release.lib : ipc_rpmsg.obj (.text.RPMessage_deInit)
                  700d2196    0000000a     --HOLE-- [fill = 0]
                  700d21a0    00000034     nortos.am64x.r5f.ti-arm-clang.release.lib : ClockP_nortos.obj (.text.ClockP_start)
                  700d21d4    0000000c     --HOLE-- [fill = 0]
                  700d21e0    00000032                                               : ClockP_nortos.obj (.text.ClockP_usleep)
                  700d2212    0000000e     --HOLE-- [fill = 0]
                  700d2220    00000032                                               : SemaphoreP_nortos.obj (.text.SemaphoreP_post)
                  700d2252    0000000e     --HOLE-- [fill = 0]
                  700d2260    00000032                                               : printf.obj (.text.snprintf_)
                  700d2292    0000000e     --HOLE-- [fill = 0]
                  700d22a0    00000030                                               : DebugP_shmLogWriter.obj (.text.DebugP_shmLogWriterInit)
                  700d22d0    00000030     libc.a : snprintf.c.obj (.text._outc)
                  700d2300    00000030     nortos.am64x.r5f.ti-arm-clang.release.lib : PmuP_armv7r_asm.obj (.text.pmu)
                  700d2330    0000002e     ti_power_clock_config.obj (.text.Module_clockDisable)
                  700d235e    00000002     --HOLE-- [fill = 0]
                  700d2360    0000002e     ti_power_clock_config.obj (.text.Module_clockEnable)
                  700d238e    00000002     --HOLE-- [fill = 0]
                  700d2390    0000002c     drivers.am64x.r5f.ti-arm-clang.release.lib : ipc_rpmsg.obj (.text.RPMessage_controlEndPtHandler)
                  700d23bc    00000004     --HOLE-- [fill = 0]
                  700d23c0    0000002a                                                : soc.obj (.text.SOC_controlModuleLockMMR)
                  700d23ea    00000006     --HOLE-- [fill = 0]
                  700d23f0    00000028     nortos.am64x.r5f.ti-arm-clang.release.lib : ClockP_nortos.obj (.text.ClockP_sleepTicks)
                  700d2418    00000008     --HOLE-- [fill = 0]
                  700d2420    00000028     drivers.am64x.r5f.ti-arm-clang.release.lib : ipc_rpmsg.obj (.text.RPMessage_Params_init)
                  700d2448    00000008     --HOLE-- [fill = 0]
                  700d2450    00000026                                                : ipc_notify_v0.obj (.text.IpcNotify_unregisterClient)
                  700d2476    0000000a     --HOLE-- [fill = 0]
                  700d2480    00000026                                                : ipc_rpmsg.obj (.text.RPMessage_isLinuxCore)
                  700d24a6    0000000a     --HOLE-- [fill = 0]
                  700d24b0    00000024     ti_drivers_config.obj (.text.System_deinit)
                  700d24d4    0000000c     --HOLE-- [fill = 0]
                  700d24e0    00000024     nortos.am64x.r5f.ti-arm-clang.release.lib : printf.obj (.text.vprintf_)
                  700d2504    00000024     libclang_rt.builtins.a : aeabi_uldivmod.S.obj (.text)
                  700d2528    00000008     --HOLE-- [fill = 0]
                  700d2530    00000022     ti_pinmux_config.obj (.text.Pinmux_init)
                  700d2552    0000000e     --HOLE-- [fill = 0]
                  700d2560    00000020     nortos.am64x.r5f.ti-arm-clang.release.lib : DebugP_log.obj (.text.DebugP_logZoneEnable)
                  700d2580    00000020     drivers.am64x.r5f.ti-arm-clang.release.lib : soc.obj (.text.SOC_getSelfCpuClk)
                  700d25a0    00000020     nortos.am64x.r5f.ti-arm-clang.release.lib : TimerP.obj (.text.TimerP_Params_init)
                  700d25c0    0000001e     drivers.am64x.r5f.ti-arm-clang.release.lib : ipc_notify_v0.obj (.text.IpcNotify_syncCallback)
                  700d25de    00000002     --HOLE-- [fill = 0]
                  700d25e0    0000001c                                                : ipc_rpmsg_vring.obj (.text.RPMessage_vringGetTxBufLen)
                  700d25fc    00000004     --HOLE-- [fill = 0]
                  700d2600    0000001c                                                : soc.obj (.text.SOC_getCoreName)
                  700d261c    00000004     --HOLE-- [fill = 0]
                  700d2620    0000001c     nortos.am64x.r5f.ti-arm-clang.release.lib : boot_armv7r.obj (.text._system_pre_init)
                  700d263c    00000004     --HOLE-- [fill = 0]
                  700d2640    0000001c     main.obj (.text.main)
                  700d265c    0000001c     libc.a : _printfi.c.obj (.text.strlen)
                  700d2678    0000001c     libsysbm.a : memcpy32.S.obj (.text:TI_memcpy_small)
                  700d2694    0000001c     libclang_rt.builtins.a : aeabi_memset.S.obj (.text)
                  700d26b0    0000001a     drivers.am64x.r5f.ti-arm-clang.release.lib : ipc_notify_v0.obj (.text.IpcNotify_Params_init)
                  700d26ca    00000006     --HOLE-- [fill = 0]
                  700d26d0    0000001a                                                : ipc_rpmsg_vring.obj (.text.RPMessage_vringGetRxBufAddr)
                  700d26ea    00000006     --HOLE-- [fill = 0]
                  700d26f0    0000001a                                                : ipc_rpmsg_vring.obj (.text.RPMessage_vringGetTxBufAddr)
                  700d270a    00000006     --HOLE-- [fill = 0]
                  700d2710    00000018     ti_drivers_config.obj (.text.IpcNotify_getConfig)
                  700d2728    00000008     --HOLE-- [fill = 0]
                  700d2730    00000018     drivers.am64x.r5f.ti-arm-clang.release.lib : ipc_notify_v0.obj (.text.IpcNotify_isCoreEnabled)
                  700d2748    00000008     --HOLE-- [fill = 0]
                  700d2750    00000018                                                : sciclient_soc_priv.obj (.text.Sciclient_getDevId)
                  700d2768    00000018     libsysbm.a : memset32.S.obj (.text:TI_memset_small)
                  700d2780    00000012     nortos.am64x.r5f.ti-arm-clang.release.lib : TimerP.obj (.text.TimerP_clearOverflowInt)
                  700d2792    0000000e     --HOLE-- [fill = 0]
                  700d27a0    00000010                                               : ClockP_nortos.obj (.text.ClockP_ticksToUsec)
                  700d27b0    00000010     drivers.am64x.r5f.ti-arm-clang.release.lib : ipc_rpmsg.obj (.text.RPMessage_CreateParams_init)
                  700d27c0    0000000e     ti_power_clock_config.obj (.text.PowerClock_init)
                  700d27ce    00000002     --HOLE-- [fill = 0]
                  700d27d0    0000000c     nortos.am64x.r5f.ti-arm-clang.release.lib : ClockP_nortos.obj (.text.ClockP_getTicks)
                  700d27dc    00000004     --HOLE-- [fill = 0]
                  700d27e0    0000000c     drivers.am64x.r5f.ti-arm-clang.release.lib : ipc_notify_v0.obj (.text.IpcNotify_getSelfCoreId)
                  700d27ec    00000004     --HOLE-- [fill = 0]
                  700d27f0    0000000c                                                : sciclient.obj (.text.Sciclient_getSelfDevIdCore)
                  700d27fc    00000004     --HOLE-- [fill = 0]
                  700d2800    0000000a                                                : csl_sec_proxy.obj (.text.CSL_secProxyGetDataAddr)
                  700d280a    00000006     --HOLE-- [fill = 0]
                  700d2810    0000000a     nortos.am64x.r5f.ti-arm-clang.release.lib : ClockP_nortos.obj (.text.ClockP_Params_init)
                  700d281a    00000006     --HOLE-- [fill = 0]
                  700d2820    0000000a                                               : ClockP_nortos.obj (.text.ClockP_isActive)
                  700d282a    00000006     --HOLE-- [fill = 0]
                  700d2830    0000000a     drivers.am64x.r5f.ti-arm-clang.release.lib : ipc_notify_v0.obj (.text.IpcNotify_sendSync)
                  700d283a    00000006     --HOLE-- [fill = 0]
                  700d2840    0000000a     nortos.am64x.r5f.ti-arm-clang.release.lib : TimerP.obj (.text.TimerP_start)
                  700d284a    00000006     --HOLE-- [fill = 0]
                  700d2850    0000000a                                               : printf.obj (.text._out_buffer)
                  700d285a    00000006     --HOLE-- [fill = 0]
                  700d2860    00000008                                               : printf.obj (.text._out_char)
                  700d2868    00000008     --HOLE-- [fill = 0]
                  700d2870    00000004     ti_board_open_close.obj (.text.Board_driversOpen)
                  700d2874    0000000c     --HOLE-- [fill = 0]
                  700d2880    00000004     nortos.am64x.r5f.ti-arm-clang.release.lib : ClockP_nortos_r5.obj (.text.ClockP_getTimerCount)
                  700d2884    0000000c     --HOLE-- [fill = 0]
                  700d2890    00000004                                               : ClockP_nortos_r5.obj (.text.ClockP_timerClearOverflowInt)
                  700d2894    0000000c     --HOLE-- [fill = 0]
                  700d28a0    00000004     ti_power_clock_config.obj (.text.PowerClock_deinit)
                  700d28a4    0000000c     --HOLE-- [fill = 0]
                  700d28b0    00000004     drivers.am64x.r5f.ti-arm-clang.release.lib : ipc_rpmsg.obj (.text.RPMessage_getLocalEndPt)
                  700d28b4    0000000c     --HOLE-- [fill = 0]
                  700d28c0    00000004                                                : sciclient.obj (.text.Sciclient_deinit)
                  700d28c4    0000000c     --HOLE-- [fill = 0]
                  700d28d0    00000004     nortos.am64x.r5f.ti-arm-clang.release.lib : TimerP.obj (.text.TimerP_getCount)
                  700d28d4    0000000c     --HOLE-- [fill = 0]
                  700d28e0    00000004                                               : TimerP.obj (.text.TimerP_getReloadCount)
                  700d28e4    0000000c     --HOLE-- [fill = 0]
                  700d28f0    00000004     libclang_rt.builtins.a : aeabi_div0.c.obj (.text.__aeabi_idiv0)
                  700d28f4    0000000c     --HOLE-- [fill = 0]
                  700d2900    00000004                            : aeabi_div0.c.obj (.text.__aeabi_ldiv0)
                  700d2904    0000000c     --HOLE-- [fill = 0]
                  700d2910    00000004     ti_dpl_config.obj (.text.putchar_)
                  700d2914    0000000c     --HOLE-- [fill = 0]
                  700d2920    00000002     ti_board_config.obj (.text.Board_deinit)
                  700d2922    0000000e     --HOLE-- [fill = 0]
                  700d2930    00000002     ti_board_open_close.obj (.text.Board_driversClose)
                  700d2932    0000000e     --HOLE-- [fill = 0]
                  700d2940    00000002     ti_board_config.obj (.text.Board_init)
                  700d2942    0000000e     --HOLE-- [fill = 0]
                  700d2950    00000002     ti_dpl_config.obj (.text.Dpl_deinit)
                  700d2952    0000000e     --HOLE-- [fill = 0]
                  700d2960    00000002     ti_drivers_open_close.obj (.text.Drivers_close)
                  700d2962    0000000e     --HOLE-- [fill = 0]
                  700d2970    00000002     ti_drivers_open_close.obj (.text.Drivers_open)
                  700d2972    0000000e     --HOLE-- [fill = 0]
                  700d2980    00000002     nortos.am64x.r5f.ti-arm-clang.release.lib : SemaphoreP_nortos.obj (.text.SemaphoreP_destruct)
                  700d2982    0000000e     --HOLE-- [fill = 0]
                  700d2990    00000002                                               : printf.obj (.text._out_null)
                  700d2992    0000000e     --HOLE-- [fill = 0]

.rodata    0    700d29a0    00000c68     
                  700d29a0    0000031a     drivers.am64x.r5f.ti-arm-clang.release.lib : ipc_rpmsg.obj (.rodata.str1.1)
                  700d2cba    00000188     ipc_rpmsg_echo.obj (.rodata.str1.1)
                  700d2e42    0000017d     drivers.am64x.r5f.ti-arm-clang.release.lib : ipc_notify_v0.obj (.rodata.str1.1)
                  700d2fbf    00000001     --HOLE-- [fill = 0]
                  700d2fc0    0000012c                                                : sciclient_fmwSecureProxyMap.obj (.rodata.gSciclientMap)
                  700d30ec    00000103     nortos.am64x.r5f.ti-arm-clang.release.lib : TimerP.obj (.rodata.str1.1)
                  700d31ef    000000ac                                               : ClockP_nortos_r5.obj (.rodata.str1.1)
                  700d329b    0000007b     drivers.am64x.r5f.ti-arm-clang.release.lib : soc.obj (.rodata.str1.1)
                  700d3316    00000002     --HOLE-- [fill = 0]
                  700d3318    00000070     ti_dpl_config.obj (.rodata.gMpuRegionConfig)
                  700d3388    0000006b     nortos.am64x.r5f.ti-arm-clang.release.lib : SemaphoreP_nortos.obj (.rodata.str1.1)
                  700d33f3    0000005a                                               : ClockP_nortos.obj (.rodata.str1.1)
                  700d344d    00000003     --HOLE-- [fill = 0]
                  700d3450    00000050                                               : printf.obj (.rodata._ftoa.pow10)
                  700d34a0    00000050     drivers.am64x.r5f.ti-arm-clang.release.lib : ipc_rpmsg_vring.obj (.rodata.str1.1)
                  700d34f0    00000042     ti_drivers_config.obj (.rodata.str1.1)
                  700d3532    0000002d     nortos.am64x.r5f.ti-arm-clang.release.lib : DebugP_log.obj (.rodata.str1.1)
                  700d355f    00000022     libc.a : _printfi.c.obj (.rodata.str1.1)
                  700d3581    00000003     --HOLE-- [fill = 0]
                  700d3584    00000020     drivers.am64x.r5f.ti-arm-clang.release.lib : soc.obj (.rodata.SOC_getCoreName.coreIdNames)
                  700d35a4    0000001b     nortos.am64x.r5f.ti-arm-clang.release.lib : DebugP_shmLogWriter.obj (.rodata.str1.1)
                  700d35bf    00000001     --HOLE-- [fill = 0]
                  700d35c0    00000018     drivers.am64x.r5f.ti-arm-clang.release.lib : sciclient_soc_priv.obj (.rodata..Lswitch.table.Sciclient_getDevId)
                  700d35d8    00000012     nortos.am64x.r5f.ti-arm-clang.release.lib : printf.obj (.rodata.str1.1)
                  700d35ea    00000002     --HOLE-- [fill = 0]
                  700d35ec    0000000c     ti_dpl_config.obj (.rodata.gMpuConfig)
                  700d35f8    00000008     ti_dpl_config.obj (.rodata.gCacheConfig)
                  700d3600    00000004     nortos.am64x.r5f.ti-arm-clang.release.lib : CacheP_armv7r.obj (.rodata.gCacheL1dCacheLineSize)
                  700d3604    00000004                                               : CacheP_armv7r.obj (.rodata.gCacheL1pCacheLineSize)

.text.hwi 
*          0    700d3610    00000790     
                  700d3610    00000452     nortos.am64x.r5f.ti-arm-clang.release.lib : HwiP_armv7r_vim.obj (.text.hwi)
                  700d3a62    00000002     --HOLE-- [fill = 0]
                  700d3a64    00000008                                               : HwiP_armv7r_asm.obj (.tramp.HwiP_enableFIQ.1)
                  700d3a6c    00000004     --HOLE-- [fill = 0]
                  700d3a70    0000023e                                               : HwiP_armv7r_handlers_nortos.obj (.text.hwi)
                  700d3cae    00000002     --HOLE-- [fill = 0]
                  700d3cb0    00000078                                               : HwiP_armv7r_handlers_nortos_asm.obj (.text.hwi)
                  700d3d28    00000070                                               : HwiP_armv7r_asm.obj (.text.hwi)
                  700d3d98    00000008     --HOLE-- [fill = 0]

.text.cache 
*          0    700d3da0    00000450     
                  700d3da0    00000340     nortos.am64x.r5f.ti-arm-clang.release.lib : CacheP_armv7r_asm.obj (.text.cache)
                  700d40e0    000000f6                                               : CacheP_armv7r.obj (.text.cache)
                  700d41d6    00000002     --HOLE-- [fill = 0]
                  700d41d8    00000008                                               : CacheP_armv7r_asm.obj (.tramp.CacheP_invL1d.1)
                  700d41e0    00000008                                               : HwiP_armv7r_asm.obj (.tramp.HwiP_restore.2)
                  700d41e8    00000008                                               : CacheP_armv7r_asm.obj (.tramp.CacheP_enableL1p.1)

.text.mpu 
*          0    700d41f0    00000240     
                  700d41f0    000001b4     nortos.am64x.r5f.ti-arm-clang.release.lib : MpuP_armv7r.obj (.text.mpu)
                  700d43a4    00000078                                               : MpuP_armv7r_asm.obj (.text.mpu)
                  700d441c    00000008                                               : MpuP_armv7r_asm.obj (.tramp.MpuP_isEnableAsm.1)
                  700d4424    00000008                                               : HwiP_armv7r_asm.obj (.tramp.HwiP_restore.3)
                  700d442c    00000004     --HOLE-- [fill = 0]

.text.boot 
*          0    700d4430    00000130     
                  700d4430    000000fc     nortos.am64x.r5f.ti-arm-clang.release.lib : boot_armv7r_asm.obj (.text.boot)
                  700d452c    00000004     --HOLE-- [fill = 0]
                  700d4530    0000001e                                               : DebugP_log.obj (.text.boot)
                  700d454e    00000002     --HOLE-- [fill = 0]
                  700d4550    0000000e     ti_dpl_config.obj (.text.boot)
                  700d455e    00000002     --HOLE-- [fill = 0]

.text:abort 
*          0    700d4560    00000008     
                  700d4560    00000008     libc.a : exit.c.obj (.text:abort)

.data      0    700d4568    000001b8     
                  700d4568    00000093     drivers.am64x.r5f.ti-arm-clang.release.lib : ipc_notify_v0_cfg.obj (.data.gIpcNotifyMailboxConfig)
                  700d45fb    00000001                                                : sciclient.obj (.data.gSecHeaderSizeWords)
                  700d45fc    00000060                                                : ipc_notify_v0_cfg.obj (.data.gIpcNotifyInterruptConfig_r5fss0_1)
                  700d465c    00000024                                                : ipc_notify_v0_cfg.obj (.data.gIpcNotifyMailboxBaseAddr)
                  700d4680    00000020                                                : sciclient_soc_priv.obj (.data.gSciclientSecProxyCfg)
                  700d46a0    00000014     ti_dpl_config.obj (.data.gClockConfig)
                  700d46b4    00000004     nortos.am64x.r5f.ti-arm-clang.release.lib : DebugP_shmLogWriter.obj (.data.DebugP_shmLogWriterPutChar.lineBufIndex)
                  700d46b8    0000000c                                               : AddrTranslateP.obj (.data.gAddrTranslateConfig)
                  700d46c4    0000000c     ti_power_clock_config.obj (.data.gSocModulesClockFrequency)
                  700d46d0    00000008     ti_pinmux_config.obj (.data.gPinMuxMainDomainCfg)
                  700d46d8    00000008     ti_pinmux_config.obj (.data.gPinMuxMcuDomainCfg)
                  700d46e0    00000008     nortos.am64x.r5f.ti-arm-clang.release.lib : PmuP_armv7r.obj (.data.pmu)
                  700d46e8    00000004                                               : DebugP_log.obj (.data.gDebugLogZone)
                  700d46ec    00000004                                               : DebugP_shmLogWriter.obj (.data.gDebugShmLogWriter)
                  700d46f0    00000004                                               : DebugP_shmLogWriter.obj (.data.gDebugShmLogWriterSelfCoreName)
                  700d46f4    00000004     ti_dpl_config.obj (.data.gHwiConfig)
                  700d46f8    00000004     drivers.am64x.r5f.ti-arm-clang.release.lib : ipc_notify_v0_cfg.obj (.data.gIpcNotifyInterruptConfigNum_r5fss0_1)
                  700d46fc    00000004     ipc_rpmsg_echo.obj (.data.gMainCoreId)
                  700d4700    00000004     drivers.am64x.r5f.ti-arm-clang.release.lib : sciclient.obj (.data.gSciclientHandle.0)
                  700d4704    00000004                                                : sciclient.obj (.data.gSciclientHandle.2)
                  700d4708    00000004                                                : sciclient.obj (.data.gSciclientHandle.3)
                  700d470c    00000004                                                : sciclient.obj (.data.gSciclientHandle.4)
                  700d4710    00000004                                                : sciclient.obj (.data.gSciclientHandle.5)
                  700d4714    00000004     ti_power_clock_config.obj (.data.gSocModules)
                  700d4718    00000002     ipc_rpmsg_echo.obj (.data.gRemoteServiceEndPt)
                  700d471a    00000006     --HOLE-- [fill = 0]

.irqstack 
*          0    700d4720    00000100     UNINITIALIZED
                  700d4720    00000100     --HOLE--

.fiqstack 
*          0    700d4820    00000100     UNINITIALIZED
                  700d4820    00000100     --HOLE--

.svcstack 
*          0    700d4920    00001000     UNINITIALIZED
                  700d4920    00001000     --HOLE--

.abortstack 
*          0    700d5920    00000100     UNINITIALIZED
                  700d5920    00000100     --HOLE--

.undefinedstack 
*          0    700d5a20    00000100     UNINITIALIZED
                  700d5a20    00000100     --HOLE--

.init_array 
*          0    700c0000    00000000     UNINITIALIZED

.bss.log_shared_mem 
*          0    701d0080    00003800     NOLOAD SECTION
                  701d0080    00003800     ti_dpl_config.obj (.bss.log_shared_mem)

.bss.ipc_vring_mem 
*          0    701d4000    000099c0     NOLOAD SECTION
                  701d4000    000099c0     ti_drivers_config.obj (.bss.ipc_vring_mem)

MODULE SUMMARY

       Module                                code    ro data   rw data
       ------                                ----    -------   -------
    obj/release/
       ti_drivers_config.obj                 314     66        39360  
       ti_dpl_config.obj                     96      132       14360  
       ipc_rpmsg_echo.obj                    762     392       390    
       ti_power_clock_config.obj             164     0         16     
       ti_pinmux_config.obj                  34      0         16     
       main.obj                              28      0         0      
       ti_board_open_close.obj               6       0         0      
       ti_board_config.obj                   4       0         0      
       ti_drivers_open_close.obj             4       0         0      
    +--+-------------------------------------+-------+---------+---------+
       Total:                                1412    590       54142  
                                                                      
    /home/thomas/ti/mcu_plus_sdk_am64x_08_05_00_24/source/drivers/lib/drivers.am64x.r5f.ti-arm-clang.release.lib
       ipc_rpmsg.obj                         1858    794       2860   
       ipc_notify_v0.obj                     1802    381       168    
       sciclient.obj                         1274    0         21     
       ipc_rpmsg_vring.obj                   1124    80        0      
       sciclient_pm.obj                      1184    0         0      
       soc.obj                               572     155       0      
       sciclient_fmwSecureProxyMap.obj       0       300       0      
       ipc_notify_v0_cfg.obj                 0       0         283    
       pinmux.obj                            188     0         0      
       sciclient_soc_priv.obj                104     24        32     
       csl_sec_proxy.obj                     10      0         0      
    +--+-------------------------------------+-------+---------+---------+
       Total:                                8116    1734      3364   
                                                                      
    /home/thomas/ti/mcu_plus_sdk_am64x_08_05_00_24/source/kernel/nortos/lib/nortos.am64x.r5f.ti-arm-clang.release.lib
       HwiP_armv7r_vim.obj                   1106    0         4108   
       printf.obj                            4012    98        0      
       CacheP_armv7r_asm.obj                 848     0         0      
       ClockP_nortos.obj                     656     90        56     
       TimerP.obj                            516     259       0      
       HwiP_armv7r_handlers_nortos.obj       574     0         0      
       DebugP_shmLogWriter.obj               358     27        134    
       MpuP_armv7r.obj                       436     0         0      
       ClockP_nortos_r5.obj                  260     172       0      
       SemaphoreP_nortos.obj                 266     107       0      
       CacheP_armv7r.obj                     246     8         0      
       boot_armv7r_asm.obj                   252     0         0      
       DebugP_log.obj                        154     45        4      
       HwiP_armv7r_asm.obj                   152     0         0      
       MpuP_armv7r_asm.obj                   128     0         0      
       HwiP_armv7r_handlers_nortos_asm.obj   120     0         0      
       AddrTranslateP.obj                    104     0         12     
       PmuP_armv7r.obj                       100     0         8      
       HwiP_armv7r_vectors_nortos_asm.obj    64      0         0      
       DebugP_nortos.obj                     56      0         0      
       PmuP_armv7r_asm.obj                   56      0         0      
       boot_armv7r.obj                       28      0         0      
    +--+-------------------------------------+-------+---------+---------+
       Total:                                10492   806       4322   
                                                                      
    /home/thomas/ti/ti-cgt-armllvm_2.1.2.LTS/lib/armv7r-ti-none-eabihf/c/libc.a
       _printfi.c.obj                        1024    34        0      
       snprintf.c.obj                        256     0         0      
       autoinit.c.obj                        80      0         0      
       memccpy.c.obj                         72      0         0      
       exit.c.obj                            8       0         0      
    +--+-------------------------------------+-------+---------+---------+
       Total:                                1440    34        0      
                                                                      
    /home/thomas/ti/ti-cgt-armllvm_2.1.2.LTS/lib/armv7r-ti-none-eabihf/c/libsysbm.a
       memcpy32.S.obj                        28      0         0      
       memset32.S.obj                        24      0         0      
    +--+-------------------------------------+-------+---------+---------+
       Total:                                52      0         0      
                                                                      
    /home/thomas/ti/ti-cgt-armllvm_2.1.2.LTS/lib/clang/14.0.6/lib/armv7r-ti-none-eabihf/libclang_rt.builtins.a
       udivsi3.S.obj                         464     0         0      
       udivmoddi4.S.obj                      280     0         0      
       aeabi_uldivmod.S.obj                  36      0         0      
       aeabi_memset.S.obj                    28      0         0      
       aeabi_div0.c.obj                      8       0         0      
       aeabi_memcpy.S.obj                    4       0         0      
    +--+-------------------------------------+-------+---------+---------+
       Total:                                820     0         0      
                                                                      
       Heap:                                 0       0         32768  
       Stack:                                0       0         16384  
    +--+-------------------------------------+-------+---------+---------+
       Grand Total:                          22332   3164      110980 

VENEERS

callee name               veneer name
   callee addr  veneer addr  call addr  call info
--------------  -----------  ---------  ----------------
HwiP_enableFIQ            $Ven$TA$L$PI$$HwiP_enableFIQ
   700d3d58     700d3a64     700d3a4c   nortos.am64x.r5f.ti-arm-clang.release.lib : HwiP_armv7r_vim.obj (.text.hwi)
CacheP_invL1d             $Ven$TA$L$PI$$CacheP_invL1d
   700d3e10     700d41d8     700d41d2   nortos.am64x.r5f.ti-arm-clang.release.lib : CacheP_armv7r.obj (.text.cache)
HwiP_restore              $Ven$TA$L$PI$$HwiP_restore
   700d3d68     700d41e0     700d4186   nortos.am64x.r5f.ti-arm-clang.release.lib : CacheP_armv7r.obj (.text.cache)
CacheP_enableL1p          $Ven$TA$L$PI$$CacheP_enableL1p
   700d3df8     700d41e8     700d414c   nortos.am64x.r5f.ti-arm-clang.release.lib : CacheP_armv7r.obj (.text.cache)
                             700d41ac                                             : CacheP_armv7r.obj (.text.cache)
MpuP_isEnableAsm          $Ven$TA$L$PI$$MpuP_isEnableAsm
   700d43f4     700d441c     700d4330   nortos.am64x.r5f.ti-arm-clang.release.lib : MpuP_armv7r.obj (.text.mpu)
HwiP_restore              $Ven$TA$L$PI$$HwiP_restore
   700d3d68     700d4424     700d42e4   nortos.am64x.r5f.ti-arm-clang.release.lib : MpuP_armv7r.obj (.text.mpu)
                             700d431c                                             : MpuP_armv7r.obj (.text.mpu)
HwiP_enable               $Ven$TA$L$PI$$HwiP_enable
   700d3d48     700ceb28     700d1de8   ti_dpl_config.obj (.text.Dpl_init)
PmuP_enableCounters       $Ven$TA$L$PI$$PmuP_enableCounters
   700d2310     700cf224     700d1830   nortos.am64x.r5f.ti-arm-clang.release.lib : PmuP_armv7r.obj (.text.pmu)
HwiP_restore              $Ven$TA$L$PI$$HwiP_restore
   700d3d68     700cfa38     700d062a   drivers.am64x.r5f.ti-arm-clang.release.lib : ipc_notify_v0.obj (.text.IpcNotify_deInit)
                             700d1f1c   nortos.am64x.r5f.ti-arm-clang.release.lib : ClockP_nortos.obj (.text.ClockP_stop)
                             700d2056                                             : ClockP_nortos.obj (.text.ClockP_destruct)
                             700d21d0                                             : ClockP_nortos.obj (.text.ClockP_start)
                             700d224e                                             : SemaphoreP_nortos.obj (.text.SemaphoreP_post)

[9 trampolines]
[15 trampoline calls]


GLOBAL SYMBOLS: SORTED ALPHABETICALLY BY Name 

address   name                                 
-------   ----                                 
700d15a1  AddrTranslateP_getLocalAddr          
700d2921  Board_deinit                         
700d2931  Board_driversClose                   
700d2871  Board_driversOpen                    
700d2941  Board_init                           
700d4560  C$$EXIT                              
700d2801  CSL_secProxyGetDataAddr              
700d40b0  CacheP_configForceWrThru             
700d4151  CacheP_disable                       
700d3da0  CacheP_disableL1d                    
700d3dc8  CacheP_disableL1p                    
700d4191  CacheP_enable                        
700d3de0  CacheP_enableL1d                     
700d3df8  CacheP_enableL1p                     
700d40a4  CacheP_getCacheLevelInfo             
700d406c  CacheP_getEnabled                    
700d40e1  CacheP_init                          
700d41b1  CacheP_inv                           
700d3e10  CacheP_invL1d                        
700d3e84  CacheP_invL1dAll                     
700d3e48  CacheP_invL1p                        
700d3e8c  CacheP_invL1pAll                     
700d40d0  CacheP_setDLFO                       
700d3e94  CacheP_wb                            
700d3f0c  CacheP_wbAll                         
700d3ed0  CacheP_wbInv                         
700d3fb4  CacheP_wbInvAll                      
700d3fcc  CacheP_wbInvAllAsm                   
700d2811  ClockP_Params_init                   
700d1c61  ClockP_construct                     
700d2021  ClockP_destruct                      
700d27d1  ClockP_getTicks                      
700d1d51  ClockP_getTimeUsec                   
700d2881  ClockP_getTimerCount                 
700d0361  ClockP_init                          
700d2821  ClockP_isActive                      
700d21a1  ClockP_start                         
700d1ee1  ClockP_stop                          
700d27a1  ClockP_ticksToUsec                   
700d2891  ClockP_timerClearOverflowInt         
700d1531  ClockP_timerTickIsr                  
700d21e1  ClockP_usleep                        
700d2300  CycleCounterP_getCount32             
700d17d1  CycleCounterP_init                   
700d17e1  CycleCounterP_nsToTicks              
700d1811  CycleCounterP_reset                  
700d2561  DebugP_logZoneEnable                 
700d22a1  DebugP_shmLogWriterInit              
700d0951  DebugP_shmLogWriterPutChar           
700d1241  DebugP_shmLogWriterPutLine           
700d2951  Dpl_deinit                           
700d1da1  Dpl_init                             
700d2961  Drivers_close                        
700d2971  Drivers_open                         
700d3731  HwiP_Params_init                     
700d36e1  HwiP_clearInt                        
700d3751  HwiP_construct                       
700d3c81  HwiP_data_abort_handler              
700d38a1  HwiP_destruct                        
700d3d28  HwiP_disable                         
700d3d38  HwiP_disableFIQ                      
700d3641  HwiP_disableInt                      
700d3d80  HwiP_disableVIC                      
700d3d48  HwiP_enable                          
700d3d58  HwiP_enableFIQ                       
700d3611  HwiP_enableInt                       
700d3d70  HwiP_enableVIC                       
700d3b01  HwiP_fiq_handler                     
700d3d90  HwiP_getCPSR                         
700d3a51  HwiP_inISR                           
700d3981  HwiP_init                            
700d3cb0  HwiP_irq_handler                     
700d3a71  HwiP_irq_handler_c                   
700d3701  HwiP_post                            
700d3c51  HwiP_prefetch_abort_handler          
700d3bc1  HwiP_reserved_handler                
700d3d68  HwiP_restore                         
700d3681  HwiP_restoreInt                      
700d3c21  HwiP_svc_handler                     
700d3bf1  HwiP_undefined_handler               
700d26b1  IpcNotify_Params_init                
700d0551  IpcNotify_deInit                     
700d2711  IpcNotify_getConfig                  
700d27e1  IpcNotify_getSelfCoreId              
700ceeb1  IpcNotify_init                       
700d2731  IpcNotify_isCoreEnabled              
700d0701  IpcNotify_isr                        
700d1fa1  IpcNotify_registerClient             
700d0631  IpcNotify_sendMsg                    
700d2831  IpcNotify_sendSync                   
700d25c1  IpcNotify_syncCallback               
700d2451  IpcNotify_unregisterClient           
700d1841  IpcNotify_waitSync                   
700d2331  Module_clockDisable                  
700d2361  Module_clockEnable                   
700d2121  Module_clockSetFrequency             
700d41f1  MpuP_RegionAttrs_init                
700d42f1  MpuP_disable                         
700d43a4  MpuP_disableAsm                      
700d43bc  MpuP_disableBRAsm                    
700d42b1  MpuP_enable                          
700d43cc  MpuP_enableAsm                       
700d43e4  MpuP_enableBRAsm                     
700d4341  MpuP_init                            
700d4331  MpuP_isEnable                        
700d43f4  MpuP_isEnableAsm                     
700d4201  MpuP_setRegion                       
700d4408  MpuP_setRegionAsm                    
700d0891  Pinmux_config                        
700d2531  Pinmux_init                          
700d2328  PmuP_clearOverflowStatus             
700d2318  PmuP_disableCounters                 
700d2310  PmuP_enableCounters                  
700d2320  PmuP_getOverflowStatus               
700d2308  PmuP_setup                           
700d28a1  PowerClock_deinit                    
700d27c1  PowerClock_init                      
700d27b1  RPMessage_CreateParams_init          
700d2421  RPMessage_Params_init                
700d1df1  RPMessage_allocEndPtMsg              
700d12d1  RPMessage_construct                  
700d2391  RPMessage_controlEndPtHandler        
700d0ea1  RPMessage_coreInit                   
700d2161  RPMessage_deInit                     
700d1f21  RPMessage_destruct                   
700d1611  RPMessage_getEndPtMsg                
700d28b1  RPMessage_getLocalEndPt              
700d0461  RPMessage_init                       
700d2481  RPMessage_isLinuxCore                
700d1af1  RPMessage_notifyCallback             
700cfb81  RPMessage_recv                       
700d0051  RPMessage_recvHandler                
700d0161  RPMessage_send                       
700d2061  RPMessage_vringCheckEmptyTxBuf       
700d0fe1  RPMessage_vringGetEmptyTxBuf         
700d0ab1  RPMessage_vringGetFullRxBuf          
700d26d1  RPMessage_vringGetRxBufAddr          
700d26f1  RPMessage_vringGetTxBufAddr          
700d25e1  RPMessage_vringGetTxBufLen           
700d1a31  RPMessage_vringIsFullRxBuf           
700d0cc1  RPMessage_vringPutEmptyRxBuf         
700d18b1  RPMessage_vringPutFullTxBuf          
700d07d1  RPMessage_vringReset                 
700d1121  RPMessage_vringResetInternal         
700d23c1  SOC_controlModuleLockMMR             
700d1fe1  SOC_controlModuleUnlockMMR           
700d2601  SOC_getCoreName                      
700d2581  SOC_getSelfCpuClk                    
700d1451  SOC_moduleClockEnable                
700cfe01  SOC_moduleSetClockFrequency          
700d28c1  Sciclient_deinit                     
700d1cb1  Sciclient_getContext                 
700d20a1  Sciclient_getCurrentContext          
700d2751  Sciclient_getDevId                   
700d27f1  Sciclient_getSelfDevIdCore           
700d0d61  Sciclient_init                       
700d1681  Sciclient_pmGetModuleClkFreq         
700d1351  Sciclient_pmGetModuleClkNumParent    
700d16f1  Sciclient_pmGetModuleClkParent       
700d14c1  Sciclient_pmGetModuleState           
700d1911  Sciclient_pmModuleClkRequest         
700d1761  Sciclient_pmModuleGetClkStatus       
700d0c11  Sciclient_pmQueryModuleClkFreq       
700d1081  Sciclient_pmSetModuleClkFreq         
700d1971  Sciclient_pmSetModuleClkParent       
700d1e91  Sciclient_pmSetModuleRst             
700d1b51  Sciclient_pmSetModuleState           
700ceb31  Sciclient_service                    
700d1f61  SemaphoreP_constructBinary           
700d2981  SemaphoreP_destruct                  
700d0f41  SemaphoreP_pend                      
700d2221  SemaphoreP_post                      
700d24b1  System_deinit                        
700d0261  System_init                          
700d2678  TI_memcpy_small                      
700d2768  TI_memset_small                      
700d25a1  TimerP_Params_init                   
700d2781  TimerP_clearOverflowInt              
700d28d1  TimerP_getCount                      
700d28e1  TimerP_getReloadCount                
700cf711  TimerP_setup                         
700d2841  TimerP_start                         
700d19d1  _DebugP_assert                       
700d4531  _DebugP_assertNoLog                  
700d20e1  _DebugP_logZone                      
700d5a20  __ABORT_STACK_END                    
00000100  __ABORT_STACK_SIZE                   
700d5920  __ABORT_STACK_START                  
700c1e18  __BSS_END                            
700c0000  __BSS_START                          
700d4920  __FIQ_STACK_END                      
00000100  __FIQ_STACK_SIZE                     
700d4820  __FIQ_STACK_START                    
700d4820  __IRQ_STACK_END                      
00000100  __IRQ_STACK_SIZE                     
700d4720  __IRQ_STACK_START                    
700cde18  __STACK_END                          
00004000  __STACK_SIZE                         
700d5920  __SVC_STACK_END                      
00001000  __SVC_STACK_SIZE                     
700d4920  __SVC_STACK_START                    
00008000  __SYSMEM_SIZE                        
UNDEFED   __TI_CINIT_Base                      
UNDEFED   __TI_CINIT_Limit                     
UNDEFED   __TI_Handler_Table_Base              
UNDEFED   __TI_Handler_Table_Limit             
700d1d00  __TI_auto_init_nobinit_nopinit       
ffffffff  __TI_pprof_out_hndl                  
700ce3b8  __TI_printfi_minimal                 
ffffffff  __TI_prof_data_size                  
ffffffff  __TI_prof_data_start                 
00000000  __TI_static_base__                   
700d5b20  __UNDEFINED_STACK_END                
00000100  __UNDEFINED_STACK_SIZE               
700d5a20  __UNDEFINED_STACK_START              
700d28f0  __aeabi_idiv0                        
700d2900  __aeabi_ldiv0                        
700d26a4  __aeabi_memclr                       
700d26a4  __aeabi_memclr4                      
700d26a4  __aeabi_memclr8                      
700ce79c  __aeabi_memcpy                       
700ce79c  __aeabi_memcpy4                      
700ce79c  __aeabi_memcpy8                      
700d2694  __aeabi_memset                       
700d2694  __aeabi_memset4                      
700d2694  __aeabi_memset8                      
700cf540  __aeabi_uidiv                        
700d2504  __aeabi_uldivmod                     
ffffffff  __binit__                            
700d4551  __mpu_init                           
700c9e18  __stack                              
700cff2c  __udivmoddi4                         
700cf540  __udivsi3                            
700d4454  _c_int00                             
700d4430  _c_int00_sbl                         
700c1e18  _sys_memory                          
UNDEFED   _system_post_cinit                   
700d2621  _system_pre_init                     
00000000  _vectors                             
700d4560  abort                                
ffffffff  binit                                
700c1bf4  gAckReplyMsgObject                   
700d46b8  gAddrTranslateConfig                 
700d35f8  gCacheConfig                         
700d3600  gCacheL1dCacheLineSize               
700d3604  gCacheL1pCacheLineSize               
700d46a0  gClockConfig                         
700c1dd8  gClockCtrl                           
700d46e8  gDebugLogZone                        
701d0080  gDebugShmLog                         
700d46f4  gHwiConfig                           
700c0000  gHwiCtrl                             
700c1cb4  gIpcNotifyCtrl                       
700d46f8  gIpcNotifyInterruptConfigNum_r5fss0_1
700d45fc  gIpcNotifyInterruptConfig_r5fss0_1   
700d465c  gIpcNotifyMailboxBaseAddr            
700d4568  gIpcNotifyMailboxConfig              
700c1008  gIpcRpmsgCtrl                        
700d46fc  gMainCoreId                          
700d35ec  gMpuConfig                           
700d3318  gMpuRegionConfig                     
701d4000  gRPMessageVringMem                   
700d4718  gRemoteServiceEndPt                  
700d2fc0  gSciclientMap                        
700d4680  gSciclientSecProxyCfg                
700d4714  gSocModules                          
700d46c4  gSocModulesClockFrequency            
700d1bb1  ipc_rpmsg_echo_main                  
700d2641  main                                 
700d1e3c  memccpy                              
700d2911  putchar_                             
700cf8d1  r5_0_0_code                          
700cfa41  r5_0_1_code                          
700d13cc  snprintf                             
700d2261  snprintf_                            
700d24e1  vprintf_                             


GLOBAL SYMBOLS: SORTED BY Symbol Address 

address   name                                 
-------   ----                                 
00000000  __TI_static_base__                   
00000000  _vectors                             
00000100  __ABORT_STACK_SIZE                   
00000100  __FIQ_STACK_SIZE                     
00000100  __IRQ_STACK_SIZE                     
00000100  __UNDEFINED_STACK_SIZE               
00001000  __SVC_STACK_SIZE                     
00004000  __STACK_SIZE                         
00008000  __SYSMEM_SIZE                        
700c0000  __BSS_START                          
700c0000  gHwiCtrl                             
700c1008  gIpcRpmsgCtrl                        
700c1bf4  gAckReplyMsgObject                   
700c1cb4  gIpcNotifyCtrl                       
700c1dd8  gClockCtrl                           
700c1e18  __BSS_END                            
700c1e18  _sys_memory                          
700c9e18  __stack                              
700cde18  __STACK_END                          
700ce3b8  __TI_printfi_minimal                 
700ce79c  __aeabi_memcpy                       
700ce79c  __aeabi_memcpy4                      
700ce79c  __aeabi_memcpy8                      
700ceb31  Sciclient_service                    
700ceeb1  IpcNotify_init                       
700cf540  __aeabi_uidiv                        
700cf540  __udivsi3                            
700cf711  TimerP_setup                         
700cf8d1  r5_0_0_code                          
700cfa41  r5_0_1_code                          
700cfb81  RPMessage_recv                       
700cfe01  SOC_moduleSetClockFrequency          
700cff2c  __udivmoddi4                         
700d0051  RPMessage_recvHandler                
700d0161  RPMessage_send                       
700d0261  System_init                          
700d0361  ClockP_init                          
700d0461  RPMessage_init                       
700d0551  IpcNotify_deInit                     
700d0631  IpcNotify_sendMsg                    
700d0701  IpcNotify_isr                        
700d07d1  RPMessage_vringReset                 
700d0891  Pinmux_config                        
700d0951  DebugP_shmLogWriterPutChar           
700d0ab1  RPMessage_vringGetFullRxBuf          
700d0c11  Sciclient_pmQueryModuleClkFreq       
700d0cc1  RPMessage_vringPutEmptyRxBuf         
700d0d61  Sciclient_init                       
700d0ea1  RPMessage_coreInit                   
700d0f41  SemaphoreP_pend                      
700d0fe1  RPMessage_vringGetEmptyTxBuf         
700d1081  Sciclient_pmSetModuleClkFreq         
700d1121  RPMessage_vringResetInternal         
700d1241  DebugP_shmLogWriterPutLine           
700d12d1  RPMessage_construct                  
700d1351  Sciclient_pmGetModuleClkNumParent    
700d13cc  snprintf                             
700d1451  SOC_moduleClockEnable                
700d14c1  Sciclient_pmGetModuleState           
700d1531  ClockP_timerTickIsr                  
700d15a1  AddrTranslateP_getLocalAddr          
700d1611  RPMessage_getEndPtMsg                
700d1681  Sciclient_pmGetModuleClkFreq         
700d16f1  Sciclient_pmGetModuleClkParent       
700d1761  Sciclient_pmModuleGetClkStatus       
700d17d1  CycleCounterP_init                   
700d17e1  CycleCounterP_nsToTicks              
700d1811  CycleCounterP_reset                  
700d1841  IpcNotify_waitSync                   
700d18b1  RPMessage_vringPutFullTxBuf          
700d1911  Sciclient_pmModuleClkRequest         
700d1971  Sciclient_pmSetModuleClkParent       
700d19d1  _DebugP_assert                       
700d1a31  RPMessage_vringIsFullRxBuf           
700d1af1  RPMessage_notifyCallback             
700d1b51  Sciclient_pmSetModuleState           
700d1bb1  ipc_rpmsg_echo_main                  
700d1c61  ClockP_construct                     
700d1cb1  Sciclient_getContext                 
700d1d00  __TI_auto_init_nobinit_nopinit       
700d1d51  ClockP_getTimeUsec                   
700d1da1  Dpl_init                             
700d1df1  RPMessage_allocEndPtMsg              
700d1e3c  memccpy                              
700d1e91  Sciclient_pmSetModuleRst             
700d1ee1  ClockP_stop                          
700d1f21  RPMessage_destruct                   
700d1f61  SemaphoreP_constructBinary           
700d1fa1  IpcNotify_registerClient             
700d1fe1  SOC_controlModuleUnlockMMR           
700d2021  ClockP_destruct                      
700d2061  RPMessage_vringCheckEmptyTxBuf       
700d20a1  Sciclient_getCurrentContext          
700d20e1  _DebugP_logZone                      
700d2121  Module_clockSetFrequency             
700d2161  RPMessage_deInit                     
700d21a1  ClockP_start                         
700d21e1  ClockP_usleep                        
700d2221  SemaphoreP_post                      
700d2261  snprintf_                            
700d22a1  DebugP_shmLogWriterInit              
700d2300  CycleCounterP_getCount32             
700d2308  PmuP_setup                           
700d2310  PmuP_enableCounters                  
700d2318  PmuP_disableCounters                 
700d2320  PmuP_getOverflowStatus               
700d2328  PmuP_clearOverflowStatus             
700d2331  Module_clockDisable                  
700d2361  Module_clockEnable                   
700d2391  RPMessage_controlEndPtHandler        
700d23c1  SOC_controlModuleLockMMR             
700d2421  RPMessage_Params_init                
700d2451  IpcNotify_unregisterClient           
700d2481  RPMessage_isLinuxCore                
700d24b1  System_deinit                        
700d24e1  vprintf_                             
700d2504  __aeabi_uldivmod                     
700d2531  Pinmux_init                          
700d2561  DebugP_logZoneEnable                 
700d2581  SOC_getSelfCpuClk                    
700d25a1  TimerP_Params_init                   
700d25c1  IpcNotify_syncCallback               
700d25e1  RPMessage_vringGetTxBufLen           
700d2601  SOC_getCoreName                      
700d2621  _system_pre_init                     
700d2641  main                                 
700d2678  TI_memcpy_small                      
700d2694  __aeabi_memset                       
700d2694  __aeabi_memset4                      
700d2694  __aeabi_memset8                      
700d26a4  __aeabi_memclr                       
700d26a4  __aeabi_memclr4                      
700d26a4  __aeabi_memclr8                      
700d26b1  IpcNotify_Params_init                
700d26d1  RPMessage_vringGetRxBufAddr          
700d26f1  RPMessage_vringGetTxBufAddr          
700d2711  IpcNotify_getConfig                  
700d2731  IpcNotify_isCoreEnabled              
700d2751  Sciclient_getDevId                   
700d2768  TI_memset_small                      
700d2781  TimerP_clearOverflowInt              
700d27a1  ClockP_ticksToUsec                   
700d27b1  RPMessage_CreateParams_init          
700d27c1  PowerClock_init                      
700d27d1  ClockP_getTicks                      
700d27e1  IpcNotify_getSelfCoreId              
700d27f1  Sciclient_getSelfDevIdCore           
700d2801  CSL_secProxyGetDataAddr              
700d2811  ClockP_Params_init                   
700d2821  ClockP_isActive                      
700d2831  IpcNotify_sendSync                   
700d2841  TimerP_start                         
700d2871  Board_driversOpen                    
700d2881  ClockP_getTimerCount                 
700d2891  ClockP_timerClearOverflowInt         
700d28a1  PowerClock_deinit                    
700d28b1  RPMessage_getLocalEndPt              
700d28c1  Sciclient_deinit                     
700d28d1  TimerP_getCount                      
700d28e1  TimerP_getReloadCount                
700d28f0  __aeabi_idiv0                        
700d2900  __aeabi_ldiv0                        
700d2911  putchar_                             
700d2921  Board_deinit                         
700d2931  Board_driversClose                   
700d2941  Board_init                           
700d2951  Dpl_deinit                           
700d2961  Drivers_close                        
700d2971  Drivers_open                         
700d2981  SemaphoreP_destruct                  
700d2fc0  gSciclientMap                        
700d3318  gMpuRegionConfig                     
700d35ec  gMpuConfig                           
700d35f8  gCacheConfig                         
700d3600  gCacheL1dCacheLineSize               
700d3604  gCacheL1pCacheLineSize               
700d3611  HwiP_enableInt                       
700d3641  HwiP_disableInt                      
700d3681  HwiP_restoreInt                      
700d36e1  HwiP_clearInt                        
700d3701  HwiP_post                            
700d3731  HwiP_Params_init                     
700d3751  HwiP_construct                       
700d38a1  HwiP_destruct                        
700d3981  HwiP_init                            
700d3a51  HwiP_inISR                           
700d3a71  HwiP_irq_handler_c                   
700d3b01  HwiP_fiq_handler                     
700d3bc1  HwiP_reserved_handler                
700d3bf1  HwiP_undefined_handler               
700d3c21  HwiP_svc_handler                     
700d3c51  HwiP_prefetch_abort_handler          
700d3c81  HwiP_data_abort_handler              
700d3cb0  HwiP_irq_handler                     
700d3d28  HwiP_disable                         
700d3d38  HwiP_disableFIQ                      
700d3d48  HwiP_enable                          
700d3d58  HwiP_enableFIQ                       
700d3d68  HwiP_restore                         
700d3d70  HwiP_enableVIC                       
700d3d80  HwiP_disableVIC                      
700d3d90  HwiP_getCPSR                         
700d3da0  CacheP_disableL1d                    
700d3dc8  CacheP_disableL1p                    
700d3de0  CacheP_enableL1d                     
700d3df8  CacheP_enableL1p                     
700d3e10  CacheP_invL1d                        
700d3e48  CacheP_invL1p                        
700d3e84  CacheP_invL1dAll                     
700d3e8c  CacheP_invL1pAll                     
700d3e94  CacheP_wb                            
700d3ed0  CacheP_wbInv                         
700d3f0c  CacheP_wbAll                         
700d3fb4  CacheP_wbInvAll                      
700d3fcc  CacheP_wbInvAllAsm                   
700d406c  CacheP_getEnabled                    
700d40a4  CacheP_getCacheLevelInfo             
700d40b0  CacheP_configForceWrThru             
700d40d0  CacheP_setDLFO                       
700d40e1  CacheP_init                          
700d4151  CacheP_disable                       
700d4191  CacheP_enable                        
700d41b1  CacheP_inv                           
700d41f1  MpuP_RegionAttrs_init                
700d4201  MpuP_setRegion                       
700d42b1  MpuP_enable                          
700d42f1  MpuP_disable                         
700d4331  MpuP_isEnable                        
700d4341  MpuP_init                            
700d43a4  MpuP_disableAsm                      
700d43bc  MpuP_disableBRAsm                    
700d43cc  MpuP_enableAsm                       
700d43e4  MpuP_enableBRAsm                     
700d43f4  MpuP_isEnableAsm                     
700d4408  MpuP_setRegionAsm                    
700d4430  _c_int00_sbl                         
700d4454  _c_int00                             
700d4531  _DebugP_assertNoLog                  
700d4551  __mpu_init                           
700d4560  C$$EXIT                              
700d4560  abort                                
700d4568  gIpcNotifyMailboxConfig              
700d45fc  gIpcNotifyInterruptConfig_r5fss0_1   
700d465c  gIpcNotifyMailboxBaseAddr            
700d4680  gSciclientSecProxyCfg                
700d46a0  gClockConfig                         
700d46b8  gAddrTranslateConfig                 
700d46c4  gSocModulesClockFrequency            
700d46e8  gDebugLogZone                        
700d46f4  gHwiConfig                           
700d46f8  gIpcNotifyInterruptConfigNum_r5fss0_1
700d46fc  gMainCoreId                          
700d4714  gSocModules                          
700d4718  gRemoteServiceEndPt                  
700d4720  __IRQ_STACK_START                    
700d4820  __FIQ_STACK_START                    
700d4820  __IRQ_STACK_END                      
700d4920  __FIQ_STACK_END                      
700d4920  __SVC_STACK_START                    
700d5920  __ABORT_STACK_START                  
700d5920  __SVC_STACK_END                      
700d5a20  __ABORT_STACK_END                    
700d5a20  __UNDEFINED_STACK_START              
700d5b20  __UNDEFINED_STACK_END                
701d0080  gDebugShmLog                         
701d4000  gRPMessageVringMem                   
ffffffff  __TI_pprof_out_hndl                  
ffffffff  __TI_prof_data_size                  
ffffffff  __TI_prof_data_start                 
ffffffff  __binit__                            
ffffffff  binit                                
UNDEFED   __TI_CINIT_Base                      
UNDEFED   __TI_CINIT_Limit                     
UNDEFED   __TI_Handler_Table_Base              
UNDEFED   __TI_Handler_Table_Limit             
UNDEFED   _system_post_cinit                   

[276 symbols]
