******************************************************************************
            TI ARM Clang Linker Unix v2.1.2                    
******************************************************************************
>> Linked Wed May 24 11:40:08 2023

OUTPUT FILE NAME:   <enet_loopback.release.out>
ENTRY POINT SYMBOL: "_vectors"  address: 00000000


MEMORY CONFIGURATION

         name            origin    length      used     unused   attr    fill
----------------------  --------  ---------  --------  --------  ----  --------
  R5F_VECS              00000000   00000040  00000040  00000000  RWIX
  R5F_TCMA              00000040   00007fc0  00000000  00007fc0  RWIX
  R5F_TCMB0             41010000   00008000  00000000  00008000  RWIX
  FLASH                 60100000   00080000  00000000  00080000  RWIX
  MSRAM                 70080000   00110000  00057d78  000b8288  RWIX


SEGMENT ALLOCATION MAP

run origin  load origin   length   init length attrs members
----------  ----------- ---------- ----------- ----- -------
00000000    00000000    00000040   00000040    r-x
  00000000    00000000    00000040   00000040    r-x .vectors
70080000    70080000    00029220   00029220    r-x
  70080000    70080000    000219d0   000219d0    r-x .text
  700a19d0    700a19d0    00007850   00007850    r-- .rodata
700c0d80    700c0d80    00011f80   00000000    rw-
  700c0d80    700c0d80    0000fb80   00000000    rw- .bss
  700d0900    700d0900    00000400   00000000    rw- .sysmem
  700d0d00    700d0d00    00002000   00000000    rw- .stack
700d2d00    700d2d00    00002ca0   00002ca0    rw-
  700d2d00    700d2d00    00002ca0   00002ca0    rw- .data
700d59a0    700d59a0    00002498   00001098    r-x
  700d59a0    700d59a0    000008d0   000008d0    r-x .text.hwi
  700d6270    700d6270    00000450   00000450    r-x .text.cache
  700d66c0    700d66c0    00000240   00000240    r-x .text.mpu
  700d6900    700d6900    00000130   00000130    r-x .text.boot
  700d6a30    700d6a30    00000008   00000008    r-x .text:abort
  700d6a38    700d6a38    00000100   00000000    r-- .irqstack
  700d6b38    700d6b38    00000100   00000000    r-- .fiqstack
  700d6c38    700d6c38    00001000   00000000    r-- .svcstack
  700d7c38    700d7c38    00000100   00000000    r-- .abortstack
  700d7d38    700d7d38    00000100   00000000    r-- .undefinedstack


SECTION ALLOCATION MAP

 output                                  attributes/
section   page    origin      length       input sections
--------  ----  ----------  ----------   ----------------
.vectors   0    00000000    00000040     
                  00000000    00000040     freertos.am64x.r5f.ti-arm-clang.release.lib : HwiP_armv7r_vectors_freertos_asm.obj (.vectors)

.text      0    70080000    000219d0     
                  70080000    00001f54     ti_enet_open_close.obj (.text.EnetApp_driverOpen)
                  70081f54    00001818     loopback_test.obj (.text.EnetApp_loopbackTest)
                  7008376c    0000115c     ltoQZamxA (.text.__TI_scanfi)
                  700848c8    00000eb8     enet-cpsw.am64x.r5f.ti-arm-clang.release.lib : cpsw.obj (.text.Cpsw_open)
                  70085780    00000aec     ltoQZamxA (.text:__TI_printfi_nofloat)
                  7008626c    000008b8     enet-cpsw.am64x.r5f.ti-arm-clang.release.lib : cpsw.obj (.text.Cpsw_periodicTick)
                  70086b24    00000734                                                  : cpsw_ale.obj (.text.CpswAle_open)
                  70087258    00000008                                                  : enet_rm_ioctl.obj (.text.EnetRm_ioctl_handler_ENET_RM_IOCTL_DETACH)
                  70087260    00000624     drivers.am64x.r5f.ti-arm-clang.release.lib : sciclient_rm_irq.obj (.text.Sciclient_rmIrqFindRoute)
                  70087884    0000000c     enet-cpsw.am64x.r5f.ti-arm-clang.release.lib : cpsw_cpts.obj (.text.CpswCpts_close)
                  70087890    00000596     freertos.am64x.r5f.ti-arm-clang.release.lib : printf.obj (.text._vsnprintf)
                  70087e26    00000002     enet-cpsw.am64x.r5f.ti-arm-clang.release.lib : cpsw_stats.obj (.text.CpswStats_close)
                  70087e28    00000528                                                  : cpsw_ioctl.obj (.text.Cpsw_internalIoctl_handler_ENET_PER_IOCTL_OPEN_PORT_LINK)
                  70088350    00000522     drivers.am64x.r5f.ti-arm-clang.release.lib : udma_ch.obj (.text.Udma_chDisable)
                  70088872    0000000e     enet-cpsw.am64x.r5f.ti-arm-clang.release.lib : cpsw_ioctl.obj (.text.Cpsw_internalIoctl_handler_ENET_PER_IOCTL_CLOSE_PORT_LINK)
                  70088880    000004e8     drivers.am64x.r5f.ti-arm-clang.release.lib : uart_v0.obj (.text.UART_open)
                  70088d68    00000008     ltoQZamxA (.text.OUTLINED_FUNCTION_101)
                  70088d70    0000049c     drivers.am64x.r5f.ti-arm-clang.release.lib : i2c_v0.obj (.text.I2C_primeTransfer)
                  7008920c    00000004     ltoQZamxA (.text.CpswAle_ioctl_handler_default)
                  70089210    00000478     libc.a : strtod.c.obj (.text.strtod)
                  70089688    00000008     ltoQZamxA (.text.OUTLINED_FUNCTION_102)
                  70089690    0000046a     drivers.am64x.r5f.ti-arm-clang.release.lib : udma_event.obj (.text.Udma_eventRegister)
                  70089afa    00000002     ltoQZamxA (.text.EnetApp_rxPktNotifyCb)
                  70089afc    00000448     enet-cpsw.am64x.r5f.ti-arm-clang.release.lib : cpsw_macport.obj (.text.CpswMacPort_open)
                  70089f44    0000000c                                                  : cpsw_cpts_ioctl.obj (.text.CpswCpts_ioctl_handler_CPSW_CPTS_IOCTL_DISABLE_INTR)
                  70089f50    0000039c     drivers.am64x.r5f.ti-arm-clang.release.lib : udma_ch.obj (.text.Udma_chOpen)
                  7008a2ec    0000038c     enet-cpsw.am64x.r5f.ti-arm-clang.release.lib : cpsw.obj (.text.Cpsw_ioctl)
                  7008a678    00000008     ltoQZamxA (.text.OUTLINED_FUNCTION_105)
                  7008a680    00000388     freertos.am64x.r5f.ti-arm-clang.release.lib : printf.obj (.text._ftoa)
                  7008aa08    00000008     ltoQZamxA (.text.OUTLINED_FUNCTION_11)
                  7008aa10    0000037e     drivers.am64x.r5f.ti-arm-clang.release.lib : sciclient.obj (.text.Sciclient_service)
                  7008ad8e    00000002     ltoQZamxA (.text.EnetApp_txPktNotifyCb)
                  7008ad90    00000370     enet-cpsw.am64x.r5f.ti-arm-clang.release.lib : enet_udma_priv.obj (.text.EnetUdma_submitPkts)
                  7008b100    0000036c                                                  : enet_rm.obj (.text.EnetRm_open)
                  7008b46c    00000004                                                  : cpsw_ale.obj (.text.CpswAle_rejoin)
                  7008b470    00000366     drivers.am64x.r5f.ti-arm-clang.release.lib : udma_rm.obj (.text.Udma_rmInit)
                  7008b7d6    00000002     --HOLE-- [fill = 0]
                  7008b7d8    00000334     enet-cpsw.am64x.r5f.ti-arm-clang.release.lib : enet_rm.obj (.text.EnetRm_detachCore)
                  7008bb0c    00000004     ltoQZamxA (.text.CpswCpts_ioctl_handler_default)
                  7008bb10    00000310     freertos.am64x.r5f.ti-arm-clang.release.lib : printf.obj (.text._etoa)
                  7008be20    00000300     ltoQZamxA (.text.Cpsw_closeInternal)
                  7008c120    000002f0     libc.a : _printfi.c.obj (.text:__TI_printfi_nofloat)
                  7008c410    000002b8     ltoQZamxA (.text.Dp83867_printRegs)
                  7008c6c8    000002b8     ltoQZamxA (.text.Dp83869_printRegs)
                  7008c980    00000292     drivers.am64x.r5f.ti-arm-clang.release.lib : udma_rmcfg_common.obj (.text.UdmaRmInitPrms_init)
                  7008cc12    0000000e     ltoQZamxA (.text.OUTLINED_FUNCTION_110)
                  7008cc20    00000290     drivers.am64x.r5f.ti-arm-clang.release.lib : uart_v0.obj (.text.UART_read)
                  7008ceb0    0000028c                                                : sciclient_rm_irq.obj (.text.Sciclient_rmIrqGetRoute)
                  7008d13c    00000004     enet-cpsw.am64x.r5f.ti-arm-clang.release.lib : cpsw_cpts.obj (.text.CpswCpts_rejoin)
                  7008d140    0000028a     drivers.am64x.r5f.ti-arm-clang.release.lib : i2c_v0.obj (.text.I2C_open)
                  7008d3ca    00000006     ltoQZamxA (.text.Dp83867_reset)
                  7008d3d0    00000288     drivers.am64x.r5f.ti-arm-clang.release.lib : udma_soc.obj (.text.Udma_initDrvHandle)
                  7008d658    0000027c     ltoQZamxA (.text.fputs)
                  7008d8d4    0000000c     enet-cpsw.am64x.r5f.ti-arm-clang.release.lib : cpsw_cpts_ioctl.obj (.text.CpswCpts_ioctl_handler_CPSW_CPTS_IOCTL_ENABLE_INTR)
                  7008d8e0    0000023e     drivers.am64x.r5f.ti-arm-clang.release.lib : i2c_v0.obj (.text.I2C_hwiFxnMaster)
                  7008db1e    00000002     --HOLE-- [fill = 0]
                  7008db20    00000228     enet-cpsw.am64x.r5f.ti-arm-clang.release.lib : mdio.obj (.text.Mdio_open)
                  7008dd48    00000008     ltoQZamxA (.text.OUTLINED_FUNCTION_19)
                  7008dd50    0000021e     freertos.am64x.r5f.ti-arm-clang.release.lib : timers.obj (.text.prvTimerTask)
                  7008df6e    00000002     --HOLE-- [fill = 0]
                  7008df70    0000021a     drivers.am64x.r5f.ti-arm-clang.release.lib : uart_v0.obj (.text.UART_masterIsr)
                  7008e18a    00000002     --HOLE-- [fill = 0]
                  7008e18c    00000210     enet-cpsw.am64x.r5f.ti-arm-clang.release.lib : enet_udma_priv.obj (.text.EnetUdma_allocRing)
                  7008e39c    00000004     ltoQZamxA (.text.CpswEst_ioctl_handler_default)
                  7008e3a0    0000020a     drivers.am64x.r5f.ti-arm-clang.release.lib : udma_event.obj (.text.Udma_eventUnRegister)
                  7008e5aa    00000006     ltoQZamxA (.text.Dp83869_reset)
                  7008e5b0    00000202     drivers.am64x.r5f.ti-arm-clang.release.lib : sciclient_rm_irq.obj (.text.Sciclient_rmProgramInterruptRoute)
                  7008e7b2    0000000e     ltoQZamxA (.text.OUTLINED_FUNCTION_118)
                  7008e7c0    000001fe     drivers.am64x.r5f.ti-arm-clang.release.lib : uart_v0.obj (.text.UART_write)
                  7008e9be    00000002     --HOLE-- [fill = 0]
                  7008e9c0    000001fc     ltoQZamxA (.text.EnetApp_rxTask)
                  7008ebbc    000001f0     enet-cpsw.am64x.r5f.ti-arm-clang.release.lib : enet_rm.obj (.text.EnetRm_close)
                  7008edac    000001e4     ltoQZamxA (.text.strtoll)
                  7008ef90    000001e0     enet-cpsw.am64x.r5f.ti-arm-clang.release.lib : mdio_ioctl.obj (.text.Mdio_ioctl_handler_ENET_MDIO_IOCTL_C45_READ)
                  7008f170    000001e0     ltoQZamxA (.text.__TI_closefile)
                  7008f350    000001d8     enet-cpsw.am64x.r5f.ti-arm-clang.release.lib : cpsw_cpts_ioctl.obj (.text.CpswCpts_ioctl_handler_CPSW_CPTS_IOCTL_HANDLE_INTR)
                  7008f528    000001d8     ltoQZamxA (.text.EnetApp_txTask)
                  7008f700    000001d4     enet-cpsw.am64x.r5f.ti-arm-clang.release.lib : cpsw.obj (.text.Cpsw_handleLinkDown)
                  7008f8d4    000001d0     libclang_rt.builtins.a : udivsi3.S.obj (.text)
                  7008faa4    0000000c     enet-cpsw.am64x.r5f.ti-arm-clang.release.lib : cpsw_hostport_ioctl.obj (.text.CpswHostPort_ioctl_handler_ENET_HOSTPORT_IOCTL_DISABLE)
                  7008fab0    000001cc     freertos.am64x.r5f.ti-arm-clang.release.lib : queue.obj (.text.xQueueSemaphoreTake)
                  7008fc7c    00000004     ltoQZamxA (.text.CpswHostPort_ioctl_handler_default)
                  7008fc80    000001ca     drivers.am64x.r5f.ti-arm-clang.release.lib : csl_bcdma.obj (.text.CSL_bcdmaChanOp)
                  7008fe4a    00000006     ltoQZamxA (.text.EnetApp_timerCb)
                  7008fe50    000001c0     freertos.am64x.r5f.ti-arm-clang.release.lib : TimerP.obj (.text.TimerP_setup)
                  70090010    000001bc     enet-cpsw.am64x.r5f.ti-arm-clang.release.lib : cpsw_stats.obj (.text.CpswStats_open)
                  700901cc    00000004     ltoQZamxA (.text.CpswMacPortEst_ioctl_handler_default)
                  700901d0    000001ba     drivers.am64x.r5f.ti-arm-clang.release.lib : soc.obj (.text.SOC_phyToVirt)
                  7009038a    00000002     --HOLE-- [fill = 0]
                  7009038c    000001b8     ltoQZamxA (.text.Cpsw_internalIoctl_handler_ENET_PER_IOCTL_REGISTER_IOCTL_HANDLER)
                  70090544    0000000c     enet-cpsw.am64x.r5f.ti-arm-clang.release.lib : cpsw_hostport_ioctl.obj (.text.CpswHostPort_ioctl_handler_ENET_HOSTPORT_IOCTL_ENABLE)
                  70090550    000001b2     drivers.am64x.r5f.ti-arm-clang.release.lib : soc.obj (.text.SOC_virtToPhy)
                  70090702    0000000e     ltoQZamxA (.text.OUTLINED_FUNCTION_16)
                  70090710    000001b0     drivers.am64x.r5f.ti-arm-clang.release.lib : sciclient_rm_irq.obj (.text.Sciclient_rmClearInterruptRoute)
                  700908c0    000001ae     freertos.am64x.r5f.ti-arm-clang.release.lib : queue.obj (.text.xQueueGenericSend)
                  70090a6e    00000002     --HOLE-- [fill = 0]
                  70090a70    000001ac     main.obj (.text.freertos_main)
                  70090c1c    000001a0     enet-cpsw.am64x.r5f.ti-arm-clang.release.lib : cpsw_ale_ioctl.obj (.text.CpswAle_ioctl_handler_CPSW_ALE_IOCTL_REMOVE_LEARNED_ENTRIES)
                  70090dbc    00000004     ltoQZamxA (.text.CpswMacPort_ioctl_handler_default)
                  70090dc0    0000019c     drivers.am64x.r5f.ti-arm-clang.release.lib : udma_ring_common.obj (.text.Udma_ringAlloc)
                  70090f5c    00000004     ltoQZamxA (.text.CpswStats_ioctl_handler_default)
                  70090f60    00000184     freertos.am64x.r5f.ti-arm-clang.release.lib : queue.obj (.text.xQueueReceive)
                  700910e4    00000180     enet-cpsw.am64x.r5f.ti-arm-clang.release.lib : cpsw_cpts.obj (.text.CpswCpts_open)
                  70091264    00000180     libc.a : memory.c.obj (.text.aligned_alloc)
                  700913e4    00000180            : memory.c.obj (.text.free)
                  70091564    00000180     libsysbm.a : memcpy32.S.obj (.text:memcpy)
                  700916e4    0000017c     ltoQZamxA (.text.Dp83869_config)
                  70091860    0000017c     freertos.am64x.r5f.ti-arm-clang.release.lib : TaskP_freertos.obj (.text.TaskP_construct)
                  700919dc    00000174     enet-cpsw.am64x.r5f.ti-arm-clang.release.lib : cpsw_hostport.obj (.text.CpswHostPort_open)
                  70091b50    00000170     ltoQZamxA (.text.strtol)
                  70091cc0    0000016c     ltoQZamxA (.text.Dp83867_config)
                  70091e2c    00000004     ltoQZamxA (.text.Cpsw_internalIoctl_handler_default)
                  70091e30    0000015e     freertos.am64x.r5f.ti-arm-clang.release.lib : tasks.obj (.text.xTaskIncrementTick)
                  70091f8e    00000002     --HOLE-- [fill = 0]
                  70091f90    00000152     drivers.am64x.r5f.ti-arm-clang.release.lib : i2c_v0.obj (.text.I2C_hwiFxnSlave)
                  700920e2    00000002     --HOLE-- [fill = 0]
                  700920e4    00000150     enet-cpsw.am64x.r5f.ti-arm-clang.release.lib : cpsw_macport_ioctl.obj (.text.CpswMacPort_ioctl_handler_CPSW_MACPORT_IOCTL_ENABLE)
                  70092234    0000000c                                                  : cpsw_hostport.obj (.text.CpswHostPort_rejoin)
                  70092240    00000148     drivers.am64x.r5f.ti-arm-clang.release.lib : csl_bcdma.obj (.text.CSL_bcdmaChanOpCfgChan)
                  70092388    00000008     ltoQZamxA (.text.OUTLINED_FUNCTION_2)
                  70092390    00000146     drivers.am64x.r5f.ti-arm-clang.release.lib : uart_v0.obj (.text.UART_close)
                  700924d6    0000000a     ltoQZamxA (.text.EnetOsalDflt_lockMutex)
                  700924e0    00000142     drivers.am64x.r5f.ti-arm-clang.release.lib : sciclient_rm_irq.obj (.text.Sciclient_rmIrqProgramRoute)
                  70092622    00000002     --HOLE-- [fill = 0]
                  70092624    00000140     ltoQZamxA (.text.strtoull)
                  70092764    0000000c     enet-cpsw.am64x.r5f.ti-arm-clang.release.lib : cpsw_macport.obj (.text.CpswMacPort_rejoin)
                  70092770    00000140     freertos.am64x.r5f.ti-arm-clang.release.lib : tasks.obj (.text.xTaskResumeAll)
                  700928b0    0000013c     drivers.am64x.r5f.ti-arm-clang.release.lib : udma_ch.obj (.text.Udma_chConfigRx)
                  700929ec    00000138     enet-cpsw.am64x.r5f.ti-arm-clang.release.lib : csl_cpsw.obj (.text.CSL_CPSW_getAlePolicerEntry)
                  70092b24    00000138                                                  : cpsw_macport_est.obj (.text.CpswEst_setState)
                  70092c5c    00000004     ltoQZamxA (.text.EnetOsalDflt_disableAllIntr)
                  70092c60    00000138     drivers.am64x.r5f.ti-arm-clang.release.lib : sciclient_rm_irq.obj (.text.Sciclient_rmIrqDeleteRoute)
                  70092d98    00000008     ltoQZamxA (.text.OUTLINED_FUNCTION_33)
                  70092da0    00000136     freertos.am64x.r5f.ti-arm-clang.release.lib : ClockP_freertos_r5.obj (.text.ClockP_init)
                  70092ed6    0000000a     ltoQZamxA (.text.OUTLINED_FUNCTION_106)
                  70092ee0    00000132     freertos.am64x.r5f.ti-arm-clang.release.lib : printf.obj (.text._ntoa_format)
                  70093012    00000002     --HOLE-- [fill = 0]
                  70093014    00000130     enet-cpsw.am64x.r5f.ti-arm-clang.release.lib : mdio_ioctl.obj (.text.Mdio_ioctl_handler_ENET_MDIO_IOCTL_C45_WRITE)
                  70093144    0000012c                                                  : cpsw.obj (.text.Cpsw_initCfg)
                  70093270    0000012a     drivers.am64x.r5f.ti-arm-clang.release.lib : soc.obj (.text.SOC_moduleSetClockFrequency)
                  7009339a    00000002     --HOLE-- [fill = 0]
                  7009339c    00000128     enet-cpsw.am64x.r5f.ti-arm-clang.release.lib : cpsw_est_ioctl.obj (.text.CpswEst_ioctl_handler_ENET_TAS_IOCTL_SET_STATE)
                  700934c4    00000128     ltoQZamxA (.text.Cpsw_validateDfltFlow)
                  700935ec    00000128     enet-cpsw.am64x.r5f.ti-arm-clang.release.lib : enet_udmautils.obj (.text.EnetAppUtils_freePktInfoQ)
                  70093714    00000128                                                  : enet_rm_ioctl.obj (.text.EnetRm_ioctl_handler_ENET_RM_IOCTL_ALLOC_MAC_ADDR)
                  7009383c    00000004     ltoQZamxA (.text.EnetOsalDflt_disableIntr)
                  70093840    00000128     freertos.am64x.r5f.ti-arm-clang.release.lib : tasks.obj (.text.vTaskSwitchContext)
                  70093968    00000008     ltoQZamxA (.text.OUTLINED_FUNCTION_41)
                  70093970    00000126     freertos.am64x.r5f.ti-arm-clang.release.lib : queue.obj (.text.xQueueGenericSendFromISR)
                  70093a96    00000002     --HOLE-- [fill = 0]
                  70093a98    00000124     libc.a : s_scalbn.c.obj (.text.scalbn)
                  70093bbc    0000011c     enet-cpsw.am64x.r5f.ti-arm-clang.release.lib : csl_cpsw.obj (.text.CSL_CPSW_setAlePolicerEntry)
                  70093cd8    0000011a                                                  : cpsw_ale.obj (.text.CpswAle_close)
                  70093df2    00000002     --HOLE-- [fill = 0]
                  70093df4    00000118                                                  : enet_udma_priv.obj (.text.EnetUdma_ringEnqueue)
                  70093f0c    00000118     libclang_rt.builtins.a : udivmoddi4.S.obj (.text)
                  70094024    00000114     enet-cpsw.am64x.r5f.ti-arm-clang.release.lib : cpsw_ioctl.obj (.text.Cpsw_internalIoctl_handler_ENET_PER_IOCTL_ATTACH_CORE)
                  70094138    00000008     ltoQZamxA (.text.OUTLINED_FUNCTION_43)
                  70094140    00000112     freertos.am64x.r5f.ti-arm-clang.release.lib : tasks.obj (.text.prvAddNewTaskToReadyList)
                  70094252    00000002     --HOLE-- [fill = 0]
                  70094254    00000110     ltoQZamxA (.text.strtoul)
                  70094364    0000010c     enet-cpsw.am64x.r5f.ti-arm-clang.release.lib : cpsw_cpts_ioctl.obj (.text.CpswCpts_ioctl_handler_CPSW_CPTS_IOCTL_SET_ESTF)
                  70094470    0000010a     drivers.am64x.r5f.ti-arm-clang.release.lib : i2c_v0.obj (.text.I2C_transfer)
                  7009457a    00000006     ltoQZamxA (.text.EnetOsalDflt_cacheInv)
                  70094580    00000106     drivers.am64x.r5f.ti-arm-clang.release.lib : udma_rm.obj (.text.Udma_rmSetSharedResRmInitPrms)
                  70094686    0000000a     ltoQZamxA (.text.OUTLINED_FUNCTION_107)
                  70094690    00000106     freertos.am64x.r5f.ti-arm-clang.release.lib : queue.obj (.text.xQueueGiveFromISR)
                  70094796    00000002     --HOLE-- [fill = 0]
                  70094798    00000100     ltoQZamxA (.text.CpswStats_readMacStats)
                  70094898    00000100     enet-cpsw.am64x.r5f.ti-arm-clang.release.lib : enet_rm_ioctl.obj (.text.EnetRm_ioctl_handler_ENET_RM_IOCTL_ALLOC_TX_CH_PEERID)
                  70094998    00000008     ltoQZamxA (.text.OUTLINED_FUNCTION_46)
                  700949a0    00000100     drivers.am64x.r5f.ti-arm-clang.release.lib : i2c_v0.obj (.text.I2C_ctrlInit)
                  70094aa0    000000fe     board.am64x.r5f.ti-arm-clang.release.lib : eeprom_at24c.obj (.text.EEPROM_AT24C_write)
                  70094b9e    00000002     --HOLE-- [fill = 0]
                  70094ba0    000000fc     drivers.am64x.r5f.ti-arm-clang.release.lib : csl_lcdma_ringacc.obj (.text.CSL_lcdma_ringaccPop64MultiAccess)
                  70094c9c    00000004     ltoQZamxA (.text.EnetOsalDflt_enableIntr)
                  70094ca0    000000fc     freertos.am64x.r5f.ti-arm-clang.release.lib : queue.obj (.text.xQueueGenericCreateStatic)
                  70094d9c    00000004     ltoQZamxA (.text.EnetOsalDflt_isCacheCoherent)
                  70094da0    000000fa     drivers.am64x.r5f.ti-arm-clang.release.lib : udma_flow.obj (.text.Udma_flowConfig)
                  70094e9a    00000006     ltoQZamxA (.text.EnetOsalDflt_cacheWb)
                  70094ea0    000000fa     freertos.am64x.r5f.ti-arm-clang.release.lib : queue.obj (.text.xQueueReceiveFromISR)
                  70094f9a    000000f8     enet-cpsw.am64x.r5f.ti-arm-clang.release.lib : cpsw_ale_ioctl.obj (.text.CpswAle_ioctl_handler_CPSW_ALE_IOCTL_ADD_UCAST)
                  70095092    0000000e     ltoQZamxA (.text.OUTLINED_FUNCTION_48)
                  700950a0    000000f6     drivers.am64x.r5f.ti-arm-clang.release.lib : udma_ch.obj (.text.Udma_chEnable)
                  70095196    00000002     --HOLE-- [fill = 0]
                  70095198    000000f4     ti_enet_open_close.obj (.text.EnetApp_phyStateHandler)
                  7009528c    000000f4     enet-cpsw.am64x.r5f.ti-arm-clang.release.lib : enet.obj (.text.Enet_ioctl)
                  70095380    000000f0                                                  : enet_queue.obj (.text.EnetQueue_append)
                  70095470    000000f0     drivers.am64x.r5f.ti-arm-clang.release.lib : udma_ch.obj (.text.Udma_chFreeResource)
                  70095560    000000ee     freertos.am64x.r5f.ti-arm-clang.release.lib : tasks.obj (.text.vTaskDelete)
                  7009564e    00000002     --HOLE-- [fill = 0]
                  70095650    000000dc     enet-cpsw.am64x.r5f.ti-arm-clang.release.lib : cpsw_hostport.obj (.text.CpswHostPort_ioctl)
                  7009572c    000000dc                                                  : cpsw_stats.obj (.text.CpswStats_ioctl)
                  70095808    000000dc     ltoQZamxA (.text.Cpsw_unregisterIntrs)
                  700958e4    000000dc     enet-cpsw.am64x.r5f.ti-arm-clang.release.lib : mdio.obj (.text.Mdio_ioctl)
                  700959c0    000000da     drivers.am64x.r5f.ti-arm-clang.release.lib : udma_ch.obj (.text.Udma_chConfigTx)
                  70095a9a    00000002     --HOLE-- [fill = 0]
                  70095a9c    000000d8     enet-cpsw.am64x.r5f.ti-arm-clang.release.lib : cpsw.obj (.text.Cpsw_setDfltThreadCfg)
                  70095b74    0000000c     ltoQZamxA (.text.EnetAppUtils_printStatsNonZero)
                  70095b80    000000d6     board.am64x.r5f.ti-arm-clang.release.lib : eeprom_at24c.obj (.text.EEPROM_AT24C_read)
                  70095c56    0000000a     ltoQZamxA (.text.OUTLINED_FUNCTION_109)
                  70095c60    000000d4     drivers.am64x.r5f.ti-arm-clang.release.lib : csl_lcdma_ringacc.obj (.text.CSL_lcdma_ringaccPush64MultiAccess)
                  70095d34    000000d0     ltoQZamxA (.text.CpswStats_readHostStats)
                  70095e04    000000d0     ti_drivers_config.obj (.text.System_init)
                  70095ed4    0000000c     ltoQZamxA (.text.OUTLINED_FUNCTION_100)
                  70095ee0    000000ce     freertos.am64x.r5f.ti-arm-clang.release.lib : tasks.obj (.text.vTaskPriorityDisinheritAfterTimeout)
                  70095fae    00000002     --HOLE-- [fill = 0]
                  70095fb0    000000cc     ltoQZamxA (.text.CpswAle_findAddr)
                  7009607c    000000cc     enet-cpsw.am64x.r5f.ti-arm-clang.release.lib : enet_appmemutils.obj (.text.EnetMem_freeDmaDesc)
                  70096148    000000cc                                                  : enet_utils.obj (.text.EnetUtils_delayNs)
                  70096214    0000000c     ltoQZamxA (.text.OUTLINED_FUNCTION_103)
                  70096220    000000cc     freertos.am64x.r5f.ti-arm-clang.release.lib : timers.obj (.text.prvSampleTimeNow)
                  700962ec    000000c8     ltoQZamxA (.text.EnetPhy_bindDriver)
                  700963b4    0000000c     ltoQZamxA (.text.OUTLINED_FUNCTION_42)
                  700963c0    000000c6     freertos.am64x.r5f.ti-arm-clang.release.lib : tasks.obj (.text.prvInitialiseNewTask)
                  70096486    0000000a     ltoQZamxA (.text.OUTLINED_FUNCTION_111)
                  70096490    000000c6     freertos.am64x.r5f.ti-arm-clang.release.lib : tasks.obj (.text.xTaskCreateStatic)
                  70096556    00000002     --HOLE-- [fill = 0]
                  70096558    000000c4     ltoQZamxA (.text.EnetUdma_retrievePkts)
                  7009661c    000000c0     ltoQZamxA (.text.Cpsw_closePortLink)
                  700966dc    000000c0     enet-cpsw.am64x.r5f.ti-arm-clang.release.lib : mdio_ioctl.obj (.text.Mdio_ioctl_handler_ENET_MDIO_IOCTL_C22_WRITE)
                  7009679c    00000004     ltoQZamxA (.text.EnetOsalDflt_restoreAllIntr)
                  700967a0    000000c0     freertos.am64x.r5f.ti-arm-clang.release.lib : tasks.obj (.text.xTaskCheckForTimeOut)
                  70096860    000000bc     enet-cpsw.am64x.r5f.ti-arm-clang.release.lib : cpsw.obj (.text.Cpsw_close)
                  7009691c    000000bc                                                  : enet.obj (.text.EnetMod_open)
                  700969d8    000000bc                                                  : enet_phymdio_dflt.obj (.text.EnetPhyMdioDflt_writeC45)
                  70096a94    000000bc                                                  : enet_rm_ioctl.obj (.text.EnetRm_ioctl_handler_ENET_RM_IOCTL_INTERNAL_ALLOC_RX_FLOW)
                  70096b50    000000bc     drivers.am64x.r5f.ti-arm-clang.release.lib : i2c_v0.obj (.text.I2C_recoverBus)
                  70096c0c    00000004     ltoQZamxA (.text.EnetOsalDflt_timerRead)
                  70096c10    000000bc     drivers.am64x.r5f.ti-arm-clang.release.lib : pinmux.obj (.text.Pinmux_config)
                  70096ccc    00000004     ltoQZamxA (.text.EnetRm_ioctl_handler_default)
                  70096cd0    000000ba     drivers.am64x.r5f.ti-arm-clang.release.lib : csl_bcdma.obj (.text.CSL_bcdmaChanOpTeardownChan)
                  70096d8a    00000006     ltoQZamxA (.text.EnetOsalDflt_cacheWbInv)
                  70096d90    000000ba     freertos.am64x.r5f.ti-arm-clang.release.lib : tasks.obj (.text.vTaskStartScheduler)
                  70096e4a    00000006     ltoQZamxA (.text.EnetOsalDflt_unlockMutex)
                  70096e50    000000b8     drivers.am64x.r5f.ti-arm-clang.release.lib : csl_lcdma_ringacc.obj (.text.CSL_lcdma_ringaccDequeue)
                  70096f08    000000b8     enet-cpsw.am64x.r5f.ti-arm-clang.release.lib : enet_appmemutils.obj (.text.EnetMem_freeRingMem)
                  70096fc0    000000b8     drivers.am64x.r5f.ti-arm-clang.release.lib : uart_v0.obj (.text.UART_divisorLatchWrite)
                  70097078    000000b4     enet-cpsw.am64x.r5f.ti-arm-clang.release.lib : enet_phymdio_dflt.obj (.text.EnetPhyMdioDflt_writeC22)
                  7009712c    000000b4     ltoQZamxA (.text.Mdio_manualModePhyRegRead22)
                  700971e0    000000b2     drivers.am64x.r5f.ti-arm-clang.release.lib : uart_v0.obj (.text.UART_flushTxFifo)
                  70097292    0000000e     ltoQZamxA (.text.OUTLINED_FUNCTION_62)
                  700972a0    000000b2     freertos.am64x.r5f.ti-arm-clang.release.lib : tasks.obj (.text.eTaskGetState)
                  70097352    0000000e     ltoQZamxA (.text.OUTLINED_FUNCTION_66)
                  70097360    000000b0     freertos.am64x.r5f.ti-arm-clang.release.lib : ClockP_freertos.obj (.text.ClockP_construct)
                  70097410    000000b0     enet-cpsw.am64x.r5f.ti-arm-clang.release.lib : cpsw_ale.obj (.text.CpswAle_ioctl)
                  700974c0    000000b0                                                  : cpsw_cpts.obj (.text.CpswCpts_ioctl)
                  70097570    000000b0                                                  : cpsw_macport.obj (.text.CpswMacPort_ioctl)
                  70097620    000000b0     ltoQZamxA (.text.Cpsw_handleMdioLinkStateChange)
                  700976d0    000000b0     ltoQZamxA (.text.EnetOsalDflt_registerIntr)
                  70097780    000000b0     enet-cpsw.am64x.r5f.ti-arm-clang.release.lib : enet_rm_ioctl.obj (.text.EnetRm_ioctl_handler_ENET_RM_IOCTL_ATTACH)
                  70097830    000000b0     ltoQZamxA (.text.EnetUdma_getMappedRxChNum)
                  700978e0    000000b0     freertos.am64x.r5f.ti-arm-clang.release.lib : printf.obj (.text._ntoa_long_long)
                  70097990    000000ae                                                 : DebugP_uartScanf.obj (.text.DebugP_readLine)
                  70097a3e    00000002     --HOLE-- [fill = 0]
                  70097a40    000000ae                                                 : TaskP_freertos.obj (.text.TaskP_loadUpdateAll)
                  70097aee    00000002     --HOLE-- [fill = 0]
                  70097af0    000000ae                                                 : tasks.obj (.text.xTaskPriorityDisinherit)
                  70097b9e    00000002     --HOLE-- [fill = 0]
                  70097ba0    000000ac     enet-cpsw.am64x.r5f.ti-arm-clang.release.lib : cpsw_est.obj (.text.Cpsw_ioctlEst)
                  70097c4c    000000ac                                                  : enet_phymdio_dflt.obj (.text.EnetPhyMdioDflt_readC45)
                  70097cf8    000000ac     ltoQZamxA (.text.EnetPhy_setupManual)
                  70097da4    000000ac     enet-cpsw.am64x.r5f.ti-arm-clang.release.lib : enet_rm.obj (.text.EnetRm_ioctl)
                  70097e50    000000ac                                                  : mdio_ioctl.obj (.text.Mdio_ioctl_handler_ENET_MDIO_IOCTL_C22_READ)
                  70097efc    00000004                                                  : enet_rm.obj (.text.EnetRm_rejoin)
                  70097f00    000000aa     drivers.am64x.r5f.ti-arm-clang.release.lib : sciclient_rm_irq.obj (.text.Sciclient_rmIaValidateMapping)
                  70097faa    00000006     enet-cpsw.am64x.r5f.ti-arm-clang.release.lib : generic_phy.obj (.text.GenericPhy_reset)
                  70097fb0    000000aa     drivers.am64x.r5f.ti-arm-clang.release.lib : uart_v0.obj (.text.UART_procLineStatusErr)
                  7009805a    00000006     ltoQZamxA (.text.OUTLINED_FUNCTION_0)
                  70098060    000000aa     drivers.am64x.r5f.ti-arm-clang.release.lib : udma_rm.obj (.text.Udma_rmAllocMappedRxCh)
                  7009810a    00000006     ltoQZamxA (.text.OUTLINED_FUNCTION_108)
                  70098110    000000aa     drivers.am64x.r5f.ti-arm-clang.release.lib : udma_rm.obj (.text.Udma_rmAllocMappedTxCh)
                  700981ba    00000002     --HOLE-- [fill = 0]
                  700981bc    000000a8     enet-cpsw.am64x.r5f.ti-arm-clang.release.lib : cpsw_macport_est.obj (.text.CpswMacPort_ioctlEst)
                  70098264    000000a8                                                  : enet_phymdio_dflt.obj (.text.EnetPhyMdioDflt_readC22)
                  7009830c    00000004     ltoQZamxA (.text.EnetUtilsDflt_physToVirtDflt)
                  70098310    000000a6     drivers.am64x.r5f.ti-arm-clang.release.lib : i2c_v0.obj (.text.I2C_close)
                  700983b6    0000000a     ltoQZamxA (.text.OUTLINED_FUNCTION_112)
                  700983c0    000000a6     freertos.am64x.r5f.ti-arm-clang.release.lib : printf.obj (.text._out_rev)
                  70098466    000000a4     enet-cpsw.am64x.r5f.ti-arm-clang.release.lib : csl_cpsw.obj (.text.CSL_CPSW_setCpswControlReg)
                  7009850a    00000002     --HOLE-- [fill = 0]
                  7009850c    000000a4     ltoQZamxA (.text.CpswMacPortEst_ioctl_handler_CPSW_MACPORT_IOCTL_REGISTER_HANDLER)
                  700985b0    000000a4     enet-cpsw.am64x.r5f.ti-arm-clang.release.lib : enet_rm_ioctl.obj (.text.EnetRm_ioctl_handler_ENET_RM_IOCTL_FREE_MAC_ADDR)
                  70098654    000000a4     ltoQZamxA (.text.EnetUdma_ringDequeue)
                  700986f8    00000008     ltoQZamxA (.text.OUTLINED_FUNCTION_53)
                  70098700    000000a4     drivers.am64x.r5f.ti-arm-clang.release.lib : sciclient_pm.obj (.text.Sciclient_pmQueryModuleClkFreq)
                  700987a4    0000000c     ltoQZamxA (.text.OUTLINED_FUNCTION_45)
                  700987b0    000000a2     drivers.am64x.r5f.ti-arm-clang.release.lib : sciclient_rm_irq.obj (.text.Sciclient_rmIrInpIsFree)
                  70098852    0000000e     ltoQZamxA (.text.OUTLINED_FUNCTION_69)
                  70098860    000000a2     freertos.am64x.r5f.ti-arm-clang.release.lib : tasks.obj (.text.xTaskRemoveFromEventList)
                  70098902    00000002     --HOLE-- [fill = 0]
                  70098904    000000a0     ltoQZamxA (.text.CpswStats_ioctl_handler_CPSW_STATS_IOCTL_REGISTER_HANDLER)
                  700989a4    000000a0     ltoQZamxA (.text.EnetRm_ioctl_handler_ENET_RM_IOCTL_REGISTER_HANDLER)
                  70098a44    0000000c     ltoQZamxA (.text.OUTLINED_FUNCTION_71)
                  70098a50    000000a0     drivers.am64x.r5f.ti-arm-clang.release.lib : udma.obj (.text.Udma_init)
                  70098af0    000000a0                                                : udma_rm.obj (.text.Udma_rmAllocBlkCopyCh)
                  70098b90    000000a0                                                : udma_rm.obj (.text.Udma_rmAllocBlkCopyHcCh)
                  70098c30    000000a0                                                : udma_rm.obj (.text.Udma_rmAllocBlkCopyUhcCh)
                  70098cd0    000000a0                                                : udma_rm.obj (.text.Udma_rmAllocIrIntr)
                  70098d70    000000a0                                                : udma_rm.obj (.text.Udma_rmAllocRxCh)
                  70098e10    000000a0                                                : udma_rm.obj (.text.Udma_rmAllocRxHcCh)
                  70098eb0    000000a0                                                : udma_rm.obj (.text.Udma_rmAllocRxUhcCh)
                  70098f50    000000a0                                                : udma_rm.obj (.text.Udma_rmAllocTxCh)
                  70098ff0    000000a0                                                : udma_rm.obj (.text.Udma_rmAllocTxHcCh)
                  70099090    000000a0                                                : udma_rm.obj (.text.Udma_rmAllocTxUhcCh)
                  70099130    000000a0     libsysbm.a : memset32.S.obj (.text:memset)
                  700991d0    0000009c     ltoQZamxA (.text.CpswAle_ioctl_handler_CPSW_ALE_IOCTL_REGISTER_HANDLER)
                  7009926c    0000009c     ltoQZamxA (.text.CpswCpts_ioctl_handler_CPSW_CPTS_IOCTL_REGISTER_HANDLER)
                  70099308    0000009c     ltoQZamxA (.text.CpswHostPort_ioctl_handler_CPSW_HOSTPORT_IOCTL_REGISTER_HANDLER)
                  700993a4    0000009c     ltoQZamxA (.text.CpswMacPort_ioctl_handler_CPSW_MACPORT_IOCTL_REGISTER_HANDLER)
                  70099440    0000009c     enet-cpsw.am64x.r5f.ti-arm-clang.release.lib : enet_phymdio_dflt.obj (.text.EnetPhyMdioDflt_isAlive)
                  700994dc    0000009c                                                  : enet_phymdio_dflt.obj (.text.EnetPhyMdioDflt_isLinked)
                  70099578    00000008     ltoQZamxA (.text.OUTLINED_FUNCTION_57)
                  70099580    0000009a     drivers.am64x.r5f.ti-arm-clang.release.lib : sciclient.obj (.text.Sciclient_init)
                  7009961a    00000006     ltoQZamxA (.text.OUTLINED_FUNCTION_114)
                  70099620    0000009a     drivers.am64x.r5f.ti-arm-clang.release.lib : sciclient.obj (.text.Sciclient_sendMessage)
                  700996ba    00000002     --HOLE-- [fill = 0]
                  700996bc    00000098     ti_enet_config.obj (.text.EnetApp_coreAttach)
                  70099754    00000098     ltoQZamxA (.text.EnetPhy_findCommonNwayCaps)
                  700997ec    00000098     ltoQZamxA (.text.EnetRm_allocInternalRxFlowIdx)
                  70099884    00000098     ltoQZamxA (.text.EnetRm_allocResource)
                  7009991c    00000098     ltoQZamxA (.text.split)
                  700999b4    0000000c     ltoQZamxA (.text.OUTLINED_FUNCTION_73)
                  700999c0    00000096     freertos.am64x.r5f.ti-arm-clang.release.lib : tasks.obj (.text.vTaskGetInfo)
                  70099a56    00000002     --HOLE-- [fill = 0]
                  70099a58    00000094     ltoQZamxA (.text.Mdio_ioctl_handler_MDIO_IOCTL_REGISTER_HANDLER)
                  70099aec    00000004     ltoQZamxA (.text.EnetUtilsDflt_virtToPhysDflt)
                  70099af0    00000094     drivers.am64x.r5f.ti-arm-clang.release.lib : uart_v0.obj (.text.UART_init)
                  70099b84    0000000c     ltoQZamxA (.text.OUTLINED_FUNCTION_75)
                  70099b90    00000094     drivers.am64x.r5f.ti-arm-clang.release.lib : udma_rm.obj (.text.Udma_rmAllocMappedRing)
                  70099c24    0000000c     ltoQZamxA (.text.OUTLINED_FUNCTION_76)
                  70099c30    00000092     drivers.am64x.r5f.ti-arm-clang.release.lib : sciclient_pm.obj (.text.Sciclient_pmSetModuleClkFreq)
                  70099cc2    0000000e     ltoQZamxA (.text.OUTLINED_FUNCTION_70)
                  70099cd0    00000092     drivers.am64x.r5f.ti-arm-clang.release.lib : udma_ch.obj (.text.Udma_chClose)
                  70099d62    0000000c     ltoQZamxA (.text.OUTLINED_FUNCTION_77)
                  70099d6e    00000002     --HOLE-- [fill = 0]
                  70099d70    00000092     drivers.am64x.r5f.ti-arm-clang.release.lib : udma_event.obj (.text.Udma_eventFreeResource)
                  70099e02    00000002     --HOLE-- [fill = 0]
                  70099e04    00000090     ltoQZamxA (.text.CpswEst_ioctl_handler_CPSW_EST_IOCTL_REGISTER_HANDLER)
                  70099e94    00000090     ltoQZamxA (.text.EnetRm_initCoreResourceQ)
                  70099f24    0000000c     ltoQZamxA (.text.OUTLINED_FUNCTION_79)
                  70099f30    00000090     freertos.am64x.r5f.ti-arm-clang.release.lib : tasks.obj (.text.xTaskPriorityInherit)
                  70099fc0    0000008e     drivers.am64x.r5f.ti-arm-clang.release.lib : csl_pktdma.obj (.text.CSL_pktdmaTeardownChan)
                  7009a04e    00000002     --HOLE-- [fill = 0]
                  7009a050    0000008e                                                : uart_v0.obj (.text.UART_readCancelNoCB)
                  7009a0de    00000002     --HOLE-- [fill = 0]
                  7009a0e0    0000008e                                                : udma_ring_lcdma.obj (.text.Udma_ringSetCfgLcdma)
                  7009a16e    00000002     --HOLE-- [fill = 0]
                  7009a170    0000008e     freertos.am64x.r5f.ti-arm-clang.release.lib : port.obj (.text.pxPortInitialiseStack)
                  7009a1fe    00000002     --HOLE-- [fill = 0]
                  7009a200    0000008c     ti_enet_soc.obj (.text.EnetSoc_releaseIntrCfg)
                  7009a28c    0000008c     ti_enet_soc.obj (.text.EnetSoc_setupIntrCfg)
                  7009a318    0000008c     enet-cpsw.am64x.r5f.ti-arm-clang.release.lib : mdio_ioctl.obj (.text.Mdio_ioctl_handler_MDIO_IOCTL_HANDLE_INTR)
                  7009a3a4    0000000c     ltoQZamxA (.text.OUTLINED_FUNCTION_81)
                  7009a3b0    0000008c     freertos.am64x.r5f.ti-arm-clang.release.lib : printf.obj (.text._ntoa_long)
                  7009a43c    00000004     ltoQZamxA (.text.GenericPhy_isMacModeSupported)
                  7009a440    0000008a     drivers.am64x.r5f.ti-arm-clang.release.lib : udma_event.obj (.text.Udma_eventIsrFxn)
                  7009a4ca    00000002     --HOLE-- [fill = 0]
                  7009a4cc    00000088     ltoQZamxA (.text.EnetAppUtils_validatePacketState)
                  7009a554    00000088     enet-cpsw.am64x.r5f.ti-arm-clang.release.lib : enet.obj (.text.Enet_getDmaHandle)
                  7009a5dc    00000004     ltoQZamxA (.text.GenericPhy_isPhyDevSupported)
                  7009a5e0    00000088     drivers.am64x.r5f.ti-arm-clang.release.lib : udma_rm.obj (.text.Udma_rmGetSciclientDefaultBoardCfgRmRange)
                  7009a668    00000088     libc.a : fflush.c.obj (.text.__TI_doflush)
                  7009a6f0    00000086     enet-cpsw.am64x.r5f.ti-arm-clang.release.lib : csl_cpsw.obj (.text.CSL_CPSW_getCpswControlReg)
                  7009a776    0000000a     ltoQZamxA (.text.OUTLINED_FUNCTION_113)
                  7009a780    00000086     drivers.am64x.r5f.ti-arm-clang.release.lib : i2c_v0.obj (.text.I2CMasterInitExpClk)
                  7009a806    0000000a     ltoQZamxA (.text.OUTLINED_FUNCTION_115)
                  7009a810    00000086     freertos.am64x.r5f.ti-arm-clang.release.lib : timers.obj (.text.xTimerCreateTimerTask)
                  7009a896    00000002     --HOLE-- [fill = 0]
                  7009a898    00000084     enet-cpsw.am64x.r5f.ti-arm-clang.release.lib : enetphy.obj (.text.EnetPhy_rmwReg)
                  7009a91c    00000084                                                  : enet_rm_ioctl.obj (.text.EnetRm_ioctl_handler_ENET_RM_IOCTL_ALLOC_RX_FLOW)
                  7009a9a0    00000084                                                  : enet_udma_priv.obj (.text.EnetUdma_txCqIsr)
                  7009aa24    0000000c     ltoQZamxA (.text.OUTLINED_FUNCTION_86)
                  7009aa30    00000084     freertos.am64x.r5f.ti-arm-clang.release.lib : tasks.obj (.text.prvAddCurrentTaskToDelayedList)
                  7009aab4    00000080     enet-cpsw.am64x.r5f.ti-arm-clang.release.lib : csl_cpsw_ale_9g_tblcfg.obj (.text.CSL_CPSW_setAleVlanUnicastAddrEntry)
                  7009ab34    00000080                                                  : enet_udma_priv.obj (.text.EnetUdma_rxCqIsr)
                  7009abb4    0000000c     ltoQZamxA (.text.OUTLINED_FUNCTION_87)
                  7009abc0    00000080     freertos.am64x.r5f.ti-arm-clang.release.lib : queue.obj (.text.prvCopyDataToQueue)
                  7009ac40    00000080                                                 : queue.obj (.text.xQueueGenericReset)
                  7009acc0    00000080                                                 : timers.obj (.text.xTimerCreateStatic)
                  7009ad40    0000007e     drivers.am64x.r5f.ti-arm-clang.release.lib : csl_intaggr.obj (.text.CSL_intaggrSetIntrEnable)
                  7009adbe    00000002     --HOLE-- [fill = 0]
                  7009adc0    0000007c     enet-cpsw.am64x.r5f.ti-arm-clang.release.lib : cpsw_ioctl.obj (.text.Cpsw_internalIoctl_handler_ENET_PER_IOCTL_DETACH_CORE)
                  7009ae3c    0000007c                                                  : enet_queue.obj (.text.EnetQueue_enq)
                  7009aeb8    0000007c     ltoQZamxA (.text.EnetUdma_registerEvent)
                  7009af34    0000007c     libsysbm.a : hostrename.c.obj (.text.HOSTrename)
                  7009afb0    0000007c     drivers.am64x.r5f.ti-arm-clang.release.lib : sciclient_rm_irq.obj (.text.Sciclient_rmIrOutpIsFree)
                  7009b02c    00000004     ltoQZamxA (.text.Mdio_ioctl_handler_default)
                  7009b030    0000007c     drivers.am64x.r5f.ti-arm-clang.release.lib : sciclient_rm_irq.obj (.text.Sciclient_rmIrqGetNode)
                  7009b0ac    00000004     enet-cpsw.am64x.r5f.ti-arm-clang.release.lib : mdio.obj (.text.Mdio_rejoin)
                  7009b0b0    0000007a     drivers.am64x.r5f.ti-arm-clang.release.lib : sciclient_pm.obj (.text.Sciclient_pmGetModuleClkNumParent)
                  7009b12a    00000006     ltoQZamxA (.text.OUTLINED_FUNCTION_116)
                  7009b130    0000007a     drivers.am64x.r5f.ti-arm-clang.release.lib : sciclient_rm_irq.obj (.text.Sciclient_rmTranslateIntOutput)
                  7009b1aa    00000006     ltoQZamxA (.text.OUTLINED_FUNCTION_121)
                  7009b1b0    0000007a     freertos.am64x.r5f.ti-arm-clang.release.lib : timers.obj (.text.prvCheckForValidListAndQueue)
                  7009b22a    00000006     ltoQZamxA (.text.OUTLINED_FUNCTION_122)
                  7009b230    0000007a     freertos.am64x.r5f.ti-arm-clang.release.lib : tasks.obj (.text.prvIdleTask)
                  7009b2aa    00000002     --HOLE-- [fill = 0]
                  7009b2ac    00000078     enet-cpsw.am64x.r5f.ti-arm-clang.release.lib : csl_cpsw_ale_9g_tblcfg.obj (.text.CSL_CPSW_setAleUnicastAddrEntry)
                  7009b324    00000078                                                  : enetphy.obj (.text.EnetPhy_getId)
                  7009b39c    00000078                                                  : enet_rm_ioctl.obj (.text.EnetRm_ioctl_handler_ENET_RM_IOCTL_FREE_TX_CH_PEERID)
                  7009b414    0000000c     ltoQZamxA (.text.OUTLINED_FUNCTION_89)
                  7009b420    00000076     freertos.am64x.r5f.ti-arm-clang.release.lib : DebugP_freertos.obj (.text._DebugP_logZone)
                  7009b496    0000000a     ltoQZamxA (.text.OUTLINED_FUNCTION_117)
                  7009b4a0    00000076     freertos.am64x.r5f.ti-arm-clang.release.lib : timers.obj (.text.xTimerGenericCommand)
                  7009b516    00000002     --HOLE-- [fill = 0]
                  7009b518    00000074     ltoQZamxA (.text.Cpsw_setupEstf)
                  7009b58c    00000074     enet-cpsw.am64x.r5f.ti-arm-clang.release.lib : enet.obj (.text.EnetMod_ioctl)
                  7009b600    00000074                                                  : enet_queue.obj (.text.EnetQueue_deq)
                  7009b674    00000074     libc.a : atoi.c.obj (.text.atoi)
                  7009b6e8    00000008     ltoQZamxA (.text.OUTLINED_FUNCTION_6)
                  7009b6f0    00000072     drivers.am64x.r5f.ti-arm-clang.release.lib : udma_rm.obj (.text.Udma_rmAllocVintrBit)
                  7009b762    0000000c     ltoQZamxA (.text.OUTLINED_FUNCTION_92)
                  7009b76e    00000002     --HOLE-- [fill = 0]
                  7009b770    00000072     freertos.am64x.r5f.ti-arm-clang.release.lib : queue.obj (.text.prvUnlockQueue)
                  7009b7e2    00000002     --HOLE-- [fill = 0]
                  7009b7e4    00000070     ltoQZamxA (.text.EnetAppUtils_reduceCoreMacAllocation)
                  7009b854    00000070     ltoQZamxA (.text.EnetMem_allocEthPkt)
                  7009b8c4    00000070     ltoQZamxA (.text.EnetOsalDflt_createMutex)
                  7009b934    00000070     ltoQZamxA (.text.EnetRm_getFreeQ)
                  7009b9a4    00000070     enet-cpsw.am64x.r5f.ti-arm-clang.release.lib : enet_rm_ioctl.obj (.text.EnetRm_ioctl_handler_ENET_RM_IOCTL_INTERNAL_FREE_RX_FLOW)
                  7009ba14    00000070     ltoQZamxA (.text.Enet_getHandles)
                  7009ba84    0000000c     ltoQZamxA (.text.OUTLINED_FUNCTION_93)
                  7009ba90    00000070     freertos.am64x.r5f.ti-arm-clang.release.lib : SemaphoreP_freertos.obj (.text.SemaphoreP_constructBinary)
                  7009bb00    00000070                                                 : queue.obj (.text.xQueueCreateCountingSemaphoreStatic)
                  7009bb70    0000006e     drivers.am64x.r5f.ti-arm-clang.release.lib : csl_pktdma.obj (.text.CSL_pktdmaAccessChanPeerReg)
                  7009bbde    00000002     --HOLE-- [fill = 0]
                  7009bbe0    0000006e                                                : soc.obj (.text.SOC_moduleClockEnable)
                  7009bc4e    00000002     --HOLE-- [fill = 0]
                  7009bc50    0000006e                                                : sciclient_pm.obj (.text.Sciclient_pmGetModuleState)
                  7009bcbe    00000002     --HOLE-- [fill = 0]
                  7009bcc0    0000006c     enet-cpsw.am64x.r5f.ti-arm-clang.release.lib : cpsw_ioctl.obj (.text.Cpsw_internalIoctl_handler_ENET_PER_IOCTL_IS_PORT_LINK_UP)
                  7009bd2c    0000006c                                                  : enetphy.obj (.text.EnetPhy_isAlive)
                  7009bd98    0000006c                                                  : enet_udma_priv.obj (.text.EnetUdma_dmaDescEnque)
                  7009be04    0000006c     libsysbm.a : hostopen.c.obj (.text.HOSTopen)
                  7009be70    0000006c     drivers.am64x.r5f.ti-arm-clang.release.lib : soc.obj (.text.SOC_isR5FDualCoreMode)
                  7009bedc    0000006a     enet-cpsw.am64x.r5f.ti-arm-clang.release.lib : csl_cpsw.obj (.text.CSL_CPSW_setPTypeReg)
                  7009bf46    0000000a     ltoQZamxA (.text.OUTLINED_FUNCTION_119)
                  7009bf50    0000006a     freertos.am64x.r5f.ti-arm-clang.release.lib : timers.obj (.text.prvInitialiseNewTimer)
                  7009bfba    00000006     ltoQZamxA (.text.OUTLINED_FUNCTION_124)
                  7009bfc0    00000068     freertos.am64x.r5f.ti-arm-clang.release.lib : AddrTranslateP.obj (.text.AddrTranslateP_getLocalAddr)
                  7009c028    00000068     enet-cpsw.am64x.r5f.ti-arm-clang.release.lib : csl_cpsw.obj (.text.CSL_CPSW_setPortEstConfig)
                  7009c090    00000068     ltoQZamxA (.text.EnetAppUtils_setDeviceState)
                  7009c0f8    00000068     enet-cpsw.am64x.r5f.ti-arm-clang.release.lib : enet_rm.obj (.text.EnetRm_freeResource)
                  7009c160    00000068                                                  : mdio.obj (.text.Mdio_close)
                  7009c1c8    00000008     ltoQZamxA (.text.OUTLINED_FUNCTION_74)
                  7009c1d0    00000068     drivers.am64x.r5f.ti-arm-clang.release.lib : uart_v0.obj (.text.UART_writeCancelNoCB)
                  7009c238    00000068     ltoQZamxA (.text.__aeabi_assert)
                  7009c2a0    00000068     main.obj (.text.main)
                  7009c308    00000008     ltoQZamxA (.text.OUTLINED_FUNCTION_80)
                  7009c310    00000066     drivers.am64x.r5f.ti-arm-clang.release.lib : sciclient_pm.obj (.text.Sciclient_pmGetModuleClkFreq)
                  7009c376    0000000a     ltoQZamxA (.text.OUTLINED_FUNCTION_120)
                  7009c380    00000066     drivers.am64x.r5f.ti-arm-clang.release.lib : sciclient_pm.obj (.text.Sciclient_pmGetModuleClkParent)
                  7009c3e6    0000000a     ltoQZamxA (.text.OUTLINED_FUNCTION_123)
                  7009c3f0    00000064     drivers.am64x.r5f.ti-arm-clang.release.lib : csl_bcdma.obj (.text.CSL_bcdmaDoChanOp)
                  7009c454    00000064     ltoQZamxA (.text.EnetRm_freeInternalRxFlowIdx)
                  7009c4b8    00000064     libsysbm.a : hostlseek.c.obj (.text.HOSTlseek)
                  7009c51c    00000004     ti_dpl_config.obj (.text.putchar_)
                  7009c520    00000064     drivers.am64x.r5f.ti-arm-clang.release.lib : sciclient_pm.obj (.text.Sciclient_pmModuleGetClkStatus)
                  7009c584    0000000c     ltoQZamxA (.text.OUTLINED_FUNCTION_97)
                  7009c590    00000064     drivers.am64x.r5f.ti-arm-clang.release.lib : udma_ring_lcdma.obj (.text.Udma_ringFlushRawLcdma)
                  7009c5f4    0000000c     ltoQZamxA (.text.OUTLINED_FUNCTION_99)
                  7009c600    00000064     freertos.am64x.r5f.ti-arm-clang.release.lib : PmuP_armv7r.obj (.text.pmu)
                  7009c664    0000000c     libc.a : assert.c.obj (.text._abort_msg)
                  7009c670    00000064     freertos.am64x.r5f.ti-arm-clang.release.lib : queue.obj (.text.vQueueDelete)
                  7009c6d4    0000000c     libc.a : memory.c.obj (.text.malloc)
                  7009c6e0    00000062     drivers.am64x.r5f.ti-arm-clang.release.lib : udma_ring_common.obj (.text.Udma_ringFree)
                  7009c742    00000002     --HOLE-- [fill = 0]
                  7009c744    0000000c     freertos.am64x.r5f.ti-arm-clang.release.lib : CpuId_armv7r_asm.obj (.text)
                  7009c750    00000062     drivers.am64x.r5f.ti-arm-clang.release.lib : udma_ring_common.obj (.text.Udma_ringQueueRaw)
                  7009c7b2    00000002     --HOLE-- [fill = 0]
                  7009c7b4    00000060     enet-cpsw.am64x.r5f.ti-arm-clang.release.lib : cpsw_macport_est_ioctl.obj (.text.CpswMacPortEst_ioctl_handler_ENET_TAS_IOCTL_SET_STATE)
                  7009c814    00000060     ltoQZamxA (.text.EnetAppUtils_mainMmrCtrl)
                  7009c874    0000000a     ltoQZamxA (.text.OUTLINED_FUNCTION_125)
                  7009c87e    00000002     --HOLE-- [fill = 0]
                  7009c880    00000060     drivers.am64x.r5f.ti-arm-clang.release.lib : i2c_v0.obj (.text.I2C_waitForPin)
                  7009c8e0    00000060     ltoQZamxA (.text.Mdio_manualModePhyRegAddWriteC45)
                  7009c940    00000060     drivers.am64x.r5f.ti-arm-clang.release.lib : udma_rm.obj (.text.Udma_rmFreeMappedRing)
                  7009c9a0    0000005e                                                : sciclient_pm.obj (.text.Sciclient_pmModuleClkRequest)
                  7009c9fe    00000002     --HOLE-- [fill = 0]
                  7009ca00    0000005e                                                : sciclient_pm.obj (.text.Sciclient_pmSetModuleClkParent)
                  7009ca5e    00000002     --HOLE-- [fill = 0]
                  7009ca60    0000005c                                                : csl_bcdma.obj (.text.CSL_bcdmaChanOpGetChanStats)
                  7009cabc    00000004     libc.a : sscanf.c.obj (.text.vsscanf)
                  7009cac0    0000005c     drivers.am64x.r5f.ti-arm-clang.release.lib : csl_bcdma.obj (.text.CSL_bcdmaChanOpSetChanPause)
                  7009cb1c    0000005c     enet-cpsw.am64x.r5f.ti-arm-clang.release.lib : enet.obj (.text.EnetMod_close)
                  7009cb78    0000005c                                                  : enet_udma.obj (.text.EnetUdma_close)
                  7009cbd4    0000005c                                                  : generic_phy.obj (.text.GenericPhy_readExtReg)
                  7009cc30    0000005c     ltoQZamxA (.text.OUTLINED_FUNCTION_4)
                  7009cc8c    00000004     libclang_rt.builtins.a : aeabi_memcpy.S.obj (.text)
                  7009cc90    0000005c     drivers.am64x.r5f.ti-arm-clang.release.lib : udma_rm.obj (.text.Udma_rmAllocEvent)
                  7009ccec    00000004     --HOLE-- [fill = 0]
                  7009ccf0    0000005c                                                : udma_rm.obj (.text.Udma_rmAllocVintr)
                  7009cd4c    00000004     --HOLE-- [fill = 0]
                  7009cd50    0000005c     freertos.am64x.r5f.ti-arm-clang.release.lib : DebugP_log.obj (.text._DebugP_assert)
                  7009cdac    00000004     --HOLE-- [fill = 0]
                  7009cdb0    0000005a     drivers.am64x.r5f.ti-arm-clang.release.lib : i2c_v0.obj (.text.I2C_completeCurrTransfer)
                  7009ce0a    00000006     ltoQZamxA (.text.OUTLINED_FUNCTION_134)
                  7009ce10    0000005a     drivers.am64x.r5f.ti-arm-clang.release.lib : udma_flow.obj (.text.Udma_flowAttachMapped)
                  7009ce6a    00000006     ltoQZamxA (.text.OUTLINED_FUNCTION_18)
                  7009ce70    0000005a     drivers.am64x.r5f.ti-arm-clang.release.lib : udma_ring_common.obj (.text.Udma_ringDequeueRaw)
                  7009ceca    00000002     --HOLE-- [fill = 0]
                  7009cecc    00000058     ltoQZamxA (.text.CpswAle_delIPv6HighEntry)
                  7009cf24    00000058     enet-cpsw.am64x.r5f.ti-arm-clang.release.lib : cpsw_stats_ioctl.obj (.text.CpswStats_ioctl_handler_ENET_STATS_IOCTL_GET_MACPORT_STATS)
                  7009cf7c    00000058                                                  : cpsw_stats.obj (.text.CpswStats_resetHostStats)
                  7009cfd4    00000058     libsysbm.a : hostread.c.obj (.text.HOSTread)
                  7009d02c    00000004     --HOLE-- [fill = 0]
                  7009d030    00000058     freertos.am64x.r5f.ti-arm-clang.release.lib : SemaphoreP_freertos.obj (.text.SemaphoreP_constructCounting)
                  7009d088    00000008     ltoQZamxA (.text.OUTLINED_FUNCTION_82)
                  7009d090    00000058     freertos.am64x.r5f.ti-arm-clang.release.lib : SemaphoreP_freertos.obj (.text.SemaphoreP_pend)
                  7009d0e8    00000058     libsysbm.a : trgmsg.c.obj (.text.__TI_readmsg)
                  7009d140    00000058                : trgmsg.c.obj (.text.__TI_writemsg)
                  7009d198    00000058     libc.a : sprintf.c.obj (.text.sprintf)
                  7009d1f0    00000058     freertos.am64x.r5f.ti-arm-clang.release.lib : tasks.obj (.text.vTaskPlaceOnEventListRestricted)
                  7009d248    00000008     ltoQZamxA (.text.OUTLINED_FUNCTION_84)
                  7009d250    00000056     drivers.am64x.r5f.ti-arm-clang.release.lib : uart_dma.obj (.text.UART_dmaDisableChannel)
                  7009d2a6    0000000a     ltoQZamxA (.text.OUTLINED_FUNCTION_126)
                  7009d2b0    00000056     freertos.am64x.r5f.ti-arm-clang.release.lib : tasks.obj (.text.vTaskDelay)
                  7009d306    0000000a     ltoQZamxA (.text.OUTLINED_FUNCTION_127)
                  7009d310    00000054     drivers.am64x.r5f.ti-arm-clang.release.lib : csl_bcdma.obj (.text.CSL_bcdmaChanOpGetChanRT)
                  7009d364    0000000a     ltoQZamxA (.text.OUTLINED_FUNCTION_128)
                  7009d36e    00000002     --HOLE-- [fill = 0]
                  7009d370    00000054     drivers.am64x.r5f.ti-arm-clang.release.lib : csl_intaggr.obj (.text.CSL_intaggrIsIntrPending)
                  7009d3c4    00000054     enet-cpsw.am64x.r5f.ti-arm-clang.release.lib : cpsw_macport_ioctl.obj (.text.CpswMacPort_ioctl_handler_ENET_TAS_IOCTL_SET_STATE)
                  7009d418    00000054     ltoQZamxA (.text.EnetDma_submitRxPktQ)
                  7009d46c    00000054     enet-cpsw.am64x.r5f.ti-arm-clang.release.lib : enet_appmemutils.obj (.text.EnetMem_allocRingMem)
                  7009d4c0    00000054     ti_enet_soc.obj (.text.EnetSoc_getIntrNum)
                  7009d514    0000000a     ltoQZamxA (.text.OUTLINED_FUNCTION_129)
                  7009d51e    00000002     --HOLE-- [fill = 0]
                  7009d520    00000054     drivers.am64x.r5f.ti-arm-clang.release.lib : sciclient_rm.obj (.text.Sciclient_rmGetResourceRange)
                  7009d574    0000000a     ltoQZamxA (.text.OUTLINED_FUNCTION_130)
                  7009d57e    00000002     --HOLE-- [fill = 0]
                  7009d580    00000054     drivers.am64x.r5f.ti-arm-clang.release.lib : uart_dma.obj (.text.UART_dmaClose)
                  7009d5d4    00000052     enet-cpsw.am64x.r5f.ti-arm-clang.release.lib : csl_cpsw.obj (.text.CSL_CPSW_getPTypeReg)
                  7009d626    0000000a     ltoQZamxA (.text.OUTLINED_FUNCTION_131)
                  7009d630    00000052     drivers.am64x.r5f.ti-arm-clang.release.lib : sciclient_pm.obj (.text.Sciclient_pmSetModuleState)
                  7009d682    0000000a     ltoQZamxA (.text.OUTLINED_FUNCTION_132)
                  7009d68c    00000004     --HOLE-- [fill = 0]
                  7009d690    00000052     freertos.am64x.r5f.ti-arm-clang.release.lib : SemaphoreP_freertos.obj (.text.SemaphoreP_constructMutex)
                  7009d6e2    0000000a     ltoQZamxA (.text.OUTLINED_FUNCTION_133)
                  7009d6ec    00000004     --HOLE-- [fill = 0]
                  7009d6f0    00000052     freertos.am64x.r5f.ti-arm-clang.release.lib : SemaphoreP_freertos.obj (.text.SemaphoreP_post)
                  7009d742    0000000a     ltoQZamxA (.text.OUTLINED_FUNCTION_135)
                  7009d74c    00000004     --HOLE-- [fill = 0]
                  7009d750    00000052     freertos.am64x.r5f.ti-arm-clang.release.lib : TaskP_freertos.obj (.text.TaskP_destruct)
                  7009d7a2    0000000a     ltoQZamxA (.text.OUTLINED_FUNCTION_136)
                  7009d7ac    00000004     --HOLE-- [fill = 0]
                  7009d7b0    00000052     freertos.am64x.r5f.ti-arm-clang.release.lib : queue.obj (.text.xQueueGiveMutexRecursive)
                  7009d802    0000000a     ltoQZamxA (.text.OUTLINED_FUNCTION_17)
                  7009d80c    00000004     --HOLE-- [fill = 0]
                  7009d810    00000050     drivers.am64x.r5f.ti-arm-clang.release.lib : csl_bcdma.obj (.text.CSL_bcdmaChanOpDecChanStats)
                  7009d860    00000050     enet-cpsw.am64x.r5f.ti-arm-clang.release.lib : cpsw.obj (.text.Cpsw_rejoin)
                  7009d8b0    00000050     ltoQZamxA (.text.EnetDma_checkPktState.588)
                  7009d900    00000050     enet-cpsw.am64x.r5f.ti-arm-clang.release.lib : enet_udma.obj (.text.EnetDma_retrieveRxPktQ)
                  7009d950    00000050                                                  : enet_udma.obj (.text.EnetDma_retrieveTxPktQ)
                  7009d9a0    00000050     ltoQZamxA (.text.EnetOsalDflt_deleteMutex)
                  7009d9f0    00000050     ltoQZamxA (.text.EnetOsalDflt_unregisterIntr)
                  7009da40    00000050     enet-cpsw.am64x.r5f.ti-arm-clang.release.lib : enet_trace.obj (.text.EnetTrace_trace)
                  7009da90    00000050                                                  : generic_phy.obj (.text.GenericPhy_writeExtReg)
                  7009dae0    00000050     ltoQZamxA (.text.OUTLINED_FUNCTION_7)
                  7009db30    00000050     drivers.am64x.r5f.ti-arm-clang.release.lib : sciclient_soc_priv.obj (.text.Sciclient_getContext)
                  7009db80    00000050                                                : udma_rm.obj (.text.Udma_rmFreeVintrBit)
                  7009dbd0    00000050     freertos.am64x.r5f.ti-arm-clang.release.lib : tasks.obj (.text.prvDeleteTCB)
                  7009dc20    00000050     libc.a : autoinit.c.obj (.text:__TI_auto_init_nobinit_nopinit)
                  7009dc70    0000004e     drivers.am64x.r5f.ti-arm-clang.release.lib : udma_ch.obj (.text.UdmaChTxPrms_init)
                  7009dcbe    00000002     --HOLE-- [fill = 0]
                  7009dcc0    0000004e                                                : udma_soc.obj (.text.Udma_getMappedChRingAttributes)
                  7009dd0e    00000002     --HOLE-- [fill = 0]
                  7009dd10    0000004e     freertos.am64x.r5f.ti-arm-clang.release.lib : tasks.obj (.text.vTaskPlaceOnEventList)
                  7009dd5e    00000002     --HOLE-- [fill = 0]
                  7009dd60    0000004e                                                 : queue.obj (.text.xQueueTakeMutexRecursive)
                  7009ddae    00000002     --HOLE-- [fill = 0]
                  7009ddb0    0000004c                                                 : ClockP_freertos.obj (.text.ClockP_getTimeUsec)
                  7009ddfc    0000004c     enet-cpsw.am64x.r5f.ti-arm-clang.release.lib : cpsw_ale_ioctl.obj (.text.CpswAle_ioctl_handler_CPSW_ALE_IOCTL_GET_DEFAULT_THREADCFG)
                  7009de48    0000004c                                                  : cpsw_ale.obj (.text.CpswAle_setPolicerDefaultThreadCfg)
                  7009de94    0000004c     libsysbm.a : hostwrite.c.obj (.text.HOSTwrite)
                  7009dee0    0000004c     drivers.am64x.r5f.ti-arm-clang.release.lib : udma_ring_lcdma.obj (.text.Udma_ringSetDoorBellLcdma)
                  7009df2c    0000004a     enet-cpsw.am64x.r5f.ti-arm-clang.release.lib : csl_cpsw.obj (.text.CSL_CPSW_getTxMaxLenPerPriority)
                  7009df76    0000004a     ltoQZamxA (.text.CpswMacPort_reset)
                  7009dfc0    0000004a     drivers.am64x.r5f.ti-arm-clang.release.lib : udma_ch.obj (.text.UdmaChPrms_init)
                  7009e00a    00000006     ltoQZamxA (.text.OUTLINED_FUNCTION_1)
                  7009e010    0000004a     drivers.am64x.r5f.ti-arm-clang.release.lib : udma_rm.obj (.text.Udma_rmFreeMappedRxCh)
                  7009e05a    00000006     ltoQZamxA (.text.OUTLINED_FUNCTION_22)
                  7009e060    0000004a     drivers.am64x.r5f.ti-arm-clang.release.lib : udma_rm.obj (.text.Udma_rmFreeMappedTxCh)
                  7009e0aa    00000006     ltoQZamxA (.text.OUTLINED_FUNCTION_28)
                  7009e0b0    00000048     drivers.am64x.r5f.ti-arm-clang.release.lib : csl_bcdma.obj (.text.CSL_bcdmaChanOpSetChanRT)
                  7009e0f8    00000008     ltoQZamxA (.text.OUTLINED_FUNCTION_85)
                  7009e100    00000048     drivers.am64x.r5f.ti-arm-clang.release.lib : csl_intaggr.obj (.text.CSL_intaggrClrIntr)
                  7009e148    00000048     enet-cpsw.am64x.r5f.ti-arm-clang.release.lib : cpsw_ioctl.obj (.text.Cpsw_internalIoctl_handler_ENET_IOCTL_REGISTER_RX_DEFAULT_FLOW)
                  7009e190    00000048     ltoQZamxA (.text.EnetApp_macMode2MacMii)
                  7009e1d8    00000048     ltoQZamxA (.text.EnetDma_checkPktState)
                  7009e220    00000048     ltoQZamxA (.text.EnetPhy_getLocalCaps)
                  7009e268    00000048     enet-cpsw.am64x.r5f.ti-arm-clang.release.lib : enet_utils.obj (.text.EnetUtils_printf)
                  7009e2b0    00000048     drivers.am64x.r5f.ti-arm-clang.release.lib : udma_ch.obj (.text.UdmaChRxPrms_init)
                  7009e2f8    00000046     ltoQZamxA (.text.OUTLINED_FUNCTION_8)
                  7009e33e    00000002     --HOLE-- [fill = 0]
                  7009e340    00000046     drivers.am64x.r5f.ti-arm-clang.release.lib : sciclient_procboot.obj (.text.Sciclient_procBootGetProcessorState)
                  7009e386    0000000a     ltoQZamxA (.text.OUTLINED_FUNCTION_21)
                  7009e390    00000046     freertos.am64x.r5f.ti-arm-clang.release.lib : queue.obj (.text.vQueueWaitForMessageRestricted)
                  7009e3d6    00000002     --HOLE-- [fill = 0]
                  7009e3d8    00000044     enet-cpsw.am64x.r5f.ti-arm-clang.release.lib : csl_cpsw_ale_9g_tblcfg.obj (.text.CSL_CPSW_getALEPolicerEntryType)
                  7009e41c    00000044                                                  : cpsw_stats_ioctl.obj (.text.CpswStats_ioctl_handler_ENET_STATS_IOCTL_GET_HOSTPORT_STATS)
                  7009e460    00000044                                                  : cpsw_ioctl.obj (.text.Cpsw_internalIoctl_handler_ENET_IOCTL_UNREGISTER_RX_DEFAULT_FLOW)
                  7009e4a4    00000044     ltoQZamxA (.text.EnetAppUtils_clkRateSetState)
                  7009e4e8    00000044     enet-cpsw.am64x.r5f.ti-arm-clang.release.lib : enet_queue.obj (.text.EnetQueue_getQCount)
                  7009e52c    00000044                                                  : enet_rm_ioctl.obj (.text.EnetRm_ioctl_handler_ENET_RM_IOCTL_VALIDATE_RX_FLOW)
                  7009e570    00000044     ltoQZamxA (.text.EnetSoc_getMacPortMii)
                  7009e5b4    00000044     enet-cpsw.am64x.r5f.ti-arm-clang.release.lib : enet.obj (.text.Enet_getHandleInfo)
                  7009e5f8    00000044                                                  : mdio_ioctl.obj (.text.Mdio_ioctl_handler_ENET_MDIO_IOCTL_IS_LINKED)
                  7009e63c    00000004     --HOLE-- [fill = 0]
                  7009e640    00000044     drivers.am64x.r5f.ti-arm-clang.release.lib : sciclient_pm.obj (.text.Sciclient_pmSetModuleRst)
                  7009e684    0000000a     ltoQZamxA (.text.OUTLINED_FUNCTION_26)
                  7009e68e    00000002     --HOLE-- [fill = 0]
                  7009e690    00000044     drivers.am64x.r5f.ti-arm-clang.release.lib : sciclient_rm_irq.obj (.text.Sciclient_rmIrqUnmappedVintRouteDelete)
                  7009e6d4    00000044     ltoQZamxA (.text.free_list_insert)
                  7009e718    00000008     ltoQZamxA (.text.OUTLINED_FUNCTION_91)
                  7009e720    00000042     drivers.am64x.r5f.ti-arm-clang.release.lib : sciclient_rm.obj (.text.Sciclient_rmIrqReleaseRaw)
                  7009e762    0000000a     ltoQZamxA (.text.OUTLINED_FUNCTION_38)
                  7009e76c    00000004     --HOLE-- [fill = 0]
                  7009e770    00000042     drivers.am64x.r5f.ti-arm-clang.release.lib : sciclient_rm.obj (.text.Sciclient_rmPsilPair)
                  7009e7b2    0000000a     ltoQZamxA (.text.OUTLINED_FUNCTION_39)
                  7009e7bc    00000004     --HOLE-- [fill = 0]
                  7009e7c0    00000042     drivers.am64x.r5f.ti-arm-clang.release.lib : sciclient_rm.obj (.text.Sciclient_rmPsilUnpair)
                  7009e802    00000002     --HOLE-- [fill = 0]
                  7009e804    00000040     ti_board_open_close.obj (.text.Board_eepromOpen)
                  7009e844    00000040     enet-cpsw.am64x.r5f.ti-arm-clang.release.lib : csl_cpsw_ale_9g_tblcfg.obj (.text.CSL_CPSW_mapTableWord2MacAddr)
                  7009e884    00000040                                                  : csl_cpsw.obj (.text.CSL_CPSW_setAlePolicerControlReg)
                  7009e8c4    0000000a     ltoQZamxA (.text.OUTLINED_FUNCTION_49)
                  7009e8ce    00000002     --HOLE-- [fill = 0]
                  7009e8d0    00000040     drivers.am64x.r5f.ti-arm-clang.release.lib : csl_bcdma.obj (.text.CSL_bcdmaChanOpSetBurstSize)
                  7009e910    00000040     ltoQZamxA (.text.CpswAle_getFreeEntry)
                  7009e950    00000040     enet-cpsw.am64x.r5f.ti-arm-clang.release.lib : cpsw_hostport.obj (.text.CpswHostPort_close)
                  7009e990    00000040     ltoQZamxA (.text.Cpsw_mdioIsr)
                  7009e9d0    00000040     ti_dpl_config.obj (.text.Dpl_init)
                  7009ea10    00000040     ltoQZamxA (.text.EnetDma_checkDescState)
                  7009ea50    00000040     enet-cpsw.am64x.r5f.ti-arm-clang.release.lib : enetphy.obj (.text.EnetPhy_getLinkCfg)
                  7009ea90    00000040                                                  : enet_rm_ioctl.obj (.text.EnetRm_ioctl_handler_ENET_RM_IOCTL_FREE_RX_FLOW)
                  7009ead0    00000040     drivers.am64x.r5f.ti-arm-clang.release.lib : i2c_v0.obj (.text.I2C_init)
                  7009eb10    00000040     ltoQZamxA (.text.Mdio_manualModeSendPreamble)
                  7009eb50    00000040     drivers.am64x.r5f.ti-arm-clang.release.lib : sciclient_rm.obj (.text.Sciclient_rmIrqSetRaw)
                  7009eb90    00000040                                                : sciclient_rm.obj (.text.Sciclient_rmRingCfg)
                  7009ebd0    00000040                                                : sciclient_rm.obj (.text.Sciclient_rmUdmapFlowCfg)
                  7009ec10    00000040                                                : sciclient_rm.obj (.text.Sciclient_rmUdmapFlowSizeThreshCfg)
                  7009ec50    00000040                                                : sciclient_rm.obj (.text.Sciclient_rmUdmapRxChCfg)
                  7009ec90    00000040                                                : sciclient_rm.obj (.text.Sciclient_rmUdmapTxChCfg)
                  7009ecd0    00000040                                                : udma_rm.obj (.text.Udma_rmFreeBlkCopyCh)
                  7009ed10    00000040                                                : udma_rm.obj (.text.Udma_rmFreeBlkCopyHcCh)
                  7009ed50    00000040                                                : udma_rm.obj (.text.Udma_rmFreeBlkCopyUhcCh)
                  7009ed90    00000040                                                : udma_rm.obj (.text.Udma_rmFreeEvent)
                  7009edd0    00000040                                                : udma_rm.obj (.text.Udma_rmFreeIrIntr)
                  7009ee10    00000040                                                : udma_rm.obj (.text.Udma_rmFreeRxCh)
                  7009ee50    00000040                                                : udma_rm.obj (.text.Udma_rmFreeRxHcCh)
                  7009ee90    00000040                                                : udma_rm.obj (.text.Udma_rmFreeRxUhcCh)
                  7009eed0    00000040                                                : udma_rm.obj (.text.Udma_rmFreeTxCh)
                  7009ef10    00000040                                                : udma_rm.obj (.text.Udma_rmFreeTxHcCh)
                  7009ef50    00000040                                                : udma_rm.obj (.text.Udma_rmFreeTxUhcCh)
                  7009ef90    00000040                                                : udma_rm.obj (.text.Udma_rmFreeVintr)
                  7009efd0    00000040     freertos.am64x.r5f.ti-arm-clang.release.lib : timers.obj (.text.prvInsertTimerInActiveList)
                  7009f010    0000003e                                                 : ClockP_freertos.obj (.text.ClockP_stop)
                  7009f04e    00000002     --HOLE-- [fill = 0]
                  7009f050    0000003e     drivers.am64x.r5f.ti-arm-clang.release.lib : soc.obj (.text.SOC_controlModuleUnlockMMR)
                  7009f08e    00000002     --HOLE-- [fill = 0]
                  7009f090    0000003e                                                : udma_flow.obj (.text.UdmaFlowPrms_init)
                  7009f0ce    00000002     --HOLE-- [fill = 0]
                  7009f0d0    0000003e                                                : udma_ring_common.obj (.text.Udma_ringFlushRaw)
                  7009f10e    0000003c     enet-cpsw.am64x.r5f.ti-arm-clang.release.lib : csl_cpsw.obj (.text.CSL_CPSW_getAleStatusNumPolicers)
                  7009f14a    00000006     ltoQZamxA (.text.OUTLINED_FUNCTION_32)
                  7009f150    0000003c     drivers.am64x.r5f.ti-arm-clang.release.lib : csl_bcdma.obj (.text.CSL_bcdmaGetCfg)
                  7009f18c    0000003c     ltoQZamxA (.text.EnetBoard_findPortCfg)
                  7009f1c8    0000003c     enet-cpsw.am64x.r5f.ti-arm-clang.release.lib : enet_appmemutils.obj (.text.EnetMem_allocDmaDesc)
                  7009f204    0000003c                                                  : enet.obj (.text.Enet_getHandle)
                  7009f240    0000003c     libsysbm.a : hostunlink.c.obj (.text.HOSTunlink)
                  7009f27c    00000004     --HOLE-- [fill = 0]
                  7009f280    0000003c     drivers.am64x.r5f.ti-arm-clang.release.lib : udma_ring_lcdma.obj (.text.Udma_ringPrimeReadLcdma)
                  7009f2bc    0000003c     libc.a : fopen.c.obj (.text.__TI_cleanup)
                  7009f2f8    00000008     ltoQZamxA (.text.OUTLINED_FUNCTION_94)
                  7009f300    0000003c     freertos.am64x.r5f.ti-arm-clang.release.lib : TaskP_freertos.obj (.text.vApplicationLoadHook)
                  7009f33c    00000004     --HOLE-- [fill = 0]
                  7009f340    0000003c                                                 : tasks.obj (.text.xTaskGetIdleTaskHandle)
                  7009f37c    00000004     --HOLE-- [fill = 0]
                  7009f380    0000003a                                                 : DebugP_uartLogWriter.obj (.text.DebugP_uartLogWriterPutChar)
                  7009f3ba    00000006     ltoQZamxA (.text.OUTLINED_FUNCTION_37)
                  7009f3c0    0000003a     board.am64x.r5f.ti-arm-clang.release.lib : eeprom.obj (.text.EEPROM_open)
                  7009f3fa    0000003a     enet-cpsw.am64x.r5f.ti-arm-clang.release.lib : enet_udma.obj (.text.EnetDma_initPktInfo)
                  7009f434    0000003a     ltoQZamxA (.text.EnetPhy_initState)
                  7009f46e    00000002     --HOLE-- [fill = 0]
                  7009f470    0000003a     drivers.am64x.r5f.ti-arm-clang.release.lib : uart_dma.obj (.text.UART_dmaOpen)
                  7009f4aa    00000006     ltoQZamxA (.text.OUTLINED_FUNCTION_3)
                  7009f4b0    0000003a     freertos.am64x.r5f.ti-arm-clang.release.lib : timers.obj (.text.pvTimerGetTimerID)
                  7009f4ea    00000006     ltoQZamxA (.text.OUTLINED_FUNCTION_40)
                  7009f4f0    0000003a     freertos.am64x.r5f.ti-arm-clang.release.lib : list.obj (.text.vListInsert)
                  7009f52a    00000002     --HOLE-- [fill = 0]
                  7009f52c    00000038     enet-cpsw.am64x.r5f.ti-arm-clang.release.lib : csl_cpsw_ale_9g_tblcfg.obj (.text.CSL_CPSW_getALEEntryType)
                  7009f564    00000038     ltoQZamxA (.text.CpswAle_getIoctlHandlerIdx)
                  7009f59c    00000038     ltoQZamxA (.text.CpswCpts_getIoctlHandlerIdx)
                  7009f5d4    00000038     ltoQZamxA (.text.CpswEst_getIoctlHandlerIdx)
                  7009f60c    00000038     ltoQZamxA (.text.CpswHostPort_getIoctlHandlerIdx)
                  7009f644    00000038     ltoQZamxA (.text.CpswMacPortEst_getIoctlHandlerIdx)
                  7009f67c    00000038     ltoQZamxA (.text.CpswMacPort_getIoctlHandlerIdx)
                  7009f6b4    00000038     ltoQZamxA (.text.CpswStats_getIoctlHandlerIdx)
                  7009f6ec    00000038     ltoQZamxA (.text.Cpsw_getIoctlHandlerIdx)
                  7009f724    00000038     ltoQZamxA (.text.Dp83867_rmwExtReg)
                  7009f75c    00000038     ltoQZamxA (.text.Dp83869_rmwExtReg)
                  7009f794    00000038     ltoQZamxA (.text.EnetRm_getIoctlHandlerIdx)
                  7009f7cc    00000038     enet-cpsw.am64x.r5f.ti-arm-clang.release.lib : enet_udma_priv.obj (.text.EnetUdma_dmaDescDeque)
                  7009f804    00000038     ltoQZamxA (.text.Mdio_getIoctlHandlerIdx)
                  7009f83c    00000038     enet-cpsw.am64x.r5f.ti-arm-clang.release.lib : mdio_ioctl.obj (.text.Mdio_ioctl_handler_ENET_MDIO_IOCTL_IS_ALIVE)
                  7009f874    0000000a     ltoQZamxA (.text.OUTLINED_FUNCTION_56)
                  7009f87e    00000002     --HOLE-- [fill = 0]
[...]
700a8ec0  GTC0_gtc_push_event_0_0_to_TIMESYNC_EVENT_INTROUTER0_in_36_36                 
700a8ec8  MAIN_GPIOMUX_INTROUTER0_outp_0_15_to_GICSS0_spi_32_47                         
700a8ed0  MAIN_GPIOMUX_INTROUTER0_outp_0_15_to_R5FSS0_CORE0_intr_32_47                  
700a8ed8  MAIN_GPIOMUX_INTROUTER0_outp_0_15_to_R5FSS0_CORE1_intr_32_47                  
700a8ee0  MAIN_GPIOMUX_INTROUTER0_outp_0_15_to_R5FSS1_CORE0_intr_32_47                  
700a8ee8  MAIN_GPIOMUX_INTROUTER0_outp_0_15_to_R5FSS1_CORE1_intr_32_47                  
700a8ef0  MAIN_GPIOMUX_INTROUTER0_outp_16_17_to_DMASS0_INTAGGR_0_intaggr_levi_pend_24_25
700a8ef8  MAIN_GPIOMUX_INTROUTER0_outp_18_23_to_PRU_ICSSG0_pr1_iep0_cap_intr_req_4_9    
700a8f00  MAIN_GPIOMUX_INTROUTER0_outp_18_23_to_PRU_ICSSG1_pr1_iep0_cap_intr_req_4_9    
700a8f08  MAIN_GPIOMUX_INTROUTER0_outp_24_29_to_PRU_ICSSG0_pr1_iep1_cap_intr_req_10_15  
700a8f10  MAIN_GPIOMUX_INTROUTER0_outp_24_29_to_PRU_ICSSG1_pr1_iep1_cap_intr_req_10_15  
700a8f18  MAIN_GPIOMUX_INTROUTER0_outp_30_37_to_DMASS0_INTAGGR_0_intaggr_levi_pend_16_23
700a8f20  MAIN_GPIOMUX_INTROUTER0_outp_38_45_to_PRU_ICSSG0_pr1_slv_intr_46_53           
700a8f28  MAIN_GPIOMUX_INTROUTER0_outp_46_53_to_PRU_ICSSG1_pr1_slv_intr_46_53           
700a8f30  MCU_GPIO0_gpio_0_29_to_MCU_MCU_GPIOMUX_INTROUTER0_in_0_29                     
700a8f38  MCU_GPIO0_gpio_bank_30_31_to_MCU_MCU_GPIOMUX_INTROUTER0_in_30_31              
700a8f40  MCU_MCU_GPIOMUX_INTROUTER0_outp_0_3_to_GICSS0_spi_104_107                     
700a8f48  MCU_MCU_GPIOMUX_INTROUTER0_outp_0_3_to_R5FSS0_CORE0_intr_104_107              
700a8f50  MCU_MCU_GPIOMUX_INTROUTER0_outp_0_3_to_R5FSS0_CORE1_intr_104_107              
700a8f58  MCU_MCU_GPIOMUX_INTROUTER0_outp_0_3_to_R5FSS1_CORE0_intr_104_107              
700a8f60  MCU_MCU_GPIOMUX_INTROUTER0_outp_0_3_to_R5FSS1_CORE1_intr_104_107              
700a8f68  MCU_MCU_GPIOMUX_INTROUTER0_outp_4_7_to_MCU_M4FSS0_CORE0_nvic_0_3              
700a8f70  MCU_MCU_GPIOMUX_INTROUTER0_outp_8_11_to_MCU_ESM0_esm_pls_event0_88_91         
700a8f78  MCU_MCU_GPIOMUX_INTROUTER0_outp_8_11_to_MCU_ESM0_esm_pls_event1_92_95         
700a8f80  MCU_MCU_GPIOMUX_INTROUTER0_outp_8_11_to_MCU_ESM0_esm_pls_event2_96_99         
700a8f88  PCIE0_pcie_cpts_comp_0_0_to_CMP_EVENT_INTROUTER0_in_81_81                     
700a8f90  PCIE0_pcie_cpts_genf0_1_1_to_TIMESYNC_EVENT_INTROUTER0_in_23_23               
700a8f98  PCIE0_pcie_cpts_hw1_push_2_2_to_TIMESYNC_EVENT_INTROUTER0_in_37_37            
700a8fa0  PCIE0_pcie_cpts_sync_3_3_to_TIMESYNC_EVENT_INTROUTER0_in_33_33                
700a8fa8  PCIE0_pcie_ptm_valid_pulse_4_4_to_TIMESYNC_EVENT_INTROUTER0_in_38_38          
700a8fb0  PRU_ICSSG0_pr1_edc0_sync0_out_0_0_to_TIMESYNC_EVENT_INTROUTER0_in_25_25       
700a8fb8  PRU_ICSSG0_pr1_edc0_sync1_out_1_1_to_TIMESYNC_EVENT_INTROUTER0_in_26_26       
700a8fc0  PRU_ICSSG0_pr1_edc1_sync0_out_2_2_to_TIMESYNC_EVENT_INTROUTER0_in_27_27       
700a8fc8  PRU_ICSSG0_pr1_edc1_sync1_out_3_3_to_TIMESYNC_EVENT_INTROUTER0_in_28_28       
700a8fd0  PRU_ICSSG0_pr1_host_intr_req_4_11_to_CMP_EVENT_INTROUTER0_in_0_7              
700a8fd8  PRU_ICSSG0_pr1_iep0_cmp_intr_req_12_27_to_CMP_EVENT_INTROUTER0_in_16_31       
700a8fe0  PRU_ICSSG0_pr1_iep1_cmp_intr_req_28_43_to_CMP_EVENT_INTROUTER0_in_32_47       
700a8fe8  PRU_ICSSG1_pr1_edc0_sync0_out_0_0_to_TIMESYNC_EVENT_INTROUTER0_in_29_29       
700a8ff0  PRU_ICSSG1_pr1_edc0_sync1_out_1_1_to_TIMESYNC_EVENT_INTROUTER0_in_30_30       
700a8ff8  PRU_ICSSG1_pr1_edc1_sync0_out_2_2_to_TIMESYNC_EVENT_INTROUTER0_in_31_31       
700a9000  PRU_ICSSG1_pr1_edc1_sync1_out_3_3_to_TIMESYNC_EVENT_INTROUTER0_in_32_32       
700a9008  PRU_ICSSG1_pr1_host_intr_req_4_11_to_CMP_EVENT_INTROUTER0_in_8_15             
700a9010  PRU_ICSSG1_pr1_iep0_cmp_intr_req_12_27_to_CMP_EVENT_INTROUTER0_in_48_63       
700a9018  PRU_ICSSG1_pr1_iep1_cmp_intr_req_28_43_to_CMP_EVENT_INTROUTER0_in_64_79       
700a9020  TIMER0_timer_pwm_0_0_to_TIMESYNC_EVENT_INTROUTER0_in_0_0                      
700a9028  TIMER1_timer_pwm_0_0_to_TIMESYNC_EVENT_INTROUTER0_in_1_1                      
700a9030  TIMER2_timer_pwm_0_0_to_TIMESYNC_EVENT_INTROUTER0_in_2_2                      
700a9038  TIMER3_timer_pwm_0_0_to_TIMESYNC_EVENT_INTROUTER0_in_3_3                      
700a9040  TIMESYNC_EVENT_INTROUTER0_outl_0_7_to_DMASS0_INTAGGR_0_intaggr_levi_pend_8_15 
700a9048  TIMESYNC_EVENT_INTROUTER0_outl_10_10_to_PRU_ICSSG0_pr1_edc1_latch0_in_2_2     
700a9050  TIMESYNC_EVENT_INTROUTER0_outl_11_11_to_PRU_ICSSG0_pr1_edc1_latch1_in_3_3     
700a9058  TIMESYNC_EVENT_INTROUTER0_outl_12_12_to_PRU_ICSSG1_pr1_edc0_latch0_in_0_0     
700a9060  TIMESYNC_EVENT_INTROUTER0_outl_13_13_to_PRU_ICSSG1_pr1_edc0_latch1_in_1_1     
700a9068  TIMESYNC_EVENT_INTROUTER0_outl_14_14_to_PRU_ICSSG1_pr1_edc1_latch0_in_2_2     
700a9070  TIMESYNC_EVENT_INTROUTER0_outl_15_15_to_PRU_ICSSG1_pr1_edc1_latch1_in_3_3     
700a9078  TIMESYNC_EVENT_INTROUTER0_outl_16_16_to_CPTS0_cpts_hw1_push_0_0               
700a9080  TIMESYNC_EVENT_INTROUTER0_outl_17_17_to_CPTS0_cpts_hw2_push_1_1               
700a9088  TIMESYNC_EVENT_INTROUTER0_outl_18_18_to_CPTS0_cpts_hw3_push_2_2               
700a9090  TIMESYNC_EVENT_INTROUTER0_outl_19_19_to_CPTS0_cpts_hw4_push_3_3               
700a9098  TIMESYNC_EVENT_INTROUTER0_outl_20_20_to_CPTS0_cpts_hw5_push_4_4               
700a90a0  TIMESYNC_EVENT_INTROUTER0_outl_21_21_to_CPTS0_cpts_hw6_push_5_5               
700a90a8  TIMESYNC_EVENT_INTROUTER0_outl_22_22_to_CPTS0_cpts_hw7_push_6_6               
700a90b0  TIMESYNC_EVENT_INTROUTER0_outl_23_23_to_CPTS0_cpts_hw8_push_7_7               
700a90b8  TIMESYNC_EVENT_INTROUTER0_outl_29_29_to_PCIE0_pcie_cpts_hw2_push_0_0          
700a90c0  TIMESYNC_EVENT_INTROUTER0_outl_30_30_to_CPSW0_cpts_hw1_push_0_0               
700a90c8  TIMESYNC_EVENT_INTROUTER0_outl_31_31_to_CPSW0_cpts_hw2_push_1_1               
700a90d0  TIMESYNC_EVENT_INTROUTER0_outl_32_32_to_CPSW0_cpts_hw3_push_2_2               
700a90d8  TIMESYNC_EVENT_INTROUTER0_outl_33_33_to_CPSW0_cpts_hw4_push_3_3               
700a90e0  TIMESYNC_EVENT_INTROUTER0_outl_34_34_to_CPSW0_cpts_hw5_push_4_4               
700a90e8  TIMESYNC_EVENT_INTROUTER0_outl_35_35_to_CPSW0_cpts_hw6_push_5_5               
700a90f0  TIMESYNC_EVENT_INTROUTER0_outl_36_36_to_CPSW0_cpts_hw7_push_6_6               
700a90f8  TIMESYNC_EVENT_INTROUTER0_outl_37_37_to_CPSW0_cpts_hw8_push_7_7               
700a9100  TIMESYNC_EVENT_INTROUTER0_outl_8_8_to_PRU_ICSSG0_pr1_edc0_latch0_in_0_0       
700a9108  TIMESYNC_EVENT_INTROUTER0_outl_9_9_to_PRU_ICSSG0_pr1_edc0_latch1_in_1_1       
700a9110  gCacheConfig                                                                  
700a9118  tisci_if_GPIO0                                                                
700a9120  tisci_if_GPIO1                                                                
700a9128  tisci_if_MCU_GPIO0                                                            
700a91e8  gRmIrqTreeCount                                                               
700a91ec  tisci_if_EPWM0                                                                
700a91f0  tisci_if_EPWM3                                                                
700a91f4  tisci_if_EPWM6                                                                
700a91f8  tisci_if_GPMC0                                                                
700a91fc  tisci_if_GTC0                                                                 
700a9200  tisci_if_TIMER0                                                               
700a9204  tisci_if_TIMER1                                                               
700a9208  tisci_if_TIMER2                                                               
700a920c  tisci_if_TIMER3                                                               
700a9210  uxTopUsedPriority                                                             
700c0d80  __BSS_START                                                                   
700c5d80  gMainTaskStack                                                                
700c9400  gHwiCtrl                                                                      
700cce48  gUdmaDrvObj                                                                   
700cfdb8  gEepromObject_AT24C                                                           
700cff64  _CIOBUF_                                                                      
700cff64  __CIOBUF_                                                                     
700d0184  xQueueRegistry                                                                
700d0400  gTaskP_ctrl                                                                   
700d0650  gMainTaskObj                                                                  
700d072c  gRovDummyQueue                                                                
700d07c0  gClockCtrl                                                                    
700d0898  virtToPhymap                                                                  
700d08b8  gEepromHandle                                                                 
700d08bc  gMainTask                                                                     
700d0900  __BSS_END                                                                     
700d0900  _sys_memory                                                                   
700d0d00  __stack                                                                       
700d2d00  __STACK_END                                                                   
700d2d00  gUartDmaConfig                                                                
700d4fb8  vint_usage_count_DMASS0_INTAGGR_0                                             
700d5468  gRmIrInstances                                                                
700d54c8  __TI_dtors_ptr                                                                
700d54cc  __TI_cleanup_ptr                                                              
700d5524  gUdmaRmSharedResPrms                                                          
700d57f4  gRmIaInstances                                                                
700d5814  FreeRTOS_errno                                                                
700d5818  gSciclientSecProxyCfg                                                         
700d5850  gClockConfig                                                                  
700d5878  gEepromFxns_AT24C                                                             
700d5888  gI2cConfig                                                                    
700d58a8  gAddrTranslateConfig                                                          
700d58b4  gEepromAttrs_AT24C                                                            
700d58c0  gEepromConfig                                                                 
700d58cc  gEepromParams                                                                 
700d58dc  gUartConfig                                                                   
700d58e4  gDebugLogZone                                                                 
700d58f8  gDebugP_uartDrvIndex                                                          
700d58fc  gEepromConfigNum                                                              
700d5900  gHwiConfig                                                                    
700d5904  gI2cConfigNum                                                                 
700d591c  gUartConfigNum                                                                
700d5920  gUartDmaConfigNum                                                             
700d5928  pxCurrentTCB                                                                  
700d592c  ulPortInterruptNesting                                                        
700d5930  ulPortSchedularRunning                                                        
700d5934  ulPortTaskHasFPUContext                                                       
700d5938  ulPortYieldRequired                                                           
700d5996  isMapAvailable                                                                
700d59a1  HwiP_enableInt                                                                
700d59d1  HwiP_disableInt                                                               
700d5a11  HwiP_restoreInt                                                               
700d5a71  HwiP_clearInt                                                                 
700d5a91  HwiP_post                                                                     
700d5ac1  HwiP_Params_init                                                              
700d5ae1  HwiP_construct                                                                
700d5c31  HwiP_destruct                                                                 
700d5d11  HwiP_init                                                                     
700d5de1  HwiP_inISR                                                                    
700d5e01  HwiP_irq_handler_c                                                            
700d5e91  HwiP_fiq_handler                                                              
700d5f51  HwiP_reserved_handler                                                         
700d5f81  HwiP_undefined_handler                                                        
700d5fb1  HwiP_prefetch_abort_handler                                                   
700d5fe1  HwiP_data_abort_handler                                                       
700d6010  vPortRestoreTaskContext                                                       
700d6048  HwiP_svc_handler                                                              
700d60b8  HwiP_irq_handler                                                              
700d61fc  HwiP_disable                                                                  
700d620c  HwiP_disableFIQ                                                               
700d621c  HwiP_enable                                                                   
700d622c  HwiP_enableFIQ                                                                
700d623c  HwiP_restore                                                                  
700d6244  HwiP_enableVIC                                                                
700d6254  HwiP_disableVIC                                                               
700d6264  HwiP_getCPSR                                                                  
700d6270  CacheP_disableL1d                                                             
700d6298  CacheP_disableL1p                                                             
700d62b0  CacheP_enableL1d                                                              
700d62c8  CacheP_enableL1p                                                              
700d62e0  CacheP_invL1d                                                                 
700d6318  CacheP_invL1p                                                                 
700d6354  CacheP_invL1dAll                                                              
700d635c  CacheP_invL1pAll                                                              
700d6364  CacheP_wb                                                                     
700d63a0  CacheP_wbInv                                                                  
700d63dc  CacheP_wbAll                                                                  
700d6484  CacheP_wbInvAll                                                               
700d649c  CacheP_wbInvAllAsm                                                            
700d653c  CacheP_getEnabled                                                             
700d6574  CacheP_getCacheLevelInfo                                                      
700d6580  CacheP_configForceWrThru                                                      
700d65a0  CacheP_setDLFO                                                                
700d65b1  CacheP_init                                                                   
700d6621  CacheP_disable                                                                
700d6661  CacheP_enable                                                                 
700d6681  CacheP_inv                                                                    
700d66c1  MpuP_RegionAttrs_init                                                         
700d66d1  MpuP_setRegion                                                                
700d6781  MpuP_enable                                                                   
700d67c1  MpuP_disable                                                                  
700d6801  MpuP_isEnable                                                                 
700d6811  MpuP_init                                                                     
700d6874  MpuP_disableAsm                                                               
700d688c  MpuP_disableBRAsm                                                             
700d689c  MpuP_enableAsm                                                                
700d68b4  MpuP_enableBRAsm                                                              
700d68c4  MpuP_isEnableAsm                                                              
700d68d8  MpuP_setRegionAsm                                                             
700d6900  _c_int00_sbl                                                                  
700d6924  _c_int00                                                                      
700d6a01  _DebugP_assertNoLog                                                           
700d6a1f  __mpu_init                                                                    
700d6a30  C$$EXIT                                                                       
700d6a30  abort                                                                         
700d6a38  __IRQ_STACK_START                                                             
700d6b38  __FIQ_STACK_START                                                             
700d6b38  __IRQ_STACK_END                                                               
700d6c38  __FIQ_STACK_END                                                               
700d6c38  __SVC_STACK_START                                                             
700d7c38  __ABORT_STACK_START                                                           
700d7c38  __SVC_STACK_END                                                               
700d7d38  __ABORT_STACK_END                                                             
700d7d38  __UNDEFINED_STACK_START                                                       
700d7e38  __UNDEFINED_STACK_END                                                         
ffffffff  __TI_pprof_out_hndl                                                           
ffffffff  __TI_prof_data_size                                                           
ffffffff  __TI_prof_data_start                                                          
ffffffff  __binit__                                                                     
ffffffff  binit                                                                         
UNDEFED   __TI_CINIT_Base                                                               
UNDEFED   __TI_CINIT_Limit                                                              
UNDEFED   __TI_Handler_Table_Base                                                       
UNDEFED   __TI_Handler_Table_Limit                                                      
UNDEFED   _system_post_cinit                                                            

[655 symbols]
