******************************************************************************
            TI ARM Clang Linker Unix v2.1.2                    
******************************************************************************
>> Linked Thu Dec 22 10:13:08 2022

OUTPUT FILE NAME:   <sbl_uart_uniflash.release.out>
ENTRY POINT SYMBOL: "_vectors_sbl"  address: 70000000


MEMORY CONFIGURATION

         name            origin    length      used     unused   attr    fill
----------------------  --------  ---------  --------  --------  ----  --------
  R5F_VECS              00000000   00000040  00000000  00000040  RWIX
  R5F_TCMA              00000040   00007fc0  00000000  00007fc0  RWIX
  R5F_TCMB0             41010000   00008000  00000000  00008000  RWIX
  MSRAM_VECS            70000000   00000100  00000040  000000c0  RWIX
  MSRAM_0               70000100   0007ff00  00016190  00069d70  RWIX
  MSRAM_1               70080000   00018000  00017a80  00000580  RWIX
  DDR                   80000000   00800000  00800000  00000000  RWIX


SEGMENT ALLOCATION MAP

run origin  load origin   length   init length attrs members
----------  ----------- ---------- ----------- ----- -------
70000000    70000000    00000040   00000040    r-x
  70000000    70000000    00000040   00000040    r-x .vectors
70000100    70000100    00011fc0   00011fc0    r-x
  70000100    70000100    00011070   00011070    r-x .text
  70011170    70011170    00000790   00000790    r-x .text.hwi
  70011900    70011900    00000450   00000450    r-x .text.cache
  70011d50    70011d50    00000240   00000240    r-x .text.mpu
  70011f90    70011f90    00000130   00000130    r-x .text.boot
700120c0    700120c0    00002690   00002690    rw-
  700120c0    700120c0    00002690   00002690    rw- .data
70014750    70014750    00001b40   00001b40    r--
  70014750    70014750    00001b40   00001b40    r-- .rodata
70080000    70080000    00016680   00000000    rw-
  70080000    70080000    0000a680   00000000    rw- .bss
  7008a680    7008a680    00008000   00000000    rw- .sysmem
  70092680    70092680    00004000   00000000    rw- .stack
70096680    70096680    00001400   00000000    r--
  70096680    70096680    00001000   00000000    r-- .irqstack
  70097680    70097680    00000100   00000000    r-- .fiqstack
  70097780    70097780    00000100   00000000    r-- .svcstack
  70097880    70097880    00000100   00000000    r-- .abortstack
  70097980    70097980    00000100   00000000    r-- .undefinedstack


SECTION ALLOCATION MAP

 output                                  attributes/
section   page    origin      length       input sections
--------  ----  ----------  ----------   ----------------
.vectors   0    70000000    00000040     
                  70000000    00000040     nortos.am64x.r5f.ti-arm-clang.release.lib : HwiP_armv7r_vectors_nortos_sbl_asm.obj (.vectors)

.text      0    70000100    00011070     
                  70000100    00000eb8     drivers.am64x.r5f.ti-arm-clang.release.lib : mmcsd_v0.obj (.text.MMCSD_open)
                  70000fb8    00000de0     libc.a : _printfi.c.obj (.text:__TI_printfi_nofloat)
                  70001d98    00000008            : exit.c.obj (.text:abort)
                  70001da0    00000896     drivers.am64x.r5f.ti-arm-clang.release.lib : mmcsd_v0.obj (.text.MMCSD_transfer)
                  70002636    00000002     --HOLE-- [fill = 0]
                  70002638    00000004     libclang_rt.builtins.a : aeabi_memcpy.S.obj (.text)
                  7000263c    00000004     --HOLE-- [fill = 0]
                  70002640    00000648     board.am64x.r5f.ti-arm-clang.release.lib : flash_nor_ospi.obj (.text.Flash_norOspiOpen)
                  70002c88    00000008     nortos.am64x.r5f.ti-arm-clang.release.lib : CacheP_armv7r_asm.obj (.tramp.CacheP_wb.1)
                  70002c90    00000624     drivers.am64x.r5f.ti-arm-clang.release.lib : sciclient_rm_irq.obj (.text.Sciclient_rmIrqFindRoute)
                  700032b4    0000000c     libc.a : aeabi_portable.c.obj (.text.__aeabi_errno_addr)
                  700032c0    000005b4     drivers.am64x.r5f.ti-arm-clang.release.lib : ospi_phy.obj (.text.OSPI_phyFindOTP1)
                  70003874    00000008     nortos.am64x.r5f.ti-arm-clang.release.lib : HwiP_armv7r_asm.obj (.tramp.HwiP_enable.1)
                  7000387c    00000004     --HOLE-- [fill = 0]
                  70003880    00000596                                               : printf.obj (.text._vsnprintf)
                  70003e16    00000002     --HOLE-- [fill = 0]
                  70003e18    00000008                                               : HwiP_armv7r_asm.obj (.tramp.HwiP_restore.1)
                  70003e20    00000522     drivers.am64x.r5f.ti-arm-clang.release.lib : udma_ch.obj (.text.Udma_chDisable)
                  70004342    00000002     --HOLE-- [fill = 0]
                  70004344    00000008     nortos.am64x.r5f.ti-arm-clang.release.lib : PmuP_armv7r_asm.obj (.tramp.PmuP_enableCounters.1)
                  7000434c    00000004     --HOLE-- [fill = 0]
                  70004350    000004e8     drivers.am64x.r5f.ti-arm-clang.release.lib : uart_v0.obj (.text.UART_open)
                  70004838    00000008     --HOLE-- [fill = 0]
                  70004840    0000046a                                                : udma_event.obj (.text.Udma_eventRegister)
                  70004caa    00000006     --HOLE-- [fill = 0]
                  70004cb0    000003ee                                                : ddr.obj (.text.DDR_init)
                  7000509e    00000002     --HOLE-- [fill = 0]
                  700050a0    0000039c                                                : udma_ch.obj (.text.Udma_chOpen)
                  7000543c    00000004     --HOLE-- [fill = 0]
                  70005440    00000388     nortos.am64x.r5f.ti-arm-clang.release.lib : printf.obj (.text._ftoa)
                  700057c8    00000008     --HOLE-- [fill = 0]
                  700057d0    0000037e     drivers.am64x.r5f.ti-arm-clang.release.lib : sciclient.obj (.text.Sciclient_service)
                  70005b4e    00000002     --HOLE-- [fill = 0]
                  70005b50    00000366                                                : udma_rm.obj (.text.Udma_rmInit)
                  70005eb6    0000000a     --HOLE-- [fill = 0]
                  70005ec0    00000358     board.am64x.r5f.ti-arm-clang.release.lib : flash_nor_ospi.obj (.text.Flash_setQeBit)
                  70006218    00000008     --HOLE-- [fill = 0]
                  70006220    0000032c     drivers.am64x.r5f.ti-arm-clang.release.lib : ospi_phy.obj (.text.OSPI_phyFindOTP2)
                  7000654c    00000004     --HOLE-- [fill = 0]
                  70006550    00000310     nortos.am64x.r5f.ti-arm-clang.release.lib : printf.obj (.text._etoa)
                  70006860    000002fa     drivers.am64x.r5f.ti-arm-clang.release.lib : ospi_v0.obj (.text.OSPI_open)
                  70006b5a    00000006     --HOLE-- [fill = 0]
                  70006b60    00000292                                                : udma_rmcfg_common.obj (.text.UdmaRmInitPrms_init)
                  70006df2    0000000e     --HOLE-- [fill = 0]
                  70006e00    00000290                                                : uart_v0.obj (.text.UART_read)
                  70007090    00000288                                                : udma_soc.obj (.text.Udma_initDrvHandle)
                  70007318    00000008     --HOLE-- [fill = 0]
                  70007320    00000256                                                : bootloader_uniflash.obj (.text.Bootloader_uniflashProcessFlashCommands)
                  70007576    0000000a     --HOLE-- [fill = 0]
                  70007580    0000021a                                                : uart_v0.obj (.text.UART_masterIsr)
                  7000779a    00000006     --HOLE-- [fill = 0]
                  700077a0    0000020a                                                : xmodem.obj (.text.xmodemReceive)
                  700079aa    00000006     --HOLE-- [fill = 0]
                  700079b0    00000202                                                : sciclient_rm_irq.obj (.text.Sciclient_rmProgramInterruptRoute)
                  70007bb2    0000000e     --HOLE-- [fill = 0]
                  70007bc0    000001fe                                                : uart_v0.obj (.text.UART_write)
                  70007dbe    00000002     --HOLE-- [fill = 0]
                  70007dc0    000001f4                                                : xmodem.obj (.text.xmodemTransmit)
                  70007fb4    000001d0     libclang_rt.builtins.a : udivsi3.S.obj (.text)
                  70008184    0000000c     --HOLE-- [fill = 0]
                  70008190    000001ca     drivers.am64x.r5f.ti-arm-clang.release.lib : csl_bcdma.obj (.text.CSL_bcdmaChanOp)
                  7000835a    00000006     --HOLE-- [fill = 0]
                  70008360    000001c0     nortos.am64x.r5f.ti-arm-clang.release.lib : TimerP.obj (.text.TimerP_setup)
                  70008520    0000019c     drivers.am64x.r5f.ti-arm-clang.release.lib : udma_ring_common.obj (.text.Udma_ringAlloc)
                  700086bc    00000004     --HOLE-- [fill = 0]
                  700086c0    00000148                                                : csl_bcdma.obj (.text.CSL_bcdmaChanOpCfgChan)
                  70008808    00000008     --HOLE-- [fill = 0]
                  70008810    00000148                                                : ospi_v0.obj (.text.OSPI_setProtocol)
                  70008958    00000008     --HOLE-- [fill = 0]
                  70008960    00000148                                                : ospi_dma_udma.obj (.text.OspiDma_udmaOpen)
                  70008aa8    00000008     --HOLE-- [fill = 0]
                  70008ab0    00000146                                                : uart_v0.obj (.text.UART_close)
                  70008bf6    0000000a     --HOLE-- [fill = 0]
                  70008c00    00000142                                                : sciclient_rm_irq.obj (.text.Sciclient_rmIrqProgramRoute)
                  70008d42    0000000e     --HOLE-- [fill = 0]
                  70008d50    00000140     board.am64x.r5f.ti-arm-clang.release.lib : flash_nor_ospi.obj (.text.Flash_norOspiReset)
                  70008e90    0000013c     drivers.am64x.r5f.ti-arm-clang.release.lib : udma_ch.obj (.text.Udma_chConfigRx)
                  70008fcc    00000004     --HOLE-- [fill = 0]
                  70008fd0    00000132                                                : ospi_v0.obj (.text.OSPI_readCmd)
                  70009102    0000000e     --HOLE-- [fill = 0]
                  70009110    00000132     nortos.am64x.r5f.ti-arm-clang.release.lib : printf.obj (.text._ntoa_format)
                  70009242    0000000e     --HOLE-- [fill = 0]
                  70009250    0000012a     drivers.am64x.r5f.ti-arm-clang.release.lib : soc.obj (.text.SOC_moduleSetClockFrequency)
                  7000937a    00000006     --HOLE-- [fill = 0]
                  70009380    00000120                                                : lpddr4_16bit.obj (.text.LPDDR4_CheckCtlInterrupt)
                  700094a0    0000011e                                                : ospi_dma_udma.obj (.text.OspiDma_udmaUpdateSubmitTR)
                  700095be    00000002     --HOLE-- [fill = 0]
                  700095c0    00000118     libclang_rt.builtins.a : udivmoddi4.S.obj (.text)
                  700096d8    00000008     --HOLE-- [fill = 0]
                  700096e0    00000112     drivers.am64x.r5f.ti-arm-clang.release.lib : lpddr4_16bit.obj (.text.LPDDR4_AckCtlInterrupt)
                  700097f2    0000000e     --HOLE-- [fill = 0]
                  70009800    0000010e                                                : ospi_v0.obj (.text.OSPI_writeCmd)
                  7000990e    00000002     --HOLE-- [fill = 0]
                  70009910    00000106                                                : udma_rm.obj (.text.Udma_rmSetSharedResRmInitPrms)
                  70009a16    0000000a     --HOLE-- [fill = 0]
                  70009a20    000000fc                                                : csl_lcdma_ringacc.obj (.text.CSL_lcdma_ringaccPop64MultiAccess)
                  70009b1c    00000004     --HOLE-- [fill = 0]
                  70009b20    000000fc     nortos.am64x.r5f.ti-arm-clang.release.lib : ClockP_nortos_r5.obj (.text.ClockP_init)
                  70009c1c    00000004     --HOLE-- [fill = 0]
                  70009c20    000000fa     drivers.am64x.r5f.ti-arm-clang.release.lib : udma_flow.obj (.text.Udma_flowConfig)
                  70009d1a    00000006     --HOLE-- [fill = 0]
                  70009d20    000000f6     board.am64x.r5f.ti-arm-clang.release.lib : flash_nor_ospi.obj (.text.Flash_norOspiWrite)
                  70009e16    0000000a     --HOLE-- [fill = 0]
                  70009e20    000000f6     drivers.am64x.r5f.ti-arm-clang.release.lib : udma_ch.obj (.text.Udma_chEnable)
                  70009f16    0000000a     --HOLE-- [fill = 0]
                  70009f20    000000f0                                                : bootloader_mmcsd_raw.obj (.text.Bootloader_MmcsdRaw_writeToOffset)
                  7000a010    000000f0                                                : udma_ch.obj (.text.Udma_chFreeResource)
                  7000a100    000000e6                                                : mmcsd_v0.obj (.text.MMCSD_phyConfigure)
                  7000a1e6    0000000a     --HOLE-- [fill = 0]
                  7000a1f0    000000e6                                                : mmcsd_v0.obj (.text.MMCSD_read)
                  7000a2d6    0000000a     --HOLE-- [fill = 0]
                  7000a2e0    000000e6                                                : ospi_v0.obj (.text.OSPI_writeIndirect)
                  7000a3c6    0000000a     --HOLE-- [fill = 0]
                  7000a3d0    000000e4                                                : mmcsd_v0.obj (.text.MMCSD_write)
                  7000a4b4    0000000c     --HOLE-- [fill = 0]
                  7000a4c0    000000de                                                : bootloader_mmcsd_raw.obj (.text.Bootloader_MmcsdRaw_readFromOffset)
                  7000a59e    00000002     --HOLE-- [fill = 0]
                  7000a5a0    000000da                                                : udma_ch.obj (.text.Udma_chConfigTx)
                  7000a67a    00000006     --HOLE-- [fill = 0]
                  7000a680    000000d8                                                : bootloader_uniflash.obj (.text.Bootloader_uniflashFlashOrVerifyXipFile)
                  7000a758    00000008     --HOLE-- [fill = 0]
                  7000a760    000000d4                                                : csl_lcdma_ringacc.obj (.text.CSL_lcdma_ringaccPush64MultiAccess)
                  7000a834    0000000c     --HOLE-- [fill = 0]
                  7000a840    000000ca     board.am64x.r5f.ti-arm-clang.release.lib : flash_nor_ospi.obj (.text.Flash_norOspiErase)
                  7000a90a    00000006     --HOLE-- [fill = 0]
                  7000a910    000000ca                                              : flash_nor_ospi.obj (.text.Flash_norOspiEraseSector)
                  7000a9da    00000006     --HOLE-- [fill = 0]
                  7000a9e0    000000c6                                              : flash_nor_ospi.obj (.text.Flash_setOeBit)
                  7000aaa6    0000000a     --HOLE-- [fill = 0]
                  7000aab0    000000c2     drivers.am64x.r5f.ti-arm-clang.release.lib : ospi_v0.obj (.text.OSPI_readDirect)
                  7000ab72    0000000e     --HOLE-- [fill = 0]
                  7000ab80    000000be                                                : mmcsd_v0.obj (.text.MMCSD_halSetBusFreq)
                  7000ac3e    00000002     --HOLE-- [fill = 0]
                  7000ac40    000000bc                                                : mmcsd_v0.obj (.text.MMCSD_enableBootPartition)
                  7000acfc    00000004     --HOLE-- [fill = 0]
                  7000ad00    000000bc                                                : pinmux.obj (.text.Pinmux_config)
                  7000adbc    00000004     --HOLE-- [fill = 0]
                  7000adc0    000000ba                                                : csl_bcdma.obj (.text.CSL_bcdmaChanOpTeardownChan)
                  7000ae7a    00000006     --HOLE-- [fill = 0]
                  7000ae80    000000b8                                                : csl_lcdma_ringacc.obj (.text.CSL_lcdma_ringaccDequeue)
                  7000af38    00000008     --HOLE-- [fill = 0]
                  7000af40    000000b8                                                : uart_v0.obj (.text.UART_divisorLatchWrite)
                  7000aff8    00000008     --HOLE-- [fill = 0]
                  7000b000    000000b2                                                : uart_v0.obj (.text.UART_flushTxFifo)
                  7000b0b2    0000000e     --HOLE-- [fill = 0]
                  7000b0c0    000000b0     nortos.am64x.r5f.ti-arm-clang.release.lib : printf.obj (.text._ntoa_long_long)
                  7000b170    000000ae     main.obj (.text.main)
                  7000b21e    00000002     --HOLE-- [fill = 0]
                  7000b220    000000aa     board.am64x.r5f.ti-arm-clang.release.lib : flash_nor_ospi.obj (.text.Flash_norOspiWaitReady)
                  7000b2ca    00000006     --HOLE-- [fill = 0]
                  7000b2d0    000000aa     drivers.am64x.r5f.ti-arm-clang.release.lib : uart_v0.obj (.text.UART_procLineStatusErr)
                  7000b37a    00000006     --HOLE-- [fill = 0]
                  7000b380    000000aa                                                : udma_rm.obj (.text.Udma_rmAllocMappedRxCh)
                  7000b42a    00000006     --HOLE-- [fill = 0]
                  7000b430    000000aa                                                : udma_rm.obj (.text.Udma_rmAllocMappedTxCh)
                  7000b4da    00000006     --HOLE-- [fill = 0]
                  7000b4e0    000000a6     nortos.am64x.r5f.ti-arm-clang.release.lib : printf.obj (.text._out_rev)
                  7000b586    0000000a     --HOLE-- [fill = 0]
                  7000b590    000000a4     drivers.am64x.r5f.ti-arm-clang.release.lib : bootloader_uniflash.obj (.text.Bootloader_uniflashFlashVerifyFile)
                  7000b634    0000000c     --HOLE-- [fill = 0]
                  7000b640    000000a4                                                : bootloader_uniflash.obj (.text.Bootloader_uniflashFlashVerifyFileMMCSDRaw)
                  7000b6e4    0000000c     --HOLE-- [fill = 0]
                  7000b6f0    000000a4                                                : sciclient_pm.obj (.text.Sciclient_pmQueryModuleClkFreq)
                  7000b794    0000000c     --HOLE-- [fill = 0]
                  7000b7a0    000000a2                                                : sciclient_rm_irq.obj (.text.Sciclient_rmIrInpIsFree)
                  7000b842    0000000e     --HOLE-- [fill = 0]
                  7000b850    000000a0     board.am64x.r5f.ti-arm-clang.release.lib : flash_nor_ospi.obj (.text.Flash_norOspiReadId)
                  7000b8f0    000000a0     drivers.am64x.r5f.ti-arm-clang.release.lib : udma.obj (.text.Udma_init)
                  7000b990    000000a0                                                : udma_rm.obj (.text.Udma_rmAllocBlkCopyCh)
                  7000ba30    000000a0                                                : udma_rm.obj (.text.Udma_rmAllocBlkCopyHcCh)
                  7000bad0    000000a0                                                : udma_rm.obj (.text.Udma_rmAllocBlkCopyUhcCh)
                  7000bb70    000000a0                                                : udma_rm.obj (.text.Udma_rmAllocIrIntr)
                  7000bc10    000000a0                                                : udma_rm.obj (.text.Udma_rmAllocRxCh)
                  7000bcb0    000000a0                                                : udma_rm.obj (.text.Udma_rmAllocRxHcCh)
                  7000bd50    000000a0                                                : udma_rm.obj (.text.Udma_rmAllocRxUhcCh)
                  7000bdf0    000000a0                                                : udma_rm.obj (.text.Udma_rmAllocTxCh)
                  7000be90    000000a0                                                : udma_rm.obj (.text.Udma_rmAllocTxHcCh)
                  7000bf30    000000a0                                                : udma_rm.obj (.text.Udma_rmAllocTxUhcCh)
                  7000bfd0    0000009a                                                : bootloader_uniflash.obj (.text.Bootloader_uniflashFlashFile)
                  7000c06a    00000006     --HOLE-- [fill = 0]
                  7000c070    0000009a                                                : sciclient.obj (.text.Sciclient_init)
                  7000c10a    00000006     --HOLE-- [fill = 0]
                  7000c110    0000009a                                                : sciclient.obj (.text.Sciclient_sendMessage)
                  7000c1aa    00000006     --HOLE-- [fill = 0]
                  7000c1b0    00000096                                                : mmcsd_priv.obj (.text.MMCSD_parseCSDSd)
                  7000c246    0000000a     --HOLE-- [fill = 0]
                  7000c250    00000096     nortos.am64x.r5f.ti-arm-clang.release.lib : SemaphoreP_nortos.obj (.text.SemaphoreP_pend)
                  7000c2e6    0000000a     --HOLE-- [fill = 0]
                  7000c2f0    00000094     drivers.am64x.r5f.ti-arm-clang.release.lib : ospi_phy.obj (.text.OSPI_phyTuneDDR)
                  7000c384    0000000c     --HOLE-- [fill = 0]
                  7000c390    00000094                                                : uart_v0.obj (.text.UART_init)
                  7000c424    0000000c     --HOLE-- [fill = 0]
                  7000c430    00000094                                                : udma_rm.obj (.text.Udma_rmAllocMappedRing)
                  7000c4c4    0000000c     --HOLE-- [fill = 0]
                  7000c4d0    00000092                                                : sciclient_pm.obj (.text.Sciclient_pmSetModuleClkFreq)
                  7000c562    0000000e     --HOLE-- [fill = 0]
                  7000c570    00000092                                                : udma_ch.obj (.text.Udma_chClose)
                  7000c602    0000000e     --HOLE-- [fill = 0]
                  7000c610    00000092                                                : udma_event.obj (.text.Udma_eventFreeResource)
                  7000c6a2    0000000e     --HOLE-- [fill = 0]
                  7000c6b0    00000090                                                : mmcsd_priv.obj (.text.MMCSD_parseECSDEmmc)
                  7000c740    0000008e                                                : csl_pktdma.obj (.text.CSL_pktdmaTeardownChan)
                  7000c7ce    00000002     --HOLE-- [fill = 0]
                  7000c7d0    0000008e                                                : uart_v0.obj (.text.UART_readCancelNoCB)
                  7000c85e    00000002     --HOLE-- [fill = 0]
                  7000c860    0000008e                                                : udma_ring_lcdma.obj (.text.Udma_ringSetCfgLcdma)
                  7000c8ee    00000002     --HOLE-- [fill = 0]
                  7000c8f0    0000008c     nortos.am64x.r5f.ti-arm-clang.release.lib : printf.obj (.text._ntoa_long)
                  7000c97c    00000004     --HOLE-- [fill = 0]
                  7000c980    0000008a     drivers.am64x.r5f.ti-arm-clang.release.lib : mmcsd_priv.obj (.text.MMCSD_parseCIDEmmc)
                  7000ca0a    00000006     --HOLE-- [fill = 0]
                  7000ca10    0000008a                                                : udma_event.obj (.text.Udma_eventIsrFxn)
                  7000ca9a    00000006     --HOLE-- [fill = 0]
                  7000caa0    00000088                                                : udma_rm.obj (.text.Udma_rmGetSciclientDefaultBoardCfgRmRange)
                  7000cb28    00000008     --HOLE-- [fill = 0]
                  7000cb30    00000082                                                : mmcsd_v0.obj (.text.MMCSD_init)
                  7000cbb2    0000000e     --HOLE-- [fill = 0]
                  7000cbc0    00000082                                                : ospi_v0.obj (.text.OSPI_init)
                  7000cc42    0000000e     --HOLE-- [fill = 0]
                  7000cc50    00000082                                                : ospi_dma_udma.obj (.text.OspiDma_udmaCopy)
                  7000ccd2    0000000e     --HOLE-- [fill = 0]
                  7000cce0    00000082     ti_drivers_config.obj (.text.System_init)
                  7000cd62    0000000e     --HOLE-- [fill = 0]
                  7000cd70    0000007e     drivers.am64x.r5f.ti-arm-clang.release.lib : bootloader_soc.obj (.text.Bootloader_socOpenFirewalls)
                  7000cdee    00000002     --HOLE-- [fill = 0]
                  7000cdf0    0000007c                                                : mmcsd_v0.obj (.text.MMCSD_phyInit)
                  7000ce6c    00000004     --HOLE-- [fill = 0]
                  7000ce70    0000007c                                                : sciclient_rm_irq.obj (.text.Sciclient_rmIrOutpIsFree)
                  7000ceec    00000004     --HOLE-- [fill = 0]
                  7000cef0    0000007c                                                : sciclient_rm_irq.obj (.text.Sciclient_rmIrqGetNode)
                  7000cf6c    00000004     --HOLE-- [fill = 0]
                  7000cf70    0000007a     board.am64x.r5f.ti-arm-clang.release.lib : flash_nor_ospi.obj (.text.Flash_norOspiRegWrite)
                  7000cfea    00000006     --HOLE-- [fill = 0]
                  7000cff0    0000007a     drivers.am64x.r5f.ti-arm-clang.release.lib : sciclient_pm.obj (.text.Sciclient_pmGetModuleClkNumParent)
                  7000d06a    00000006     --HOLE-- [fill = 0]
                  7000d070    0000007a                                                : sciclient_rm_irq.obj (.text.Sciclient_rmTranslateIntOutput)
                  7000d0ea    00000006     --HOLE-- [fill = 0]
                  7000d0f0    00000078                                                : bootloader_soc.obj (.text.Bootloader_socOpenFirewallRegion)
                  7000d168    00000078     libc.a : snprintf.c.obj (.text.snprintf)
                  7000d1e0    00000076     drivers.am64x.r5f.ti-arm-clang.release.lib : mmcsd_v0.obj (.text.MMCSD_isReadyForTransfer)
                  7000d256    0000000a     --HOLE-- [fill = 0]
                  7000d260    00000076                                                : mmcsd_priv.obj (.text.MMCSD_parseCIDSd)
                  7000d2d6    0000000a     --HOLE-- [fill = 0]
                  7000d2e0    00000072                                                : udma_rm.obj (.text.Udma_rmAllocVintrBit)
                  7000d352    0000000e     --HOLE-- [fill = 0]
                  7000d360    00000070                                                : ospi_phy.obj (.text.OSPI_phyResyncDLL)
                  7000d3d0    00000070     libc.a : atoi.c.obj (.text.atoi)
                  7000d440    0000006e     ti_board_open_close.obj (.text.Board_flashOpen)
                  7000d4ae    00000002     --HOLE-- [fill = 0]
                  7000d4b0    0000006e     drivers.am64x.r5f.ti-arm-clang.release.lib : csl_pktdma.obj (.text.CSL_pktdmaAccessChanPeerReg)
                  7000d51e    00000002     --HOLE-- [fill = 0]
                  7000d520    0000006e                                                : lpddr4.obj (.text.LPDDR4_Start)
                  7000d58e    00000002     --HOLE-- [fill = 0]
                  7000d590    0000006e                                                : soc.obj (.text.SOC_moduleClockEnable)
                  7000d5fe    00000002     --HOLE-- [fill = 0]
                  7000d600    0000006e                                                : sciclient_pm.obj (.text.Sciclient_pmGetModuleState)
                  7000d66e    00000002     --HOLE-- [fill = 0]
                  7000d670    0000006c     nortos.am64x.r5f.ti-arm-clang.release.lib : ClockP_nortos.obj (.text.ClockP_timerTickIsr)
                  7000d6dc    00000004     --HOLE-- [fill = 0]
                  7000d6e0    0000006c     drivers.am64x.r5f.ti-arm-clang.release.lib : ospi_dma_udma.obj (.text.OspiDma_udmaClose)
                  7000d74c    00000004     --HOLE-- [fill = 0]
                  7000d750    0000006a     board.am64x.r5f.ti-arm-clang.release.lib : flash.obj (.text.Flash_offsetToSectorPage)
                  7000d7ba    00000006     --HOLE-- [fill = 0]
                  7000d7c0    00000068     nortos.am64x.r5f.ti-arm-clang.release.lib : AddrTranslateP.obj (.text.AddrTranslateP_getLocalAddr)
                  7000d828    00000008     --HOLE-- [fill = 0]
                  7000d830    00000068     drivers.am64x.r5f.ti-arm-clang.release.lib : uart_v0.obj (.text.UART_writeCancelNoCB)
                  7000d898    00000008     --HOLE-- [fill = 0]
                  7000d8a0    00000066     board.am64x.r5f.ti-arm-clang.release.lib : flash_nor_ospi.obj (.text.Flash_norOspiRegRead)
                  7000d906    0000000a     --HOLE-- [fill = 0]
                  7000d910    00000066                                              : flash_nor_ospi.obj (.text.Flash_norOspiSetRegCfg)
                  7000d976    0000000a     --HOLE-- [fill = 0]
                  7000d980    00000066                                              : flash.obj (.text.Flash_offsetToBlkPage)
                  7000d9e6    0000000a     --HOLE-- [fill = 0]
                  7000d9f0    00000066     drivers.am64x.r5f.ti-arm-clang.release.lib : ospi_v0.obj (.text.OSPI_close)
                  7000da56    0000000a     --HOLE-- [fill = 0]
                  7000da60    00000066                                                : sciclient_pm.obj (.text.Sciclient_pmGetModuleClkFreq)
                  7000dac6    0000000a     --HOLE-- [fill = 0]
                  7000dad0    00000066                                                : sciclient_pm.obj (.text.Sciclient_pmGetModuleClkParent)
                  7000db36    0000000a     --HOLE-- [fill = 0]
                  7000db40    00000064                                                : csl_bcdma.obj (.text.CSL_bcdmaDoChanOp)
                  7000dba4    0000000c     --HOLE-- [fill = 0]
                  7000dbb0    00000064                                                : csl_emif.obj (.text.CSL_emifConfig)
                  7000dc14    0000000c     --HOLE-- [fill = 0]
                  7000dc20    00000064                                                : ospi_v0.obj (.text.OSPI_setXferOpCodes)
                  7000dc84    0000000c     --HOLE-- [fill = 0]
                  7000dc90    00000064                                                : sciclient_pm.obj (.text.Sciclient_pmModuleGetClkStatus)
                  7000dcf4    0000000c     --HOLE-- [fill = 0]
                  7000dd00    00000064                                                : udma_ring_lcdma.obj (.text.Udma_ringFlushRawLcdma)
                  7000dd64    0000000c     --HOLE-- [fill = 0]
                  7000dd70    00000064     nortos.am64x.r5f.ti-arm-clang.release.lib : PmuP_armv7r.obj (.text.pmu)
                  7000ddd4    0000000c     --HOLE-- [fill = 0]
                  7000dde0    00000062     drivers.am64x.r5f.ti-arm-clang.release.lib : sciclient.obj (.text.Sciclient_waitForBootNotification)
                  7000de42    0000000e     --HOLE-- [fill = 0]
                  7000de50    00000062                                                : udma_utils.obj (.text.UdmaUtils_makeTrpd)
                  7000deb2    0000000e     --HOLE-- [fill = 0]
                  7000dec0    00000062                                                : udma_ring_common.obj (.text.Udma_ringFree)
                  7000df22    0000000e     --HOLE-- [fill = 0]
                  7000df30    00000062                                                : udma_ring_common.obj (.text.Udma_ringQueueRaw)
                  7000df92    0000000e     --HOLE-- [fill = 0]
                  7000dfa0    00000060                                                : mmcsd_v0.obj (.text.MMCSD_cmdStatusPollingFxn)
                  7000e000    00000060                                                : udma_rm.obj (.text.Udma_rmFreeMappedRing)
                  7000e060    0000005e                                                : sciclient_pm.obj (.text.Sciclient_pmModuleClkRequest)
                  7000e0be    00000002     --HOLE-- [fill = 0]
                  7000e0c0    0000005e                                                : sciclient_pm.obj (.text.Sciclient_pmSetModuleClkParent)
                  7000e11e    00000002     --HOLE-- [fill = 0]
                  7000e120    0000005c                                                : csl_bcdma.obj (.text.CSL_bcdmaChanOpGetChanStats)
                  7000e17c    00000004     --HOLE-- [fill = 0]
                  7000e180    0000005c                                                : csl_bcdma.obj (.text.CSL_bcdmaChanOpSetChanPause)
                  7000e1dc    00000004     --HOLE-- [fill = 0]
                  7000e1e0    0000005c                                                : mmcsd_v0.obj (.text.MMCSD_halSendCommand)
                  7000e23c    00000004     --HOLE-- [fill = 0]
                  7000e240    0000005c                                                : ospi_phy.obj (.text.OSPI_phyFindRxHigh)
                  7000e29c    00000004     --HOLE-- [fill = 0]
                  7000e2a0    0000005c                                                : ospi_phy.obj (.text.OSPI_phyFindRxLow)
                  7000e2fc    00000004     --HOLE-- [fill = 0]
                  7000e300    0000005c                                                : ospi_phy.obj (.text.OSPI_phyFindTxHigh)
                  7000e35c    00000004     --HOLE-- [fill = 0]
                  7000e360    0000005c                                                : ospi_phy.obj (.text.OSPI_phyFindTxLow)
                  7000e3bc    00000004     --HOLE-- [fill = 0]
                  7000e3c0    0000005c                                                : udma_rm.obj (.text.Udma_rmAllocEvent)
                  7000e41c    00000004     --HOLE-- [fill = 0]
                  7000e420    0000005c                                                : udma_rm.obj (.text.Udma_rmAllocVintr)
                  7000e47c    00000004     --HOLE-- [fill = 0]
                  7000e480    0000005c     nortos.am64x.r5f.ti-arm-clang.release.lib : DebugP_log.obj (.text._DebugP_assert)
                  7000e4dc    00000004     --HOLE-- [fill = 0]
                  7000e4e0    0000005a     drivers.am64x.r5f.ti-arm-clang.release.lib : udma_ring_common.obj (.text.Udma_ringDequeueRaw)
                  7000e53a    00000002     --HOLE-- [fill = 0]
                  7000e53c    00000058     libc.a : snprintf.c.obj (.text._outs)
                  7000e594    0000000c     --HOLE-- [fill = 0]
                  7000e5a0    00000056     board.am64x.r5f.ti-arm-clang.release.lib : flash_nor_ospi.obj (.text.Flash_norOspiRead)
                  7000e5f6    0000000a     --HOLE-- [fill = 0]
                  7000e600    00000056     drivers.am64x.r5f.ti-arm-clang.release.lib : uart_dma.obj (.text.UART_dmaDisableChannel)
                  7000e656    0000000a     --HOLE-- [fill = 0]
                  7000e660    00000054                                                : csl_bcdma.obj (.text.CSL_bcdmaChanOpGetChanRT)
                  7000e6b4    0000000c     --HOLE-- [fill = 0]
                  7000e6c0    00000054                                                : csl_intaggr.obj (.text.CSL_intaggrIsIntrPending)
                  7000e714    0000000c     --HOLE-- [fill = 0]
                  7000e720    00000054                                                : sciclient_rm.obj (.text.Sciclient_rmGetResourceRange)
                  7000e774    0000000c     --HOLE-- [fill = 0]
                  7000e780    00000054                                                : uart_dma.obj (.text.UART_dmaClose)
                  7000e7d4    0000000c     --HOLE-- [fill = 0]
                  7000e7e0    00000052                                                : mmcsd_v0.obj (.text.MMCSD_close)
                  7000e832    0000000e     --HOLE-- [fill = 0]
                  7000e840    00000052                                                : sciclient_pm.obj (.text.Sciclient_pmSetModuleState)
                  7000e892    0000000e     --HOLE-- [fill = 0]
                  7000e8a0    00000050                                                : csl_bcdma.obj (.text.CSL_bcdmaChanOpDecChanStats)
                  7000e8f0    00000050     nortos.am64x.r5f.ti-arm-clang.release.lib : ClockP_nortos.obj (.text.ClockP_addToList)
                  7000e940    00000050                                               : ClockP_nortos.obj (.text.ClockP_construct)
                  7000e990    00000050     drivers.am64x.r5f.ti-arm-clang.release.lib : mmcsd_v0.obj (.text.MMCSD_halSetBusWidth)
                  7000e9e0    00000050                                                : sciclient_soc_priv.obj (.text.Sciclient_getContext)
                  7000ea30    00000050                                                : udma_rm.obj (.text.Udma_rmFreeVintrBit)
                  7000ea80    00000050     libc.a : autoinit.c.obj (.text:__TI_auto_init_nobinit_nopinit)
                  7000ead0    0000004e     drivers.am64x.r5f.ti-arm-clang.release.lib : lpddr4.obj (.text.LPDDR4_ReadReg)
                  7000eb1e    00000002     --HOLE-- [fill = 0]
                  7000eb20    0000004e                                                : udma_ch.obj (.text.UdmaChTxPrms_init)
                  7000eb6e    00000002     --HOLE-- [fill = 0]
                  7000eb70    0000004e                                                : udma_soc.obj (.text.Udma_getMappedChRingAttributes)
                  7000ebbe    00000002     --HOLE-- [fill = 0]
                  7000ebc0    0000004c     nortos.am64x.r5f.ti-arm-clang.release.lib : ClockP_nortos.obj (.text.ClockP_getTimeUsec)
                  7000ec0c    00000004     --HOLE-- [fill = 0]
                  7000ec10    0000004c     ti_drivers_open_close.obj (.text.Drivers_mmcsdOpen)
                  7000ec5c    00000004     --HOLE-- [fill = 0]
                  7000ec60    0000004c     ti_drivers_open_close.obj (.text.Drivers_ospiOpen)
                  7000ecac    00000004     --HOLE-- [fill = 0]
                  7000ecb0    0000004c     ti_drivers_open_close.obj (.text.Drivers_uartOpen)
                  7000ecfc    00000004     --HOLE-- [fill = 0]
                  7000ed00    0000004c     drivers.am64x.r5f.ti-arm-clang.release.lib : udma_ring_lcdma.obj (.text.Udma_ringSetDoorBellLcdma)
                  7000ed4c    00000004     --HOLE-- [fill = 0]
                  7000ed50    0000004a                                                : ospi_phy.obj (.text.OSPI_phyReadAttackVector)
                  7000ed9a    00000006     --HOLE-- [fill = 0]
                  7000eda0    0000004a                                                : udma_ch.obj (.text.UdmaChPrms_init)
                  7000edea    00000006     --HOLE-- [fill = 0]
                  7000edf0    0000004a                                                : udma_rm.obj (.text.Udma_rmFreeMappedRxCh)
                  7000ee3a    00000006     --HOLE-- [fill = 0]
                  7000ee40    0000004a                                                : udma_rm.obj (.text.Udma_rmFreeMappedTxCh)
                  7000ee8a    00000006     --HOLE-- [fill = 0]
                  7000ee90    00000048                                                : csl_bcdma.obj (.text.CSL_bcdmaChanOpSetChanRT)
                  7000eed8    00000008     --HOLE-- [fill = 0]
                  7000eee0    00000048                                                : csl_intaggr.obj (.text.CSL_intaggrClrIntr)
                  7000ef28    00000008     --HOLE-- [fill = 0]
                  7000ef30    00000048                                                : lpddr4.obj (.text.LPDDR4_WritePhyIndepConfig)
                  7000ef78    00000008     --HOLE-- [fill = 0]
                  7000ef80    00000048                                                : ospi_phy.obj (.text.OSPI_phySetRdDelayTxRxDLL)
                  7000efc8    00000008     --HOLE-- [fill = 0]
                  7000efd0    00000048                                                : udma_ch.obj (.text.UdmaChRxPrms_init)
                  7000f018    00000048     libc.a : memccpy.c.obj (.text.memccpy)
                  7000f060    00000046     drivers.am64x.r5f.ti-arm-clang.release.lib : lpddr4.obj (.text.LPDDR4_WritePhyConfig)
                  7000f0a6    0000000a     --HOLE-- [fill = 0]
                  7000f0b0    00000046                                                : mmcsd_priv.obj (.text.MMCSD_parseCSDEmmc)
                  7000f0f6    0000000a     --HOLE-- [fill = 0]
                  7000f100    00000046                                                : ospi_v0.obj (.text.OSPI_enablePhy)
                  7000f146    0000000a     --HOLE-- [fill = 0]
                  7000f150    00000046                                                : bootloader_xmodem.obj (.text._inbyte)
                  7000f196    0000000a     --HOLE-- [fill = 0]
                  7000f1a0    00000044                                                : sciclient_pm.obj (.text.Sciclient_pmSetModuleRst)
                  7000f1e4    0000000c     --HOLE-- [fill = 0]
                  7000f1f0    00000042                                                : ddr_soc.obj (.text.DDR_socEnableVttRegulator)
                  7000f232    0000000e     --HOLE-- [fill = 0]
                  7000f240    00000042     board.am64x.r5f.ti-arm-clang.release.lib : flash_nor_ospi.obj (.text.Flash_quirkSpansionUNHYSADisable)
                  7000f282    0000000e     --HOLE-- [fill = 0]
                  7000f290    00000042     drivers.am64x.r5f.ti-arm-clang.release.lib : sciclient_rm.obj (.text.Sciclient_rmPsilPair)
                  7000f2d2    0000000e     --HOLE-- [fill = 0]
                  7000f2e0    00000042                                                : sciclient_rm.obj (.text.Sciclient_rmPsilUnpair)
                  7000f322    0000000e     --HOLE-- [fill = 0]
                  7000f330    00000040                                                : csl_bcdma.obj (.text.CSL_bcdmaChanOpSetBurstSize)
                  7000f370    00000040     nortos.am64x.r5f.ti-arm-clang.release.lib : ClockP_nortos.obj (.text.ClockP_stop)
                  7000f3b0    00000040     ti_dpl_config.obj (.text.Dpl_init)
                  7000f3f0    00000040     drivers.am64x.r5f.ti-arm-clang.release.lib : lpddr4.obj (.text.LPDDR4_WriteCtlConfig)
                  7000f430    00000040                                                : sciclient_firewall.obj (.text.Sciclient_firewallChangeOwnerInfo)
                  7000f470    00000040                                                : sciclient_firewall.obj (.text.Sciclient_firewallSetRegion)
                  7000f4b0    00000040                                                : sciclient_rm.obj (.text.Sciclient_rmIrqSetRaw)
                  7000f4f0    00000040                                                : sciclient_rm.obj (.text.Sciclient_rmRingCfg)
                  7000f530    00000040                                                : sciclient_rm.obj (.text.Sciclient_rmUdmapFlowCfg)
                  7000f570    00000040                                                : sciclient_rm.obj (.text.Sciclient_rmUdmapFlowSizeThreshCfg)
                  7000f5b0    00000040                                                : sciclient_rm.obj (.text.Sciclient_rmUdmapRxChCfg)
                  7000f5f0    00000040                                                : sciclient_rm.obj (.text.Sciclient_rmUdmapTxChCfg)
                  7000f630    00000040     nortos.am64x.r5f.ti-arm-clang.release.lib : SemaphoreP_nortos.obj (.text.SemaphoreP_constructBinary)
                  7000f670    00000040     drivers.am64x.r5f.ti-arm-clang.release.lib : udma_rm.obj (.text.Udma_rmFreeBlkCopyCh)
                  7000f6b0    00000040                                                : udma_rm.obj (.text.Udma_rmFreeBlkCopyHcCh)
                  7000f6f0    00000040                                                : udma_rm.obj (.text.Udma_rmFreeBlkCopyUhcCh)
                  7000f730    00000040                                                : udma_rm.obj (.text.Udma_rmFreeEvent)
                  7000f770    00000040                                                : udma_rm.obj (.text.Udma_rmFreeIrIntr)
                  7000f7b0    00000040                                                : udma_rm.obj (.text.Udma_rmFreeRxCh)
                  7000f7f0    00000040                                                : udma_rm.obj (.text.Udma_rmFreeRxHcCh)
                  7000f830    00000040                                                : udma_rm.obj (.text.Udma_rmFreeRxUhcCh)
                  7000f870    00000040                                                : udma_rm.obj (.text.Udma_rmFreeTxCh)
                  7000f8b0    00000040                                                : udma_rm.obj (.text.Udma_rmFreeTxHcCh)
                  7000f8f0    00000040                                                : udma_rm.obj (.text.Udma_rmFreeTxUhcCh)
                  7000f930    00000040                                                : udma_rm.obj (.text.Udma_rmFreeVintr)
                  7000f970    0000003e                                                : soc.obj (.text.SOC_controlModuleUnlockMMR)
                  7000f9ae    00000002     --HOLE-- [fill = 0]
                  7000f9b0    0000003e     nortos.am64x.r5f.ti-arm-clang.release.lib : SemaphoreP_nortos.obj (.text.SemaphoreP_constructMutex)
                  7000f9ee    00000002     --HOLE-- [fill = 0]
                  7000f9f0    0000003e     drivers.am64x.r5f.ti-arm-clang.release.lib : udma_flow.obj (.text.UdmaFlowPrms_init)
                  7000fa2e    00000002     --HOLE-- [fill = 0]
                  7000fa30    0000003e                                                : udma_ring_common.obj (.text.Udma_ringFlushRaw)
                  7000fa6e    00000002     --HOLE-- [fill = 0]
                  7000fa70    0000003c                                                : csl_bcdma.obj (.text.CSL_bcdmaGetCfg)
                  7000faac    00000004     --HOLE-- [fill = 0]
                  7000fab0    0000003c                                                : mmcsd_v0.obj (.text.MMCSD_halBusPower)
                  7000faec    00000004     --HOLE-- [fill = 0]
                  7000faf0    0000003c                                                : udma_ring_lcdma.obj (.text.Udma_ringPrimeReadLcdma)
                  7000fb2c    00000004     --HOLE-- [fill = 0]
                  7000fb30    0000003a     nortos.am64x.r5f.ti-arm-clang.release.lib : ClockP_nortos.obj (.text.ClockP_destruct)
                  7000fb6a    00000006     --HOLE-- [fill = 0]
                  7000fb70    0000003a     drivers.am64x.r5f.ti-arm-clang.release.lib : mmcsd_v0.obj (.text.MMCSD_halSoftReset)
                  7000fbaa    00000006     --HOLE-- [fill = 0]
                  7000fbb0    0000003a                                                : ospi_dma.obj (.text.OSPI_dmaOpen)
                  7000fbea    00000006     --HOLE-- [fill = 0]
                  7000fbf0    0000003a                                                : ospi_v0.obj (.text.OSPI_setDeviceSize)
                  7000fc2a    00000006     --HOLE-- [fill = 0]
                  7000fc30    0000003a                                                : uart_dma.obj (.text.UART_dmaOpen)
                  7000fc6a    00000006     --HOLE-- [fill = 0]
                  7000fc70    00000038                                                : ospi_v0.obj (.text.OSPI_disablePhy)
                  7000fca8    00000008     --HOLE-- [fill = 0]
                  7000fcb0    00000038                                                : sciclient.obj (.text.Sciclient_getCurrentContext)
                  7000fce8    00000008     --HOLE-- [fill = 0]
                  7000fcf0    00000038                                                : udma_ring_lcdma.obj (.text.Udma_lcdmaRingaccMemOps)
                  7000fd28    00000008     --HOLE-- [fill = 0]
                  7000fd30    00000038     nortos.am64x.r5f.ti-arm-clang.release.lib : DebugP_nortos.obj (.text._DebugP_logZone)
                  7000fd68    00000008     --HOLE-- [fill = 0]
                  7000fd70    00000036     drivers.am64x.r5f.ti-arm-clang.release.lib : csl_pktdma.obj (.text.CSL_pktdmaGetCfg)
                  7000fda6    0000000a     --HOLE-- [fill = 0]
                  7000fdb0    00000036     board.am64x.r5f.ti-arm-clang.release.lib : flash.obj (.text.Flash_open)
                  7000fde6    0000000a     --HOLE-- [fill = 0]
                  7000fdf0    00000036     ti_power_clock_config.obj (.text.Module_clockSetFrequency)
                  7000fe26    0000000a     --HOLE-- [fill = 0]
                  7000fe30    00000036     drivers.am64x.r5f.ti-arm-clang.release.lib : bootloader_xmodem.obj (.text._outbyte)
                  7000fe66    0000000a     --HOLE-- [fill = 0]
                  7000fe70    00000034     nortos.am64x.r5f.ti-arm-clang.release.lib : ClockP_nortos.obj (.text.ClockP_start)
                  7000fea4    0000000c     --HOLE-- [fill = 0]
                  7000feb0    00000034     drivers.am64x.r5f.ti-arm-clang.release.lib : lpddr4_16bit.obj (.text.LPDDR4_EnablePIInitiator)
                  7000fee4    0000000c     --HOLE-- [fill = 0]
                  7000fef0    00000034                                                : lpddr4.obj (.text.LPDDR4_PollCtlIrq)
                  7000ff24    0000000c     --HOLE-- [fill = 0]
                  7000ff30    00000032                                                : bootloader_xmodem.obj (.text.Bootloader_xmodemReceive)
                  7000ff62    0000000e     --HOLE-- [fill = 0]
                  7000ff70    00000032                                                : bootloader_xmodem.obj (.text.Bootloader_xmodemTransmit)
                  7000ffa2    0000000e     --HOLE-- [fill = 0]
                  7000ffb0    00000032     nortos.am64x.r5f.ti-arm-clang.release.lib : ClockP_nortos.obj (.text.ClockP_usleep)
                  7000ffe2    0000000e     --HOLE-- [fill = 0]
                  7000fff0    00000032                                               : SemaphoreP_nortos.obj (.text.SemaphoreP_post)
                  70010022    0000000e     --HOLE-- [fill = 0]
                  70010030    00000032     drivers.am64x.r5f.ti-arm-clang.release.lib : udma_event.obj (.text.UdmaEventPrms_init)
                  70010062    00000002     --HOLE-- [fill = 0]
                  70010064    00000030     libc.a : snprintf.c.obj (.text._outc)
                  70010094    00000030     nortos.am64x.r5f.ti-arm-clang.release.lib : PmuP_armv7r_asm.obj (.text.pmu)
                  700100c4    0000000c     --HOLE-- [fill = 0]
                  700100d0    0000002e     drivers.am64x.r5f.ti-arm-clang.release.lib : ddr.obj (.text.DDR_setFreq)
                  700100fe    00000002     --HOLE-- [fill = 0]
                  70010100    0000002e                                                : mmcsd_v0.obj (.text.MMCSD_getHandle)
                  7001012e    00000002     --HOLE-- [fill = 0]
                  70010130    0000002e                                                : mmcsd_v0.obj (.text.MMCSD_halLinesResetCmd)
                  7001015e    00000002     --HOLE-- [fill = 0]
                  70010160    0000002e                                                : mmcsd_v0.obj (.text.MMCSD_halLinesResetDat)
                  7001018e    00000002     --HOLE-- [fill = 0]
                  70010190    0000002e     ti_power_clock_config.obj (.text.Module_clockEnable)
                  700101be    00000002     --HOLE-- [fill = 0]
                  700101c0    0000002e     drivers.am64x.r5f.ti-arm-clang.release.lib : uart_v0.obj (.text.UART_getHandle)
                  700101ee    00000002     --HOLE-- [fill = 0]
                  700101f0    0000002e                                                : udma_ring_common.obj (.text.UdmaRingPrms_init)
                  7001021e    00000002     --HOLE-- [fill = 0]
                  70010220    0000002e                                                : udma_ch.obj (.text.Udma_chGetCqRingNum)
                  7001024e    00000002     --HOLE-- [fill = 0]
                  70010250    0000002c                                                : csl_pktdma.obj (.text.CSL_pktdmaGetRxRT)
                  7001027c    00000004     --HOLE-- [fill = 0]
                  70010280    0000002c                                                : csl_pktdma.obj (.text.CSL_pktdmaGetTxRT)
                  700102ac    00000004     --HOLE-- [fill = 0]
                  700102b0    0000002c                                                : mmcsd_v0.obj (.text.MMCSD_halCmdResponseGet)
                  700102dc    00000004     --HOLE-- [fill = 0]
                  700102e0    0000002c                                                : ospi_v0.obj (.text.OSPI_getHandle)
                  7001030c    00000004     --HOLE-- [fill = 0]
                  70010310    0000002c                                                : crc16.obj (.text.crc16_ccitt)
                  7001033c    00000004     --HOLE-- [fill = 0]
                  70010340    0000002a                                                : soc.obj (.text.SOC_controlModuleLockMMR)
                  7001036a    00000006     --HOLE-- [fill = 0]
                  70010370    0000002a                                                : udma_utils.obj (.text.Udma_phyToVirtFxn)
                  7001039a    00000006     --HOLE-- [fill = 0]
                  700103a0    00000028                                                : csl_intaggr.obj (.text.CSL_intaggrGetCfg)
                  700103c8    00000008     --HOLE-- [fill = 0]
                  700103d0    00000028     nortos.am64x.r5f.ti-arm-clang.release.lib : ClockP_nortos.obj (.text.ClockP_sleepTicks)
                  700103f8    00000008     --HOLE-- [fill = 0]
                  70010400    00000028     drivers.am64x.r5f.ti-arm-clang.release.lib : uart_v0.obj (.text.UART_statusIsDataReady)
                  70010428    00000008     --HOLE-- [fill = 0]
                  70010430    00000028                                                : udma_ch.obj (.text.Udma_chGetCqRingHandle)
                  70010458    00000008     --HOLE-- [fill = 0]
                  70010460    00000028                                                : udma_ch.obj (.text.Udma_chGetFqRingHandle)
                  70010488    00000008     --HOLE-- [fill = 0]
                  70010490    00000028                                                : udma_ring_lcdma.obj (.text.Udma_ringGetForwardRingOccLcdma)
                  700104b8    00000008     --HOLE-- [fill = 0]
                  700104c0    00000028                                                : udma_ring_lcdma.obj (.text.Udma_ringGetReverseRingOccLcdma)
                  700104e8    00000008     --HOLE-- [fill = 0]
                  700104f0    00000028                                                : udma_rmcfg.obj (.text.Udma_rmGetSharedResPrms)
                  70010518    00000008     --HOLE-- [fill = 0]
                  70010520    00000026                                                : mmcsd_priv.obj (.text.MMCSD_parseSCRSd)
                  70010546    0000000a     --HOLE-- [fill = 0]
                  70010550    00000026                                                : ospi_v0.obj (.text.OSPI_setNumAddrBytes)
                  70010576    0000000a     --HOLE-- [fill = 0]
                  70010580    00000024                                                : csl_bcdma.obj (.text.CSL_bcdmaGetChanPeerReg)
                  700105a4    0000000c     --HOLE-- [fill = 0]
                  700105b0    00000024                                                : ospi_dma.obj (.text.OSPI_dmaCopy)
                  700105d4    0000000c     --HOLE-- [fill = 0]
                  700105e0    00000024                                                : udma_ring_lcdma.obj (.text.Udma_ringPrimeLcdma)
                  70010604    0000000c     --HOLE-- [fill = 0]
                  70010610    00000024     nortos.am64x.r5f.ti-arm-clang.release.lib : printf.obj (.text.vprintf_)
                  70010634    00000024     libclang_rt.builtins.a : aeabi_uldivmod.S.obj (.text)
                  70010658    00000008     --HOLE-- [fill = 0]
                  70010660    00000022     drivers.am64x.r5f.ti-arm-clang.release.lib : csl_bcdma.obj (.text.CSL_bcdmaSetChanPeerReg)
                  70010682    0000000e     --HOLE-- [fill = 0]
                  70010690    00000022     ti_pinmux_config.obj (.text.Pinmux_init)
                  700106b2    0000000e     --HOLE-- [fill = 0]
                  700106c0    00000022     drivers.am64x.r5f.ti-arm-clang.release.lib : udma_utils.obj (.text.Udma_virtToPhyFxn)
                  700106e2    0000000e     --HOLE-- [fill = 0]
                  700106f0    00000020                                                : csl_pktdma.obj (.text.CSL_pktdmaSetRxRT)
                  70010710    00000020                                                : csl_pktdma.obj (.text.CSL_pktdmaSetTxRT)
                  70010730    00000020     nortos.am64x.r5f.ti-arm-clang.release.lib : DebugP_log.obj (.text.DebugP_logZoneEnable)
                  70010750    00000020     board.am64x.r5f.ti-arm-clang.release.lib : flash.obj (.text.Flash_getAttrs)
                  70010770    00000020                                              : flash.obj (.text.Flash_getHandle)
                  70010790    00000020     drivers.am64x.r5f.ti-arm-clang.release.lib : soc.obj (.text.SOC_getSelfCpuClk)
                  700107b0    00000020     nortos.am64x.r5f.ti-arm-clang.release.lib : TimerP.obj (.text.TimerP_Params_init)
                  700107d0    00000020     drivers.am64x.r5f.ti-arm-clang.release.lib : udma_utils.obj (.text.UdmaUtils_makeTrpdTr15)
                  700107f0    00000020     libc.a : wcslen.c.obj (.text.wcslen)
                  70010810    0000001e     drivers.am64x.r5f.ti-arm-clang.release.lib : csl_bcdma.obj (.text.CSL_bcdmaTeardownRxChan)
                  7001082e    00000002     --HOLE-- [fill = 0]
                  70010830    0000001e                                                : csl_bcdma.obj (.text.CSL_bcdmaTeardownTxChan)
                  7001084e    00000002     --HOLE-- [fill = 0]
                  70010850    0000001e     board.am64x.r5f.ti-arm-clang.release.lib : flash.obj (.text.Flash_read)
                  7001086e    00000002     --HOLE-- [fill = 0]
                  70010870    0000001e                                              : flash.obj (.text.Flash_write)
                  7001088e    00000002     --HOLE-- [fill = 0]
                  70010890    0000001e     drivers.am64x.r5f.ti-arm-clang.release.lib : ospi_v0.obj (.text.OSPI_enableDacMode)
                  700108ae    00000002     --HOLE-- [fill = 0]
                  700108b0    0000001e                                                : udma_ring_lcdma.obj (.text.Udma_ringDequeueRawLcdma)
                  700108ce    00000002     --HOLE-- [fill = 0]
                  700108d0    0000001e                                                : udma_ring_lcdma.obj (.text.Udma_ringQueueRawLcdma)
                  700108ee    00000002     --HOLE-- [fill = 0]
                  700108f0    0000001c                                                : csl_lcdma_ringacc.obj (.text.CSL_lcdma_ringaccPush64)
                  7001090c    00000004     --HOLE-- [fill = 0]
                  70010910    0000001c                                                : csl_pktdma.obj (.text.CSL_pktdmaGetChanPeerReg)
                  7001092c    00000004     --HOLE-- [fill = 0]
                  70010930    0000001c                                                : csl_pktdma.obj (.text.CSL_pktdmaSetChanPeerReg)
                  7001094c    00000004     --HOLE-- [fill = 0]
                  70010950    0000001c                                                : ospi_v0.obj (.text.OSPI_setRdDataCaptureDelay)
                  7001096c    00000004     --HOLE-- [fill = 0]
                  70010970    0000001c                                                : udma_utils.obj (.text.UdmaUtils_getRingMemSize)
                  7001098c    00000004     --HOLE-- [fill = 0]
                  70010990    0000001c                                                : udma_ring_common.obj (.text.Udma_ringGetNum)
                  700109ac    00000004     --HOLE-- [fill = 0]
                  700109b0    0000001c     nortos.am64x.r5f.ti-arm-clang.release.lib : boot_armv7r.obj (.text._system_pre_init)
                  700109cc    0000001c     libc.a : _printfi.c.obj (.text.strlen)
                  700109e8    0000001c     libsysbm.a : memcpy32.S.obj (.text:TI_memcpy_small)
                  70010a04    0000001c     libclang_rt.builtins.a : aeabi_memset.S.obj (.text)
                  70010a20    0000001a     drivers.am64x.r5f.ti-arm-clang.release.lib : csl_emif.obj (.text.CSL_emifDisableECC)
                  70010a3a    00000006     --HOLE-- [fill = 0]
                  70010a40    0000001a                                                : csl_emif.obj (.text.CSL_emifEnableECC)
                  70010a5a    00000006     --HOLE-- [fill = 0]
                  70010a60    0000001a                                                : uart_dma.obj (.text.UART_readInterruptDma)
                  70010a7a    00000006     --HOLE-- [fill = 0]
                  70010a80    0000001a                                                : uart_dma.obj (.text.UART_writeInterruptDma)
                  70010a9a    00000006     --HOLE-- [fill = 0]
                  70010aa0    0000001a                                                : udma_rmcfg.obj (.text.Udma_rmGetDefBoardCfgPrms)
                  70010aba    00000006     --HOLE-- [fill = 0]
                  70010ac0    00000018                                                : lpddr4.obj (.text.LPDDR4_Init)
                  70010ad8    00000008     --HOLE-- [fill = 0]
                  70010ae0    00000018                                                : ospi_v0.obj (.text.OSPI_disablePhyPipeline)
                  70010af8    00000008     --HOLE-- [fill = 0]
                  70010b00    00000018                                                : ospi_dma.obj (.text.OSPI_dmaClose)
                  70010b18    00000008     --HOLE-- [fill = 0]
                  70010b20    00000018                                                : ospi_v0.obj (.text.OSPI_setCmdDummyCycles)
                  70010b38    00000008     --HOLE-- [fill = 0]
                  70010b40    00000018                                                : sciclient_soc_priv.obj (.text.Sciclient_getDevId)
                  70010b58    00000008     --HOLE-- [fill = 0]
                  70010b60    00000018                                                : udma_ring_lcdma.obj (.text.Udma_ringGetElementCntLcdma)
                  70010b78    00000008     --HOLE-- [fill = 0]
                  70010b80    00000018                                                : udma_ring_lcdma.obj (.text.Udma_ringGetMemPtrLcdma)
                  70010b98    00000008     --HOLE-- [fill = 0]
                  70010ba0    00000018                                                : udma_ring_lcdma.obj (.text.Udma_ringGetModeLcdma)
                  70010bb8    00000008     --HOLE-- [fill = 0]
                  70010bc0    00000018                                                : udma_ring_lcdma.obj (.text.Udma_ringGetRdIdxLcdma)
                  70010bd8    00000008     --HOLE-- [fill = 0]
                  70010be0    00000018                                                : udma_ring_lcdma.obj (.text.Udma_ringGetWrIdxLcdma)
                  70010bf8    00000018     libsysbm.a : memset32.S.obj (.text:TI_memset_small)
                  70010c10    00000016     drivers.am64x.r5f.ti-arm-clang.release.lib : bootloader_soc.obj (.text.Bootloader_socNotifyFirewallOpen)
                  70010c26    0000000a     --HOLE-- [fill = 0]
                  70010c30    00000016                                                : csl_bcdma.obj (.text.CSL_bcdmaGetRxRT)
                  70010c46    0000000a     --HOLE-- [fill = 0]
                  70010c50    00000016                                                : csl_bcdma.obj (.text.CSL_bcdmaGetTxRT)
                  70010c66    0000000a     --HOLE-- [fill = 0]
                  70010c70    00000016                                                : csl_bcdma.obj (.text.CSL_bcdmaSetRxRT)
                  70010c86    0000000a     --HOLE-- [fill = 0]
                  70010c90    00000016                                                : csl_bcdma.obj (.text.CSL_bcdmaSetTxRT)
                  70010ca6    0000000a     --HOLE-- [fill = 0]
                  70010cb0    00000016                                                : ospi_v0.obj (.text.OSPI_ReadCmdParams_init)
                  70010cc6    0000000a     --HOLE-- [fill = 0]
                  70010cd0    00000016                                                : ospi_v0.obj (.text.OSPI_WriteCmdParams_init)
                  70010ce6    0000000a     --HOLE-- [fill = 0]
                  70010cf0    00000014                                                : csl_lcdma_ringacc.obj (.text.CSL_lcdma_ringaccPop64)
                  70010d04    0000000c     --HOLE-- [fill = 0]
                  70010d10    00000014                                                : mmcsd_v0.obj (.text.MMCSD_getBlockSize)
                  70010d24    0000000c     --HOLE-- [fill = 0]
                  70010d30    00000014                                                : ospi_v0.obj (.text.OSPI_enableModeBitsCmd)
                  70010d44    0000000c     --HOLE-- [fill = 0]
                  70010d50    00000014                                                : ospi_v0.obj (.text.OSPI_setReadDummyCycles)
                  70010d64    0000000c     --HOLE-- [fill = 0]
                  70010d70    00000012                                                : csl_emif.obj (.text.CSL_emifClearECCInterruptStatus)
                  70010d82    0000000e     --HOLE-- [fill = 0]
                  70010d90    00000012                                                : csl_emif.obj (.text.CSL_emifEnableECCInterrupts)
                  70010da2    0000000e     --HOLE-- [fill = 0]
                  70010db0    00000012                                                : csl_lcdma_ringacc.obj (.text.CSL_lcdma_ringaccGetReverseRingOcc)
                  70010dc2    0000000e     --HOLE-- [fill = 0]
                  70010dd0    00000012     ti_drivers_open_close.obj (.text.Drivers_open)
                  70010de2    0000000e     --HOLE-- [fill = 0]
                  70010df0    00000012     board.am64x.r5f.ti-arm-clang.release.lib : flash.obj (.text.Flash_eraseBlk)
                  70010e02    0000000e     --HOLE-- [fill = 0]
                  70010e10    00000012     drivers.am64x.r5f.ti-arm-clang.release.lib : ospi_v0.obj (.text.OSPI_Transaction_init)
                  70010e22    0000000e     --HOLE-- [fill = 0]
                  70010e30    00000012     nortos.am64x.r5f.ti-arm-clang.release.lib : TimerP.obj (.text.TimerP_clearOverflowInt)
                  70010e42    0000000e     --HOLE-- [fill = 0]
                  70010e50    00000010     drivers.am64x.r5f.ti-arm-clang.release.lib : csl_lcdma_ringacc.obj (.text.CSL_lcdma_ringaccIsTeardownComplete)
                  70010e60    00000010     board.am64x.r5f.ti-arm-clang.release.lib : flash.obj (.text.Flash_getPhyTuningOffset)
                  70010e70    00000010     drivers.am64x.r5f.ti-arm-clang.release.lib : lpddr4.obj (.text.LPDDR4_Probe)
                  70010e80    00000010                                                : ospi_v0.obj (.text.OSPI_enableModeBitsRead)
                  70010e90    00000010                                                : ospi_phy.obj (.text.OSPI_phyGetTuningData)
                  70010ea0    00000010                                                : ospi_v0.obj (.text.OSPI_setModeBits)
                  70010eb0    00000010                                                : udma_rm.obj (.text.Udma_rmTranslateCoreIntrInput)
                  70010ec0    00000010                                                : udma_rm.obj (.text.Udma_rmTranslateIrOutput)
                  70010ed0    0000000e                                                : csl_lcdma_ringacc.obj (.text.CSL_lcdma_ringaccGetForwardRingOcc)
                  70010ede    00000002     --HOLE-- [fill = 0]
                  70010ee0    0000000e                                                : csl_lcdma_ringacc.obj (.text.CSL_lcdma_ringaccInitRingObj)
                  70010eee    00000002     --HOLE-- [fill = 0]
                  70010ef0    0000000e     board.am64x.r5f.ti-arm-clang.release.lib : flash.obj (.text.Flash_close)
                  70010efe    00000002     --HOLE-- [fill = 0]
                  70010f00    0000000e     ti_power_clock_config.obj (.text.PowerClock_init)
                  70010f0e    00000002     --HOLE-- [fill = 0]
                  70010f10    0000000c     nortos.am64x.r5f.ti-arm-clang.release.lib : ClockP_nortos.obj (.text.ClockP_getTicks)
                  70010f1c    00000004     --HOLE-- [fill = 0]
                  70010f20    0000000c     drivers.am64x.r5f.ti-arm-clang.release.lib : ospi_v0.obj (.text.OSPI_getFlashDataBaseAddr)
                  70010f2c    00000004     --HOLE-- [fill = 0]
                  70010f30    0000000c                                                : sciclient.obj (.text.Sciclient_getSelfDevIdCore)
                  70010f3c    00000004     --HOLE-- [fill = 0]
                  70010f40    0000000a                                                : csl_sec_proxy.obj (.text.CSL_secProxyGetDataAddr)
                  70010f4a    00000006     --HOLE-- [fill = 0]
                  70010f50    0000000a     nortos.am64x.r5f.ti-arm-clang.release.lib : ClockP_nortos.obj (.text.ClockP_Params_init)
                  70010f5a    00000006     --HOLE-- [fill = 0]
                  70010f60    0000000a                                               : ClockP_nortos.obj (.text.ClockP_isActive)
                  70010f6a    00000006     --HOLE-- [fill = 0]
                  70010f70    0000000a     drivers.am64x.r5f.ti-arm-clang.release.lib : ospi_v0.obj (.text.OSPI_setPhyEnableSuccess)
                  70010f7a    00000006     --HOLE-- [fill = 0]
                  70010f80    0000000a     nortos.am64x.r5f.ti-arm-clang.release.lib : TimerP.obj (.text.TimerP_start)
                  70010f8a    00000006     --HOLE-- [fill = 0]
                  70010f90    00000008     board.am64x.r5f.ti-arm-clang.release.lib : flash_nor_ospi.obj (.text.Flash_norOspiClose)
                  70010f98    00000008     --HOLE-- [fill = 0]
                  70010fa0    00000008     drivers.am64x.r5f.ti-arm-clang.release.lib : ospi_v0.obj (.text.OSPI_setCmdExtType)
                  70010fa8    00000008     --HOLE-- [fill = 0]
                  70010fb0    00000008                                                : udma_ring_lcdma.obj (.text.Udma_ringHandleClearRegsLcdma)
                  70010fb8    00000008     --HOLE-- [fill = 0]
                  70010fc0    00000008     nortos.am64x.r5f.ti-arm-clang.release.lib : printf.obj (.text._out_char)
                  70010fc8    00000008     --HOLE-- [fill = 0]
                  70010fd0    00000006     drivers.am64x.r5f.ti-arm-clang.release.lib : csl_pktdma.obj (.text.CSL_pktdmaTeardownRxChan)
                  70010fd6    0000000a     --HOLE-- [fill = 0]
                  70010fe0    00000006                                                : csl_pktdma.obj (.text.CSL_pktdmaTeardownTxChan)
                  70010fe6    0000000a     --HOLE-- [fill = 0]
                  70010ff0    00000006                                                : ospi_v0.obj (.text.OSPI_isPhyEnable)
                  70010ff6    0000000a     --HOLE-- [fill = 0]
                  70011000    00000006                                                : udma_rm.obj (.text.Udma_rmAllocFreeRing)
                  70011006    0000000a     --HOLE-- [fill = 0]
                  70011010    00000004     ti_board_open_close.obj (.text.Board_driversOpen)
                  70011014    0000000c     --HOLE-- [fill = 0]
                  70011020    00000004     drivers.am64x.r5f.ti-arm-clang.release.lib : bootloader_soc.obj (.text.Bootloader_socWaitForFWBoot)
                  70011024    0000000c     --HOLE-- [fill = 0]
                  70011030    00000004                                                : lpddr4.obj (.text.CPS_UncachedRead32)
                  70011034    0000000c     --HOLE-- [fill = 0]
                  70011040    00000004                                                : lpddr4.obj (.text.CPS_UncachedWrite32)
                  70011044    0000000c     --HOLE-- [fill = 0]
                  70011050    00000004     nortos.am64x.r5f.ti-arm-clang.release.lib : ClockP_nortos_r5.obj (.text.ClockP_getTimerCount)
                  70011054    0000000c     --HOLE-- [fill = 0]
                  70011060    00000004                                               : ClockP_nortos_r5.obj (.text.ClockP_timerClearOverflowInt)
                  70011064    0000000c     --HOLE-- [fill = 0]
                  70011070    00000004     drivers.am64x.r5f.ti-arm-clang.release.lib : sciclient_rm.obj (.text.Sciclient_rmIrqSet)
                  70011074    0000000c     --HOLE-- [fill = 0]
                  70011080    00000004                                                : sciclient_rm.obj (.text.Sciclient_rmIrqTranslateIaOutput)
                  70011084    0000000c     --HOLE-- [fill = 0]
                  70011090    00000004     nortos.am64x.r5f.ti-arm-clang.release.lib : TimerP.obj (.text.TimerP_getCount)
                  70011094    0000000c     --HOLE-- [fill = 0]
                  700110a0    00000004                                               : TimerP.obj (.text.TimerP_getReloadCount)
                  700110a4    0000000c     --HOLE-- [fill = 0]
                  700110b0    00000004     drivers.am64x.r5f.ti-arm-clang.release.lib : udma_utils.obj (.text.Udma_defaultVirtToPhyFxn)
                  700110b4    0000000c     --HOLE-- [fill = 0]
                  700110c0    00000004                                                : udma_soc.obj (.text.Udma_isCacheCoherent)
                  700110c4    0000000c     --HOLE-- [fill = 0]
                  700110d0    00000004     libclang_rt.builtins.a : aeabi_div0.c.obj (.text.__aeabi_idiv0)
                  700110d4    0000000c     --HOLE-- [fill = 0]
                  700110e0    00000004                            : aeabi_div0.c.obj (.text.__aeabi_ldiv0)
                  700110e4    0000000c     --HOLE-- [fill = 0]
                  700110f0    00000002     drivers.am64x.r5f.ti-arm-clang.release.lib : mmcsd_v0.obj (.text.MMCSD_isr)
                  700110f2    0000000e     --HOLE-- [fill = 0]
                  70011100    00000002                                                : ospi_v0.obj (.text.OSPI_isr)
                  70011102    0000000e     --HOLE-- [fill = 0]
                  70011110    00000002     nortos.am64x.r5f.ti-arm-clang.release.lib : SemaphoreP_nortos.obj (.text.SemaphoreP_destruct)
                  70011112    0000000e     --HOLE-- [fill = 0]
                  70011120    00000002                                               : TaskP_nortos.obj (.text.TaskP_yield)
                  70011122    0000000e     --HOLE-- [fill = 0]
                  70011130    00000002     drivers.am64x.r5f.ti-arm-clang.release.lib : udma_utils.obj (.text.Udma_defaultPhyToVirtFxn)
                  70011132    0000000e     --HOLE-- [fill = 0]
                  70011140    00000002                                                : udma_rm.obj (.text.Udma_rmFreeFreeRing)
                  70011142    0000000e     --HOLE-- [fill = 0]
                  70011150    00000002     nortos.am64x.r5f.ti-arm-clang.release.lib : printf.obj (.text._out_null)
                  70011152    0000000e     --HOLE-- [fill = 0]
                  70011160    00000002     ti_dpl_config.obj (.text.putchar_)
                  70011162    0000000e     --HOLE-- [fill = 0]

.text.hwi 
*          0    70011170    00000790     
                  70011170    00000452     nortos.am64x.r5f.ti-arm-clang.release.lib : HwiP_armv7r_vim.obj (.text.hwi)
                  700115c2    00000002     --HOLE-- [fill = 0]
                  700115c4    00000008                                               : HwiP_armv7r_asm.obj (.tramp.HwiP_enableFIQ.1)
                  700115cc    00000004     --HOLE-- [fill = 0]
                  700115d0    0000023e                                               : HwiP_armv7r_handlers_nortos.obj (.text.hwi)
                  7001180e    00000002     --HOLE-- [fill = 0]
                  70011810    00000078                                               : HwiP_armv7r_handlers_nortos_asm.obj (.text.hwi)
                  70011888    00000070                                               : HwiP_armv7r_asm.obj (.text.hwi)
                  700118f8    00000008     --HOLE-- [fill = 0]

.text.cache 
*          0    70011900    00000450     
                  70011900    00000340     nortos.am64x.r5f.ti-arm-clang.release.lib : CacheP_armv7r_asm.obj (.text.cache)
                  70011c40    000000f6                                               : CacheP_armv7r.obj (.text.cache)
                  70011d36    00000002     --HOLE-- [fill = 0]
                  70011d38    00000008                                               : CacheP_armv7r_asm.obj (.tramp.CacheP_invL1d.1)
                  70011d40    00000008                                               : HwiP_armv7r_asm.obj (.tramp.HwiP_restore.2)
                  70011d48    00000008                                               : CacheP_armv7r_asm.obj (.tramp.CacheP_enableL1p.1)

.text.mpu 
*          0    70011d50    00000240     
                  70011d50    000001b4     nortos.am64x.r5f.ti-arm-clang.release.lib : MpuP_armv7r.obj (.text.mpu)
                  70011f04    00000078                                               : MpuP_armv7r_asm.obj (.text.mpu)
                  70011f7c    00000008                                               : MpuP_armv7r_asm.obj (.tramp.MpuP_isEnableAsm.1)
                  70011f84    00000008                                               : HwiP_armv7r_asm.obj (.tramp.HwiP_restore.3)
                  70011f8c    00000004     --HOLE-- [fill = 0]

.text.boot 
[...]
70013ea2  vint_usage_count_DMASS0_INTAGGR_0                                             
70014230  gFlashDevCfg_S28HS512T                                                        
70014310  gRmIrInstances                                                                
70014370  gUdmaRmSharedResPrms                                                          
700143c8  gUartParams                                                                   
700144d8  gFlashAttrs_S28HS512T                                                         
70014508  gSocModulesClockFrequency                                                     
70014538  gPhyTuneWindowParamsGTE133                                                    
70014560  gPhyTuneWindowParamsLT133                                                     
70014588  gFlashToSpiProtocolMap                                                        
700145cc  gRmIaInstances                                                                
700145ec  __aeabi_errno                                                                 
700145f0  gSciclientSecProxyCfg                                                         
70014610  gSocModules                                                                   
70014630  gFlashNorOspiFxns                                                             
7001464c  gOspiUdma0Args                                                                
70014668  gClockConfig                                                                  
70014690  gFlashConfig                                                                  
700146b0  gAddrTranslateConfig                                                          
700146bc  gOspiDmaUdmaFxns                                                              
700146c8  gFlashParams                                                                  
700146d0  gMmcsdConfig                                                                  
700146d8  gMmcsdParams                                                                  
700146e0  gOspiConfig                                                                   
700146e8  gOspiDmaConfig                                                                
70014700  gUartConfig                                                                   
70014710  gDebugLogZone                                                                 
70014714  gFlashConfigNum                                                               
70014718  gHwiConfig                                                                    
7001471c  gMmcsdConfigNum                                                               
70014720  gOspiConfigNum                                                                
70014724  gOspiDmaConfigNum                                                             
70014728  gOspiParams                                                                   
7001472c  gPhyTuneWindowParams                                                          
70014744  gUartConfigNum                                                                
70014748  gUartDmaConfigNum                                                             
70014950  gUdmaRmDefBoardCfg_Pktdma                                                     
70014c98  gUdmaTxMappedChRingAttributes                                                 
70015038  gSciclientMap                                                                 
70015268  CMP_EVENT_INTROUTER0_outp_0_15_to_GICSS0_spi_48_63                            
70015270  __aeabi_ctype_table_                                                          
70015270  __aeabi_ctype_table_C                                                         
700155c4  gUdmaRxMappedChRingAttributes                                                 
70015660  gUdmaRmDefBoardCfg_Bcdma                                                      
70015840  tisci_if_TIMESYNC_EVENT_INTROUTER0                                            
70015968  gRmIrqTree                                                                    
70015a68  gMpuRegionConfig                                                              
70015bd8  tisci_if_MAIN_GPIOMUX_INTROUTER0                                              
70015c3c  tisci_if_DMASS0_INTAGGR_0                                                     
70015cc4  tisci_if_MCU_MCU_GPIOMUX_INTROUTER0                                           
70015d2c  tisci_if_CPTS0                                                                
70015d4c  tisci_if_PRU_ICSSG0                                                           
70015d68  tisci_if_PRU_ICSSG1                                                           
70015d9c  tisci_if_CMP_EVENT_INTROUTER0                                                 
70015db4  tisci_if_PCIE0                                                                
70015dec  tisci_if_CPSW0                                                                
70015dfc  gMpuConfig                                                                    
70015e08  CMP_EVENT_INTROUTER0_outp_16_23_to_R5FSS0_CORE0_intr_48_55                    
70015e10  CMP_EVENT_INTROUTER0_outp_16_23_to_R5FSS0_CORE1_intr_48_55                    
70015e18  CMP_EVENT_INTROUTER0_outp_24_31_to_R5FSS1_CORE0_intr_48_55                    
70015e20  CMP_EVENT_INTROUTER0_outp_24_31_to_R5FSS1_CORE1_intr_48_55                    
70015e28  CMP_EVENT_INTROUTER0_outp_32_39_to_DMASS0_INTAGGR_0_intaggr_levi_pend_0_7     
70015e30  CPSW0_cpts_comp_0_0_to_CMP_EVENT_INTROUTER0_in_80_80                          
70015e38  CPSW0_cpts_genf0_1_1_to_TIMESYNC_EVENT_INTROUTER0_in_21_21                    
70015e40  CPSW0_cpts_genf1_2_2_to_TIMESYNC_EVENT_INTROUTER0_in_22_22                    
70015e48  CPSW0_cpts_sync_3_3_to_TIMESYNC_EVENT_INTROUTER0_in_34_34                     
70015e50  CPTS0_cpts_comp_0_0_to_CMP_EVENT_INTROUTER0_in_82_82                          
70015e58  CPTS0_cpts_genf0_1_1_to_TIMESYNC_EVENT_INTROUTER0_in_16_16                    
70015e60  CPTS0_cpts_genf1_2_2_to_TIMESYNC_EVENT_INTROUTER0_in_17_17                    
70015e68  CPTS0_cpts_genf2_3_3_to_TIMESYNC_EVENT_INTROUTER0_in_18_18                    
70015e70  CPTS0_cpts_genf3_4_4_to_TIMESYNC_EVENT_INTROUTER0_in_19_19                    
70015e78  CPTS0_cpts_genf4_5_5_to_TIMESYNC_EVENT_INTROUTER0_in_20_20                    
70015e80  CPTS0_cpts_genf5_6_6_to_TIMESYNC_EVENT_INTROUTER0_in_24_24                    
70015e88  CPTS0_cpts_sync_7_7_to_TIMESYNC_EVENT_INTROUTER0_in_35_35                     
70015e90  DMASS0_INTAGGR_0_intaggr_vintr_pend_0_39_to_GICSS0_spi_64_103                 
70015e98  DMASS0_INTAGGR_0_intaggr_vintr_pend_120_127_to_R5FSS1_CORE0_intr_8_15         
70015ea0  DMASS0_INTAGGR_0_intaggr_vintr_pend_128_135_to_R5FSS1_CORE1_intr_8_15         
70015ea8  DMASS0_INTAGGR_0_intaggr_vintr_pend_152_159_to_PRU_ICSSG0_pr1_slv_intr_16_23  
70015eb0  DMASS0_INTAGGR_0_intaggr_vintr_pend_160_167_to_PRU_ICSSG1_pr1_slv_intr_16_23  
70015eb8  DMASS0_INTAGGR_0_intaggr_vintr_pend_168_183_to_MCU_M4FSS0_CORE0_nvic_32_47    
70015ec0  DMASS0_INTAGGR_0_intaggr_vintr_pend_40_71_to_R5FSS0_CORE0_intr_64_95          
70015ec8  DMASS0_INTAGGR_0_intaggr_vintr_pend_40_71_to_R5FSS0_CORE1_intr_64_95          
70015ed0  DMASS0_INTAGGR_0_intaggr_vintr_pend_72_79_to_R5FSS0_CORE0_intr_8_15           
70015ed8  DMASS0_INTAGGR_0_intaggr_vintr_pend_80_87_to_R5FSS0_CORE1_intr_8_15           
70015ee0  DMASS0_INTAGGR_0_intaggr_vintr_pend_88_119_to_R5FSS1_CORE0_intr_64_95         
70015ee8  DMASS0_INTAGGR_0_intaggr_vintr_pend_88_119_to_R5FSS1_CORE1_intr_64_95         
70015ef0  EPWM0_epwm_synco_o_0_0_to_TIMESYNC_EVENT_INTROUTER0_in_39_39                  
70015ef8  EPWM3_epwm_synco_o_0_0_to_TIMESYNC_EVENT_INTROUTER0_in_40_40                  
70015f00  EPWM6_epwm_synco_o_0_0_to_TIMESYNC_EVENT_INTROUTER0_in_41_41                  
70015f08  GPIO0_gpio_0_89_to_MAIN_GPIOMUX_INTROUTER0_in_0_89                            
70015f10  GPIO0_gpio_bank_90_98_to_MAIN_GPIOMUX_INTROUTER0_in_190_198                   
70015f18  GPIO1_gpio_0_89_to_MAIN_GPIOMUX_INTROUTER0_in_90_179                          
70015f20  GPIO1_gpio_bank_90_98_to_MAIN_GPIOMUX_INTROUTER0_in_180_188                   
70015f28  GPMC0_gpmc_sdmareq_0_0_to_DMASS0_INTAGGR_0_intaggr_levi_pend_29_29            
70015f30  GTC0_gtc_push_event_0_0_to_TIMESYNC_EVENT_INTROUTER0_in_36_36                 
70015f38  MAIN_GPIOMUX_INTROUTER0_outp_0_15_to_GICSS0_spi_32_47                         
70015f40  MAIN_GPIOMUX_INTROUTER0_outp_0_15_to_R5FSS0_CORE0_intr_32_47                  
70015f48  MAIN_GPIOMUX_INTROUTER0_outp_0_15_to_R5FSS0_CORE1_intr_32_47                  
70015f50  MAIN_GPIOMUX_INTROUTER0_outp_0_15_to_R5FSS1_CORE0_intr_32_47                  
70015f58  MAIN_GPIOMUX_INTROUTER0_outp_0_15_to_R5FSS1_CORE1_intr_32_47                  
70015f60  MAIN_GPIOMUX_INTROUTER0_outp_16_17_to_DMASS0_INTAGGR_0_intaggr_levi_pend_24_25
70015f68  MAIN_GPIOMUX_INTROUTER0_outp_18_23_to_PRU_ICSSG0_pr1_iep0_cap_intr_req_4_9    
70015f70  MAIN_GPIOMUX_INTROUTER0_outp_18_23_to_PRU_ICSSG1_pr1_iep0_cap_intr_req_4_9    
70015f78  MAIN_GPIOMUX_INTROUTER0_outp_24_29_to_PRU_ICSSG0_pr1_iep1_cap_intr_req_10_15  
70015f80  MAIN_GPIOMUX_INTROUTER0_outp_24_29_to_PRU_ICSSG1_pr1_iep1_cap_intr_req_10_15  
70015f88  MAIN_GPIOMUX_INTROUTER0_outp_30_37_to_DMASS0_INTAGGR_0_intaggr_levi_pend_16_23
70015f90  MAIN_GPIOMUX_INTROUTER0_outp_38_45_to_PRU_ICSSG0_pr1_slv_intr_46_53           
70015f98  MAIN_GPIOMUX_INTROUTER0_outp_46_53_to_PRU_ICSSG1_pr1_slv_intr_46_53           
70015fa0  MCU_GPIO0_gpio_0_29_to_MCU_MCU_GPIOMUX_INTROUTER0_in_0_29                     
70015fa8  MCU_GPIO0_gpio_bank_30_31_to_MCU_MCU_GPIOMUX_INTROUTER0_in_30_31              
70015fb0  MCU_MCU_GPIOMUX_INTROUTER0_outp_0_3_to_GICSS0_spi_104_107                     
70015fb8  MCU_MCU_GPIOMUX_INTROUTER0_outp_0_3_to_R5FSS0_CORE0_intr_104_107              
70015fc0  MCU_MCU_GPIOMUX_INTROUTER0_outp_0_3_to_R5FSS0_CORE1_intr_104_107              
70015fc8  MCU_MCU_GPIOMUX_INTROUTER0_outp_0_3_to_R5FSS1_CORE0_intr_104_107              
70015fd0  MCU_MCU_GPIOMUX_INTROUTER0_outp_0_3_to_R5FSS1_CORE1_intr_104_107              
70015fd8  MCU_MCU_GPIOMUX_INTROUTER0_outp_4_7_to_MCU_M4FSS0_CORE0_nvic_0_3              
70015fe0  MCU_MCU_GPIOMUX_INTROUTER0_outp_8_11_to_MCU_ESM0_esm_pls_event0_88_91         
70015fe8  MCU_MCU_GPIOMUX_INTROUTER0_outp_8_11_to_MCU_ESM0_esm_pls_event1_92_95         
70015ff0  MCU_MCU_GPIOMUX_INTROUTER0_outp_8_11_to_MCU_ESM0_esm_pls_event2_96_99         
70015ff8  PCIE0_pcie_cpts_comp_0_0_to_CMP_EVENT_INTROUTER0_in_81_81                     
70016000  PCIE0_pcie_cpts_genf0_1_1_to_TIMESYNC_EVENT_INTROUTER0_in_23_23               
70016008  PCIE0_pcie_cpts_hw1_push_2_2_to_TIMESYNC_EVENT_INTROUTER0_in_37_37            
70016010  PCIE0_pcie_cpts_sync_3_3_to_TIMESYNC_EVENT_INTROUTER0_in_33_33                
70016018  PCIE0_pcie_ptm_valid_pulse_4_4_to_TIMESYNC_EVENT_INTROUTER0_in_38_38          
70016020  PRU_ICSSG0_pr1_edc0_sync0_out_0_0_to_TIMESYNC_EVENT_INTROUTER0_in_25_25       
70016028  PRU_ICSSG0_pr1_edc0_sync1_out_1_1_to_TIMESYNC_EVENT_INTROUTER0_in_26_26       
70016030  PRU_ICSSG0_pr1_edc1_sync0_out_2_2_to_TIMESYNC_EVENT_INTROUTER0_in_27_27       
70016038  PRU_ICSSG0_pr1_edc1_sync1_out_3_3_to_TIMESYNC_EVENT_INTROUTER0_in_28_28       
70016040  PRU_ICSSG0_pr1_host_intr_req_4_11_to_CMP_EVENT_INTROUTER0_in_0_7              
70016048  PRU_ICSSG0_pr1_iep0_cmp_intr_req_12_27_to_CMP_EVENT_INTROUTER0_in_16_31       
70016050  PRU_ICSSG0_pr1_iep1_cmp_intr_req_28_43_to_CMP_EVENT_INTROUTER0_in_32_47       
70016058  PRU_ICSSG1_pr1_edc0_sync0_out_0_0_to_TIMESYNC_EVENT_INTROUTER0_in_29_29       
70016060  PRU_ICSSG1_pr1_edc0_sync1_out_1_1_to_TIMESYNC_EVENT_INTROUTER0_in_30_30       
70016068  PRU_ICSSG1_pr1_edc1_sync0_out_2_2_to_TIMESYNC_EVENT_INTROUTER0_in_31_31       
70016070  PRU_ICSSG1_pr1_edc1_sync1_out_3_3_to_TIMESYNC_EVENT_INTROUTER0_in_32_32       
70016078  PRU_ICSSG1_pr1_host_intr_req_4_11_to_CMP_EVENT_INTROUTER0_in_8_15             
70016080  PRU_ICSSG1_pr1_iep0_cmp_intr_req_12_27_to_CMP_EVENT_INTROUTER0_in_48_63       
70016088  PRU_ICSSG1_pr1_iep1_cmp_intr_req_28_43_to_CMP_EVENT_INTROUTER0_in_64_79       
70016090  TIMER0_timer_pwm_0_0_to_TIMESYNC_EVENT_INTROUTER0_in_0_0                      
70016098  TIMER1_timer_pwm_0_0_to_TIMESYNC_EVENT_INTROUTER0_in_1_1                      
700160a0  TIMER2_timer_pwm_0_0_to_TIMESYNC_EVENT_INTROUTER0_in_2_2                      
700160a8  TIMER3_timer_pwm_0_0_to_TIMESYNC_EVENT_INTROUTER0_in_3_3                      
700160b0  TIMESYNC_EVENT_INTROUTER0_outl_0_7_to_DMASS0_INTAGGR_0_intaggr_levi_pend_8_15 
700160b8  TIMESYNC_EVENT_INTROUTER0_outl_10_10_to_PRU_ICSSG0_pr1_edc1_latch0_in_2_2     
700160c0  TIMESYNC_EVENT_INTROUTER0_outl_11_11_to_PRU_ICSSG0_pr1_edc1_latch1_in_3_3     
700160c8  TIMESYNC_EVENT_INTROUTER0_outl_12_12_to_PRU_ICSSG1_pr1_edc0_latch0_in_0_0     
700160d0  TIMESYNC_EVENT_INTROUTER0_outl_13_13_to_PRU_ICSSG1_pr1_edc0_latch1_in_1_1     
700160d8  TIMESYNC_EVENT_INTROUTER0_outl_14_14_to_PRU_ICSSG1_pr1_edc1_latch0_in_2_2     
700160e0  TIMESYNC_EVENT_INTROUTER0_outl_15_15_to_PRU_ICSSG1_pr1_edc1_latch1_in_3_3     
700160e8  TIMESYNC_EVENT_INTROUTER0_outl_16_16_to_CPTS0_cpts_hw1_push_0_0               
700160f0  TIMESYNC_EVENT_INTROUTER0_outl_17_17_to_CPTS0_cpts_hw2_push_1_1               
700160f8  TIMESYNC_EVENT_INTROUTER0_outl_18_18_to_CPTS0_cpts_hw3_push_2_2               
70016100  TIMESYNC_EVENT_INTROUTER0_outl_19_19_to_CPTS0_cpts_hw4_push_3_3               
70016108  TIMESYNC_EVENT_INTROUTER0_outl_20_20_to_CPTS0_cpts_hw5_push_4_4               
70016110  TIMESYNC_EVENT_INTROUTER0_outl_21_21_to_CPTS0_cpts_hw6_push_5_5               
70016118  TIMESYNC_EVENT_INTROUTER0_outl_22_22_to_CPTS0_cpts_hw7_push_6_6               
70016120  TIMESYNC_EVENT_INTROUTER0_outl_23_23_to_CPTS0_cpts_hw8_push_7_7               
70016128  TIMESYNC_EVENT_INTROUTER0_outl_29_29_to_PCIE0_pcie_cpts_hw2_push_0_0          
70016130  TIMESYNC_EVENT_INTROUTER0_outl_30_30_to_CPSW0_cpts_hw1_push_0_0               
70016138  TIMESYNC_EVENT_INTROUTER0_outl_31_31_to_CPSW0_cpts_hw2_push_1_1               
70016140  TIMESYNC_EVENT_INTROUTER0_outl_32_32_to_CPSW0_cpts_hw3_push_2_2               
70016148  TIMESYNC_EVENT_INTROUTER0_outl_33_33_to_CPSW0_cpts_hw4_push_3_3               
70016150  TIMESYNC_EVENT_INTROUTER0_outl_34_34_to_CPSW0_cpts_hw5_push_4_4               
70016158  TIMESYNC_EVENT_INTROUTER0_outl_35_35_to_CPSW0_cpts_hw6_push_5_5               
70016160  TIMESYNC_EVENT_INTROUTER0_outl_36_36_to_CPSW0_cpts_hw7_push_6_6               
70016168  TIMESYNC_EVENT_INTROUTER0_outl_37_37_to_CPSW0_cpts_hw8_push_7_7               
70016170  TIMESYNC_EVENT_INTROUTER0_outl_8_8_to_PRU_ICSSG0_pr1_edc0_latch0_in_0_0       
70016178  TIMESYNC_EVENT_INTROUTER0_outl_9_9_to_PRU_ICSSG0_pr1_edc0_latch1_in_1_1       
70016180  gCacheConfig                                                                  
70016188  tisci_if_GPIO0                                                                
70016190  tisci_if_GPIO1                                                                
70016198  tisci_if_MCU_GPIO0                                                            
70016258  gCacheL1dCacheLineSize                                                        
7001625c  gCacheL1pCacheLineSize                                                        
70016260  gRmIrqTreeCount                                                               
70016264  tisci_if_EPWM0                                                                
70016268  tisci_if_EPWM3                                                                
7001626c  tisci_if_EPWM6                                                                
70016270  tisci_if_GPMC0                                                                
70016274  tisci_if_GTC0                                                                 
70016278  tisci_if_TIMER0                                                               
7001627c  tisci_if_TIMER1                                                               
70016280  tisci_if_TIMER2                                                               
70016284  tisci_if_TIMER3                                                               
70080000  __BSS_START                                                                   
70080000  __start___llvm_prf_bits                                                       
70080000  __start___llvm_prf_cnts                                                       
70080000  __stop___llvm_prf_bits                                                        
70080000  __stop___llvm_prf_cnts                                                        
70080000  gUniflashVerifyBuf                                                            
70088000  gHwiCtrl                                                                      
70089008  gUdmaDrvObj                                                                   
7008a410  gClockCtrl                                                                    
7008a614  gFlashObject_S28HS512T                                                        
7008a628  gADMA2Desc                                                                    
7008a634  gFlashHandle                                                                  
7008a638  gMmcsdHandle                                                                  
7008a63c  gOspiHandle                                                                   
7008a640  gUartHandle                                                                   
7008a680  __BSS_END                                                                     
7008a680  _sys_memory                                                                   
70092680  __stack                                                                       
70096680  __IRQ_STACK_START                                                             
70096680  __STACK_END                                                                   
70097680  __FIQ_STACK_START                                                             
70097680  __IRQ_STACK_END                                                               
70097780  __FIQ_STACK_END                                                               
70097780  __SVC_STACK_START                                                             
70097880  __ABORT_STACK_START                                                           
70097880  __SVC_STACK_END                                                               
70097980  __ABORT_STACK_END                                                             
70097980  __UNDEFINED_STACK_START                                                       
70097a80  __UNDEFINED_STACK_END                                                         
80000000  gUniflashFileBuf                                                              
ffffffff  __TI_pprof_out_hndl                                                           
ffffffff  __TI_prof_data_size                                                           
ffffffff  __TI_prof_data_start                                                          
ffffffff  __binit__                                                                     
ffffffff  binit                                                                         
UNDEFED   __TI_CINIT_Base                                                               
UNDEFED   __TI_CINIT_Limit                                                              
UNDEFED   __TI_Handler_Table_Base                                                       
UNDEFED   __TI_Handler_Table_Limit                                                      
UNDEFED   _system_post_cinit                                                            

[658 symbols]
