******************************************************************************
            TI ARM Clang Linker Unix v2.1.2                    
******************************************************************************
>> Linked Mon Jul 24 10:17:38 2023

OUTPUT FILE NAME:   <embedded_kafka.release.out>
ENTRY POINT SYMBOL: "_vectors"  address: 00000000


MEMORY CONFIGURATION

         name            origin    length      used     unused   attr    fill
----------------------  --------  ---------  --------  --------  ----  --------
  R5F_VECS              00000000   00000040  00000040  00000000  RWIX
  R5F_TCMA              00000040   00007fc0  00000008  00007fb8  RWIX
  R5F_TCMB0             41010000   00008000  00000000  00008000  RWIX
  FLASH                 60180000   00080000  00000000  00080000  RWIX
  NON_CACHE_MEM         70068000   00008000  00000000  00008000  RWIX
  MSRAM                 700c0000   00040000  00021080  0001ef80  RWIX
  USER_SHM_MEM          701d0000   00000080  00000000  00000080  RWIX
  LOG_SHM_MEM           701d0080   00003f80  00003800  00000780  RWIX
  RTOS_NORTOS_IPC_SHM_M 701d4000   0000c000  000099c0  00002640  RWIX


SEGMENT ALLOCATION MAP

run origin  load origin   length   init length attrs members
----------  ----------- ---------- ----------- ----- -------
00000000    00000000    00000048   00000048    r-x
  00000000    00000000    00000040   00000040    r-x .vectors
  00000040    00000040    00000008   00000008    r-- .ARM.exidx
700c0000    700c0000    000138c0   00000000    rw-
  700c0000    700c0000    000078c0   00000000    rw- .bss
  700c78c0    700c78c0    00008000   00000000    rw- .sysmem
  700cf8c0    700cf8c0    00004000   00000000    rw- .stack
700d38c0    700d38c0    0000c108   0000c108    r-x
  700d38c0    700d38c0    00008ff0   00008ff0    r-x .text
  700dc8b0    700dc8b0    00002080   00002080    r-- .rodata
  700de930    700de930    000008d0   000008d0    r-x .text.hwi
  700df200    700df200    00000450   00000450    r-x .text.cache
  700df650    700df650    00000240   00000240    r-x .text.mpu
  700df890    700df890    00000130   00000130    r-x .text.boot
  700df9c0    700df9c0    00000008   00000008    r-x .text:abort
700df9c8    700df9c8    000002b8   000002b8    rw-
  700df9c8    700df9c8    000002b8   000002b8    rw- .data
700dfc80    700dfc80    00001400   00000000    r--
  700dfc80    700dfc80    00000100   00000000    r-- .irqstack
  700dfd80    700dfd80    00000100   00000000    r-- .fiqstack
  700dfe80    700dfe80    00001000   00000000    r-- .svcstack
  700e0e80    700e0e80    00000100   00000000    r-- .abortstack
  700e0f80    700e0f80    00000100   00000000    r-- .undefinedstack


SECTION ALLOCATION MAP

 output                                  attributes/
section   page    origin      length       input sections
--------  ----  ----------  ----------   ----------------
.vectors   0    00000000    00000040     
                  00000000    00000040     freertos.am64x.r5f.ti-arm-clang.release.lib : HwiP_armv7r_vectors_freertos_asm.obj (.vectors)

.init_array 
*          0    00000048    00000000     UNINITIALIZED

.fini_array 
*          0    00000048    00000000     UNINITIALIZED

.bss       0    700c0000    000078c0     UNINITIALIZED
                  700c0000    00004000     main.obj (.bss.gMainTaskStack)
                  700c4000    00001008     (.common:gHwiCtrl)
                  700c5008    00001000     freertos.am64x.r5f.ti-arm-clang.release.lib : port.obj (.bss.uxIdleTaskStack)
                  700c6008    00000b2c     (.common:gIpcRpmsgCtrl)
                  700c6b34    00000400                                                 : port.obj (.bss.uxTimerTaskStack)
                  700c6f34    00000280                                                 : tasks.obj (.bss.pxReadyTasksLists)
                  700c71b4    00000100                                                 : timers.obj (.bss.prvCheckForValidListAndQueue.ucStaticTimerQueueStorage)
                  700c72b4    00000100     (.common:xQueueRegistry)
                  700c73b4    000000a8     (.common:gIpcNotifyCtrl)
                  700c745c    00000004     main.obj (.bss.gMainTask)
                  700c7460    000000a0     (.common:gTaskP_ctrl)
                  700c7500    00000098     freertos.am64x.r5f.ti-arm-clang.release.lib : DebugP_freertos.obj (.bss.gDebugLogLockObj)
                  700c7598    0000008c                                                 : port.obj (.bss.xIdleTaskTCB)
                  700c7624    0000008c                                                 : port.obj (.bss.xTimerTaskTCB)
                  700c76b0    0000007a                                                 : DebugP_shmLogWriter.obj (.bss.DebugP_shmLogWriterPutChar.lineBuf)
                  700c772a    00000002     --HOLE--
                  700c772c    00000050                                                 : timers.obj (.bss.prvCheckForValidListAndQueue.xStaticTimerQueue)
                  700c777c    00000050     (.common:gRovDummyQueue)
                  700c77cc    00000004                                                 : HwiP_armv7r_handlers_freertos.obj (.bss.gdummy)
                  700c77d0    00000038     (.common:gClockCtrl)
                  700c7808    00000014                                                 : timers.obj (.bss.xActiveTimerList1)
                  700c781c    00000014                                                 : timers.obj (.bss.xActiveTimerList2)
                  700c7830    00000014                                                 : tasks.obj (.bss.xDelayedTaskList1)
                  700c7844    00000014                                                 : tasks.obj (.bss.xDelayedTaskList2)
                  700c7858    00000014                                                 : tasks.obj (.bss.xPendingReadyList)
                  700c786c    00000014                                                 : tasks.obj (.bss.xSuspendedTaskList)
                  700c7880    00000014                                                 : tasks.obj (.bss.xTasksWaitingTermination)
                  700c7894    00000004                                                 : HwiP_armv7r_vim.obj (.bss.gdummy)
                  700c7898    00000004                                                 : timers.obj (.bss.pxCurrentTimerList)
                  700c789c    00000004                                                 : tasks.obj (.bss.pxDelayedTaskList)
                  700c78a0    00000004                                                 : tasks.obj (.bss.pxOverflowDelayedTaskList)
                  700c78a4    00000004                                                 : timers.obj (.bss.pxOverflowTimerList)
                  700c78a8    00000004     libc.a : memory.c.obj (.bss.sys_free)
                  700c78ac    00000014     --HOLE--

.sysmem    0    700c78c0    00008000     UNINITIALIZED
                  700c78c0    00000010     libc.a : memory.c.obj (.sysmem)
                  700c78d0    00007ff0     --HOLE--

.stack     0    700cf8c0    00004000     UNINITIALIZED
                  700cf8c0    00000004     freertos.am64x.r5f.ti-arm-clang.release.lib : boot_armv7r_asm.obj (.stack)
                  700cf8c4    00003ffc     --HOLE--

.text      0    700d38c0    00008ff0     
                  700d38c0    00000fe8     libc.a : _printfi.c.obj (.text:__TI_printfi)
                  700d48a8    00000004            : _lock.c.obj (.text._nop)
                  700d48ac    00000004     libclang_rt.builtins.a : aeabi_memcpy.S.obj (.text)
                  700d48b0    00000596     freertos.am64x.r5f.ti-arm-clang.release.lib : printf.obj (.text._vsnprintf)
                  700d4e46    00000002     --HOLE-- [fill = 0]
                  700d4e48    00000008     libc++abi.a : stdlib_new_delete.cpp.obj (.tramp._ZdlPv.1)
                  700d4e50    00000388     freertos.am64x.r5f.ti-arm-clang.release.lib : printf.obj (.text._ftoa)
                  700d51d8    00000008                                                 : HwiP_armv7r_asm.obj (.tramp.HwiP_enable.1)
                  700d51e0    0000037e     drivers.am64x.r5f.ti-arm-clang.release.lib : sciclient.obj (.text.Sciclient_service)
                  700d555e    00000002     --HOLE-- [fill = 0]
                  700d5560    00000372                                                : ipc_notify_v0.obj (.text.IpcNotify_init)
                  700d58d2    00000002     --HOLE-- [fill = 0]
                  700d58d4    0000000c     libc.a : aeabi_portable.c.obj (.text.__aeabi_errno_addr)
                  700d58e0    00000310     freertos.am64x.r5f.ti-arm-clang.release.lib : printf.obj (.text._etoa)
                  700d5bf0    00000278     libc.a : _printfi.c.obj (.text._pconv_a)
                  700d5e68    00000230            : _printfi.c.obj (.text._pconv_g)
                  700d6098    00000008     freertos.am64x.r5f.ti-arm-clang.release.lib : PmuP_armv7r_asm.obj (.tramp.PmuP_enableCounters.1)
                  700d60a0    0000021e                                                 : timers.obj (.text.prvTimerTask)
                  700d62be    00000002     --HOLE-- [fill = 0]
                  700d62c0    000001d0     libclang_rt.builtins.a : udivsi3.S.obj (.text)
                  700d6490    000001cc     freertos.am64x.r5f.ti-arm-clang.release.lib : queue.obj (.text.xQueueSemaphoreTake)
                  700d665c    00000004     --HOLE-- [fill = 0]
                  700d6660    000001c0                                                 : TimerP.obj (.text.TimerP_setup)
                  700d6820    000001b8     libc.a : memory.c.obj (.text.aligned_alloc)
                  700d69d8    000001b8            : memory.c.obj (.text.free)
                  700d6b90    000001ae     freertos.am64x.r5f.ti-arm-clang.release.lib : queue.obj (.text.xQueueGenericSend)
                  700d6d3e    00000002     --HOLE-- [fill = 0]
                  700d6d40    00000184                                                 : queue.obj (.text.xQueueReceive)
                  700d6ec4    0000000c     libc.a : memory.c.obj (.text.malloc)
                  700d6ed0    0000016a     embedded_kafka.obj (.text._Z6senderiiii)
                  700d703a    00000006     --HOLE-- [fill = 0]
                  700d7040    0000015e     freertos.am64x.r5f.ti-arm-clang.release.lib : tasks.obj (.text.xTaskIncrementTick)
                  700d719e    00000002     --HOLE-- [fill = 0]
                  700d71a0    00000148     libc.a : _printfi.c.obj (.text.fcvt)
                  700d72e8    00000140            : s_scalbn.c.obj (.text.scalbn)
                  700d7428    00000008     --HOLE-- [fill = 0]
                  700d7430    00000140     freertos.am64x.r5f.ti-arm-clang.release.lib : tasks.obj (.text.xTaskResumeAll)
                  700d7570    00000138     libc.a : _printfi.c.obj (.text._pconv_e)
                  700d76a8    00000008     --HOLE-- [fill = 0]
                  700d76b0    00000136     freertos.am64x.r5f.ti-arm-clang.release.lib : ClockP_freertos_r5.obj (.text.ClockP_init)
                  700d77e6    0000000a     --HOLE-- [fill = 0]
                  700d77f0    00000136     drivers.am64x.r5f.ti-arm-clang.release.lib : ipc_rpmsg.obj (.text.RPMessage_recv)
                  700d7926    0000000a     --HOLE-- [fill = 0]
                  700d7930    00000132     freertos.am64x.r5f.ti-arm-clang.release.lib : printf.obj (.text._ntoa_format)
                  700d7a62    0000000e     --HOLE-- [fill = 0]
                  700d7a70    0000012a     drivers.am64x.r5f.ti-arm-clang.release.lib : soc.obj (.text.SOC_moduleSetClockFrequency)
                  700d7b9a    00000006     --HOLE-- [fill = 0]
                  700d7ba0    00000128     freertos.am64x.r5f.ti-arm-clang.release.lib : tasks.obj (.text.vTaskSwitchContext)
                  700d7cc8    00000008     --HOLE-- [fill = 0]
                  700d7cd0    00000126                                                 : queue.obj (.text.xQueueGenericSendFromISR)
                  700d7df6    00000002     --HOLE-- [fill = 0]
                  700d7df8    00000118     libclang_rt.builtins.a : udivmoddi4.S.obj (.text)
                  700d7f10    00000112     freertos.am64x.r5f.ti-arm-clang.release.lib : tasks.obj (.text.prvAddNewTaskToReadyList)
                  700d8022    0000000e     --HOLE-- [fill = 0]
                  700d8030    0000010c     drivers.am64x.r5f.ti-arm-clang.release.lib : ipc_rpmsg.obj (.text.RPMessage_recvHandler)
                  700d813c    00000004     --HOLE-- [fill = 0]
                  700d8140    00000106     freertos.am64x.r5f.ti-arm-clang.release.lib : queue.obj (.text.xQueueGiveFromISR)
                  700d8246    0000000a     --HOLE-- [fill = 0]
                  700d8250    00000100     drivers.am64x.r5f.ti-arm-clang.release.lib : ipc_rpmsg.obj (.text.RPMessage_send)
                  700d8350    000000fe     ti_drivers_config.obj (.text.System_init)
                  700d844e    00000002     --HOLE-- [fill = 0]
                  700d8450    000000fc     freertos.am64x.r5f.ti-arm-clang.release.lib : queue.obj (.text.xQueueGenericCreateStatic)
                  700d854c    00000004     --HOLE-- [fill = 0]
                  700d8550    000000fa                                                 : queue.obj (.text.xQueueReceiveFromISR)
                  700d864a    00000006     --HOLE-- [fill = 0]
                  700d8650    000000ee                                                 : tasks.obj (.text.vTaskDelete)
                  700d873e    00000002     --HOLE-- [fill = 0]
                  700d8740    000000e2     drivers.am64x.r5f.ti-arm-clang.release.lib : ipc_rpmsg.obj (.text.RPMessage_init)
                  700d8822    0000000e     --HOLE-- [fill = 0]
                  700d8830    000000ce     freertos.am64x.r5f.ti-arm-clang.release.lib : tasks.obj (.text.vTaskPriorityDisinheritAfterTimeout)
                  700d88fe    00000002     --HOLE-- [fill = 0]
                  700d8900    000000cc                                                 : timers.obj (.text.prvSampleTimeNow)
                  700d89cc    00000004     --HOLE-- [fill = 0]
                  700d89d0    000000c8     drivers.am64x.r5f.ti-arm-clang.release.lib : ipc_notify_v0.obj (.text.IpcNotify_sendMsg)
                  700d8a98    00000008     --HOLE-- [fill = 0]
                  700d8aa0    000000c6                                                : ipc_notify_v0.obj (.text.IpcNotify_isr)
                  700d8b66    0000000a     --HOLE-- [fill = 0]
                  700d8b70    000000c6     freertos.am64x.r5f.ti-arm-clang.release.lib : tasks.obj (.text.prvInitialiseNewTask)
                  700d8c36    0000000a     --HOLE-- [fill = 0]
                  700d8c40    000000c6                                                 : tasks.obj (.text.xTaskCreateStatic)
                  700d8d06    00000002     --HOLE-- [fill = 0]
                  700d8d08    000000c0     libc.a : _printfi.c.obj (.text._mcpy)
                  700d8dc8    00000008     --HOLE-- [fill = 0]
                  700d8dd0    000000c0     freertos.am64x.r5f.ti-arm-clang.release.lib : tasks.obj (.text.xTaskCheckForTimeOut)
                  700d8e90    000000be     drivers.am64x.r5f.ti-arm-clang.release.lib : ipc_rpmsg_vring.obj (.text.RPMessage_vringReset)
                  700d8f4e    00000002     --HOLE-- [fill = 0]
                  700d8f50    000000bc                                                : pinmux.obj (.text.Pinmux_config)
                  700d900c    00000004     --HOLE-- [fill = 0]
                  700d9010    000000ba     freertos.am64x.r5f.ti-arm-clang.release.lib : tasks.obj (.text.vTaskStartScheduler)
                  700d90ca    00000006     --HOLE-- [fill = 0]
                  700d90d0    000000b2                                                 : tasks.obj (.text.eTaskGetState)
                  700d9182    0000000e     --HOLE-- [fill = 0]
                  700d9190    000000b0                                                 : DebugP_shmLogWriter.obj (.text.DebugP_shmLogWriterPutChar)
                  700d9240    000000b0                                                 : printf.obj (.text._ntoa_long_long)
                  700d92f0    000000ae                                                 : TaskP_freertos.obj (.text.TaskP_loadUpdateAll)
                  700d939e    00000002     --HOLE-- [fill = 0]
                  700d93a0    000000ae                                                 : tasks.obj (.text.xTaskPriorityDisinherit)
                  700d944e    00000002     --HOLE-- [fill = 0]
                  700d9450    000000aa     drivers.am64x.r5f.ti-arm-clang.release.lib : ipc_rpmsg_vring.obj (.text.RPMessage_vringGetFullRxBuf)
                  700d94fa    00000006     --HOLE-- [fill = 0]
                  700d9500    000000a6     freertos.am64x.r5f.ti-arm-clang.release.lib : printf.obj (.text._out_rev)
                  700d95a6    0000000a     --HOLE-- [fill = 0]
                  700d95b0    000000a4     drivers.am64x.r5f.ti-arm-clang.release.lib : sciclient_pm.obj (.text.Sciclient_pmQueryModuleClkFreq)
                  700d9654    000000a4     libc.a : memory.c.obj (.text.split)
                  700d96f8    00000008     --HOLE-- [fill = 0]
                  700d9700    000000a2     freertos.am64x.r5f.ti-arm-clang.release.lib : tasks.obj (.text.xTaskRemoveFromEventList)
                  700d97a2    0000000e     --HOLE-- [fill = 0]
                  700d97b0    0000009e     drivers.am64x.r5f.ti-arm-clang.release.lib : ipc_rpmsg_vring.obj (.text.RPMessage_vringPutEmptyRxBuf)
                  700d984e    00000002     --HOLE-- [fill = 0]
                  700d9850    0000009a                                                : sciclient.obj (.text.Sciclient_init)
                  700d98ea    00000006     --HOLE-- [fill = 0]
                  700d98f0    0000009a                                                : sciclient.obj (.text.Sciclient_sendMessage)
                  700d998a    00000006     --HOLE-- [fill = 0]
                  700d9990    00000098                                                : ipc_rpmsg.obj (.text.RPMessage_coreInit)
                  700d9a28    00000008     --HOLE-- [fill = 0]
                  700d9a30    00000096     freertos.am64x.r5f.ti-arm-clang.release.lib : tasks.obj (.text.vTaskGetInfo)
                  700d9ac6    0000000a     --HOLE-- [fill = 0]
                  700d9ad0    00000092     drivers.am64x.r5f.ti-arm-clang.release.lib : ipc_rpmsg_vring.obj (.text.RPMessage_vringGetEmptyTxBuf)
                  700d9b62    0000000e     --HOLE-- [fill = 0]
                  700d9b70    00000092                                                : sciclient_pm.obj (.text.Sciclient_pmSetModuleClkFreq)
                  700d9c02    0000000e     --HOLE-- [fill = 0]
                  700d9c10    00000090     freertos.am64x.r5f.ti-arm-clang.release.lib : tasks.obj (.text.xTaskPriorityInherit)
                  700d9ca0    0000008e                                                 : port.obj (.text.pxPortInitialiseStack)
                  700d9d2e    00000002     --HOLE-- [fill = 0]
                  700d9d30    0000008c     drivers.am64x.r5f.ti-arm-clang.release.lib : ipc_rpmsg_vring.obj (.text.RPMessage_vringResetInternal)
                  700d9dbc    00000004     --HOLE-- [fill = 0]
                  700d9dc0    0000008c     freertos.am64x.r5f.ti-arm-clang.release.lib : printf.obj (.text._ntoa_long)
                  700d9e4c    00000088     libc.a : _ltoa.c.obj (.text.__TI_ltoa)
                  700d9ed4    00000088            : _printfi.c.obj (.text._ecpy)
                  700d9f5c    00000004     --HOLE-- [fill = 0]
                  700d9f60    00000086     freertos.am64x.r5f.ti-arm-clang.release.lib : DebugP_shmLogWriter.obj (.text.DebugP_shmLogWriterPutLine)
                  700d9fe6    0000000a     --HOLE-- [fill = 0]
                  700d9ff0    00000086                                                 : timers.obj (.text.xTimerCreateTimerTask)
                  700da076    0000000a     --HOLE-- [fill = 0]
                  700da080    00000084                                                 : tasks.obj (.text.prvAddCurrentTaskToDelayedList)
                  700da104    0000000c     --HOLE-- [fill = 0]
                  700da110    00000082     RPMessageCommunication.obj (.text._ZN22RPMessageCommunicationC2ERK17RPMessageEndpointRK6Logger)
                  700da192    0000000e     --HOLE-- [fill = 0]
                  700da1a0    00000080     main.obj (.text.main)
                  700da220    00000080     freertos.am64x.r5f.ti-arm-clang.release.lib : queue.obj (.text.prvCopyDataToQueue)
                  700da2a0    00000080                                                 : queue.obj (.text.xQueueGenericReset)
                  700da320    0000007c     drivers.am64x.r5f.ti-arm-clang.release.lib : ipc_rpmsg.obj (.text.RPMessage_construct)
                  700da39c    0000007c     libc.a : _printfi.c.obj (.text._pconv_f)
                  700da418    0000007c            : s_frexp.c.obj (.text.frexp)
                  700da494    0000000c     --HOLE-- [fill = 0]
                  700da4a0    0000007a     drivers.am64x.r5f.ti-arm-clang.release.lib : sciclient_pm.obj (.text.Sciclient_pmGetModuleClkNumParent)
                  700da51a    00000006     --HOLE-- [fill = 0]
                  700da520    0000007a     freertos.am64x.r5f.ti-arm-clang.release.lib : timers.obj (.text.prvCheckForValidListAndQueue)
                  700da59a    00000006     --HOLE-- [fill = 0]
                  700da5a0    0000007a                                                 : tasks.obj (.text.prvIdleTask)
                  700da61a    00000006     --HOLE-- [fill = 0]
                  700da620    00000076                                                 : DebugP_freertos.obj (.text._DebugP_logZone)
                  700da696    0000000a     --HOLE-- [fill = 0]
                  700da6a0    00000076                                                 : timers.obj (.text.xTimerGenericCommand)
                  700da716    0000000a     --HOLE-- [fill = 0]
                  700da720    00000074     RPMessageCommunication.obj (.text._ZN22RPMessageCommunication5writeEPKcjRK8Endpoint)
                  700da794    0000000c     --HOLE-- [fill = 0]
                  700da7a0    00000072     freertos.am64x.r5f.ti-arm-clang.release.lib : queue.obj (.text.prvUnlockQueue)
                  700da812    0000000e     --HOLE-- [fill = 0]
                  700da820    00000070                                                 : SemaphoreP_freertos.obj (.text.SemaphoreP_constructBinary)
                  700da890    00000070     libc.a : atoi.c.obj (.text.atoi)
                  700da900    0000006e     drivers.am64x.r5f.ti-arm-clang.release.lib : soc.obj (.text.SOC_moduleClockEnable)
                  700da96e    00000002     --HOLE-- [fill = 0]
                  700da970    0000006e                                                : sciclient_pm.obj (.text.Sciclient_pmGetModuleState)
                  700da9de    00000002     --HOLE-- [fill = 0]
                  700da9e0    0000006c     TI_DebugLogger.obj (.text._ZNK14TI_DebugLogger3logEPKcz)
                  700daa4c    00000004     --HOLE-- [fill = 0]
                  700daa50    0000006c     TI_DebugLogger.obj (.text._ZNK14TI_DebugLogger8logErrorEPKcz)
                  700daabc    00000004     --HOLE-- [fill = 0]
                  700daac0    00000068     freertos.am64x.r5f.ti-arm-clang.release.lib : AddrTranslateP.obj (.text.AddrTranslateP_getLocalAddr)
                  700dab28    00000068     libc.a : vsnprintf.c.obj (.text.vsnprintf)
                  700dab90    00000066     drivers.am64x.r5f.ti-arm-clang.release.lib : ipc_rpmsg.obj (.text.RPMessage_getEndPtMsg)
                  700dabf6    0000000a     --HOLE-- [fill = 0]
                  700dac00    00000066                                                : sciclient_pm.obj (.text.Sciclient_pmGetModuleClkFreq)
                  700dac66    0000000a     --HOLE-- [fill = 0]
                  700dac70    00000066                                                : sciclient_pm.obj (.text.Sciclient_pmGetModuleClkParent)
                  700dacd6    0000000a     --HOLE-- [fill = 0]
                  700dace0    00000066     RPMessageCommunication.obj (.text._ZN22RPMessageCommunication4readEPcjR8Endpoint)
                  700dad46    0000000a     --HOLE-- [fill = 0]
                  700dad50    00000064     drivers.am64x.r5f.ti-arm-clang.release.lib : sciclient_pm.obj (.text.Sciclient_pmModuleGetClkStatus)
                  700dadb4    0000000c     --HOLE-- [fill = 0]
                  700dadc0    00000064     freertos.am64x.r5f.ti-arm-clang.release.lib : PmuP_armv7r.obj (.text.pmu)
                  700dae24    0000000c     --HOLE-- [fill = 0]
                  700dae30    00000064                                                 : queue.obj (.text.vQueueDelete)
                  700dae94    0000000c     --HOLE-- [fill = 0]
                  700daea0    00000062     drivers.am64x.r5f.ti-arm-clang.release.lib : ipc_notify_v0.obj (.text.IpcNotify_waitSync)
                  700daf02    0000000e     --HOLE-- [fill = 0]
                  700daf10    0000005e                                                : ipc_rpmsg_vring.obj (.text.RPMessage_vringPutFullTxBuf)
                  700daf6e    00000002     --HOLE-- [fill = 0]
                  700daf70    0000005e                                                : sciclient_pm.obj (.text.Sciclient_pmModuleClkRequest)
                  700dafce    00000002     --HOLE-- [fill = 0]
                  700dafd0    0000005e                                                : sciclient_pm.obj (.text.Sciclient_pmSetModuleClkParent)
                  700db02e    00000002     --HOLE-- [fill = 0]
                  700db030    0000005e     embedded_kafka.obj (.text._Z8receiverii)
                  700db08e    00000002     --HOLE-- [fill = 0]
                  700db090    0000005c     freertos.am64x.r5f.ti-arm-clang.release.lib : DebugP_log.obj (.text._DebugP_assert)
                  700db0ec    0000005c     libc.a : _printfi.c.obj (.text._fcpy)
                  700db148    00000008     --HOLE-- [fill = 0]
                  700db150    0000005a     drivers.am64x.r5f.ti-arm-clang.release.lib : ipc_rpmsg_vring.obj (.text.RPMessage_vringIsFullRxBuf)
                  700db1aa    00000006     --HOLE-- [fill = 0]
                  700db1b0    00000058     freertos.am64x.r5f.ti-arm-clang.release.lib : SemaphoreP_freertos.obj (.text.SemaphoreP_pend)
                  700db208    00000058     libc.a : vsnprintf.c.obj (.text._outs)
                  700db260    00000058     freertos.am64x.r5f.ti-arm-clang.release.lib : tasks.obj (.text.vTaskPlaceOnEventListRestricted)
                  700db2b8    00000008     --HOLE-- [fill = 0]
                  700db2c0    00000056                                                 : tasks.obj (.text.vTaskDelay)
                  700db316    0000000a     --HOLE-- [fill = 0]
                  700db320    00000054     drivers.am64x.r5f.ti-arm-clang.release.lib : ipc_rpmsg.obj (.text.RPMessage_notifyCallback)
                  700db374    0000000c     --HOLE-- [fill = 0]
                  700db380    00000054     embedded_kafka.obj (.text._Z18communication_mainPv)
                  700db3d4    0000000c     --HOLE-- [fill = 0]
                  700db3e0    00000052     drivers.am64x.r5f.ti-arm-clang.release.lib : sciclient_pm.obj (.text.Sciclient_pmSetModuleState)
                  700db432    0000000e     --HOLE-- [fill = 0]
                  700db440    00000052     freertos.am64x.r5f.ti-arm-clang.release.lib : SemaphoreP_freertos.obj (.text.SemaphoreP_constructMutex)
                  700db492    0000000e     --HOLE-- [fill = 0]
                  700db4a0    00000052                                                 : SemaphoreP_freertos.obj (.text.SemaphoreP_post)
                  700db4f2    0000000e     --HOLE-- [fill = 0]
                  700db500    00000052                                                 : queue.obj (.text.xQueueGiveMutexRecursive)
                  700db552    0000000e     --HOLE-- [fill = 0]
                  700db560    00000050     drivers.am64x.r5f.ti-arm-clang.release.lib : sciclient_soc_priv.obj (.text.Sciclient_getContext)
                  700db5b0    00000050     freertos.am64x.r5f.ti-arm-clang.release.lib : tasks.obj (.text.prvDeleteTCB)
                  700db600    00000050     libc.a : autoinit.c.obj (.text:__TI_auto_init_nobinit_nopinit)
                  700db650    0000004e     freertos.am64x.r5f.ti-arm-clang.release.lib : tasks.obj (.text.vTaskPlaceOnEventList)
                  700db69e    00000002     --HOLE-- [fill = 0]
                  700db6a0    0000004e                                                 : queue.obj (.text.xQueueTakeMutexRecursive)
                  700db6ee    00000002     --HOLE-- [fill = 0]
                  700db6f0    0000004c                                                 : ClockP_freertos.obj (.text.ClockP_getTimeUsec)
                  700db73c    00000004     --HOLE-- [fill = 0]
                  700db740    0000004c     ti_dpl_config.obj (.text.Dpl_init)
                  700db78c    00000004     --HOLE-- [fill = 0]
                  700db790    0000004c     drivers.am64x.r5f.ti-arm-clang.release.lib : ipc_rpmsg.obj (.text.RPMessage_allocEndPtMsg)
                  700db7dc    00000004     --HOLE-- [fill = 0]
                  700db7e0    00000048     libc++abi.a : stdlib_new_delete.cpp.obj (.text._Znwj)
                  700db828    00000048     libc.a : memccpy.c.obj (.text.memccpy)
                  700db870    00000046     freertos.am64x.r5f.ti-arm-clang.release.lib : queue.obj (.text.vQueueWaitForMessageRestricted)
                  700db8b6    0000000a     --HOLE-- [fill = 0]
                  700db8c0    00000044     drivers.am64x.r5f.ti-arm-clang.release.lib : sciclient_pm.obj (.text.Sciclient_pmSetModuleRst)
                  700db904    0000000c     --HOLE-- [fill = 0]
                  700db910    00000040                                                : ipc_rpmsg.obj (.text.RPMessage_destruct)
                  700db950    00000040     libc.a : memory.c.obj (.text.free_list_insert)
                  700db990    00000040     freertos.am64x.r5f.ti-arm-clang.release.lib : timers.obj (.text.prvInsertTimerInActiveList)
                  700db9d0    0000003e     drivers.am64x.r5f.ti-arm-clang.release.lib : ipc_notify_v0.obj (.text.IpcNotify_registerClient)
                  700dba0e    00000002     --HOLE-- [fill = 0]
                  700dba10    0000003e                                                : soc.obj (.text.SOC_controlModuleUnlockMMR)
                  700dba4e    00000002     --HOLE-- [fill = 0]
                  700dba50    0000003c     freertos.am64x.r5f.ti-arm-clang.release.lib : TaskP_freertos.obj (.text.vApplicationLoadHook)
                  700dba8c    00000004     --HOLE-- [fill = 0]
                  700dba90    0000003c                                                 : tasks.obj (.text.xTaskGetIdleTaskHandle)
                  700dbacc    00000004     --HOLE-- [fill = 0]
                  700dbad0    0000003a                                                 : list.obj (.text.vListInsert)
                  700dbb0a    00000006     --HOLE-- [fill = 0]
                  700dbb10    00000038     drivers.am64x.r5f.ti-arm-clang.release.lib : ipc_rpmsg_vring.obj (.text.RPMessage_vringCheckEmptyTxBuf)
                  700dbb48    00000008     --HOLE-- [fill = 0]
                  700dbb50    00000038                                                : sciclient.obj (.text.Sciclient_getCurrentContext)
                  700dbb88    00000008     --HOLE-- [fill = 0]
                  700dbb90    00000036     freertos.am64x.r5f.ti-arm-clang.release.lib : ClockP_freertos.obj (.text.ClockP_usleep)
                  700dbbc6    0000000a     --HOLE-- [fill = 0]
                  700dbbd0    00000036     ti_power_clock_config.obj (.text.Module_clockSetFrequency)
                  700dbc06    00000002     --HOLE-- [fill = 0]
                  700dbc08    00000034     libc.a : memory.c.obj (.text.free_list_remove)
                  700dbc3c    00000004     --HOLE-- [fill = 0]
                  700dbc40    00000034     freertos.am64x.r5f.ti-arm-clang.release.lib : tasks.obj (.text.xTaskGetTickCount)
                  700dbc74    0000000c     --HOLE-- [fill = 0]
                  700dbc80    00000032                                                 : printf.obj (.text.snprintf_)
                  700dbcb2    0000000e     --HOLE-- [fill = 0]
                  700dbcc0    00000032                                                 : queue.obj (.text.xQueueCreateMutexStatic)
                  700dbcf2    0000000e     --HOLE-- [fill = 0]
                  700dbd00    00000030                                                 : DebugP_shmLogWriter.obj (.text.DebugP_shmLogWriterInit)
                  700dbd30    00000030     libc.a : vsnprintf.c.obj (.text._outc)
                  700dbd60    00000030     freertos.am64x.r5f.ti-arm-clang.release.lib : PmuP_armv7r_asm.obj (.text.pmu)
                  700dbd90    00000030                                                 : port.obj (.text.vApplicationStackOverflowHook)
                  700dbdc0    0000002e                                                 : ClockP_freertos.obj (.text.ClockP_timerTickIsr)
                  700dbdee    00000002     --HOLE-- [fill = 0]
                  700dbdf0    0000002e     ti_power_clock_config.obj (.text.Module_clockEnable)
                  700dbe1e    00000002     --HOLE-- [fill = 0]
                  700dbe20    0000002e     freertos.am64x.r5f.ti-arm-clang.release.lib : tasks.obj (.text.vTaskExitCritical)
                  700dbe4e    00000002     --HOLE-- [fill = 0]
                  700dbe50    0000002c     drivers.am64x.r5f.ti-arm-clang.release.lib : ipc_rpmsg.obj (.text.RPMessage_controlEndPtHandler)
                  700dbe7c    00000004     --HOLE-- [fill = 0]
                  700dbe80    0000002c     RPMessageCommunication.obj (.text._ZN22RPMessageCommunicationD0Ev)
                  700dbeac    00000004     --HOLE-- [fill = 0]
                  700dbeb0    0000002c     libclang_rt.builtins.a : divsi3.S.obj (.text)
                  700dbedc    00000004     --HOLE-- [fill = 0]
                  700dbee0    0000002a     drivers.am64x.r5f.ti-arm-clang.release.lib : soc.obj (.text.SOC_controlModuleLockMMR)
                  700dbf0a    00000006     --HOLE-- [fill = 0]
                  700dbf10    00000028                                                : ipc_rpmsg.obj (.text.RPMessage_Params_init)
                  700dbf38    00000008     --HOLE-- [fill = 0]
                  700dbf40    00000028     embedded_kafka.obj (.text._ZNSt3__16vectorI13TopicMetadataNS_9allocatorIS1_EEE22__base_destruct_at_endEPS1_)
                  700dbf68    00000028     libc.a : _printfi.c.obj (.text.strchr)
                  700dbf90    00000026     drivers.am64x.r5f.ti-arm-clang.release.lib : ipc_rpmsg.obj (.text.RPMessage_isLinuxCore)
                  700dbfb6    0000000a     --HOLE-- [fill = 0]
                  700dbfc0    00000026     RPMessageCommunication.obj (.text._ZN22RPMessageCommunicationD2Ev)
                  700dbfe6    0000000a     --HOLE-- [fill = 0]
                  700dbff0    00000026     freertos.am64x.r5f.ti-arm-clang.release.lib : port.obj (.text.vPortTimerTickHandler)
                  700dc016    0000000a     --HOLE-- [fill = 0]
                  700dc020    00000026                                                 : queue.obj (.text.vQueueAddToRegistry)
                  700dc046    0000000a     --HOLE-- [fill = 0]
                  700dc050    00000024                                                 : list.obj (.text.uxListRemove)
                  700dc074    0000000c     --HOLE-- [fill = 0]
                  700dc080    00000024                                                 : printf.obj (.text.vprintf_)
                  700dc0a4    0000000c     --HOLE-- [fill = 0]
                  700dc0b0    00000024                                                 : tasks.obj (.text.xTaskGetSchedulerState)
                  700dc0d4    00000024     libclang_rt.builtins.a : aeabi_uldivmod.S.obj (.text)
                  700dc0f8    00000008     --HOLE-- [fill = 0]
                  700dc100    00000022     ti_pinmux_config.obj (.text.Pinmux_init)
                  700dc122    0000000e     --HOLE-- [fill = 0]
                  700dc130    00000022     RPMessageEndpoint.obj (.text._ZNK17RPMessageEndpoint24printEndpointInformationERK6Logger)
                  700dc152    0000000e     --HOLE-- [fill = 0]
                  700dc160    00000022     freertos.am64x.r5f.ti-arm-clang.release.lib : tasks.obj (.text.vTaskEnterCritical)
                  700dc182    0000000e     --HOLE-- [fill = 0]
                  700dc190    00000020                                                 : DebugP_log.obj (.text.DebugP_logZoneEnable)
                  700dc1b0    00000020     drivers.am64x.r5f.ti-arm-clang.release.lib : soc.obj (.text.SOC_getSelfCpuClk)
                  700dc1d0    00000020     freertos.am64x.r5f.ti-arm-clang.release.lib : TimerP.obj (.text.TimerP_Params_init)
                  700dc1f0    00000020     CommunicationFactory.obj (.text._ZN20CommunicationFactory19createCommunicationE17CommunicationTypeRK8EndpointRK6Logger)
                  700dc210    00000020     libc.a : wcslen.c.obj (.text.wcslen)
                  700dc230    0000001e     drivers.am64x.r5f.ti-arm-clang.release.lib : ipc_notify_v0.obj (.text.IpcNotify_syncCallback)
                  700dc24e    00000002     --HOLE-- [fill = 0]
                  700dc250    0000001e     freertos.am64x.r5f.ti-arm-clang.release.lib : port.obj (.text.vApplicationGetIdleTaskMemory)
                  700dc26e    00000002     --HOLE-- [fill = 0]
                  700dc270    0000001e                                                 : port.obj (.text.vApplicationGetTimerTaskMemory)
                  700dc28e    00000002     --HOLE-- [fill = 0]
                  700dc290    0000001c     drivers.am64x.r5f.ti-arm-clang.release.lib : ipc_rpmsg_vring.obj (.text.RPMessage_vringGetTxBufLen)
                  700dc2ac    00000004     --HOLE-- [fill = 0]
                  700dc2b0    0000001c                                                : soc.obj (.text.SOC_getCoreName)
                  700dc2cc    00000004     --HOLE-- [fill = 0]
                  700dc2d0    0000001c     freertos.am64x.r5f.ti-arm-clang.release.lib : boot_armv7r.obj (.text._system_pre_init)
                  700dc2ec    0000001c     libc.a : _printfi.c.obj (.text.strlen)
                  700dc308    00000008     --HOLE-- [fill = 0]
                  700dc310    0000001c     freertos.am64x.r5f.ti-arm-clang.release.lib : list.obj (.text.vListInsertEnd)
                  700dc32c    0000001c     libsysbm.a : memcpy32.S.obj (.text:TI_memcpy_small)
                  700dc348    0000001c     libclang_rt.builtins.a : aeabi_memset.S.obj (.text)
                  700dc364    0000000c     --HOLE-- [fill = 0]
                  700dc370    0000001a     drivers.am64x.r5f.ti-arm-clang.release.lib : ipc_notify_v0.obj (.text.IpcNotify_Params_init)
                  700dc38a    00000006     --HOLE-- [fill = 0]
                  700dc390    0000001a                                                : ipc_rpmsg_vring.obj (.text.RPMessage_vringGetRxBufAddr)
                  700dc3aa    00000006     --HOLE-- [fill = 0]
                  700dc3b0    0000001a                                                : ipc_rpmsg_vring.obj (.text.RPMessage_vringGetTxBufAddr)
                  700dc3ca    00000006     --HOLE-- [fill = 0]
                  700dc3d0    0000001a     RPMessageEndpoint.obj (.text._ZN17RPMessageEndpointC2Ev)
                  700dc3ea    00000006     --HOLE-- [fill = 0]
                  700dc3f0    0000001a     freertos.am64x.r5f.ti-arm-clang.release.lib : heap_3.obj (.text.vPortFree)
                  700dc40a    00000006     --HOLE-- [fill = 0]
                  700dc410    0000001a                                                 : tasks.obj (.text.vTaskInternalSetTimeOutState)
                  700dc42a    00000006     --HOLE-- [fill = 0]
                  700dc430    00000018     ti_drivers_config.obj (.text.IpcNotify_getConfig)
                  700dc448    00000008     --HOLE-- [fill = 0]
                  700dc450    00000018     drivers.am64x.r5f.ti-arm-clang.release.lib : ipc_notify_v0.obj (.text.IpcNotify_isCoreEnabled)
                  700dc468    00000008     --HOLE-- [fill = 0]
                  700dc470    00000018                                                : sciclient_soc_priv.obj (.text.Sciclient_getDevId)
                  700dc488    00000008     --HOLE-- [fill = 0]
                  700dc490    00000018     EndpointFactory.obj (.text._ZN15EndpointFactory14createEndpointE17CommunicationType)
                  700dc4a8    00000008     --HOLE-- [fill = 0]
                  700dc4b0    00000018     embedded_kafka.obj (.text._ZNSt3__16vectorI13TopicMetadataNS_9allocatorIS1_EEED2Ev)
                  700dc4c8    00000008     --HOLE-- [fill = 0]
                  700dc4d0    00000018     freertos.am64x.r5f.ti-arm-clang.release.lib : tasks.obj (.text.pvTaskIncrementMutexHeldCount)
                  700dc4e8    00000008     --HOLE-- [fill = 0]
                  700dc4f0    00000018                                                 : port.obj (.text.xPortStartScheduler)
                  700dc508    00000018     libsysbm.a : memset32.S.obj (.text:TI_memset_small)
                  700dc520    00000016     freertos.am64x.r5f.ti-arm-clang.release.lib : list.obj (.text.vListInitialise)
                  700dc536    0000000a     --HOLE-- [fill = 0]
                  700dc540    00000014                                                 : ClockP_freertos.obj (.text.ClockP_usecToTicks)
                  700dc554    0000000c     --HOLE-- [fill = 0]
                  700dc560    00000012                                                 : TimerP.obj (.text.TimerP_clearOverflowInt)
                  700dc572    0000000e     --HOLE-- [fill = 0]
                  700dc580    00000012     main.obj (.text._Z13freertos_mainPv)
                  700dc592    0000000e     --HOLE-- [fill = 0]
                  700dc5a0    00000012     RPMessageEndpoint.obj (.text._ZN17RPMessageEndpointC2Ejt)
                  700dc5b2    0000000e     --HOLE-- [fill = 0]
                  700dc5c0    00000010     freertos.am64x.r5f.ti-arm-clang.release.lib : ClockP_freertos.obj (.text.ClockP_ticksToUsec)
                  700dc5d0    00000010     drivers.am64x.r5f.ti-arm-clang.release.lib : ipc_rpmsg.obj (.text.RPMessage_CreateParams_init)
                  700dc5e0    00000010     libc++abi.a : cxa_handlers.cpp.obj (.text._ZSt15get_new_handlerv)
                  700dc5f0    00000010     freertos.am64x.r5f.ti-arm-clang.release.lib : port.obj (.text.vPortYeildFromISR)
                  700dc600    00000010                                                 : tasks.obj (.text.vTaskSuspendAll)
                  700dc610    0000000e     ti_power_clock_config.obj (.text.PowerClock_init)
                  700dc61e    00000002     --HOLE-- [fill = 0]
                  700dc620    0000000e     freertos.am64x.r5f.ti-arm-clang.release.lib : tasks.obj (.text.vTaskMissedYield)
                  700dc62e    00000002     --HOLE-- [fill = 0]
                  700dc630    0000000c     drivers.am64x.r5f.ti-arm-clang.release.lib : ipc_notify_v0.obj (.text.IpcNotify_getSelfCoreId)
                  700dc63c    00000004     --HOLE-- [fill = 0]
                  700dc640    0000000c                                                : sciclient.obj (.text.Sciclient_getSelfDevIdCore)
                  700dc64c    00000004     --HOLE-- [fill = 0]
                  700dc650    0000000c     BrokerMetadata.obj (.text._ZN14BrokerMetadataC2EP8Endpoint)
                  700dc65c    00000004     --HOLE-- [fill = 0]
                  700dc660    0000000c     freertos.am64x.r5f.ti-arm-clang.release.lib : tasks.obj (.text.xTaskGetCurrentTaskHandle)
                  700dc66c    00000004     --HOLE-- [fill = 0]
                  700dc670    0000000a     drivers.am64x.r5f.ti-arm-clang.release.lib : csl_sec_proxy.obj (.text.CSL_secProxyGetDataAddr)
                  700dc67a    00000006     --HOLE-- [fill = 0]
                  700dc680    0000000a                                                : ipc_notify_v0.obj (.text.IpcNotify_sendSync)
                  700dc68a    00000006     --HOLE-- [fill = 0]
                  700dc690    0000000a     freertos.am64x.r5f.ti-arm-clang.release.lib : TimerP.obj (.text.TimerP_start)
                  700dc69a    00000006     --HOLE-- [fill = 0]
                  700dc6a0    0000000a                                                 : printf.obj (.text._out_buffer)
                  700dc6aa    00000006     --HOLE-- [fill = 0]
                  700dc6b0    0000000a                                                 : port.obj (.text.vApplicationIdleHook)
                  700dc6ba    00000006     --HOLE-- [fill = 0]
                  700dc6c0    00000008                                                 : printf.obj (.text._out_char)
                  700dc6c8    00000008     --HOLE-- [fill = 0]
                  700dc6d0    00000008                                                 : port.obj (.text.uiPortGetRunTimeCounterValue)
                  700dc6d8    00000008     --HOLE-- [fill = 0]
                  700dc6e0    00000006                                                 : SemaphoreP_freertos.obj (.text.SemaphoreP_destruct)
                  700dc6e6    0000000a     --HOLE-- [fill = 0]
                  700dc6f0    00000006                                                 : port.obj (.text.prvTaskExitError)
                  700dc6f6    0000000a     --HOLE-- [fill = 0]
                  700dc700    00000006                                                 : list.obj (.text.vListInitialiseItem)
                  700dc706    0000000a     --HOLE-- [fill = 0]
                  700dc710    00000004     ti_board_open_close.obj (.text.Board_driversOpen)
                  700dc714    0000000c     --HOLE-- [fill = 0]
                  700dc720    00000004     freertos.am64x.r5f.ti-arm-clang.release.lib : ClockP_freertos.obj (.text.ClockP_getTicks)
                  700dc724    0000000c     --HOLE-- [fill = 0]
                  700dc730    00000004                                                 : ClockP_freertos_r5.obj (.text.ClockP_getTimerCount)
                  700dc734    0000000c     --HOLE-- [fill = 0]
                  700dc740    00000004                                                 : ClockP_freertos_r5.obj (.text.ClockP_timerClearOverflowInt)
                  700dc744    0000000c     --HOLE-- [fill = 0]
                  700dc750    00000004     drivers.am64x.r5f.ti-arm-clang.release.lib : ipc_rpmsg.obj (.text.RPMessage_getLocalEndPt)
                  700dc754    0000000c     --HOLE-- [fill = 0]
                  700dc760    00000004     freertos.am64x.r5f.ti-arm-clang.release.lib : TimerP.obj (.text.TimerP_getCount)
                  700dc764    0000000c     --HOLE-- [fill = 0]
                  700dc770    00000004                                                 : TimerP.obj (.text.TimerP_getReloadCount)
                  700dc774    0000000c     --HOLE-- [fill = 0]
                  700dc780    00000004     RPMessageEndpoint.obj (.text._ZN17RPMessageEndpoint18setServiceEndpointEt)
                  700dc784    0000000c     --HOLE-- [fill = 0]
                  700dc790    00000004     RPMessageEndpoint.obj (.text._ZN17RPMessageEndpoint9setCoreIdEj)
                  700dc794    0000000c     --HOLE-- [fill = 0]
                  700dc7a0    00000004     RPMessageEndpoint.obj (.text._ZN17RPMessageEndpointD0Ev)
                  700dc7a4    0000000c     --HOLE-- [fill = 0]
                  700dc7b0    00000004     BrokerMetadata.obj (.text._ZNK14BrokerMetadata11getEndpointEv)
                  700dc7b4    0000000c     --HOLE-- [fill = 0]
                  700dc7c0    00000004     RPMessageEndpoint.obj (.text._ZNK17RPMessageEndpoint18getServiceEndpointEv)
                  700dc7c4    0000000c     --HOLE-- [fill = 0]
                  700dc7d0    00000004     RPMessageEndpoint.obj (.text._ZNK17RPMessageEndpoint9getCoreIdEv)
                  700dc7d4    0000000c     --HOLE-- [fill = 0]
                  700dc7e0    00000004     libc++abi.a : stdlib_new_delete.cpp.obj (.text._ZdlPv)
                  700dc7e4    0000000c     --HOLE-- [fill = 0]
                  700dc7f0    00000004     libclang_rt.builtins.a : aeabi_div0.c.obj (.text.__aeabi_idiv0)
                  700dc7f4    0000000c     --HOLE-- [fill = 0]
                  700dc800    00000004                            : aeabi_div0.c.obj (.text.__aeabi_ldiv0)
                  700dc804    0000000c     --HOLE-- [fill = 0]
                  700dc810    00000004     ti_dpl_config.obj (.text.putchar_)
                  700dc814    0000000c     --HOLE-- [fill = 0]
                  700dc820    00000002     ti_board_open_close.obj (.text.Board_driversClose)
                  700dc822    0000000e     --HOLE-- [fill = 0]
                  700dc830    00000002     ti_board_config.obj (.text.Board_init)
                  700dc832    0000000e     --HOLE-- [fill = 0]
                  700dc840    00000002     ti_drivers_open_close.obj (.text.Drivers_open)
                  700dc842    0000000e     --HOLE-- [fill = 0]
                  700dc850    00000002     RPMessageEndpoint.obj (.text._ZN17RPMessageEndpoint9from_jsonERKN8nlohmann16json_abi_v3_11_210basic_jsonINSt3__13mapENS3_6vectorENS3_12basic_stringIcNS3_11char_traitsIcEENS3_9allocatorIcEEEEbxydS9_NS1_14adl_serializerENS5_IhNS9_IhEEEEvEE)
                  700dc852    0000000e     --HOLE-- [fill = 0]
                  700dc860    00000002     RPMessageEndpoint.obj (.text._ZN17RPMessageEndpointD2Ev)
                  700dc862    0000000e     --HOLE-- [fill = 0]
                  700dc870    00000002     RPMessageEndpoint.obj (.text._ZNK17RPMessageEndpoint7to_jsonERN8nlohmann16json_abi_v3_11_210basic_jsonINSt3__13mapENS3_6vectorENS3_12basic_stringIcNS3_11char_traitsIcEENS3_9allocatorIcEEEEbxydS9_NS1_14adl_serializerENS5_IhNS9_IhEEEEvEE)
                  700dc872    0000000e     --HOLE-- [fill = 0]
                  700dc880    00000002     freertos.am64x.r5f.ti-arm-clang.release.lib : printf.obj (.text._out_null)
                  700dc882    0000000e     --HOLE-- [fill = 0]
                  700dc890    00000002                                                 : port.obj (.text.vPortConfigTimerForRunTimeStats)
                  700dc892    0000000e     --HOLE-- [fill = 0]
                  700dc8a0    00000002                                                 : port.obj (.text.vPortValidateInterruptPriority)
                  700dc8a2    0000000e     --HOLE-- [fill = 0]

.rodata    0    700dc8b0    00002080     
                  700dc8b0    000007b7     freertos.am64x.r5f.ti-arm-clang.release.lib : tasks.obj (.rodata.str1.1)
                  700dd067    00000756                                                 : queue.obj (.rodata.str1.1)
                  700dd7bd    0000031a     drivers.am64x.r5f.ti-arm-clang.release.lib : ipc_rpmsg.obj (.rodata.str1.1)
                  700ddad7    000002bc     freertos.am64x.r5f.ti-arm-clang.release.lib : timers.obj (.rodata.str1.1)
                  700ddd93    0000017d     drivers.am64x.r5f.ti-arm-clang.release.lib : ipc_notify_v0.obj (.rodata.str1.1)
                  700ddf10    0000012c                                                : sciclient_fmwSecureProxyMap.obj (.rodata.gSciclientMap)
                  700de03c    0000010d     freertos.am64x.r5f.ti-arm-clang.release.lib : TimerP.obj (.rodata.str1.1)
                  700de149    0000010a                                                 : ClockP_freertos_r5.obj (.rodata.str1.1)
                  700de253    00000001     --HOLE-- [fill = 0]
                  700de254    0000000c     ti_dpl_config.obj (.rodata.gMpuConfig)
                  700de260    00000101     libc.a : aeabi_ctype.S.obj (.rodata)
                  700de361    000000da     freertos.am64x.r5f.ti-arm-clang.release.lib : SemaphoreP_freertos.obj (.rodata.str1.1)
                  700de43b    000000ca     embedded_kafka.obj (.rodata.str1.1)
                  700de505    0000007b     drivers.am64x.r5f.ti-arm-clang.release.lib : soc.obj (.rodata.str1.1)
                  700de580    00000076     RPMessageCommunication.obj (.rodata.str1.1)
                  700de5f6    00000002     --HOLE-- [fill = 0]
                  700de5f8    00000070     ti_dpl_config.obj (.rodata.gMpuRegionConfig)
                  700de668    0000005d     freertos.am64x.r5f.ti-arm-clang.release.lib : port.obj (.rodata.str1.1)
                  700de6c5    00000003     TI_DebugLogger.obj (.rodata.str1.1)
                  700de6c8    00000050     freertos.am64x.r5f.ti-arm-clang.release.lib : printf.obj (.rodata._ftoa.pow10)
                  700de718    00000050     drivers.am64x.r5f.ti-arm-clang.release.lib : ipc_rpmsg_vring.obj (.rodata.str1.1)
                  700de768    00000042     ti_drivers_config.obj (.rodata.str1.1)
                  700de7aa    0000003f     main.obj (.rodata.str1.1)
                  700de7e9    0000002d     freertos.am64x.r5f.ti-arm-clang.release.lib : DebugP_log.obj (.rodata.str1.1)
                  700de816    0000002c     RPMessageEndpoint.obj (.rodata.str1.1)
                  700de842    00000022     libc.a : _printfi.c.obj (.rodata.str1.1)
                  700de864    00000020     drivers.am64x.r5f.ti-arm-clang.release.lib : soc.obj (.rodata.SOC_getCoreName.coreIdNames)
                  700de884    0000001c     RPMessageEndpoint.obj (.rodata._ZTV17RPMessageEndpoint)
                  700de8a0    0000001b     freertos.am64x.r5f.ti-arm-clang.release.lib : DebugP_shmLogWriter.obj (.rodata.str1.1)
                  700de8bb    00000001     --HOLE-- [fill = 0]
                  700de8bc    00000018     drivers.am64x.r5f.ti-arm-clang.release.lib : sciclient_soc_priv.obj (.rodata..Lswitch.table.Sciclient_getDevId)
                  700de8d4    00000018     RPMessageCommunication.obj (.rodata._ZTV22RPMessageCommunication)
                  700de8ec    00000012     freertos.am64x.r5f.ti-arm-clang.release.lib : printf.obj (.rodata.str1.1)
                  700de8fe    00000002     --HOLE-- [fill = 0]
                  700de900    00000010     TI_DebugLogger.obj (.rodata._ZTV14TI_DebugLogger)
                  700de910    00000008     ti_dpl_config.obj (.rodata.gCacheConfig)
                  700de918    00000004     freertos.am64x.r5f.ti-arm-clang.release.lib : CacheP_armv7r.obj (.rodata.gCacheL1dCacheLineSize)
                  700de91c    00000004                                                 : CacheP_armv7r.obj (.rodata.gCacheL1pCacheLineSize)
                  700de920    00000004                                                 : tasks.obj (.rodata.uxTopUsedPriority)
                  700de924    0000000c     --HOLE-- [fill = 0]

.text.hwi 
*          0    700de930    000008d0     
                  700de930    00000452     freertos.am64x.r5f.ti-arm-clang.release.lib : HwiP_armv7r_vim.obj (.text.hwi)
                  700ded82    00000002     --HOLE-- [fill = 0]
                  700ded84    00000008                                                 : HwiP_armv7r_asm.obj (.tramp.HwiP_enableFIQ.1)
                  700ded8c    00000004     --HOLE-- [fill = 0]
                  700ded90    0000020e                                                 : HwiP_armv7r_handlers_freertos.obj (.text.hwi)
                  700def9e    00000002     --HOLE-- [fill = 0]
                  700defa0    000001ec                                                 : portASM.obj (.text.hwi)
                  700df18c    00000070                                                 : HwiP_armv7r_asm.obj (.text.hwi)
                  700df1fc    00000004     --HOLE-- [fill = 0]

.text.cache 
*          0    700df200    00000450     
                  700df200    00000340     freertos.am64x.r5f.ti-arm-clang.release.lib : CacheP_armv7r_asm.obj (.text.cache)
                  700df540    000000f6                                                 : CacheP_armv7r.obj (.text.cache)
                  700df636    00000002     --HOLE-- [fill = 0]
                  700df638    00000008                                                 : CacheP_armv7r_asm.obj (.tramp.CacheP_invL1d.1)
                  700df640    00000008                                                 : HwiP_armv7r_asm.obj (.tramp.HwiP_restore.1)
                  700df648    00000008                                                 : CacheP_armv7r_asm.obj (.tramp.CacheP_enableL1p.1)

.text.mpu 
*          0    700df650    00000240     
                  700df650    000001b4     freertos.am64x.r5f.ti-arm-clang.release.lib : MpuP_armv7r.obj (.text.mpu)
                  700df804    00000078                                                 : MpuP_armv7r_asm.obj (.text.mpu)
                  700df87c    00000008                                                 : MpuP_armv7r_asm.obj (.tramp.MpuP_isEnableAsm.1)
                  700df884    00000008                                                 : HwiP_armv7r_asm.obj (.tramp.HwiP_restore.2)
                  700df88c    00000004     --HOLE-- [fill = 0]

.text.boot 
*          0    700df890    00000130     
                  700df890    000000fc     freertos.am64x.r5f.ti-arm-clang.release.lib : boot_armv7r_asm.obj (.text.boot)
                  700df98c    00000004     --HOLE-- [fill = 0]
                  700df990    0000001e                                                 : DebugP_log.obj (.text.boot)
                  700df9ae    00000002     --HOLE-- [fill = 0]
                  700df9b0    0000000e     ti_dpl_config.obj (.text.boot)
                  700df9be    00000002     --HOLE-- [fill = 0]

.text:abort 
*          0    700df9c0    00000008     
                  700df9c0    00000008     libc.a : exit.c.obj (.text:abort)

.data      0    700df9c8    000002b8     
                  700df9c8    00000093     drivers.am64x.r5f.ti-arm-clang.release.lib : ipc_notify_v0_cfg.obj (.data.gIpcNotifyMailboxConfig)
                  700dfa5b    00000001                                                : sciclient.obj (.data.gSecHeaderSizeWords)
                  700dfa5c    0000008c     main.obj (.data.gMainTaskObj)
                  700dfae8    00000060     drivers.am64x.r5f.ti-arm-clang.release.lib : ipc_notify_v0_cfg.obj (.data.gIpcNotifyInterruptConfig_r5fss0_1)
                  700dfb48    00000024                                                : ipc_notify_v0_cfg.obj (.data.gIpcNotifyMailboxBaseAddr)
                  700dfb6c    00000004     freertos.am64x.r5f.ti-arm-clang.release.lib : DebugP_shmLogWriter.obj (.data.DebugP_shmLogWriterPutChar.lineBufIndex)
                  700dfb70    00000020     drivers.am64x.r5f.ti-arm-clang.release.lib : sciclient_soc_priv.obj (.data.gSciclientSecProxyCfg)
                  700dfb90    00000014     ti_dpl_config.obj (.data.gClockConfig)
                  700dfba4    00000004     freertos.am64x.r5f.ti-arm-clang.release.lib : tasks.obj (.data.FreeRTOS_errno)
                  700dfba8    0000000c                                                 : AddrTranslateP.obj (.data.gAddrTranslateConfig)
                  700dfbb4    0000000c     ti_power_clock_config.obj (.data.gSocModulesClockFrequency)
                  700dfbc0    00000008     ti_pinmux_config.obj (.data.gPinMuxMainDomainCfg)
                  700dfbc8    00000008     ti_pinmux_config.obj (.data.gPinMuxMcuDomainCfg)
                  700dfbd0    00000008     freertos.am64x.r5f.ti-arm-clang.release.lib : PmuP_armv7r.obj (.data.pmu)
                  700dfbd8    00000008                                                 : TaskP_freertos.obj (.data.vApplicationLoadHook.lastUpdateTime)
                  700dfbe0    00000004     libc.a : aeabi_portable.c.obj (.data.__aeabi_errno)
                  700dfbe4    00000004     libc++abi.a : cxa_default_handlers.cpp.obj (.data.__cxa_new_handler)
                  700dfbe8    00000004     libc.a : _lock.c.obj (.data._lock)
                  700dfbec    00000004            : _lock.c.obj (.data._unlock)
                  700dfbf0    00000004     freertos.am64x.r5f.ti-arm-clang.release.lib : DebugP_log.obj (.data.gDebugLogZone)
                  700dfbf4    00000004                                                 : DebugP_shmLogWriter.obj (.data.gDebugShmLogWriter)
                  700dfbf8    00000004                                                 : DebugP_shmLogWriter.obj (.data.gDebugShmLogWriterSelfCoreName)
                  700dfbfc    00000004     ti_dpl_config.obj (.data.gHwiConfig)
                  700dfc00    00000004     drivers.am64x.r5f.ti-arm-clang.release.lib : ipc_notify_v0_cfg.obj (.data.gIpcNotifyInterruptConfigNum_r5fss0_1)
                  700dfc04    00000004     embedded_kafka.obj (.data.gMsgEchoCount)
                  700dfc08    00000004     drivers.am64x.r5f.ti-arm-clang.release.lib : sciclient.obj (.data.gSciclientHandle.0)
                  700dfc0c    00000004                                                : sciclient.obj (.data.gSciclientHandle.2)
                  700dfc10    00000004                                                : sciclient.obj (.data.gSciclientHandle.3)
                  700dfc14    00000004                                                : sciclient.obj (.data.gSciclientHandle.4)
                  700dfc18    00000004                                                : sciclient.obj (.data.gSciclientHandle.5)
                  700dfc1c    00000004     ti_power_clock_config.obj (.data.gSocModules)
                  700dfc20    00000004     freertos.am64x.r5f.ti-arm-clang.release.lib : timers.obj (.data.prvSampleTimeNow.xLastTime)
                  700dfc24    00000004                                                 : tasks.obj (.data.pxCurrentTCB)
                  700dfc28    00000004                                                 : port.obj (.data.ulPortInterruptNesting)
                  700dfc2c    00000004                                                 : port.obj (.data.ulPortSchedularRunning)
                  700dfc30    00000004                                                 : port.obj (.data.ulPortTaskHasFPUContext)
                  700dfc34    00000004                                                 : port.obj (.data.ulPortYieldRequired)
                  700dfc38    00000004                                                 : tasks.obj (.data.ulTaskSwitchedInTime)
                  700dfc3c    00000004                                                 : tasks.obj (.data.ulTotalRunTime)
                  700dfc40    00000004                                                 : tasks.obj (.data.uxCurrentNumberOfTasks)
                  700dfc44    00000004                                                 : tasks.obj (.data.uxDeletedTasksWaitingCleanUp)
                  700dfc48    00000004                                                 : tasks.obj (.data.uxSchedulerSuspended)
                  700dfc4c    00000004                                                 : tasks.obj (.data.uxTaskNumber)
                  700dfc50    00000004                                                 : tasks.obj (.data.uxTopReadyPriority)
                  700dfc54    00000004                                                 : tasks.obj (.data.xIdleTaskHandle)
                  700dfc58    00000004                                                 : tasks.obj (.data.xNextTaskUnblockTime)
                  700dfc5c    00000004                                                 : tasks.obj (.data.xNumOfOverflows)
                  700dfc60    00000004                                                 : tasks.obj (.data.xPendedTicks)
                  700dfc64    00000004                                                 : tasks.obj (.data.xSchedulerRunning)
                  700dfc68    00000004                                                 : tasks.obj (.data.xTickCount)
                  700dfc6c    00000004                                                 : timers.obj (.data.xTimerQueue)
                  700dfc70    00000004                                                 : timers.obj (.data.xTimerTaskHandle)
                  700dfc74    00000004                                                 : tasks.obj (.data.xYieldPending)
                  700dfc78    00000001                                                 : DebugP_freertos.obj (.data.gDebugLogIsInitDone)
                  700dfc79    00000003     --HOLE-- [fill = 0]
                  700dfc7c    00000001     libc.a : memory.c.obj (.data.memory_is_initialized)
                  700dfc7d    00000003     --HOLE-- [fill = 0]

.irqstack 
*          0    700dfc80    00000100     UNINITIALIZED
                  700dfc80    00000100     --HOLE--

.fiqstack 
*          0    700dfd80    00000100     UNINITIALIZED
                  700dfd80    00000100     --HOLE--

.svcstack 
*          0    700dfe80    00001000     UNINITIALIZED
                  700dfe80    00001000     --HOLE--

.abortstack 
*          0    700e0e80    00000100     UNINITIALIZED
                  700e0e80    00000100     --HOLE--

.undefinedstack 
*          0    700e0f80    00000100     UNINITIALIZED
                  700e0f80    00000100     --HOLE--

.bss.log_shared_mem 
*          0    701d0080    00003800     NOLOAD SECTION
                  701d0080    00003800     ti_dpl_config.obj (.bss.log_shared_mem)

.bss.ipc_vring_mem 
*          0    701d4000    000099c0     NOLOAD SECTION
                  701d4000    000099c0     ti_drivers_config.obj (.bss.ipc_vring_mem)

.ARM.exidx 
*          0    00000040    00000008     
                  00000040    00000008     (.ARM.exidx.vectors:freertos.am64x.r5f.ti-arm-clang.release.lib<HwiP_armv7r_vectors_freertos_asm.obj>)

MODULE SUMMARY

       Module                                 code    ro data   rw data
       ------                                 ----    -------   -------
    obj/release/
       ti_drivers_config.obj                  278     66        39360  
       main.obj                               146     63        16528  
       ti_dpl_config.obj                      94      132       14360  
       embedded_kafka.obj                     604     202       4      
       RPMessageCommunication.obj             430     142       0      
       TI_DebugLogger.obj                     216     19        0      
       RPMessageEndpoint.obj                  104     72        0      
       ti_power_clock_config.obj              114     0         16     
       ti_pinmux_config.obj                   34      0         16     
       CommunicationFactory.obj               32      0         0      
       EndpointFactory.obj                    24      0         0      
       BrokerMetadata.obj                     16      0         0      
       ti_board_open_close.obj                6       0         0      
       ti_board_config.obj                    2       0         0      
       ti_drivers_open_close.obj              2       0         0      
    +--+--------------------------------------+-------+---------+---------+
       Total:                                 2102    696       70284  
                                                                       
    /home/thomas/ti/mcu_plus_sdk_am64x_08_05_00_24/source/drivers/lib/drivers.am64x.r5f.ti-arm-clang.release.lib
       ipc_rpmsg.obj                          1804    794       2860   
       ipc_notify_v0.obj                      1542    381       168    
       sciclient.obj                          1270    0         21     
       ipc_rpmsg_vring.obj                    1124    80        0      
       sciclient_pm.obj                       1184    0         0      
       soc.obj                                572     155       0      
       sciclient_fmwSecureProxyMap.obj        0       300       0      
       ipc_notify_v0_cfg.obj                  0       0         283    
       pinmux.obj                             188     0         0      
       sciclient_soc_priv.obj                 104     24        32     
       csl_sec_proxy.obj                      10      0         0      
    +--+--------------------------------------+-------+---------+---------+
       Total:                                 7798    1734      3364   
                                                                       
    /home/thomas/ti/mcu_plus_sdk_am64x_08_05_00_24/source/kernel/freertos/lib/freertos.am64x.r5f.ti-arm-clang.release.lib
       tasks.obj                              4172    1979      812    
       port.obj                               356     93        5416   
       queue.obj                              3124    1878      256    
       HwiP_armv7r_vim.obj                    1106    0         4108   
       printf.obj                             4012    98        0      
       timers.obj                             1184    700       396    
       CacheP_armv7r_asm.obj                  848     0         0      
       TimerP.obj                             516     269       0      
       SemaphoreP_freertos.obj                370     218       80     
       ClockP_freertos_r5.obj                 318     266       0      
       HwiP_armv7r_handlers_freertos.obj      526     0         4      
       DebugP_shmLogWriter.obj                358     27        134    
       portASM.obj                            492     0         0      
       MpuP_armv7r.obj                        436     0         0      
       TaskP_freertos.obj                     234     0         168    
       ClockP_freertos.obj                    216     0         56     
       DebugP_freertos.obj                    118     0         153    
       CacheP_armv7r.obj                      246     8         0      
       boot_armv7r_asm.obj                    252     0         0      
       DebugP_log.obj                         154     45        4      
       list.obj                               150     0         0      
       HwiP_armv7r_asm.obj                    144     0         0      
       MpuP_armv7r_asm.obj                    128     0         0      
       AddrTranslateP.obj                     104     0         12     
       PmuP_armv7r.obj                        100     0         8      
       HwiP_armv7r_vectors_freertos_asm.obj   64      0         0      
       PmuP_armv7r_asm.obj                    56      0         0      
       boot_armv7r.obj                        28      0         0      
       heap_3.obj                             26      0         0      
    +--+--------------------------------------+-------+---------+---------+
       Total:                                 19838   5581      11607  
                                                                       
    /home/thomas/ti/ti-cgt-armllvm_2.1.2.LTS/lib/armv7r-ti-none-eabihf/c/libc.a
       _printfi.c.obj                         6516    34        0      
       memory.c.obj                           1172    0         5      
       s_scalbn.c.obj                         320     0         0      
       aeabi_ctype.S.obj                      0       257       0      
       vsnprintf.c.obj                        240     0         0      
       _ltoa.c.obj                            136     0         0      
       s_frexp.c.obj                          124     0         0      
       atoi.c.obj                             112     0         0      
       autoinit.c.obj                         80      0         0      
       memccpy.c.obj                          72      0         0      
       wcslen.c.obj                           32      0         0      
       aeabi_portable.c.obj                   12      0         4      
       _lock.c.obj                            4       0         8      
       exit.c.obj                             8       0         0      
    +--+--------------------------------------+-------+---------+---------+
       Total:                                 8828    291       17     
                                                                       
    /home/thomas/ti/ti-cgt-armllvm_2.1.2.LTS/lib/armv7r-ti-none-eabihf/c/libsysbm.a
       memcpy32.S.obj                         28      0         0      
       memset32.S.obj                         24      0         0      
    +--+--------------------------------------+-------+---------+---------+
       Total:                                 52      0         0      
                                                                       
    /home/thomas/ti/ti-cgt-armllvm_2.1.2.LTS/lib/armv7r-ti-none-eabihf/libc++abi.a
       stdlib_new_delete.cpp.obj              84      0         0      
       cxa_handlers.cpp.obj                   16      0         0      
       cxa_default_handlers.cpp.obj           0       0         4      
    +--+--------------------------------------+-------+---------+---------+
       Total:                                 100     0         4      
                                                                       
    /home/thomas/ti/ti-cgt-armllvm_2.1.2.LTS/lib/clang/14.0.6/lib/armv7r-ti-none-eabihf/libclang_rt.builtins.a
       udivsi3.S.obj                          464     0         0      
       udivmoddi4.S.obj                       280     0         0      
       divsi3.S.obj                           44      0         0      
       aeabi_uldivmod.S.obj                   36      0         0      
       aeabi_memset.S.obj                     28      0         0      
       aeabi_div0.c.obj                       8       0         0      
       aeabi_memcpy.S.obj                     4       0         0      
    +--+--------------------------------------+-------+---------+---------+
       Total:                                 864     0         0      
                                                                       
       Heap:                                  0       0         32768  
       Stack:                                 0       0         16384  
       Linker Generated:                      0       8         0      
    +--+--------------------------------------+-------+---------+---------+
       Grand Total:                           39582   8310      134428 

VENEERS

callee name               veneer name
   callee addr  veneer addr  call addr  call info
--------------  -----------  ---------  ----------------
HwiP_enableFIQ            $Ven$TA$L$PI$$HwiP_enableFIQ
   700df1bc     700ded84     700ded6c   freertos.am64x.r5f.ti-arm-clang.release.lib : HwiP_armv7r_vim.obj (.text.hwi)
CacheP_invL1d             $Ven$TA$L$PI$$CacheP_invL1d
   700df270     700df638     700df632   freertos.am64x.r5f.ti-arm-clang.release.lib : CacheP_armv7r.obj (.text.cache)
HwiP_restore              $Ven$TA$L$PI$$HwiP_restore
   700df1cc     700df640     700df5e6   freertos.am64x.r5f.ti-arm-clang.release.lib : CacheP_armv7r.obj (.text.cache)
CacheP_enableL1p          $Ven$TA$L$PI$$CacheP_enableL1p
   700df258     700df648     700df5ac   freertos.am64x.r5f.ti-arm-clang.release.lib : CacheP_armv7r.obj (.text.cache)
                             700df60c                                               : CacheP_armv7r.obj (.text.cache)
MpuP_isEnableAsm          $Ven$TA$L$PI$$MpuP_isEnableAsm
   700df854     700df87c     700df790   freertos.am64x.r5f.ti-arm-clang.release.lib : MpuP_armv7r.obj (.text.mpu)
HwiP_restore              $Ven$TA$L$PI$$HwiP_restore
   700df1cc     700df884     700df744   freertos.am64x.r5f.ti-arm-clang.release.lib : MpuP_armv7r.obj (.text.mpu)
                             700df77c                                               : MpuP_armv7r.obj (.text.mpu)
_ZdlPv                    $Ven$TA$L$PI$$_ZdlPv
   700dc7e0     700d4e48     700dbea8   RPMessageCommunication.obj (.text._ZN22RPMessageCommunicationD0Ev)
                             700dc7a0   RPMessageEndpoint.obj (.text._ZN17RPMessageEndpointD0Ev)
HwiP_enable               $Ven$TA$L$PI$$HwiP_enable
   700df1ac     700d51d8     700db788   ti_dpl_config.obj (.text.Dpl_init)
PmuP_enableCounters       $Ven$TA$L$PI$$PmuP_enableCounters
   700dbd70     700d6098     700dae20   freertos.am64x.r5f.ti-arm-clang.release.lib : PmuP_armv7r.obj (.text.pmu)

[9 trampolines]
[12 trampoline calls]


GLOBAL SYMBOLS: SORTED ALPHABETICALLY BY Name 

address   name                                                                                                                                                                                                            
-------   ----                                                                                                                                                                                                            
00000040  .ARM.exidx$$Base                                                                                                                                                                                                
00000048  .ARM.exidx$$Limit                                                                                                                                                                                               
700daac1  AddrTranslateP_getLocalAddr                                                                                                                                                                                     
700dc821  Board_driversClose                                                                                                                                                                                              
700dc711  Board_driversOpen                                                                                                                                                                                               
700dc831  Board_init                                                                                                                                                                                                      
700df9c0  C$$EXIT                                                                                                                                                                                                         
700dc671  CSL_secProxyGetDataAddr                                                                                                                                                                                         
700df510  CacheP_configForceWrThru                                                                                                                                                                                        
700df5b1  CacheP_disable                                                                                                                                                                                                  
[...]
700df19c  HwiP_disableFIQ                                                                                                                                                                                                 
700df1ac  HwiP_enable                                                                                                                                                                                                     
700df1bc  HwiP_enableFIQ                                                                                                                                                                                                  
700df1cc  HwiP_restore                                                                                                                                                                                                    
700df1d4  HwiP_enableVIC                                                                                                                                                                                                  
700df1e4  HwiP_disableVIC                                                                                                                                                                                                 
700df1f4  HwiP_getCPSR                                                                                                                                                                                                    
700df200  CacheP_disableL1d                                                                                                                                                                                               
700df228  CacheP_disableL1p                                                                                                                                                                                               
700df240  CacheP_enableL1d                                                                                                                                                                                                
700df258  CacheP_enableL1p                                                                                                                                                                                                
700df270  CacheP_invL1d                                                                                                                                                                                                   
700df2a8  CacheP_invL1p                                                                                                                                                                                                   
700df2e4  CacheP_invL1dAll                                                                                                                                                                                                
700df2ec  CacheP_invL1pAll                                                                                                                                                                                                
700df2f4  CacheP_wb                                                                                                                                                                                                       
700df330  CacheP_wbInv                                                                                                                                                                                                    
700df36c  CacheP_wbAll                                                                                                                                                                                                    
700df414  CacheP_wbInvAll                                                                                                                                                                                                 
700df42c  CacheP_wbInvAllAsm                                                                                                                                                                                              
700df4cc  CacheP_getEnabled                                                                                                                                                                                               
700df504  CacheP_getCacheLevelInfo                                                                                                                                                                                        
700df510  CacheP_configForceWrThru                                                                                                                                                                                        
700df530  CacheP_setDLFO                                                                                                                                                                                                  
700df541  CacheP_init                                                                                                                                                                                                     
700df5b1  CacheP_disable                                                                                                                                                                                                  
700df5f1  CacheP_enable                                                                                                                                                                                                   
700df611  CacheP_inv                                                                                                                                                                                                      
700df651  MpuP_RegionAttrs_init                                                                                                                                                                                           
700df661  MpuP_setRegion                                                                                                                                                                                                  
700df711  MpuP_enable                                                                                                                                                                                                     
700df751  MpuP_disable                                                                                                                                                                                                    
700df791  MpuP_isEnable                                                                                                                                                                                                   
700df7a1  MpuP_init                                                                                                                                                                                                       
700df804  MpuP_disableAsm                                                                                                                                                                                                 
700df81c  MpuP_disableBRAsm                                                                                                                                                                                               
700df82c  MpuP_enableAsm                                                                                                                                                                                                  
700df844  MpuP_enableBRAsm                                                                                                                                                                                                
700df854  MpuP_isEnableAsm                                                                                                                                                                                                
700df868  MpuP_setRegionAsm                                                                                                                                                                                               
700df890  _c_int00_sbl                                                                                                                                                                                                    
700df8b4  _c_int00                                                                                                                                                                                                        
700df991  _DebugP_assertNoLog                                                                                                                                                                                             
700df9b1  __mpu_init                                                                                                                                                                                                      
700df9c0  C$$EXIT                                                                                                                                                                                                         
700df9c0  abort                                                                                                                                                                                                           
700df9c8  gIpcNotifyMailboxConfig                                                                                                                                                                                         
700dfa5c  gMainTaskObj                                                                                                                                                                                                    
700dfae8  gIpcNotifyInterruptConfig_r5fss0_1                                                                                                                                                                              
700dfb48  gIpcNotifyMailboxBaseAddr                                                                                                                                                                                       
700dfb70  gSciclientSecProxyCfg                                                                                                                                                                                           
700dfb90  gClockConfig                                                                                                                                                                                                    
700dfba4  FreeRTOS_errno                                                                                                                                                                                                  
700dfba8  gAddrTranslateConfig                                                                                                                                                                                            
700dfbb4  gSocModulesClockFrequency                                                                                                                                                                                       
700dfbe0  __aeabi_errno                                                                                                                                                                                                   
700dfbe4  __cxa_new_handler                                                                                                                                                                                               
700dfbe8  _lock                                                                                                                                                                                                           
700dfbec  _unlock                                                                                                                                                                                                         
700dfbf0  gDebugLogZone                                                                                                                                                                                                   
700dfbfc  gHwiConfig                                                                                                                                                                                                      
700dfc00  gIpcNotifyInterruptConfigNum_r5fss0_1                                                                                                                                                                           
700dfc04  gMsgEchoCount                                                                                                                                                                                                   
700dfc1c  gSocModules                                                                                                                                                                                                     
700dfc24  pxCurrentTCB                                                                                                                                                                                                    
700dfc28  ulPortInterruptNesting                                                                                                                                                                                          
700dfc2c  ulPortSchedularRunning                                                                                                                                                                                          
700dfc30  ulPortTaskHasFPUContext                                                                                                                                                                                         
700dfc34  ulPortYieldRequired                                                                                                                                                                                             
700dfc80  __IRQ_STACK_START                                                                                                                                                                                               
700dfd80  __FIQ_STACK_START                                                                                                                                                                                               
700dfd80  __IRQ_STACK_END                                                                                                                                                                                                 
700dfe80  __FIQ_STACK_END                                                                                                                                                                                                 
700dfe80  __SVC_STACK_START                                                                                                                                                                                               
700e0e80  __ABORT_STACK_START                                                                                                                                                                                             
700e0e80  __SVC_STACK_END                                                                                                                                                                                                 
700e0f80  __ABORT_STACK_END                                                                                                                                                                                               
700e0f80  __UNDEFINED_STACK_START                                                                                                                                                                                         
700e1080  __UNDEFINED_STACK_END                                                                                                                                                                                           
701d0080  gDebugShmLog                                                                                                                                                                                                    
701d4000  gRPMessageVringMem                                                                                                                                                                                              
ffffffff  __TI_pprof_out_hndl                                                                                                                                                                                             
ffffffff  __TI_prof_data_size                                                                                                                                                                                             
ffffffff  __TI_prof_data_start                                                                                                                                                                                            
ffffffff  __binit__                                                                                                                                                                                                       
ffffffff  binit                                                                                                                                                                                                           
UNDEFED   __TI_CINIT_Base                                                                                                                                                                                                 
UNDEFED   __TI_CINIT_Limit                                                                                                                                                                                                
UNDEFED   __TI_Handler_Table_Base                                                                                                                                                                                         
UNDEFED   __TI_Handler_Table_Limit                                                                                                                                                                                        
UNDEFED   _system_post_cinit                                                                                                                                                                                              

[399 symbols]
