******************************************************************************
            TI ARM Clang Linker Unix v2.1.2                    
******************************************************************************
>> Linked Mon Nov  6 10:49:28 2023

OUTPUT FILE NAME:   <embedded_kafka.release.out>
ENTRY POINT SYMBOL: "_c_int00"  address: 0001241b


MEMORY CONFIGURATION

         name            origin    length      used     unused   attr    fill
----------------------  --------  ---------  --------  --------  ----  --------
  M4F_VECS              00000000   00000200  00000140  000000c0  RWIX
  M4F_IRAM              00000200   0002fe00  00021db8  0000e048  RWIX
  M4F_DRAM              00030000   00010000  0000fdd0  00000230  RWIX
  DDR_0                 a4100000   00100000  00001000  000ff000  RWIX
  IPC_VRING_MEM         a5000000   00800000  00006680  007f9980  RWIX
  USER_SHM_MEM          a5800000   00000080  00000000  00000080  RWIX
  LOG_SHM_MEM           a5800080   00003f80  00000000  00003f80  RWIX


SEGMENT ALLOCATION MAP

run origin  load origin   length   init length attrs members
----------  ----------- ---------- ----------- ----- -------
00000000    00000000    00000140   00000140    rw-
  00000000    00000000    00000140   00000140    rw- .vectors
00000000    00000000    000005c0   000005c0    rw-
  00000000    00000000    000005c0   000005c0    rw- .data
00000200    00000200    00015db0   00015db0    r-x
  00000200    00000200    00015db0   00015db0    r-x .text
00015fb0    00015fb0    0000c000   00000000    rw-
  00015fb0    00015fb0    00008000   00000000    rw- .sysmem
  0001dfb0    0001dfb0    00004000   00000000    rw- .stack
00021fb0    00021fb0    00000008   00000008    r--
  00021fb0    00021fb0    00000008   00000008    r-- .ARM.exidx
00030000    00030000    000080d0   000080d0    r--
  00030000    00030000    000080d0   000080d0    r-- .rodata
00038100    00038100    00007d00   00000000    rw-
  00038100    00038100    00007d00   00000000    rw- .bss
a4100000    a4100000    00001000   00001000    r--
  a4100000    a4100000    00001000   00001000    r-- .resource_table


SECTION ALLOCATION MAP

 output                                  attributes/
section   page    origin      length       input sections
--------  ----  ----------  ----------   ----------------
.vectors   0    00000000    00000140     
                  00000000    00000140     freertos.am64x.m4f.ti-arm-clang.release.lib : HwiP_armv7m_handlers_freertos.obj (.vectors)

.data      0    00000000    000005c0     FAILED TO ALLOCATE
.text      0    00000200    00015db0     
                  00000200    000009d4     libc.a : _printfi.c.obj (.text:__TI_printfi)
                  00000bd4    000007e0     Configurer.obj (.text._ZN8nlohmann16json_abi_v3_11_26detail10serializerINS0_10basic_jsonINSt3__13mapENS4_6vectorENS4_12basic_stringIcNS4_11char_traitsIcEENS4_9allocatorIcEEEEbxydSA_NS0_14adl_serializerENS6_IhNSA_IhEEEEvEEE4dumpERKSG_bbjj)
                  000013b4    000005a6     Configurer.obj (.text._ZN8nlohmann16json_abi_v3_11_26detail5lexerINS0_10basic_jsonINSt3__13mapENS4_6vectorENS4_12basic_stringIcNS4_11char_traitsIcEENS4_9allocatorIcEEEEbxydSA_NS0_14adl_serializerENS6_IhNSA_IhEEEEvEENS1_22iterator_input_adapterIPcEEE11scan_stringEv)
                  0000195a    00000002     ti_board_open_close.obj (.text.Board_driversClose)
                  0000195c    00000570     freertos.am64x.m4f.ti-arm-clang.release.lib : printf.obj (.text._vsnprintf)
                  00001ecc    00000004     ti_board_open_close.obj (.text.Board_driversOpen)
                  00001ed0    000004b8     Configurer.obj (.text._ZN8nlohmann16json_abi_v3_11_26detail6parserINS0_10basic_jsonINSt3__13mapENS4_6vectorENS4_12basic_stringIcNS4_11char_traitsIcEENS4_9allocatorIcEEEEbxydSA_NS0_14adl_serializerENS6_IhNSA_IhEEEEvEENS1_22iterator_input_adapterIPcEEE18sax_parse_internalINS1_28json_sax_dom_callback_parserISG_EEEEbPT_)
                  00002388    000004a8     freertos.am64x.m4f.ti-arm-clang.release.lib : printf.obj (.text._etoa)
                  00002830    0000049c     Configurer.obj (.text._ZN8nlohmann16json_abi_v3_11_26detail6parserINS0_10basic_jsonINSt3__13mapENS4_6vectorENS4_12basic_stringIcNS4_11char_traitsIcEENS4_9allocatorIcEEEEbxydSA_NS0_14adl_serializerENS6_IhNSA_IhEEEEvEENS1_22iterator_input_adapterIPcEEE18sax_parse_internalINS1_19json_sax_dom_parserISG_EEEEbPT_)
                  00002ccc    00000004     freertos.am64x.m4f.ti-arm-clang.release.lib : ClockP_freertos_m4.obj (.text.ClockP_getTimerCount)
                  00002cd0    00000474     libc.a : strtod.c.obj (.text.strtod)
                  00003144    00000004     drivers.am64x.m4f.ti-arm-clang.release.lib : ipc_rpmsg.obj (.text.RPMessage_getLocalEndPt)
                  00003148    00000438     freertos.am64x.m4f.ti-arm-clang.release.lib : printf.obj (.text._ftoa)
                  00003580    000003a8     Configurer.obj (.text._ZN8nlohmann16json_abi_v3_11_26detail9dtoa_impl16grisu2_digit_genEPcRiS4_NS2_5diyfpES5_S5_)
                  00003928    000003a4     freertos.am64x.m4f.ti-arm-clang.release.lib : HwiP_armv7m.obj (.text.hwi)
                  00003ccc    0000039e     Configurer.obj (.text._ZN8nlohmann16json_abi_v3_11_210basic_jsonINSt3__13mapENS2_6vectorENS2_12basic_stringIcNS2_11char_traitsIcEENS2_9allocatorIcEEEEbxydS8_NS0_14adl_serializerENS4_IhNS8_IhEEEEvE10json_value7destroyENS0_6detail7value_tE)
                  0000406a    00000002     ti_board_config.obj (.text.Board_init)
                  0000406c    00000384     drivers.am64x.m4f.ti-arm-clang.release.lib : ipc_notify_v0.obj (.text.IpcNotify_init)
                  000043f0    0000035a                                                : sciclient.obj (.text.Sciclient_service)
                  0000474a    00000002     freertos.am64x.m4f.ti-arm-clang.release.lib : CacheP_null.obj (.text.CacheP_wbInv)
                  0000474c    000002bc     Configurer.obj (.text._ZN8nlohmann16json_abi_v3_11_26detail5lexerINS0_10basic_jsonINSt3__13mapENS4_6vectorENS4_12basic_stringIcNS4_11char_traitsIcEENS4_9allocatorIcEEEEbxydSA_NS0_14adl_serializerENS6_IhNSA_IhEEEEvEENS1_22iterator_input_adapterIPcEEE11scan_numberEv)
                  00004a08    000002b8     libc.a : _printfi.c.obj (.text._pconv_a)
                  00004cc0    000002a8     Configurer.obj (.text._ZN8nlohmann16json_abi_v3_11_26detail10serializerINS0_10basic_jsonINSt3__13mapENS4_6vectorENS4_12basic_stringIcNS4_11char_traitsIcEENS4_9allocatorIcEEEEbxydSA_NS0_14adl_serializerENS6_IhNSA_IhEEEEvEEE12dump_escapedERKSC_b)
                  00004f68    000002a8     Configurer.obj (.text._ZN8nlohmann16json_abi_v3_11_26detail6parserINS0_10basic_jsonINSt3__13mapENS4_6vectorENS4_12basic_stringIcNS4_11char_traitsIcEENS4_9allocatorIcEEEEbxydSA_NS0_14adl_serializerENS6_IhNSA_IhEEEEvEENS1_22iterator_input_adapterIPcEEE5parseEbRSG_)
                  00005210    00000260     TopicProxy.obj (.text._ZN10TopicProxy4pollE16ConsumerMetadata)
                  00005470    00000244     Configurer.obj (.text._ZNSt3__113__tree_removeIPNS_16__tree_node_baseIPvEEEEvT_S5_)
                  000056b4    00000240     freertos.am64x.m4f.ti-arm-clang.release.lib : timers.obj (.text.prvTimerTask)
                  000058f4    0000023a     libc++.a : charconv.cpp.obj (.text._ZNSt3__16__itoa8__u32toaEjPc)
                  00005b2e    00000002     freertos.am64x.m4f.ti-arm-clang.release.lib : ClockP_freertos_m4.obj (.text.ClockP_timerClearOverflowInt)
                  00005b30    00000238     libc.a : _printfi.c.obj (.text._pconv_g)
                  00005d68    0000020e     Configurer.obj (.text._ZN8nlohmann16json_abi_v3_11_26detail6parserINS0_10basic_jsonINSt3__13mapENS4_6vectorENS4_12basic_stringIcNS4_11char_traitsIcEENS4_9allocatorIcEEEEbxydSA_NS0_14adl_serializerENS6_IhNSA_IhEEEEvEENS1_22iterator_input_adapterIPcEEE17exception_messageENS1_10lexer_baseISG_E10token_typeERKSC_)
                  00005f76    00000202     SystemManager.obj (.text._ZN13SystemManager4initEv)
                  00006178    000001fc     Configurer.obj (.text._ZN8nlohmann16json_abi_v3_11_26detail28json_sax_dom_callback_parserINS0_10basic_jsonINSt3__13mapENS4_6vectorENS4_12basic_stringIcNS4_11char_traitsIcEENS4_9allocatorIcEEEEbxydSA_NS0_14adl_serializerENS6_IhNSA_IhEEEEvEEE12handle_valueIRSC_EENS4_4pairIbPSG_EEOT_b)
                  00006374    000001fc     freertos.am64x.m4f.ti-arm-clang.release.lib : queue.obj (.text.xQueueSemaphoreTake)
                  00006570    000001fa     Configurer.obj (.text._ZN8nlohmann16json_abi_v3_11_26detail28json_sax_dom_callback_parserINS0_10basic_jsonINSt3__13mapENS4_6vectorENS4_12basic_stringIcNS4_11char_traitsIcEENS4_9allocatorIcEEEEbxydSA_NS0_14adl_serializerENS6_IhNSA_IhEEEEvEEE12handle_valueIDnEENS4_4pairIbPSG_EEOT_b)
                  0000676a    00000002     ti_drivers_open_close.obj (.text.Drivers_open)
                  0000676c    000001f8     BrokerMetadata.obj (.text._ZN14BrokerMetadata9from_jsonERKN8nlohmann16json_abi_v3_11_210basic_jsonINSt3__13mapENS3_6vectorENS3_12basic_stringIcNS3_11char_traitsIcEENS3_9allocatorIcEEEEbxydS9_NS1_14adl_serializerENS5_IhNS9_IhEEEEvEE)
                  00006964    000001f8     Configurer.obj (.text._ZN8nlohmann16json_abi_v3_11_26detail28json_sax_dom_callback_parserINS0_10basic_jsonINSt3__13mapENS4_6vectorENS4_12basic_stringIcNS4_11char_traitsIcEENS4_9allocatorIcEEEEbxydSA_NS0_14adl_serializerENS6_IhNSA_IhEEEEvEEE12handle_valueINS1_7value_tEEENS4_4pairIbPSG_EEOT_b)
                  00006b5c    000001ee     Configurer.obj (.text._ZN8nlohmann16json_abi_v3_11_26detail10serializerINS0_10basic_jsonINSt3__13mapENS4_6vectorENS4_12basic_stringIcNS4_11char_traitsIcEENS4_9allocatorIcEEEEbxydSA_NS0_14adl_serializerENS6_IhNSA_IhEEEEvEEE12dump_integerIxLi0EEEvT_)
                  00006d4a    000001ea     Configurer.obj (.text._ZN8nlohmann16json_abi_v3_11_26detail28json_sax_dom_callback_parserINS0_10basic_jsonINSt3__13mapENS4_6vectorENS4_12basic_stringIcNS4_11char_traitsIcEENS4_9allocatorIcEEEEbxydSA_NS0_14adl_serializerENS6_IhNSA_IhEEEEvEEE12handle_valueIRbEENS4_4pairIbPSG_EEOT_b)
                  00006f34    000001ea     Configurer.obj (.text._ZN8nlohmann16json_abi_v3_11_26detail28json_sax_dom_callback_parserINS0_10basic_jsonINSt3__13mapENS4_6vectorENS4_12basic_stringIcNS4_11char_traitsIcEENS4_9allocatorIcEEEEbxydSA_NS0_14adl_serializerENS6_IhNSA_IhEEEEvEEE12handle_valueIRdEENS4_4pairIbPSG_EEOT_b)
                  0000711e    000001ea     Configurer.obj (.text._ZN8nlohmann16json_abi_v3_11_26detail28json_sax_dom_callback_parserINS0_10basic_jsonINSt3__13mapENS4_6vectorENS4_12basic_stringIcNS4_11char_traitsIcEENS4_9allocatorIcEEEEbxydSA_NS0_14adl_serializerENS6_IhNSA_IhEEEEvEEE12handle_valueIRxEENS4_4pairIbPSG_EEOT_b)
                  00007308    000001ea     Configurer.obj (.text._ZN8nlohmann16json_abi_v3_11_26detail28json_sax_dom_callback_parserINS0_10basic_jsonINSt3__13mapENS4_6vectorENS4_12basic_stringIcNS4_11char_traitsIcEENS4_9allocatorIcEEEEbxydSA_NS0_14adl_serializerENS6_IhNSA_IhEEEEvEEE12handle_valueIRyEENS4_4pairIbPSG_EEOT_b)
                  000074f2    00000002     UDPEndpoint.obj (.text._ZN11UDPEndpointD2Ev)
                  000074f4    000001e8     freertos.am64x.m4f.ti-arm-clang.release.lib : queue.obj (.text.xQueueGenericSend)
                  000076dc    000001e2     TopicFactory.obj (.text._ZN12TopicFactory12createTopicsEv)
                  000078be    000001d2     TopicProxy.obj (.text._ZN10TopicProxy7publishE16ProducerMetadata6Record)
                  00007a90    000001d0     Configurer.obj (.text._ZN8nlohmann16json_abi_v3_11_26detail9dtoa_impl13format_bufferEPciiii)
                  00007c60    000001c6     UDPEndpoint.obj (.text._ZNK11UDPEndpoint7to_jsonERN8nlohmann16json_abi_v3_11_210basic_jsonINSt3__13mapENS3_6vectorENS3_12basic_stringIcNS3_11char_traitsIcEENS3_9allocatorIcEEEEbxydS9_NS1_14adl_serializerENS5_IhNS9_IhEEEEvEE)
                  00007e26    00000002     RPMessageEndpoint.obj (.text._ZN17RPMessageEndpointD2Ev)
                  00007e28    000001c0     libc.a : strtoll.c.obj (.text.strtoll)
                  00007fe8    000001be     freertos.am64x.m4f.ti-arm-clang.release.lib : MpuP_armv7m.obj (.text.mpu)
                  000081a6    00000002     Topic.obj (.text._ZN5TopicD0Ev)
                  000081a8    000001ba     freertos.am64x.m4f.ti-arm-clang.release.lib : queue.obj (.text.xQueueReceive)
                  00008362    00000002     Configurer.obj (.text._ZN8nlohmann16json_abi_v3_11_26detail23output_adapter_protocolIcED2Ev)
                  00008364    000001b6     RPMessageEndpoint.obj (.text._ZNK17RPMessageEndpoint7to_jsonERN8nlohmann16json_abi_v3_11_210basic_jsonINSt3__13mapENS3_6vectorENS3_12basic_stringIcNS3_11char_traitsIcEENS3_9allocatorIcEEEEbxydS9_NS1_14adl_serializerENS5_IhNS9_IhEEEEvEE)
                  0000851a    00000002     libc++abi.a : private_typeinfo.cpp.obj (.text._ZNK10__cxxabiv116__shim_type_info5noop1Ev)
                  0000851c    000001b6     libclang_rt.builtins.a : adddf3.S.obj (.text)
                  000086d2    00000002     libc++abi.a : private_typeinfo.cpp.obj (.text._ZNK10__cxxabiv116__shim_type_info5noop2Ev)
                  000086d4    000001ae     Configurer.obj (.text._ZNSt3__116__copy_unalignedINS_6vectorIbNS_9allocatorIbEEEELb0EEENS_14__bit_iteratorIT_Lb0ELi0EEENS5_IS6_XT0_ELi0EEES8_S7_)
                  00008882    00000006     freertos.am64x.m4f.ti-arm-clang.release.lib : SemaphoreP_freertos.obj (.text.SemaphoreP_destruct)
                  00008888    000001a0     Configurer.obj (.text._ZN8nlohmann16json_abi_v3_11_26detail8to_charsIdEEPcS3_PKcT_)
                  00008a28    000001a0     libc.a : _printfi.c.obj (.text.fcvt)
                  00008bc8    00000184     TopicProxy.obj (.text._ZN10TopicProxy11unsubscribeE16ConsumerMetadata)
                  00008d4c    00000184     TopicProxy.obj (.text._ZN10TopicProxy9subscribeE16ConsumerMetadata)
                  00008ed0    00000180     libc.a : _printfi.c.obj (.text._pconv_e)
                  00009050    00000178     ClusterMetadata.obj (.text._ZN15ClusterMetadata9from_jsonERKN8nlohmann16json_abi_v3_11_210basic_jsonINSt3__13mapENS3_6vectorENS3_12basic_stringIcNS3_11char_traitsIcEENS3_9allocatorIcEEEEbxydS9_NS1_14adl_serializerENS5_IhNS9_IhEEEEvEE)
                  000091c8    00000178     Configurer.obj (.text._ZN8nlohmann16json_abi_v3_11_26detail28json_sax_dom_callback_parserINS0_10basic_jsonINSt3__13mapENS4_6vectorENS4_12basic_stringIcNS4_11char_traitsIcEENS4_9allocatorIcEEEEbxydSA_NS0_14adl_serializerENS6_IhNSA_IhEEEEvEEE10end_objectEv)
                  00009340    0000016a     freertos.am64x.m4f.ti-arm-clang.release.lib : tasks.obj (.text.xTaskIncrementTick)
                  000094aa    00000002     TopicMetadata.obj (.text._ZNK13TopicMetadata7getNameEv)
                  000094ac    00000166     libc++abi.a : private_typeinfo.cpp.obj (.text._ZNK10__cxxabiv120__si_class_type_info16search_below_dstEPNS_19__dynamic_cast_infoEPKvib)
                  00009612    00000164     SystemManager.obj (.text._ZN13SystemManager8askForIDEv)
                  00009776    00000002     Record.obj (.text._ZNK6Record7getDataEv)
                  00009778    00000164     Configurer.obj (.text._ZN8nlohmann16json_abi_v3_11_26detail9dtoa_impl12grisu2_roundEPciyyyy)
                  000098dc    00000162     embedded_kafka_m4.obj (.text._Z8consumeriiNSt3__112basic_stringIcNS_11char_traitsIcEENS_9allocatorIcEEEE)
                  00009a3e    00000002     libc++.a : memory.cpp.obj (.text._ZNSt3__114__shared_countD2Ev)
                  00009a40    00000158     Configurer.obj (.text._ZN8nlohmann16json_abi_v3_11_26detail5lexerINS0_10basic_jsonINSt3__13mapENS4_6vectorENS4_12basic_stringIcNS4_11char_traitsIcEENS4_9allocatorIcEEEEbxydSA_NS0_14adl_serializerENS6_IhNSA_IhEEEEvEENS1_22iterator_input_adapterIPcEEE4scanEv)
                  00009b98    00000158     Configurer.obj (.text._ZN8nlohmann16json_abi_v3_11_26detail9dtoa_impl18compute_boundariesIdEENS2_10boundariesET_)
                  00009cf0    00000156     Configurer.obj (.text._ZN8nlohmann16json_abi_v3_11_26detail10serializerINS0_10basic_jsonINSt3__13mapENS4_6vectorENS4_12basic_stringIcNS4_11char_traitsIcEENS4_9allocatorIcEEEEbxydSA_NS0_14adl_serializerENS6_IhNSA_IhEEEEvEEE12dump_integerIyLi0EEEvT_)
                  00009e46    00000154     Configurer.obj (.text._ZN8nlohmann16json_abi_v3_11_26detail9dtoa_impl6grisu2EPcRiS4_NS2_5diyfpES5_S5_)
                  00009f9a    00000150     Configurer.obj (.text._ZN8nlohmann16json_abi_v3_11_26detail19json_sax_dom_parserINS0_10basic_jsonINSt3__13mapENS4_6vectorENS4_12basic_stringIcNS4_11char_traitsIcEENS4_9allocatorIcEEEEbxydSA_NS0_14adl_serializerENS6_IhNSA_IhEEEEvEEE12handle_valueIRbEEPSG_OT_)
                  0000a0ea    00000150     Configurer.obj (.text._ZN8nlohmann16json_abi_v3_11_26detail19json_sax_dom_parserINS0_10basic_jsonINSt3__13mapENS4_6vectorENS4_12basic_stringIcNS4_11char_traitsIcEENS4_9allocatorIcEEEEbxydSA_NS0_14adl_serializerENS6_IhNSA_IhEEEEvEEE12handle_valueIRdEEPSG_OT_)
                  0000a23a    00000150     Configurer.obj (.text._ZN8nlohmann16json_abi_v3_11_26detail19json_sax_dom_parserINS0_10basic_jsonINSt3__13mapENS4_6vectorENS4_12basic_stringIcNS4_11char_traitsIcEENS4_9allocatorIcEEEEbxydSA_NS0_14adl_serializerENS6_IhNSA_IhEEEEvEEE12handle_valueIRxEEPSG_OT_)
                  0000a38a    00000150     Configurer.obj (.text._ZN8nlohmann16json_abi_v3_11_26detail19json_sax_dom_parserINS0_10basic_jsonINSt3__13mapENS4_6vectorENS4_12basic_stringIcNS4_11char_traitsIcEENS4_9allocatorIcEEEEbxydSA_NS0_14adl_serializerENS6_IhNSA_IhEEEEvEEE12handle_valueIRyEEPSG_OT_)
                  0000a4da    00000002     libc++abi.a : stdlib_exception.cpp.obj (.text._ZNSt9exceptionD2Ev)
                  0000a4dc    0000014c     libc.a : strtoull.c.obj (.text.strtoull)
                  0000a628    0000013e     freertos.am64x.m4f.ti-arm-clang.release.lib : tasks.obj (.text.xTaskResumeAll)
                  0000a766    00000002     libc++abi.a : stdlib_typeinfo.cpp.obj (.text._ZNSt9type_infoD2Ev)
                  0000a768    00000138     libc++.a : string.cpp.obj (.text._ZNSt3__112basic_stringIcNS_11char_traitsIcEENS_9allocatorIcEEEaSERKS5_)
                  0000a8a0    00000136     drivers.am64x.m4f.ti-arm-clang.release.lib : ipc_rpmsg.obj (.text.RPMessage_recv)
                  0000a9d6    00000002     libclang_rt.builtins.a : aeabi_div0.c.obj (.text.__aeabi_ldiv0)
                  0000a9d8    00000136     Configurer.obj (.text._ZNSt3__127__tree_balance_after_insertIPNS_16__tree_node_baseIPvEEEEvT_S5_)
                  0000ab0e    00000002     libc.a : _lock.c.obj (.text._nop)
                  0000ab10    00000136     libclang_rt.builtins.a : divdf3.S.obj (.text)
                  0000ac46    00000002     freertos.am64x.m4f.ti-arm-clang.release.lib : printf.obj (.text._out_null)
                  0000ac48    00000134     drivers.am64x.m4f.ti-arm-clang.release.lib : soc.obj (.text.SOC_moduleSetClockFrequency)
                  0000ad7c    00000130     freertos.am64x.m4f.ti-arm-clang.release.lib : ClockP_freertos_m4.obj (.text.ClockP_init)
                  0000aeac    0000012c                                                 : queue.obj (.text.xQueueGenericSendFromISR)
                  0000afd8    0000012a     ConsumerMetadata.obj (.text._ZNK16ConsumerMetadata7to_jsonERN8nlohmann16json_abi_v3_11_210basic_jsonINSt3__13mapENS3_6vectorENS3_12basic_stringIcNS3_11char_traitsIcEENS3_9allocatorIcEEEEbxydS9_NS1_14adl_serializerENS5_IhNS9_IhEEEEvEE)
                  0000b102    00000126     Configurer.obj (.text._ZN8nlohmann16json_abi_v3_11_26detail12out_of_range6createIDnLi0EEES2_iRKNSt3__112basic_stringIcNS4_11char_traitsIcEENS4_9allocatorIcEEEET_)
                  0000b228    00000122     freertos.am64x.m4f.ti-arm-clang.release.lib : tasks.obj (.text.vTaskDelete)
                  0000b34a    00000002                                                 : port.obj (.text.vPortConfigTimerForRunTimeStats)
                  0000b34c    00000120     libc++abi.a : private_typeinfo.cpp.obj (.text._ZNK10__cxxabiv117__class_type_info9can_catchEPKNS_16__shim_type_infoERPv)
                  0000b46c    00000120     libc.a : memory.c.obj (.text.aligned_alloc)
                  0000b58c    0000011c     freertos.am64x.m4f.ti-arm-clang.release.lib : printf.obj (.text._ntoa_format)
                  0000b6a8    0000011a                                                 : tasks.obj (.text.prvAddNewTaskToReadyList)
                  0000b7c2    00000002     --HOLE-- [fill = 0]
                  0000b7c4    00000114     libc++abi.a : private_typeinfo.cpp.obj (.text._ZNK10__cxxabiv117__class_type_info16search_below_dstEPNS_19__dynamic_cast_infoEPKvib)
                  0000b8d8    0000010c     drivers.am64x.m4f.ti-arm-clang.release.lib : ipc_rpmsg.obj (.text.RPMessage_recvHandler)
                  0000b9e4    0000010c     Configurer.obj (.text._ZN8nlohmann16json_abi_v3_11_26detail19json_sax_dom_parserINS0_10basic_jsonINSt3__13mapENS4_6vectorENS4_12basic_stringIcNS4_11char_traitsIcEENS4_9allocatorIcEEEEbxydSA_NS0_14adl_serializerENS6_IhNSA_IhEEEEvEEE12handle_valueIRSC_EEPSG_OT_)
                  0000baf0    0000010c     Configurer.obj (.text._ZN8nlohmann16json_abi_v3_11_26detail9dtoa_impl36get_cached_power_for_binary_exponentEi)
                  0000bbfc    00000004     libc++abi.a : private_typeinfo.cpp.obj (.text._ZN10__cxxabiv116__shim_type_infoD2Ev)
                  0000bc00    0000010c     libc.a : s_scalbn.c.obj (.text.scalbn)
                  0000bd0c    0000010c     freertos.am64x.m4f.ti-arm-clang.release.lib : queue.obj (.text.xQueueGiveFromISR)
                  0000be18    00000108                                                 : SysTickTimerP.obj (.text.SysTickTimerP_setup)
                  0000bf20    00000108     Configurer.obj (.text._ZN8nlohmann16json_abi_v3_11_26detail19json_sax_dom_parserINS0_10basic_jsonINSt3__13mapENS4_6vectorENS4_12basic_stringIcNS4_11char_traitsIcEENS4_9allocatorIcEEEEbxydSA_NS0_14adl_serializerENS6_IhNSA_IhEEEEvEEE12handle_valueIDnEEPSG_OT_)
                  0000c028    00000108     Configurer.obj (.text._ZN8nlohmann16json_abi_v3_11_26detail9dtoa_impl6grisu2IdEEvPcRiS5_T_)
                  0000c130    00000108     Configurer.obj (.text._ZNSt3__16__treeINS_12__value_typeINS_12basic_stringIcNS_11char_traitsIcEENS_9allocatorIcEEEEN8nlohmann16json_abi_v3_11_210basic_jsonINS_3mapENS_6vectorES7_bxydS5_NS9_14adl_serializerENSC_IhNS5_IhEEEEvEEEENS_19__map_value_compareIS7_SH_NS_4lessIvEELb1EEENS5_ISH_EEE12__find_equalIS7_EERPNS_16__tree_node_baseIPvEENS_21__tree_const_iteratorISH_PNS_11__tree_nodeISH_SQ_EEiEERPNS_15__tree_end_nodeISS_EEST_RKT_)
                  0000c238    00000100     ti_drivers_config.obj (.text.System_init)
                  0000c338    00000100     Configurer.obj (.text._ZN8nlohmann16json_abi_v3_11_26detail19json_sax_dom_parserINS0_10basic_jsonINSt3__13mapENS4_6vectorENS4_12basic_stringIcNS4_11char_traitsIcEENS4_9allocatorIcEEEEbxydSA_NS0_14adl_serializerENS6_IhNSA_IhEEEEvEEE12handle_valueINS1_7value_tEEEPSG_OT_)
                  0000c438    00000100     freertos.am64x.m4f.ti-arm-clang.release.lib : queue.obj (.text.xQueueReceiveFromISR)
                  0000c538    000000fe     Configurer.obj (.text._ZN8nlohmann16json_abi_v3_11_26detail28json_sax_dom_callback_parserINS0_10basic_jsonINSt3__13mapENS4_6vectorENS4_12basic_stringIcNS4_11char_traitsIcEENS4_9allocatorIcEEEEbxydSA_NS0_14adl_serializerENS6_IhNSA_IhEEEEvEEE11start_arrayEj)
                  0000c636    00000002     --HOLE-- [fill = 0]
                  0000c638    000000fe     Configurer.obj (.text._ZN8nlohmann16json_abi_v3_11_26detail6concatINSt3__112basic_stringIcNS3_11char_traitsIcEENS3_9allocatorIcEEEEJS9_RA12_KcS9_RA3_SA_S9_RKS9_EEET_DpOT0_)
                  0000c736    000000fe     freertos.am64x.m4f.ti-arm-clang.release.lib : queue.obj (.text.xQueueGenericCreateStatic)
                  0000c834    000000fc     drivers.am64x.m4f.ti-arm-clang.release.lib : ipc_rpmsg.obj (.text.RPMessage_send)
                  0000c930    000000fc     Configurer.obj (.text._ZN8nlohmann16json_abi_v3_11_26detail28json_sax_dom_callback_parserINS0_10basic_jsonINSt3__13mapENS4_6vectorENS4_12basic_stringIcNS4_11char_traitsIcEENS4_9allocatorIcEEEEbxydSA_NS0_14adl_serializerENS6_IhNSA_IhEEEEvEEE12start_objectEj)
                  0000ca2c    000000fc     libc++.a : string.cpp.obj (.text._ZNSt3__112basic_stringIcNS_11char_traitsIcEENS_9allocatorIcEEE6resizeEjc)
                  0000cb28    000000fc     libclang_rt.builtins.a : muldf3.S.obj (.text)
                  0000cc24    000000fa     Configurer.obj (.text._ZN8nlohmann16json_abi_v3_11_210basic_jsonINSt3__13mapENS2_6vectorENS2_12basic_stringIcNS2_11char_traitsIcEENS2_9allocatorIcEEEEbxydS8_NS0_14adl_serializerENS4_IhNS8_IhEEEEvE5eraseINS0_6detail9iter_implISE_EELi0EEET_SJ_)
                  0000cd1e    00000002     --HOLE-- [fill = 0]
                  0000cd20    000000fa     Record.obj (.text._ZN8nlohmann16json_abi_v3_11_210basic_jsonINSt3__13mapENS2_6vectorENS2_12basic_stringIcNS2_11char_traitsIcEENS2_9allocatorIcEEEEbxydS8_NS0_14adl_serializerENS4_IhNS8_IhEEEEvEC2ESt16initializer_listINS0_6detail8json_refISE_EEEbNSG_7value_tE)
                  0000ce1a    00000002     --HOLE-- [fill = 0]
                  0000ce1c    000000f8     TopicFactory.obj (.text._ZNSt3__16vectorI14BrokerMetadataNS_9allocatorIS1_EEE6assignIPS1_EENS_9enable_ifIXaasr27__is_cpp17_forward_iteratorIT_EE5valuesr16is_constructibleIS1_NS_15iterator_traitsIS8_E9referenceEEE5valueEvE4typeES8_S8_)
                  0000cf14    000000f8     libc.a : memory.c.obj (.text.free)
                  0000d00c    000000f8     freertos.am64x.m4f.ti-arm-clang.release.lib : tasks.obj (.text.vTaskSwitchContext)
                  0000d104    000000f4     TopicFactory.obj (.text._ZNSt3__16vectorI13TopicMetadataNS_9allocatorIS1_EEE6assignIPS1_EENS_9enable_ifIXaasr27__is_cpp17_forward_iteratorIT_EE5valuesr16is_constructibleIS1_NS_15iterator_traitsIS8_E9referenceEEE5valueEvE4typeES8_S8_)
                  0000d1f8    000000f0     libc++.a : string.cpp.obj (.text._ZNSt3__112basic_stringIcNS_11char_traitsIcEENS_9allocatorIcEEE6appendEPKc)
                  0000d2e8    000000f0     libc.a : fputs.c.obj (.text.fputs)
                  0000d3d8    000000ee     drivers.am64x.m4f.ti-arm-clang.release.lib : ipc_rpmsg.obj (.text.RPMessage_init)
                  0000d4c6    00000002     --HOLE-- [fill = 0]
                  0000d4c8    000000ec     libc++.a : string.cpp.obj (.text._ZNSt3__112basic_stringIcNS_11char_traitsIcEENS_9allocatorIcEEE6appendEPKcj)
                  0000d5b4    000000ea     Configurer.obj (.text._ZN8nlohmann16json_abi_v3_11_26detail11parse_error6createIDnLi0EEES2_iRKNS1_10position_tERKNSt3__112basic_stringIcNS7_11char_traitsIcEENS7_9allocatorIcEEEET_)
                  0000d69e    00000002     --HOLE-- [fill = 0]
                  0000d6a0    000000e0     libc++.a : string.cpp.obj (.text._ZNSt3__112basic_stringIcNS_11char_traitsIcEENS_9allocatorIcEEE7reserveEj)
                  0000d780    000000dc     libc++abi.a : private_typeinfo.cpp.obj (.text._ZNK10__cxxabiv117__class_type_info16search_above_dstEPNS_19__dynamic_cast_infoEPKvS4_ib)
                  0000d85c    000000da     freertos.am64x.m4f.ti-arm-clang.release.lib : tasks.obj (.text.vTaskPriorityDisinheritAfterTimeout)
                  0000d936    00000002     --HOLE-- [fill = 0]
                  0000d938    000000d8     libc.a : setvbuf.c.obj (.text.setvbuf)
                  0000da10    000000d4     Configurer.obj (.text._ZN8nlohmann16json_abi_v3_11_26detail19json_sax_dom_parserINS0_10basic_jsonINSt3__13mapENS4_6vectorENS4_12basic_stringIcNS4_11char_traitsIcEENS4_9allocatorIcEEEEbxydSA_NS0_14adl_serializerENS6_IhNSA_IhEEEEvEEE11start_arrayEj)
                  0000dae4    000000d2     TopicFactory.obj (.text._ZN12TopicFactory9findTopicE13TopicMetadata)
                  0000dbb6    000000d0     Configurer.obj (.text._ZN8nlohmann16json_abi_v3_11_26detail19json_sax_dom_parserINS0_10basic_jsonINSt3__13mapENS4_6vectorENS4_12basic_stringIcNS4_11char_traitsIcEENS4_9allocatorIcEEEEbxydSA_NS0_14adl_serializerENS6_IhNSA_IhEEEEvEEE12start_objectEj)
                  0000dc86    00000002     --HOLE-- [fill = 0]
                  0000dc88    000000ce     Configurer.obj (.text._ZNSt3__16vectorI13TopicMetadataNS_9allocatorIS1_EEE21__push_back_slow_pathIRKS1_EEvOT_)
                  0000dd56    00000002     --HOLE-- [fill = 0]
                  0000dd58    000000cc     drivers.am64x.m4f.ti-arm-clang.release.lib : ipc_notify_v0.obj (.text.IpcNotify_isr)
                  0000de24    000000cc     libc++abi.a : private_typeinfo.cpp.obj (.text._ZNK10__cxxabiv120__si_class_type_info16search_above_dstEPNS_19__dynamic_cast_infoEPKvS4_ib)
                  0000def0    000000cc     TopicMetadata.obj (.text._ZNK13TopicMetadata7to_jsonERN8nlohmann16json_abi_v3_11_210basic_jsonINSt3__13mapENS3_6vectorENS3_12basic_stringIcNS3_11char_traitsIcEENS3_9allocatorIcEEEEbxydS9_NS1_14adl_serializerENS5_IhNS9_IhEEEEvEE)
                  0000dfbc    000000cc     freertos.am64x.m4f.ti-arm-clang.release.lib : timers.obj (.text.prvSampleTimeNow)
                  0000e088    000000ca     drivers.am64x.m4f.ti-arm-clang.release.lib : ipc_notify_v0.obj (.text.IpcNotify_sendMsg)
                  0000e152    000000ca     Configurer.obj (.text._ZNSt3__114__copy_alignedINS_6vectorIbNS_9allocatorIbEEEELb0EEENS_14__bit_iteratorIT_Lb0ELi0EEENS5_IS6_XT0_ELi0EEES8_S7_)
                  0000e21c    000000ca     freertos.am64x.m4f.ti-arm-clang.release.lib : tasks.obj (.text.xTaskPriorityDisinherit)
                  0000e2e6    000000c6     Configurer.obj (.text._ZN8nlohmann16json_abi_v3_11_26detail5lexerINS0_10basic_jsonINSt3__13mapENS4_6vectorENS4_12basic_stringIcNS4_11char_traitsIcEENS4_9allocatorIcEEEEbxydSA_NS0_14adl_serializerENS6_IhNSA_IhEEEEvEENS1_22iterator_input_adapterIPcEEE3getEv)
                  0000e3ac    000000c4     Configurer.obj (.text._ZNSt3__120back_insert_iteratorINS_6vectorIN8nlohmann16json_abi_v3_11_210basic_jsonINS_3mapES1_NS_12basic_stringIcNS_11char_traitsIcEENS_9allocatorIcEEEEbxydS9_NS3_14adl_serializerENS1_IhNS9_IhEEEEvEENS9_ISF_EEEEEaSEOSF_)
                  0000e470    000000c4     freertos.am64x.m4f.ti-arm-clang.release.lib : tasks.obj (.text.vTaskStartScheduler)
                  0000e534    000000c2     Configurer.obj (.text._ZN8nlohmann16json_abi_v3_11_26detail28json_sax_dom_callback_parserINS0_10basic_jsonINSt3__13mapENS4_6vectorENS4_12basic_stringIcNS4_11char_traitsIcEENS4_9allocatorIcEEEEbxydSA_NS0_14adl_serializerENS6_IhNSA_IhEEEEvEEE9end_arrayEv)
                  0000e5f6    00000002     --HOLE-- [fill = 0]
                  0000e5f8    000000c2     freertos.am64x.m4f.ti-arm-clang.release.lib : tasks.obj (.text.prvInitialiseNewTask)
                  0000e6ba    000000c2                                                 : tasks.obj (.text.xTaskCreateStatic)
                  0000e77c    000000c0     Configurer.obj (.text._ZN8nlohmann16json_abi_v3_11_26detail28json_sax_dom_callback_parserINS0_10basic_jsonINSt3__13mapENS4_6vectorENS4_12basic_stringIcNS4_11char_traitsIcEENS4_9allocatorIcEEEEbxydSA_NS0_14adl_serializerENS6_IhNSA_IhEEEEvEEE3keyERSC_)
                  0000e83c    000000c0     libc++.a : string.cpp.obj (.text._ZNSt3__19to_stringEi)
                  0000e8fc    000000be     drivers.am64x.m4f.ti-arm-clang.release.lib : pinmux.obj (.text.Pinmux_config)
                  0000e9ba    000000bc     Configurer.obj (.text._ZNSt3__16vectorIN8nlohmann16json_abi_v3_11_210basic_jsonINS_3mapES0_NS_12basic_stringIcNS_11char_traitsIcEENS_9allocatorIcEEEEbxydS8_NS2_14adl_serializerENS0_IhNS8_IhEEEEvEENS8_ISE_EEE12emplace_backIJSE_EEEvDpOT_)
                  0000ea76    000000b8     drivers.am64x.m4f.ti-arm-clang.release.lib : ipc_rpmsg_vring.obj (.text.RPMessage_vringReset)
                  0000eb2e    00000002     --HOLE-- [fill = 0]
                  0000eb30    000000b8     ProducerMetadata.obj (.text._ZNK16ProducerMetadata7to_jsonERN8nlohmann16json_abi_v3_11_210basic_jsonINSt3__13mapENS3_6vectorENS3_12basic_stringIcNS3_11char_traitsIcEENS3_9allocatorIcEEEEbxydS9_NS1_14adl_serializerENS5_IhNS9_IhEEEEvEE)
                  0000ebe8    000000b0     freertos.am64x.m4f.ti-arm-clang.release.lib : AddrTranslateP.obj (.text.AddrTranslateP_init)
                  0000ec98    000000b0                                                 : DebugP_memTraceLogWriter.obj (.text.DebugP_memLogWriterPutChar)
                  0000ed48    000000b0                                                 : TaskP_freertos.obj (.text.TaskP_loadUpdateAll)
                  0000edf8    000000b0     Configurer.obj (.text._ZN8nlohmann16json_abi_v3_11_26detail10serializerINS0_10basic_jsonINSt3__13mapENS4_6vectorENS4_12basic_stringIcNS4_11char_traitsIcEENS4_9allocatorIcEEEEbxydSA_NS0_14adl_serializerENS6_IhNSA_IhEEEEvEEE10dump_floatEd)
                  0000eea8    000000b0     Configurer.obj (.text._ZN8nlohmann16json_abi_v3_11_26detail6concatINSt3__112basic_stringIcNS3_11char_traitsIcEENS3_9allocatorIcEEEEJRA17_KcRKS9_cS9_RA3_SA_EEET_DpOT0_)
                  0000ef58    000000b0     libclang_rt.builtins.a : udivmoddi4.S.obj (.text)
                  0000f008    000000ae     Configurer.obj (.text._ZNK8nlohmann16json_abi_v3_11_210basic_jsonINSt3__13mapENS2_6vectorENS2_12basic_stringIcNS2_11char_traitsIcEENS2_9allocatorIcEEEEbxydS8_NS0_14adl_serializerENS4_IhNS8_IhEEEEvE4dumpEicbNS0_6detail15error_handler_tE)
                  0000f0b6    00000002     --HOLE-- [fill = 0]
                  0000f0b8    000000ac     libc++.a : string.cpp.obj (.text._ZNSt3__112basic_stringIcNS_11char_traitsIcEENS_9allocatorIcEEE9push_backEc)
                  0000f164    000000a8     freertos.am64x.m4f.ti-arm-clang.release.lib : tasks.obj (.text.xTaskPriorityInherit)
                  0000f20c    000000a6                                                 : HwiP_armv7m_handlers_freertos.obj (.text.hwi)
                  0000f2b2    000000a4     drivers.am64x.m4f.ti-arm-clang.release.lib : ipc_rpmsg_vring.obj (.text.RPMessage_vringGetFullRxBuf)
                  0000f356    000000a4     Configurer.obj (.text._ZNSt3__16vectorIN8nlohmann16json_abi_v3_11_210basic_jsonINS_3mapES0_NS_12basic_stringIcNS_11char_traitsIcEENS_9allocatorIcEEEEbxydS8_NS2_14adl_serializerENS0_IhNS8_IhEEEEvEENS8_ISE_EEE12emplace_backIJRSA_EEEvDpOT_)
                  0000f3fa    00000002     --HOLE-- [fill = 0]
                  0000f3fc    000000a4     freertos.am64x.m4f.ti-arm-clang.release.lib : printf.obj (.text._ntoa_long_long)
                  0000f4a0    000000a4                                                 : printf.obj (.text._out_rev)
                  0000f544    000000a4                                                 : tasks.obj (.text.xTaskRemoveFromEventList)
                  0000f5e8    000000a2     Configurer.obj (.text._ZN8nlohmann16json_abi_v3_11_26detail5lexerINS0_10basic_jsonINSt3__13mapENS4_6vectorENS4_12basic_stringIcNS4_11char_traitsIcEENS4_9allocatorIcEEEEbxydSA_NS0_14adl_serializerENS6_IhNSA_IhEEEEvEENS1_22iterator_input_adapterIPcEEE13get_codepointEv)
                  0000f68a    000000a0     freertos.am64x.m4f.ti-arm-clang.release.lib : tasks.obj (.text.eTaskGetState)
                  0000f72a    000000a0                                                 : tasks.obj (.text.prvAddCurrentTaskToDelayedList)
                  0000f7ca    0000009e     drivers.am64x.m4f.ti-arm-clang.release.lib : ipc_rpmsg_vring.obj (.text.RPMessage_vringPutEmptyRxBuf)
                  0000f868    0000009e                                                : sciclient_pm.obj (.text.Sciclient_pmQueryModuleClkFreq)
                  0000f906    0000009e     freertos.am64x.m4f.ti-arm-clang.release.lib : tasks.obj (.text.xTaskCheckForTimeOut)
                  0000f9a4    0000009a     drivers.am64x.m4f.ti-arm-clang.release.lib : sciclient.obj (.text.Sciclient_init)
                  0000fa3e    00000002     --HOLE-- [fill = 0]
                  0000fa40    0000009a                                                : sciclient.obj (.text.Sciclient_sendMessage)
                  0000fada    00000002     --HOLE-- [fill = 0]
                  0000fadc    0000009a     Configurer.obj (.text._ZN8nlohmann16json_abi_v3_11_26detail6concatINSt3__112basic_stringIcNS3_11char_traitsIcEENS3_9allocatorIcEEEEJRA10_KcS9_SC_S9_EEET_DpOT0_)
                  0000fb76    0000009a     Configurer.obj (.text._ZNSt3__16vectorIN8nlohmann16json_abi_v3_11_210basic_jsonINS_3mapES0_NS_12basic_stringIcNS_11char_traitsIcEENS_9allocatorIcEEEEbxydS8_NS2_14adl_serializerENS0_IhNS8_IhEEEEvEENS8_ISE_EEE12emplace_backIJDnEEEvDpOT_)
                  0000fc10    00000098     drivers.am64x.m4f.ti-arm-clang.release.lib : ipc_rpmsg.obj (.text.RPMessage_coreInit)
                  0000fca8    00000098     Configurer.obj (.text._ZNSt3__16vectorIN8nlohmann16json_abi_v3_11_210basic_jsonINS_3mapES0_NS_12basic_stringIcNS_11char_traitsIcEENS_9allocatorIcEEEEbxydS8_NS2_14adl_serializerENS0_IhNS8_IhEEEEvEENS8_ISE_EEE12emplace_backIJNS2_6detail7value_tEEEEvDpOT_)
                  0000fd40    00000096     freertos.am64x.m4f.ti-arm-clang.release.lib : tasks.obj (.text.vTaskGetInfo)
                  0000fdd6    00000002     --HOLE-- [fill = 0]
                  0000fdd8    00000094     UDPEndpoint.obj (.text._ZN11UDPEndpoint9from_jsonERKN8nlohmann16json_abi_v3_11_210basic_jsonINSt3__13mapENS3_6vectorENS3_12basic_stringIcNS3_11char_traitsIcEENS3_9allocatorIcEEEEbxydS9_NS1_14adl_serializerENS5_IhNS9_IhEEEEvEE)
                  0000fe6c    00000094     freertos.am64x.m4f.ti-arm-clang.release.lib : printf.obj (.text._ntoa_long)
                  0000ff00    00000092     drivers.am64x.m4f.ti-arm-clang.release.lib : ipc_rpmsg_vring.obj (.text.RPMessage_vringGetEmptyTxBuf)
                  0000ff92    00000092     Configurer.obj (.text._ZNK8nlohmann16json_abi_v3_11_210basic_jsonINSt3__13mapENS2_6vectorENS2_12basic_stringIcNS2_11char_traitsIcEENS2_9allocatorIcEEEEbxydS8_NS0_14adl_serializerENS4_IhNS8_IhEEEEvE16assert_invariantEb)
                  00010024    00000092     freertos.am64x.m4f.ti-arm-clang.release.lib : queue.obj (.text.xQueueGenericReset)
                  000100b6    00000002     --HOLE-- [fill = 0]
                  000100b8    00000090     drivers.am64x.m4f.ti-arm-clang.release.lib : ipc_rpmsg_vring.obj (.text.RPMessage_vringResetInternal)
                  00010148    0000008e     Broker.obj (.text._ZN8nlohmann16json_abi_v3_11_210basic_jsonINSt3__13mapENS2_6vectorENS2_12basic_stringIcNS2_11char_traitsIcEENS2_9allocatorIcEEEEbxydS8_NS0_14adl_serializerENS4_IhNS8_IhEEEEvE5parseIRA1024_cEESE_OT_NS2_8functionIFbiNS0_6detail13parse_event_tERSE_EEEbb)
                  000101d6    0000008c     drivers.am64x.m4f.ti-arm-clang.release.lib : sciclient_pm.obj (.text.Sciclient_pmSetModuleClkFreq)
                  00010262    0000008a     TopicProxy.obj (.text._ZN10TopicProxyC2E17CommunicationType14BrokerMetadata13TopicMetadataRK6Logger)
                  000102ec    0000008a     Configurer.obj (.text._ZN8nlohmann16json_abi_v3_11_26detail10serializerINS0_10basic_jsonINSt3__13mapENS4_6vectorENS4_12basic_stringIcNS4_11char_traitsIcEENS4_9allocatorIcEEEEbxydSA_NS0_14adl_serializerENS6_IhNSA_IhEEEEvEEEC2ENS4_10shared_ptrINS1_23output_adapter_protocolIcEEEEcNS1_15error_handler_tE)
                  00010376    0000008a     Configurer.obj (.text._ZN8nlohmann16json_abi_v3_11_26detail9dtoa_impl5diyfp12normalize_toERKS3_i)
                  00010400    0000008a     Configurer.obj (.text._ZNSt3__16vectorIbNS_9allocatorIbEEE18__construct_at_endINS_14__bit_iteratorIS3_Lb0ELj0EEEEENS_9enable_ifIXsr27__is_cpp17_forward_iteratorIT_EE5valueEvE4typeES8_S8_)
                  0001048a    00000002     --HOLE-- [fill = 0]
                  0001048c    00000088     freertos.am64x.m4f.ti-arm-clang.release.lib : DebugP_memTraceLogWriter.obj (.text.DebugP_memTraceLogWriterPutLine)
                  00010514    00000088     ClusterMetadata.obj (.text._ZN15ClusterMetadata17addBrokerMetadataE14BrokerMetadata)
                  0001059c    00000088     BrokerMetadata.obj (.text._ZNK8nlohmann16json_abi_v3_11_26detail9iter_implIKNS0_10basic_jsonINSt3__13mapENS4_6vectorENS4_12basic_stringIcNS4_11char_traitsIcEENS4_9allocatorIcEEEEbxydSA_NS0_14adl_serializerENS6_IhNSA_IhEEEEvEEEdeEv)
                  00010624    00000086     Configurer.obj (.text._ZNK8nlohmann16json_abi_v3_11_26detail9iter_implINS0_10basic_jsonINSt3__13mapENS4_6vectorENS4_12basic_stringIcNS4_11char_traitsIcEENS4_9allocatorIcEEEEbxydSA_NS0_14adl_serializerENS6_IhNSA_IhEEEEvEEEptEv)
                  000106aa    00000086     freertos.am64x.m4f.ti-arm-clang.release.lib : timers.obj (.text.xTimerCreateTimerTask)
                  00010730    00000082     main.obj (.text.main)
                  000107b2    00000080     RPMessageCommunication.obj (.text._ZN22RPMessageCommunicationC2ERK17RPMessageEndpointRK6Logger)
                  00010832    00000080     Consumer.obj (.text._ZN8ConsumerC2E17CommunicationTypeRK6Logger14BrokerMetadatab)
                  000108b2    00000080     Configurer.obj (.text._ZN8nlohmann16json_abi_v3_11_26detail19json_sax_dom_parserINS0_10basic_jsonINSt3__13mapENS4_6vectorENS4_12basic_stringIcNS4_11char_traitsIcEENS4_9allocatorIcEEEEbxydSA_NS0_14adl_serializerENS6_IhNSA_IhEEEEvEEE3keyERSC_)
                  00010932    0000007e     Configurer.obj (.text._ZN8nlohmann16json_abi_v3_11_26detail10serializerINS0_10basic_jsonINSt3__13mapENS4_6vectorENS4_12basic_stringIcNS4_11char_traitsIcEENS4_9allocatorIcEEEEbxydSA_NS0_14adl_serializerENS6_IhNSA_IhEEEEvEEE12dump_integerIhLi0EEEvT_)
                  000109b0    0000007a     drivers.am64x.m4f.ti-arm-clang.release.lib : sciclient_pm.obj (.text.Sciclient_pmGetModuleClkNumParent)
                  00010a2a    00000002     --HOLE-- [fill = 0]
                  00010a2c    0000007a     Configurer.obj (.text._ZN8nlohmann16json_abi_v3_11_26detail5lexerINS0_10basic_jsonINSt3__13mapENS4_6vectorENS4_12basic_stringIcNS4_11char_traitsIcEENS4_9allocatorIcEEEEbxydSA_NS0_14adl_serializerENS6_IhNSA_IhEEEEvEENS1_22iterator_input_adapterIPcEEE18next_byte_in_rangeESt16initializer_listIiE)
                  00010aa6    0000007a     freertos.am64x.m4f.ti-arm-clang.release.lib : timers.obj (.text.prvCheckForValidListAndQueue)
                  00010b20    0000007a                                                 : port.obj (.text.xPortStartScheduler)
                  00010b9a    00000078     drivers.am64x.m4f.ti-arm-clang.release.lib : ipc_rpmsg.obj (.text.RPMessage_construct)
                  00010c12    00000078     freertos.am64x.m4f.ti-arm-clang.release.lib : queue.obj (.text.prvCopyDataToQueue)
                  00010c8a    00000078                                                 : timers.obj (.text.xTimerGenericCommand)
                  00010d02    00000076                                                 : DebugP_freertos.obj (.text._DebugP_logZone)
                  00010d78    00000076     RPMessageCommunication.obj (.text._ZN22RPMessageCommunication5writeEPKcjRK8Endpoint)
                  00010dee    00000002     --HOLE-- [fill = 0]
                  00010df0    00000074     libc.a : fclose.c.obj (.text.__TI_closefile)
                  00010e64    00000074            : fflush.c.obj (.text.fflush)
                  00010ed8    00000072     drivers.am64x.m4f.ti-arm-clang.release.lib : soc.obj (.text.SOC_moduleClockEnable)
                  00010f4a    00000002     --HOLE-- [fill = 0]
                  00010f4c    00000072     freertos.am64x.m4f.ti-arm-clang.release.lib : queue.obj (.text.prvUnlockQueue)
                  00010fbe    00000070                                                 : SemaphoreP_freertos.obj (.text.SemaphoreP_constructBinary)
                  0001102e    00000002     --HOLE-- [fill = 0]
                  00011030    00000070                                                 : tasks.obj (.text.prvIdleTask)
                  000110a0    0000006e     drivers.am64x.m4f.ti-arm-clang.release.lib : ipc_rpmsg.obj (.text.RPMessage_getEndPtMsg)
                  0001110e    0000006e                                                : sciclient_pm.obj (.text.Sciclient_pmGetModuleState)
                  0001117c    0000006e     Configurer.obj (.text._ZN8nlohmann16json_abi_v3_11_26detail5lexerINS0_10basic_jsonINSt3__13mapENS4_6vectorENS4_12basic_stringIcNS4_11char_traitsIcEENS4_9allocatorIcEEEEbxydSA_NS0_14adl_serializerENS6_IhNSA_IhEEEEvEENS1_22iterator_input_adapterIPcEEE12scan_commentEv)
                  000111ea    00000002     --HOLE-- [fill = 0]
                  000111ec    0000006e     TI_DebugLogger.obj (.text._ZNK14TI_DebugLogger3logEPKcz)
                  0001125a    00000002     --HOLE-- [fill = 0]
                  0001125c    0000006e     TI_DebugLogger.obj (.text._ZNK14TI_DebugLogger8logErrorEPKcz)
                  000112ca    00000002     --HOLE-- [fill = 0]
                  000112cc    0000006e     libclang_rt.builtins.a : comparedf2.c.obj (.text.__gedf2)
                  0001133a    00000002     --HOLE-- [fill = 0]
                  0001133c    0000006e                            : comparedf2.c.obj (.text.__ledf2)
                  000113aa    00000002     --HOLE-- [fill = 0]
                  000113ac    0000006c     Configurer.obj (.text._ZN8nlohmann16json_abi_v3_11_210basic_jsonINSt3__13mapENS2_6vectorENS2_12basic_stringIcNS2_11char_traitsIcEENS2_9allocatorIcEEEEbxydS8_NS0_14adl_serializerENS4_IhNS8_IhEEEEvEC2ERKSE_)
                  00011418    0000006c     Configurer.obj (.text._ZNSt3__16vectorIbNS_9allocatorIbEEE9push_backERKb)
                  00011484    0000006c     libc.a : _printfi.c.obj (.text._mcpy)
                  000114f0    0000006c            : memory.c.obj (.text.split)
                  0001155c    0000006a     freertos.am64x.m4f.ti-arm-clang.release.lib : AddrTranslateP.obj (.text.AddrTranslateP_getLocalAddr)
                  000115c6    0000006a     Configurer.obj (.text._ZN8nlohmann16json_abi_v3_11_26detail9dtoa_impl5diyfp3subERKS3_S5_)
                  00011630    0000006a     libc++.a : stdexcept.cpp.obj (.text._ZNSt13runtime_errorC2EPKc)
                  0001169a    00000068     Configurer.obj (.text._ZN8nlohmann16json_abi_v3_11_26detail5lexerINS0_10basic_jsonINSt3__13mapENS4_6vectorENS4_12basic_stringIcNS4_11char_traitsIcEENS4_9allocatorIcEEEEbxydSA_NS0_14adl_serializerENS6_IhNSA_IhEEEEvEENS1_22iterator_input_adapterIPcEEE5resetEv)
                  00011702    00000068     Configurer.obj (.text._ZN8nlohmann16json_abi_v3_11_26detail6parserINS0_10basic_jsonINSt3__13mapENS4_6vectorENS4_12basic_stringIcNS4_11char_traitsIcEENS4_9allocatorIcEEEEbxydSA_NS0_14adl_serializerENS6_IhNSA_IhEEEEvEENS1_22iterator_input_adapterIPcEEEC2EOSJ_NS4_8functionIFbiNS1_13parse_event_tERSG_EEEbb)
                  0001176a    00000068     Configurer.obj (.text._ZNSt3__16vectorIbNS_9allocatorIbEEE7reserveEj)
                  000117d2    00000002     --HOLE-- [fill = 0]
                  000117d4    00000068     libc++.a : string.cpp.obj (.text._ZNSt3__19to_stringEj)
                  0001183c    00000004     UDPEndpoint.obj (.text._ZN11UDPEndpointD0Ev)
                  00011840    00000068     libc.a : s_frexp.c.obj (.text.frexp)
                  000118a8    00000068            : fseek.c.obj (.text.fseeko)
                  00011910    00000068            : getdevice.c.obj (.text.getdevice)
                  00011978    00000066     drivers.am64x.m4f.ti-arm-clang.release.lib : sciclient_pm.obj (.text.Sciclient_pmGetModuleClkParent)
                  000119de    00000066     freertos.am64x.m4f.ti-arm-clang.release.lib : SemaphoreP_freertos.obj (.text.SemaphoreP_pend)
                  00011a44    00000066                                                 : SemaphoreP_freertos.obj (.text.SemaphoreP_post)
                  00011aaa    00000066     RPMessageCommunication.obj (.text._ZN22RPMessageCommunication4readEPcjR8Endpoint)
                  00011b10    00000064     libsysbm.a : hostrename.c.obj (.text.HOSTrename)
                  00011b74    00000064     drivers.am64x.m4f.ti-arm-clang.release.lib : sciclient_pm.obj (.text.Sciclient_pmModuleGetClkStatus)
                  00011bd8    00000064     libc++.a : string.cpp.obj (.text._ZNKSt3__112basic_stringIcNS_11char_traitsIcEENS_9allocatorIcEEE7compareEjjPKcj)
                  00011c3c    00000064              : string.cpp.obj (.text._ZNSt3__112basic_stringIcNS_11char_traitsIcEENS_9allocatorIcEEEC2ERKS5_)
                  00011ca0    00000064     freertos.am64x.m4f.ti-arm-clang.release.lib : queue.obj (.text.vQueueDelete)
                  00011d04    0000000c     drivers.am64x.m4f.ti-arm-clang.release.lib : ipc_notify_v0.obj (.text.IpcNotify_getSelfCoreId)
                  00011d10    00000064     freertos.am64x.m4f.ti-arm-clang.release.lib : port.obj (.text.xPortPendSVHandler)
                  00011d74    00000062     TopicFactory.obj (.text._ZN12TopicFactoryC2E17CommunicationTypeRK6Logger14BrokerMetadatab)
                  00011dd6    00000002     --HOLE-- [fill = 0]
                  00011dd8    00000062     Configurer.obj (.text._ZNSt3__16__treeINS_12__value_typeINS_12basic_stringIcNS_11char_traitsIcEENS_9allocatorIcEEEEN8nlohmann16json_abi_v3_11_210basic_jsonINS_3mapENS_6vectorES7_bxydS5_NS9_14adl_serializerENSC_IhNS5_IhEEEEvEEEENS_19__map_value_compareIS7_SH_NS_4lessIvEELb1EEENS5_ISH_EEE12__find_equalIS7_EERPNS_16__tree_node_baseIPvEERPNS_15__tree_end_nodeISS_EERKT_)
                  00011e3a    00000002     --HOLE-- [fill = 0]
                  00011e3c    00000062     libclang_rt.builtins.a : aeabi_dcmp.S.obj (.text)
                  00011e9e    00000002     --HOLE-- [fill = 0]
                  00011ea0    00000060     Configurer.obj (.text._ZNSt3__13mapINS_12basic_stringIcNS_11char_traitsIcEENS_9allocatorIcEEEEN8nlohmann16json_abi_v3_11_210basic_jsonIS0_NS_6vectorES6_bxydS4_NS8_14adl_serializerENSA_IhNS4_IhEEEEvEENS_4lessIvEENS4_INS_4pairIKS6_SE_EEEEE6insertINS_20__map_const_iteratorINS_21__tree_const_iteratorINS_12__value_typeIS6_SE_EEPNS_11__tree_nodeISQ_PvEEiEEEEEEvT_SX_)
                  00011f00    00000060     libc.a : _io_perm.c.obj (.text.__TI_wrt_ok)
                  00011f60    00000060     libsysbm.a : close.c.obj (.text.close)
                  00011fc0    0000005e     drivers.am64x.m4f.ti-arm-clang.release.lib : ipc_rpmsg_vring.obj (.text.RPMessage_vringPutFullTxBuf)
                  0001201e    0000005e                                                : sciclient_pm.obj (.text.Sciclient_pmSetModuleClkParent)
                  0001207c    0000005e     freertos.am64x.m4f.ti-arm-clang.release.lib : DebugP_log.obj (.text._DebugP_assert)
                  000120da    00000002     --HOLE-- [fill = 0]
                  000120dc    0000005e     Configurer.obj (.text._ZN8nlohmann16json_abi_v3_11_26detail5lexerINS0_10basic_jsonINSt3__13mapENS4_6vectorENS4_12basic_stringIcNS4_11char_traitsIcEENS4_9allocatorIcEEEEbxydSA_NS0_14adl_serializerENS6_IhNSA_IhEEEEvEENS1_22iterator_input_adapterIPcEEE12scan_literalEPKcjNS1_10lexer_baseISG_E10token_typeE)
                  0001213a    0000005e     Configurer.obj (.text._ZNSt3__16__treeINS_12__value_typeINS_12basic_stringIcNS_11char_traitsIcEENS_9allocatorIcEEEEN8nlohmann16json_abi_v3_11_210basic_jsonINS_3mapENS_6vectorES7_bxydS5_NS9_14adl_serializerENSC_IhNS5_IhEEEEvEEEENS_19__map_value_compareIS7_SH_NS_4lessIvEELb1EEENS5_ISH_EEE30__emplace_hint_unique_key_argsIS7_JRKNS_4pairIKS7_SG_EEEEENSP_INS_15__tree_iteratorISH_PNS_11__tree_nodeISH_PvEEiEEbEENS_21__tree_const_iteratorISH_SY_iEERKT_DpOT0_)
                  00012198    0000005e     freertos.am64x.m4f.ti-arm-clang.release.lib : port.obj (.text.vPortEnterCritical)
                  000121f6    0000005c     drivers.am64x.m4f.ti-arm-clang.release.lib : sciclient_pm.obj (.text.Sciclient_pmModuleClkRequest)
                  00012252    00000002     --HOLE-- [fill = 0]
                  00012254    0000005c     Configurer.obj (.text._ZNK8nlohmann16json_abi_v3_11_26detail5lexerINS0_10basic_jsonINSt3__13mapENS4_6vectorENS4_12basic_stringIcNS4_11char_traitsIcEENS4_9allocatorIcEEEEbxydSA_NS0_14adl_serializerENS6_IhNSA_IhEEEEvEENS1_22iterator_input_adapterIPcEEE16get_token_stringEv)
                  000122b0    0000005c     Record.obj (.text._ZNSt3__16__treeINS_12__value_typeINS_12basic_stringIcNS_11char_traitsIcEENS_9allocatorIcEEEEN8nlohmann16json_abi_v3_11_210basic_jsonINS_3mapENS_6vectorES7_bxydS5_NS9_14adl_serializerENSC_IhNS5_IhEEEEvEEEENS_19__map_value_compareIS7_SH_NS_4lessIvEELb1EEENS5_ISH_EEE16__construct_nodeIJS7_SG_EEENS_10unique_ptrINS_11__tree_nodeISH_PvEENS_22__tree_node_destructorINS5_ISS_EEEEEEDpOT_)
                  0001230c    0000005a     drivers.am64x.m4f.ti-arm-clang.release.lib : ipc_rpmsg_vring.obj (.text.RPMessage_vringIsFullRxBuf)
                  00012366    0000005a     Consumer.obj (.text._ZN8Consumer9subscribeE13TopicMetadata)
                  000123c0    0000005a     Configurer.obj (.text._ZNSt3__146__construct_backward_with_exception_guaranteesINS_9allocatorIN8nlohmann16json_abi_v3_11_210basic_jsonINS_3mapENS_6vectorENS_12basic_stringIcNS_11char_traitsIcEENS1_IcEEEEbxydS1_NS3_14adl_serializerENS6_IhNS1_IhEEEEvEEEEPSF_EEvRT_T0_SK_RSK_)
                  0001241a    0000005a     freertos.am64x.m4f.ti-arm-clang.release.lib : boot_armv7m.obj (.text:_c_int00)
                  00012474    00000058     libsysbm.a : hostlseek.c.obj (.text.HOSTlseek)
                  000124cc    00000058                : hostopen.c.obj (.text.HOSTopen)
                  00012524    00000058     Configurer.obj (.text._ZN8nlohmann16json_abi_v3_11_26detail11parse_error15position_stringERKNS1_10position_tE)
                  0001257c    00000058     Configurer.obj (.text._ZN8nlohmann16json_abi_v3_11_26detail6concatINSt3__112basic_stringIcNS3_11char_traitsIcEENS3_9allocatorIcEEEEJRA26_KcS9_cEEET_DpOT0_)
                  000125d4    00000058     libc++abi.a : private_typeinfo.cpp.obj (.text._ZNK10__cxxabiv120__si_class_type_info27has_unambiguous_public_baseEPNS_19__dynamic_cast_infoEPvi)
                  0001262c    00000058     libc++.a : string.cpp.obj (.text._ZNKSt3__112basic_stringIcNS_11char_traitsIcEENS_9allocatorIcEEE7compareEPKc)
                  00012684    00000058     freertos.am64x.m4f.ti-arm-clang.release.lib : tasks.obj (.text.vTaskPlaceOnEventListRestricted)
                  000126dc    00000056     Configurer.obj (.text._ZN8nlohmann16json_abi_v3_11_210basic_jsonINSt3__13mapENS2_6vectorENS2_12basic_stringIcNS2_11char_traitsIcEENS2_9allocatorIcEEEEbxydS8_NS0_14adl_serializerENS4_IhNS8_IhEEEEvE6parserINS0_6detail22iterator_input_adapterIPcEEEENSG_6parserISE_T_EESL_NS2_8functionIFbiNSG_13parse_event_tERSE_EEEbb)
                  00012732    00000056     libc.a : _ltoa.c.obj (.text.__TI_ltoa)
                  00012788    00000056     freertos.am64x.m4f.ti-arm-clang.release.lib : port.obj (.text.prvTaskExitError)
                  000127de    00000002     --HOLE-- [fill = 0]
                  000127e0    00000054     libsysbm.a : hostread.c.obj (.text.HOSTread)
                  00012834    00000054                : hostwrite.c.obj (.text.HOSTwrite)
                  00012888    00000054     embedded_kafka_m4.obj (.text._Z21communication_main_m4Pv)
                  000128dc    00000054     Configurer.obj (.text._ZN8nlohmann16json_abi_v3_11_26detail10serializerINS0_10basic_jsonINSt3__13mapENS4_6vectorENS4_12basic_stringIcNS4_11char_traitsIcEENS4_9allocatorIcEEEEbxydSA_NS0_14adl_serializerENS6_IhNSA_IhEEEEvEEE6decodeERhRjh)
                  00012930    00000054     Configurer.obj (.text._ZN8nlohmann16json_abi_v3_11_26detail28json_sax_dom_callback_parserINS0_10basic_jsonINSt3__13mapENS4_6vectorENS4_12basic_stringIcNS4_11char_traitsIcEENS4_9allocatorIcEEEEbxydSA_NS0_14adl_serializerENS6_IhNSA_IhEEEEvEEEC2ERSG_NS4_8functionIFbiNS1_13parse_event_tESI_EEEb)
                  00012984    00000054     Configurer.obj (.text._ZNKSt3__14lessIvEclIRKNS_12basic_stringIcNS_11char_traitsIcEENS_9allocatorIcEEEESA_EEDTltclsr3stdE7forwardIT_Efp_Eclsr3stdE7forwardIT0_Efp0_EEOSB_OSC_)
                  000129d8    00000054     embedded_kafka_m4.obj (.text._ZNSt3__112basic_stringIcNS_11char_traitsIcEENS_9allocatorIcEEEC2IDnEEPKc)
                  00012a2c    00000054     libc.a : _printfi.c.obj (.text._pconv_f)
                  00012a80    00000052     drivers.am64x.m4f.ti-arm-clang.release.lib : sciclient_pm.obj (.text.Sciclient_pmSetModuleState)
                  00012ad2    00000052     RPMessageEndpoint.obj (.text._ZN17RPMessageEndpoint9from_jsonERKN8nlohmann16json_abi_v3_11_210basic_jsonINSt3__13mapENS3_6vectorENS3_12basic_stringIcNS3_11char_traitsIcEENS3_9allocatorIcEEEEbxydS9_NS1_14adl_serializerENS5_IhNS9_IhEEEEvEE)
                  00012b24    00000052     Configurer.obj (.text._ZN8nlohmann16json_abi_v3_11_26detail19json_sax_dom_parserINS0_10basic_jsonINSt3__13mapENS4_6vectorENS4_12basic_stringIcNS4_11char_traitsIcEENS4_9allocatorIcEEEEbxydSA_NS0_14adl_serializerENS6_IhNSA_IhEEEEvEEE10end_objectEv)
                  00012b76    00000052     Configurer.obj (.text._ZN8nlohmann16json_abi_v3_11_26detail19json_sax_dom_parserINS0_10basic_jsonINSt3__13mapENS4_6vectorENS4_12basic_stringIcNS4_11char_traitsIcEENS4_9allocatorIcEEEEbxydSA_NS0_14adl_serializerENS6_IhNSA_IhEEEEvEEE9end_arrayEv)
                  00012bc8    00000052     Configurer.obj (.text._ZN8nlohmann16json_abi_v3_11_26detail9dtoa_impl5diyfp9normalizeES3_)
                  00012c1a    00000052     BrokerMetadata.obj (.text._ZNK8nlohmann16json_abi_v3_11_26detail9iter_implIKNS0_10basic_jsonINSt3__13mapENS4_6vectorENS4_12basic_stringIcNS4_11char_traitsIcEENS4_9allocatorIcEEEEbxydSA_NS0_14adl_serializerENS6_IhNSA_IhEEEEvEEEeqISI_LDn0EEEbRKT_)
                  00012c6c    00000052     Configurer.obj (.text._ZNK8nlohmann16json_abi_v3_11_26detail9iter_implINS0_10basic_jsonINSt3__13mapENS4_6vectorENS4_12basic_stringIcNS4_11char_traitsIcEENS4_9allocatorIcEEEEbxydSA_NS0_14adl_serializerENS6_IhNSA_IhEEEEvEEEeqISH_LDn0EEEbRKT_)
                  00012cbe    00000052     freertos.am64x.m4f.ti-arm-clang.release.lib : queue.obj (.text.xQueueGiveMutexRecursive)
                  00012d10    00000050     drivers.am64x.m4f.ti-arm-clang.release.lib : ipc_rpmsg.obj (.text.RPMessage_notifyCallback)
                  00012d60    00000050                                                : sciclient_soc_priv.obj (.text.Sciclient_getContext)
                  00012db0    00000050     freertos.am64x.m4f.ti-arm-clang.release.lib : SemaphoreP_freertos.obj (.text.SemaphoreP_constructMutex)
                  00012e00    00000050     EndpointFactory.obj (.text._ZN15EndpointFactory15getFreeEndpointEv)
                  00012e50    00000050     freertos.am64x.m4f.ti-arm-clang.release.lib : tasks.obj (.text.prvDeleteTCB)
                  00012ea0    00000050                                                 : queue.obj (.text.xQueueTakeMutexRecursive)
                  00012ef0    0000004e     Record.obj (.text._ZN8nlohmann16json_abi_v3_11_210basic_jsonINSt3__13mapENS2_6vectorENS2_12basic_stringIcNS2_11char_traitsIcEENS2_9allocatorIcEEEEbxydS8_NS0_14adl_serializerENS4_IhNS8_IhEEEEvEC2INS0_6detail8json_refISE_EELi0EEERKT_)
                  00012f3e    0000004e     Configurer.obj (.text._ZN8nlohmann16json_abi_v3_11_26detail28json_sax_dom_callback_parserINS0_10basic_jsonINSt3__13mapENS4_6vectorENS4_12basic_stringIcNS4_11char_traitsIcEENS4_9allocatorIcEEEEbxydSA_NS0_14adl_serializerENS6_IhNSA_IhEEEEvEEED2Ev)
                  00012f8c    0000004e     Configurer.obj (.text._ZN8nlohmann16json_abi_v3_11_26detail5lexerINS0_10basic_jsonINSt3__13mapENS4_6vectorENS4_12basic_stringIcNS4_11char_traitsIcEENS4_9allocatorIcEEEEbxydSA_NS0_14adl_serializerENS6_IhNSA_IhEEEEvEENS1_22iterator_input_adapterIPcEEE5ungetEv)
                  00012fda    0000004e     Configurer.obj (.text._ZN8nlohmann16json_abi_v3_11_26detail9iter_implINS0_10basic_jsonINSt3__13mapENS4_6vectorENS4_12basic_stringIcNS4_11char_traitsIcEENS4_9allocatorIcEEEEbxydSA_NS0_14adl_serializerENS6_IhNSA_IhEEEEvEEEC2EPSG_)
                  00013028    0000004e     libc.a : fflush.c.obj (.text.__TI_doflush)
                  00013076    0000004e            : _printfi.c.obj (.text._ecpy)
                  000130c4    0000004e     freertos.am64x.m4f.ti-arm-clang.release.lib : tasks.obj (.text.vTaskPlaceOnEventList)
                  00013112    00000002     --HOLE-- [fill = 0]
                  00013114    0000004c                                                 : ClockP_freertos.obj (.text.ClockP_getTimeUsec)
                  00013160    0000004c     drivers.am64x.m4f.ti-arm-clang.release.lib : ipc_rpmsg.obj (.text.RPMessage_allocEndPtMsg)
                  000131ac    0000004c     CommunicationUtils.obj (.text._ZN18CommunicationUtils7requestEP13Communication17CommunicationTypeP8EndpointPKcjPcj)
                  000131f8    0000004c     Configurer.obj (.text._ZN8nlohmann16json_abi_v3_11_210basic_jsonINSt3__13mapENS2_6vectorENS2_12basic_stringIcNS2_11char_traitsIcEENS2_9allocatorIcEEEEbxydS8_NS0_14adl_serializerENS4_IhNS8_IhEEEEvE10json_valueC2ENS0_6detail7value_tE)
                  00013244    0000004c     Configurer.obj (.text._ZN8nlohmann16json_abi_v3_11_26detail9exception4nameERKNSt3__112basic_stringIcNS3_11char_traitsIcEENS3_9allocatorIcEEEEi)
                  00013290    0000004a     ti_dpl_config.obj (.text.Dpl_init)
                  000132da    0000004a     SystemManager.obj (.text._ZN13SystemManagerC2E17CommunicationTypeRK6Logger14BrokerMetadatab)
                  00013324    0000004a     Configurer.obj (.text._ZNSt3__16__treeINS_12__value_typeINS_12basic_stringIcNS_11char_traitsIcEENS_9allocatorIcEEEEN8nlohmann16json_abi_v3_11_210basic_jsonINS_3mapENS_6vectorES7_bxydS5_NS9_14adl_serializerENSC_IhNS5_IhEEEEvEEEENS_19__map_value_compareIS7_SH_NS_4lessIvEELb1EEENS5_ISH_EEE21__remove_node_pointerEPNS_11__tree_nodeISH_PvEE)
                  0001336e    0000004a     Configurer.obj (.text._ZNSt3__16__treeINS_12__value_typeINS_12basic_stringIcNS_11char_traitsIcEENS_9allocatorIcEEEEN8nlohmann16json_abi_v3_11_210basic_jsonINS_3mapENS_6vectorES7_bxydS5_NS9_14adl_serializerENSC_IhNS5_IhEEEEvEEEENS_19__map_value_compareIS7_SH_NS_4lessIvEELb1EEENS5_ISH_EEE25__emplace_unique_key_argsIS7_JRKNS_21piecewise_construct_tENS_5tupleIJRKS7_EEENSS_IJEEEEEENS_4pairINS_15__tree_iteratorISH_PNS_11__tree_nodeISH_PvEEiEEbEERKT_DpOT0_)
                  000133b8    0000004a     embedded_kafka_m4.obj (.text._ZNSt3__16vectorI13TopicMetadataNS_9allocatorIS1_EEEC2ERKS4_)
                  00013402    00000048     BrokerMetadata.obj (.text._ZN8nlohmann16json_abi_v3_11_26detail9iter_implIKNS0_10basic_jsonINSt3__13mapENS4_6vectorENS4_12basic_stringIcNS4_11char_traitsIcEENS4_9allocatorIcEEEEbxydSA_NS0_14adl_serializerENS6_IhNSA_IhEEEEvEEE9set_beginEv)
                  0001344a    00000048     Configurer.obj (.text._ZN8nlohmann16json_abi_v3_11_26detail9iter_implINS0_10basic_jsonINSt3__13mapENS4_6vectorENS4_12basic_stringIcNS4_11char_traitsIcEENS4_9allocatorIcEEEEbxydSA_NS0_14adl_serializerENS6_IhNSA_IhEEEEvEEE9set_beginEv)
                  00013492    00000002     --HOLE-- [fill = 0]
                  00013494    00000048     libc++abi.a : private_typeinfo.cpp.obj (.text._ZNK10__cxxabiv117__class_type_info27has_unambiguous_public_baseEPNS_19__dynamic_cast_infoEPvi)
                  000134dc    00000048     libc.a : aeabi_portable.c.obj (.text.__aeabi_assert)
                  00013524    00000048            : atoi.c.obj (.text.atoi)
                  0001356c    00000048     libclang_rt.builtins.a : fixdfsi.S.obj (.text)
                  000135b4    00000046     BrokerMetadata.obj (.text._ZN8nlohmann16json_abi_v3_11_26detail9iter_implIKNS0_10basic_jsonINSt3__13mapENS4_6vectorENS4_12basic_stringIcNS4_11char_traitsIcEENS4_9allocatorIcEEEEbxydSA_NS0_14adl_serializerENS6_IhNSA_IhEEEEvEEEppEv)
                  000135fa    00000046     Configurer.obj (.text._ZN8nlohmann16json_abi_v3_11_26detail9iter_implINS0_10basic_jsonINSt3__13mapENS4_6vectorENS4_12basic_stringIcNS4_11char_traitsIcEENS4_9allocatorIcEEEEbxydSA_NS0_14adl_serializerENS6_IhNSA_IhEEEEvEEEppEv)
                  00013640    00000046     Configurer.obj (.text._ZNSt3__114__split_bufferI13TopicMetadataRNS_9allocatorIS1_EEEC2EjjS4_)
                  00013686    00000046     Configurer.obj (.text._ZNSt3__16__treeINS_12__value_typeINS_12basic_stringIcNS_11char_traitsIcEENS_9allocatorIcEEEEN8nlohmann16json_abi_v3_11_210basic_jsonINS_3mapENS_6vectorES7_bxydS5_NS9_14adl_serializerENSC_IhNS5_IhEEEEvEEEENS_19__map_value_compareIS7_SH_NS_4lessIvEELb1EEENS5_ISH_EEE16__construct_nodeIJS7_DnEEENS_10unique_ptrINS_11__tree_nodeISH_PvEENS_22__tree_node_destructorINS5_ISS_EEEEEEDpOT_)
                  000136cc    00000046     SystemManager.obj (.text._ZNSt3__16vectorI14BrokerMetadataNS_9allocatorIS1_EEEC2ERKS4_)
                  00013712    00000046     freertos.am64x.m4f.ti-arm-clang.release.lib : queue.obj (.text.vQueueWaitForMessageRestricted)
                  00013758    00000044     libsysbm.a : hosttime.c.obj (.text.HOSTtime64)
                  0001379c    00000044                : hostunlink.c.obj (.text.HOSTunlink)
                  000137e0    00000044     drivers.am64x.m4f.ti-arm-clang.release.lib : sciclient_pm.obj (.text.Sciclient_pmSetModuleRst)
                  00013824    00000044     Configurer.obj (.text._ZN8nlohmann16json_abi_v3_11_210basic_jsonINSt3__13mapENS2_6vectorENS2_12basic_stringIcNS2_11char_traitsIcEENS2_9allocatorIcEEEEbxydS8_NS0_14adl_serializerENS4_IhNS8_IhEEEEvEixESA_)
                  00013868    00000044     libc++abi.a : stdlib_stdexcept.cpp.obj (.text._ZNSt13runtime_errorD0Ev)
                  000138ac    00000044     Configurer.obj (.text._ZNSt3__16__treeINS_12__value_typeINS_12basic_stringIcNS_11char_traitsIcEENS_9allocatorIcEEEEN8nlohmann16json_abi_v3_11_210basic_jsonINS_3mapENS_6vectorES7_bxydS5_NS9_14adl_serializerENSC_IhNS5_IhEEEEvEEEENS_19__map_value_compareIS7_SH_NS_4lessIvEELb1EEENS5_ISH_EEE7destroyEPNS_11__tree_nodeISH_PvEE)
                  000138f0    00000044     libc.a : snprintf.c.obj (.text.snprintf)
                  00013934    00000044     freertos.am64x.m4f.ti-arm-clang.release.lib : port.obj (.text.vPortExitCritical)
                  00013978    00000044     libclang_rt.builtins.a : fixunsdfsi.S.obj (.text)
                  000139bc    00000042     Configurer.obj (.text._ZN8nlohmann16json_abi_v3_11_210basic_jsonINSt3__13mapENS2_6vectorENS2_12basic_stringIcNS2_11char_traitsIcEENS2_9allocatorIcEEEEbxydS8_NS0_14adl_serializerENS4_IhNS8_IhEEEEvE6createINS3_ISA_SE_NS2_4lessIvEENS8_INS2_4pairIKSA_SE_EEEEEEJRKSM_EEEPT_DpOT0_)
                  000139fe    00000042     Configurer.obj (.text._ZN8nlohmann16json_abi_v3_11_210basic_jsonINSt3__13mapENS2_6vectorENS2_12basic_stringIcNS2_11char_traitsIcEENS2_9allocatorIcEEEEbxydS8_NS0_14adl_serializerENS4_IhNS8_IhEEEEvEC2IRddLi0EEEOT_)
                  00013a40    00000042     BrokerMetadata.obj (.text._ZN8nlohmann16json_abi_v3_11_26detail9iter_implIKNS0_10basic_jsonINSt3__13mapENS4_6vectorENS4_12basic_stringIcNS4_11char_traitsIcEENS4_9allocatorIcEEEEbxydSA_NS0_14adl_serializerENS6_IhNSA_IhEEEEvEEE7set_endEv)
                  00013a82    00000042     Configurer.obj (.text._ZN8nlohmann16json_abi_v3_11_26detail9iter_implINS0_10basic_jsonINSt3__13mapENS4_6vectorENS4_12basic_stringIcNS4_11char_traitsIcEENS4_9allocatorIcEEEEbxydSA_NS0_14adl_serializerENS6_IhNSA_IhEEEEvEEE7set_endEv)
                  00013ac4    00000042     ClusterMetadata.obj (.text._ZNSt3__146__construct_backward_with_exception_guaranteesINS_9allocatorI14BrokerMetadataEEPS2_EEvRT_T0_S7_RS7_)
                  00013b06    00000002     --HOLE-- [fill = 0]
                  00013b08    00000042     RPMessageEndpoint.obj (.text._ZNSt3__16__treeINS_12__value_typeINS_12basic_stringIcNS_11char_traitsIcEENS_9allocatorIcEEEEN8nlohmann16json_abi_v3_11_210basic_jsonINS_3mapENS_6vectorES7_bxydS5_NS9_14adl_serializerENSC_IhNS5_IhEEEEvEEEENS_19__map_value_compareIS7_SH_NS_4lessIvEELb1EEENS5_ISH_EEE4findIA16_cEENS_15__tree_iteratorISH_PNS_11__tree_nodeISH_PvEEiEERKT_)
                  00013b4a    00000002     --HOLE-- [fill = 0]
                  00013b4c    00000042     UDPEndpoint.obj (.text._ZNSt3__16__treeINS_12__value_typeINS_12basic_stringIcNS_11char_traitsIcEENS_9allocatorIcEEEEN8nlohmann16json_abi_v3_11_210basic_jsonINS_3mapENS_6vectorES7_bxydS5_NS9_14adl_serializerENSC_IhNS5_IhEEEEvEEEENS_19__map_value_compareIS7_SH_NS_4lessIvEELb1EEENS5_ISH_EEE4findIA3_cEENS_15__tree_iteratorISH_PNS_11__tree_nodeISH_PvEEiEERKT_)
                  00013b8e    00000002     --HOLE-- [fill = 0]
                  00013b90    00000042     Record.obj (.text._ZNSt3__16__treeINS_12__value_typeINS_12basic_stringIcNS_11char_traitsIcEENS_9allocatorIcEEEEN8nlohmann16json_abi_v3_11_210basic_jsonINS_3mapENS_6vectorES7_bxydS5_NS9_14adl_serializerENSC_IhNS5_IhEEEEvEEEENS_19__map_value_compareIS7_SH_NS_4lessIvEELb1EEENS5_ISH_EEE4findIA5_cEENS_15__tree_iteratorISH_PNS_11__tree_nodeISH_PvEEiEERKT_)
                  00013bd2    00000002     --HOLE-- [fill = 0]
                  00013bd4    00000042     BrokerMetadata.obj (.text._ZNSt3__16__treeINS_12__value_typeINS_12basic_stringIcNS_11char_traitsIcEENS_9allocatorIcEEEEN8nlohmann16json_abi_v3_11_210basic_jsonINS_3mapENS_6vectorES7_bxydS5_NS9_14adl_serializerENSC_IhNS5_IhEEEEvEEEENS_19__map_value_compareIS7_SH_NS_4lessIvEELb1EEENS5_ISH_EEE4findIA7_cEENS_15__tree_iteratorISH_PNS_11__tree_nodeISH_PvEEiEERKT_)
                  00013c16    00000002     --HOLE-- [fill = 0]
                  00013c18    00000042     ClusterMetadata.obj (.text._ZNSt3__16__treeINS_12__value_typeINS_12basic_stringIcNS_11char_traitsIcEENS_9allocatorIcEEEEN8nlohmann16json_abi_v3_11_210basic_jsonINS_3mapENS_6vectorES7_bxydS5_NS9_14adl_serializerENSC_IhNS5_IhEEEEvEEEENS_19__map_value_compareIS7_SH_NS_4lessIvEELb1EEENS5_ISH_EEE4findIA8_cEENS_15__tree_iteratorISH_PNS_11__tree_nodeISH_PvEEiEERKT_)
                  00013c5a    00000002     --HOLE-- [fill = 0]
                  00013c5c    00000042     BrokerMetadata.obj (.text._ZNSt3__16__treeINS_12__value_typeINS_12basic_stringIcNS_11char_traitsIcEENS_9allocatorIcEEEEN8nlohmann16json_abi_v3_11_210basic_jsonINS_3mapENS_6vectorES7_bxydS5_NS9_14adl_serializerENSC_IhNS5_IhEEEEvEEEENS_19__map_value_compareIS7_SH_NS_4lessIvEELb1EEENS5_ISH_EEE4findIA9_cEENS_15__tree_iteratorISH_PNS_11__tree_nodeISH_PvEEiEERKT_)
                  00013c9e    00000002     --HOLE-- [fill = 0]
                  00013ca0    00000042     Record.obj (.text._ZNSt3__16vectorIN8nlohmann16json_abi_v3_11_210basic_jsonINS_3mapES0_NS_12basic_stringIcNS_11char_traitsIcEENS_9allocatorIcEEEEbxydS8_NS2_14adl_serializerENS0_IhNS8_IhEEEEvEENS8_ISE_EEEC2IPKNS2_6detail8json_refISE_EEEET_NS_9enable_ifIXaasr27__is_cpp17_forward_iteratorISN_EE5valuesr16is_constructibleISE_NS_15iterator_traitsISN_E9referenceEEE5valueESN_E4typeE)
                  00013ce2    00000040     drivers.am64x.m4f.ti-arm-clang.release.lib : ipc_rpmsg.obj (.text.RPMessage_destruct)
                  00013d22    00000040     Configurer.obj (.text._ZNSt3__16__treeINS_12__value_typeINS_12basic_stringIcNS_11char_traitsIcEENS_9allocatorIcEEEEN8nlohmann16json_abi_v3_11_210basic_jsonINS_3mapENS_6vectorES7_bxydS5_NS9_14adl_serializerENSC_IhNS5_IhEEEEvEEEENS_19__map_value_compareIS7_SH_NS_4lessIvEELb1EEENS5_ISH_EEE25__emplace_unique_key_argsIS7_JS7_DnEEENS_4pairINS_15__tree_iteratorISH_PNS_11__tree_nodeISH_PvEEiEEbEERKT_DpOT0_)
                  00013d62    00000040     Record.obj (.text._ZNSt3__16__treeINS_12__value_typeINS_12basic_stringIcNS_11char_traitsIcEENS_9allocatorIcEEEEN8nlohmann16json_abi_v3_11_210basic_jsonINS_3mapENS_6vectorES7_bxydS5_NS9_14adl_serializerENSC_IhNS5_IhEEEEvEEEENS_19__map_value_compareIS7_SH_NS_4lessIvEELb1EEENS5_ISH_EEE25__emplace_unique_key_argsIS7_JS7_SG_EEENS_4pairINS_15__tree_iteratorISH_PNS_11__tree_nodeISH_PvEEiEEbEERKT_DpOT0_)
                  00013da2    00000040     Configurer.obj (.text._ZNSt3__16vectorIN8nlohmann16json_abi_v3_11_210basic_jsonINS_3mapES0_NS_12basic_stringIcNS_11char_traitsIcEENS_9allocatorIcEEEEbxydS8_NS2_14adl_serializerENS0_IhNS8_IhEEEEvEENS8_ISE_EEE7reserveEj)
                  00013de2    00000002     --HOLE-- [fill = 0]
                  00013de4    00000040     Configurer.obj (.text._ZNSt3__16vectorIN8nlohmann16json_abi_v3_11_210basic_jsonINS_3mapES0_NS_12basic_stringIcNS_11char_traitsIcEENS_9allocatorIcEEEEbxydS8_NS2_14adl_serializerENS0_IhNS8_IhEEEEvEENS8_ISE_EEED2Ev)
                  00013e24    00000040     freertos.am64x.m4f.ti-arm-clang.release.lib : timers.obj (.text.prvInsertTimerInActiveList)
                  00013e64    0000003e     drivers.am64x.m4f.ti-arm-clang.release.lib : ipc_notify_v0.obj (.text.IpcNotify_registerClient)
                  00013ea2    0000003e     Configurer.obj (.text._ZN8nlohmann16json_abi_v3_11_210basic_jsonINSt3__13mapENS2_6vectorENS2_12basic_stringIcNS2_11char_traitsIcEENS2_9allocatorIcEEEEbxydS8_NS0_14adl_serializerENS4_IhNS8_IhEEEEvE6createINS0_27byte_container_with_subtypeISD_EEJRKSH_EEEPT_DpOT0_)
                  00013ee0    0000003e     ProducerMetadata.obj (.text._ZN8nlohmann16json_abi_v3_11_210basic_jsonINSt3__13mapENS2_6vectorENS2_12basic_stringIcNS2_11char_traitsIcEENS2_9allocatorIcEEEEbxydS8_NS0_14adl_serializerENS4_IhNS8_IhEEEEvEC2IRKiiLi0EEEOT_)
                  00013f1e    0000003e     Configurer.obj (.text._ZN8nlohmann16json_abi_v3_11_210basic_jsonINSt3__13mapENS2_6vectorENS2_12basic_stringIcNS2_11char_traitsIcEENS2_9allocatorIcEEEEbxydS8_NS0_14adl_serializerENS4_IhNS8_IhEEEEvEC2IRxxLi0EEEOT_)
                  00013f5c    0000003e     Configurer.obj (.text._ZN8nlohmann16json_abi_v3_11_210basic_jsonINSt3__13mapENS2_6vectorENS2_12basic_stringIcNS2_11char_traitsIcEENS2_9allocatorIcEEEEbxydS8_NS0_14adl_serializerENS4_IhNS8_IhEEEEvEC2IRyyLi0EEEOT_)
                  00013f9a    00000002     --HOLE-- [fill = 0]
                  00013f9c    0000003e     Configurer.obj (.text._ZNSt3__16vectorIN8nlohmann16json_abi_v3_11_210basic_jsonINS_3mapES0_NS_12basic_stringIcNS_11char_traitsIcEENS_9allocatorIcEEEEbxydS8_NS2_14adl_serializerENS0_IhNS8_IhEEEEvEENS8_ISE_EEEC2ERKSG_)
                  00013fda    0000003e     freertos.am64x.m4f.ti-arm-clang.release.lib : TaskP_freertos.obj (.text.vApplicationLoadHook)
                  00014018    0000003e                                                 : port.obj (.text.vPortTimerTickHandler)
                  00014056    0000003e                                                 : tasks.obj (.text.xTaskGetIdleTaskHandle)
                  00014094    0000003c     libsysbm.a : hostclose.c.obj (.text.HOSTclose)
                  000140d0    0000003c     TopicMetadata.obj (.text._ZN13TopicMetadata9from_jsonERKN8nlohmann16json_abi_v3_11_210basic_jsonINSt3__13mapENS3_6vectorENS3_12basic_stringIcNS3_11char_traitsIcEENS3_9allocatorIcEEEEbxydS9_NS1_14adl_serializerENS5_IhNS9_IhEEEEvEE)
                  0001410c    0000003c     Record.obj (.text._ZN6Record9from_jsonERKN8nlohmann16json_abi_v3_11_210basic_jsonINSt3__13mapENS3_6vectorENS3_12basic_stringIcNS3_11char_traitsIcEENS3_9allocatorIcEEEEbxydS9_NS1_14adl_serializerENS5_IhNS9_IhEEEEvEE)
                  00014148    0000003c     UDPEndpoint.obj (.text._ZN8nlohmann16json_abi_v3_11_210basic_jsonINSt3__13mapENS2_6vectorENS2_12basic_stringIcNS2_11char_traitsIcEENS2_9allocatorIcEEEEbxydS8_NS0_14adl_serializerENS4_IhNS8_IhEEEEvEC2IRKjjLi0EEEOT_)
                  00014184    0000003c     RPMessageEndpoint.obj (.text._ZN8nlohmann16json_abi_v3_11_210basic_jsonINSt3__13mapENS2_6vectorENS2_12basic_stringIcNS2_11char_traitsIcEENS2_9allocatorIcEEEEbxydS8_NS0_14adl_serializerENS4_IhNS8_IhEEEEvEC2IRKttLi0EEEOT_)
                  000141c0    0000003c     Configurer.obj (.text._ZN8nlohmann16json_abi_v3_11_210basic_jsonINSt3__13mapENS2_6vectorENS2_12basic_stringIcNS2_11char_traitsIcEENS2_9allocatorIcEEEEbxydS8_NS0_14adl_serializerENS4_IhNS8_IhEEEEvEC2IRbbLi0EEEOT_)
                  000141fc    0000003c     libc++abi.a : stdlib_stdexcept.cpp.obj (.text._ZNSt13runtime_errorD2Ev)
                  00014238    0000003c     libc.a : vsnprintf.c.obj (.text.vsnprintf)
                  00014274    0000003a     Consumer.obj (.text._ZN8Consumer4readE13TopicMetadata)
                  000142ae    00000002     --HOLE-- [fill = 0]
                  000142b0    0000003a     freertos.am64x.m4f.ti-arm-clang.release.lib : list.obj (.text.vListInsert)
                  000142ea    00000002     --HOLE-- [fill = 0]
                  000142ec    00000038     ti_power_clock_config.obj (.text.Module_clockSetFrequency)
                  00014324    00000038     drivers.am64x.m4f.ti-arm-clang.release.lib : ipc_rpmsg_vring.obj (.text.RPMessage_vringCheckEmptyTxBuf)
                  0001435c    00000038                                                : sciclient.obj (.text.Sciclient_getCurrentContext)
                  00014394    00000038     TopicFactory.obj (.text._ZN12TopicFactory8getTopicE13TopicMetadata)
                  000143cc    00000038     Record.obj (.text._ZNK8nlohmann16json_abi_v3_11_26detail8json_refINS0_10basic_jsonINSt3__13mapENS4_6vectorENS4_12basic_stringIcNS4_11char_traitsIcEENS4_9allocatorIcEEEEbxydSA_NS0_14adl_serializerENS6_IhNSA_IhEEEEvEEE15moved_or_copiedEv)
                  00014404    00000038     Configurer.obj (.text._ZNSt3__16vectorIhNS_9allocatorIhEEEC2ERKS3_)
                  0001443c    00000038     libc.a : sprintf.c.obj (.text.sprintf)
                  00014474    00000038            : autoinit.c.obj (.text:__TI_auto_init_nobinit_nopinit)
                  000144ac    00000036     Configurer.obj (.text._ZN8nlohmann16json_abi_v3_11_210basic_jsonINSt3__13mapENS2_6vectorENS2_12basic_stringIcNS2_11char_traitsIcEENS2_9allocatorIcEEEEbxydS8_NS0_14adl_serializerENS4_IhNS8_IhEEEEvE6createINS0_27byte_container_with_subtypeISD_EEJEEEPT_DpOT0_)
                  000144e2    00000002     --HOLE-- [fill = 0]
                  000144e4    00000036     TopicFactory.obj (.text._ZNSt3__16vectorI14BrokerMetadataNS_9allocatorIS1_EEE13__vdeallocateEv)
                  0001451a    00000034     Configurer.obj (.text._ZN8nlohmann16json_abi_v3_11_210basic_jsonINSt3__13mapENS2_6vectorENS2_12basic_stringIcNS2_11char_traitsIcEENS2_9allocatorIcEEEEbxydS8_NS0_14adl_serializerENS4_IhNS8_IhEEEEvE6createINS3_ISA_SE_NS2_4lessIvEENS8_INS2_4pairIKSA_SE_EEEEEEJEEEPT_DpOT0_)
                  0001454e    00000034     Record.obj (.text._ZN8nlohmann16json_abi_v3_11_210basic_jsonINSt3__13mapENS2_6vectorENS2_12basic_stringIcNS2_11char_traitsIcEENS2_9allocatorIcEEEEbxydS8_NS0_14adl_serializerENS4_IhNS8_IhEEEEvE6createINS4_ISE_NS8_ISE_EEEEJPKNS0_6detail8json_refISE_EESM_EEEPT_DpOT0_)
                  00014582    00000034     Configurer.obj (.text._ZN8nlohmann16json_abi_v3_11_26detail5lexerINS0_10basic_jsonINSt3__13mapENS4_6vectorENS4_12basic_stringIcNS4_11char_traitsIcEENS4_9allocatorIcEEEEbxydSA_NS0_14adl_serializerENS6_IhNSA_IhEEEEvEENS1_22iterator_input_adapterIPcEEE8skip_bomEv)
                  000145b6    00000034     ClusterMetadata.obj (.text._ZNSt3__114__split_bufferI14BrokerMetadataRNS_9allocatorIS1_EEEC2EjjS4_)
                  000145ea    00000034     Configurer.obj (.text._ZNSt3__114__split_bufferIN8nlohmann16json_abi_v3_11_210basic_jsonINS_3mapENS_6vectorENS_12basic_stringIcNS_11char_traitsIcEENS_9allocatorIcEEEEbxydS9_NS2_14adl_serializerENS5_IhNS9_IhEEEEvEERNS9_ISF_EEEC2EjjSH_)
                  0001461e    00000002     --HOLE-- [fill = 0]
[...]
00037f9c  _ZTV22RPMessageCommunication                                                                                                                                                                                                                                                                                                                                                                                                                   
00037fb4  _ZTVN8nlohmann16json_abi_v3_11_26detail21output_string_adapterIcNSt3__112basic_stringIcNS3_11char_traitsIcEENS3_9allocatorIcEEEEEE                                                                                                                                                                                                                                                                                                             
00037fcc  _ZTVN8nlohmann16json_abi_v3_11_26detail11parse_errorE                                                                                                                                                                                                                                                                                                                                                                                          
00037fe0  _ZTVN8nlohmann16json_abi_v3_11_26detail12out_of_rangeE                                                                                                                                                                                                                                                                                                                                                                                         
00037ff4  _ZTVN8nlohmann16json_abi_v3_11_26detail9exceptionE                                                                                                                                                                                                                                                                                                                                                                                             
00038008  _ZTVSt13runtime_error                                                                                                                                                                                                                                                                                                                                                                                                                          
0003801c  _ZTSSt13runtime_error                                                                                                                                                                                                                                                                                                                                                                                                                          
00038040  _ZTV14TI_DebugLogger                                                                                                                                                                                                                                                                                                                                                                                                                           
00038060  _ZTSSt9exception                                                                                                                                                                                                                                                                                                                                                                                                                               
0003806d  _ZTSSt9type_info                                                                                                                                                                                                                                                                                                                                                                                                                               
00038088  _ZTIN10__cxxabiv116__shim_type_infoE                                                                                                                                                                                                                                                                                                                                                                                                           
00038094  _ZTIN10__cxxabiv117__class_type_infoE                                                                                                                                                                                                                                                                                                                                                                                                          
000380a0  _ZTIN10__cxxabiv120__si_class_type_infoE                                                                                                                                                                                                                                                                                                                                                                                                       
000380ac  _ZTISt13runtime_error                                                                                                                                                                                                                                                                                                                                                                                                                          
000380b8  gMpuConfig                                                                                                                                                                                                                                                                                                                                                                                                                                     
000380c4  _ZTISt9type_info                                                                                                                                                                                                                                                                                                                                                                                                                               
000380cc  uxTopUsedPriority                                                                                                                                                                                                                                                                                                                                                                                                                              
00038100  __BSS_START                                                                                                                                                                                                                                                                                                                                                                                                                                    
00038100  gMainTaskStack                                                                                                                                                                                                                                                                                                                                                                                                                                 
0003c100  gDebugMemLog                                                                                                                                                                                                                                                                                                                                                                                                                                   
0003e100  gIpcRpmsgCtrl                                                                                                                                                                                                                                                                                                                                                                                                                                  
0003f2ac  gHwiCtrl                                                                                                                                                                                                                                                                                                                                                                                                                                       
0003f52c  _CIOBUF_                                                                                                                                                                                                                                                                                                                                                                                                                                       
0003f52c  __CIOBUF_                                                                                                                                                                                                                                                                                                                                                                                                                                      
0003f74c  xQueueRegistry                                                                                                                                                                                                                                                                                                                                                                                                                                 
0003f84c  gIpcNotifyCtrl                                                                                                                                                                                                                                                                                                                                                                                                                                 
0003f8f4  __TI_tmpnams                                                                                                                                                                                                                                                                                                                                                                                                                                   
0003f994  gMainTask                                                                                                                                                                                                                                                                                                                                                                                                                                      
0003f998  gTaskP_ctrl                                                                                                                                                                                                                                                                                                                                                                                                                                    
0003fcac  gRovDummyQueue                                                                                                                                                                                                                                                                                                                                                                                                                                 
0003fd00  gClockCtrl                                                                                                                                                                                                                                                                                                                                                                                                                                     
0003fdc4  parmbuf                                                                                                                                                                                                                                                                                                                                                                                                                                        
0003fe00  __BSS_END                                                                                                                                                                                                                                                                                                                                                                                                                                      
a4100000  gRPMessage_linuxResourceTable                                                                                                                                                                                                                                                                                                                                                                                                                  
a5000000  gRPMessageVringMem                                                                                                                                                                                                                                                                                                                                                                                                                             
ffffffff  __TI_pprof_out_hndl                                                                                                                                                                                                                                                                                                                                                                                                                            
ffffffff  __TI_prof_data_size                                                                                                                                                                                                                                                                                                                                                                                                                            
ffffffff  __TI_prof_data_start                                                                                                                                                                                                                                                                                                                                                                                                                           
ffffffff  __binit__                                                                                                                                                                                                                                                                                                                                                                                                                                      
ffffffff  binit                                                                                                                                                                                                                                                                                                                                                                                                                                          
UNDEFED   __TI_CINIT_Base                                                                                                                                                                                                                                                                                                                                                                                                                                
UNDEFED   __TI_CINIT_Limit                                                                                                                                                                                                                                                                                                                                                                                                                               
UNDEFED   __TI_Handler_Table_Base                                                                                                                                                                                                                                                                                                                                                                                                                        
UNDEFED   __TI_Handler_Table_Limit                                                                                                                                                                                                                                                                                                                                                                                                                       
UNDEFED   _system_post_cinit                                                                                                                                                                                                                                                                                                                                                                                                                             

[825 symbols]
