******************************************************************************
            TI ARM Clang Linker Unix v2.1.2                    
******************************************************************************
>> Linked Tue Nov  7 16:46:32 2023

OUTPUT FILE NAME:   <embedded_kafka.release.out>
ENTRY POINT SYMBOL: "_vectors"  address: 00000000


MEMORY CONFIGURATION

         name            origin    length      used     unused   attr    fill
----------------------  --------  ---------  --------  --------  ----  --------
  R5F_VECS              00000000   00000040  00000040  00000000  RWIX
  R5F_TCMA              00000040   00007fc0  000010d0  00006ef0  RWIX
  R5F_TCMB0             41010000   00008000  00000000  00008000  RWIX
  FLASH                 60180000   00080000  00000000  00080000  RWIX
  MSRAM                 700c0000   00040000  00000000  00040000  RWIX
  DDR_0                 a1100000   00100000  00001000  000ff000  RWIX
  DDR_1                 a1200000   00e00000  00034c50  00dcb3b0  RWIX
  RTOS_NORTOS_IPC_SHM_M a5000000   00800000  00006680  007f9980  RWIX
  USER_SHM_MEM          a5800000   00000080  00000000  00000080  RWIX
  LOG_SHM_MEM           a5800080   00003f80  00000000  00003f80  RWIX


SEGMENT ALLOCATION MAP

run origin  load origin   length   init length attrs members
----------  ----------- ---------- ----------- ----- -------
00000000    00000000    00001110   00001110    r-x
  00000000    00000000    00000040   00000040    r-x .vectors
  00000040    00000040    000008d0   000008d0    r-x .text.hwi
  00000910    00000910    00000450   00000450    r-x .text.cache
  00000d60    00000d60    00000240   00000240    r-x .text.mpu
  00000fa0    00000fa0    00000160   00000160    r-x .text.boot
  00001100    00001100    00000008   00000008    r-x .text:abort
  00001108    00001108    00000008   00000008    r-- .ARM.exidx
a1100000    a1100000    00001000   00001000    r--
  a1100000    a1100000    00001000   00001000    r-- .resource_table
a1200000    a1200000    0001e850   0001e850    r-x
  a1200000    a1200000    00017a30   00017a30    r-x .text
  a1217a30    a1217a30    00006e20   00006e20    r-- .rodata
a121e880    a121e880    00014a80   00000000    rw-
  a121e880    a121e880    00008a80   00000000    rw- .bss
  a1227300    a1227300    00008000   00000000    rw- .sysmem
  a122f300    a122f300    00004000   00000000    rw- .stack
a1233300    a1233300    00000580   00000580    rw-
  a1233300    a1233300    00000580   00000580    rw- .data
a1233880    a1233880    00001400   00000000    r--
  a1233880    a1233880    00000100   00000000    r-- .irqstack
  a1233980    a1233980    00000100   00000000    r-- .fiqstack
  a1233a80    a1233a80    00001000   00000000    r-- .svcstack
  a1234a80    a1234a80    00000100   00000000    r-- .abortstack
  a1234b80    a1234b80    00000100   00000000    r-- .undefinedstack


SECTION ALLOCATION MAP

 output                                  attributes/
section   page    origin      length       input sections
--------  ----  ----------  ----------   ----------------
.vectors   0    00000000    00000040     
                  00000000    00000040     freertos.am64x.r5f.ti-arm-clang.release.lib : HwiP_armv7r_vectors_freertos_asm.obj (.vectors)

.text.hwi 
*          0    00000040    000008d0     
                  00000040    00000452     freertos.am64x.r5f.ti-arm-clang.release.lib : HwiP_armv7r_vim.obj (.text.hwi)
                  00000492    00000002     --HOLE-- [fill = 0]
                  00000494    00000008                                                 : HwiP_armv7r_asm.obj (.tramp.HwiP_enableFIQ.1)
                  0000049c    00000004     --HOLE-- [fill = 0]
                  000004a0    0000020e                                                 : HwiP_armv7r_handlers_freertos.obj (.text.hwi)
                  000006ae    00000002     --HOLE-- [fill = 0]
                  000006b0    000001ec                                                 : portASM.obj (.text.hwi)
                  0000089c    00000070                                                 : HwiP_armv7r_asm.obj (.text.hwi)
                  0000090c    00000004     --HOLE-- [fill = 0]

.text.cache 
*          0    00000910    00000450     
                  00000910    00000340     freertos.am64x.r5f.ti-arm-clang.release.lib : CacheP_armv7r_asm.obj (.text.cache)
                  00000c50    000000f6                                                 : CacheP_armv7r.obj (.text.cache)
                  00000d46    00000002     --HOLE-- [fill = 0]
                  00000d48    00000008                                                 : CacheP_armv7r_asm.obj (.tramp.CacheP_invL1d.1)
                  00000d50    00000008                                                 : HwiP_armv7r_asm.obj (.tramp.HwiP_restore.1)
                  00000d58    00000008                                                 : CacheP_armv7r_asm.obj (.tramp.CacheP_enableL1p.1)

.text.mpu 
*          0    00000d60    00000240     
                  00000d60    000001b4     freertos.am64x.r5f.ti-arm-clang.release.lib : MpuP_armv7r.obj (.text.mpu)
                  00000f14    00000078                                                 : MpuP_armv7r_asm.obj (.text.mpu)
                  00000f8c    00000008                                                 : MpuP_armv7r_asm.obj (.tramp.MpuP_isEnableAsm.1)
                  00000f94    00000008                                                 : HwiP_armv7r_asm.obj (.tramp.HwiP_restore.2)
                  00000f9c    00000004     --HOLE-- [fill = 0]

.text.boot 
*          0    00000fa0    00000160     
                  00000fa0    000000fc     freertos.am64x.r5f.ti-arm-clang.release.lib : boot_armv7r_asm.obj (.text.boot)
                  0000109c    00000004     --HOLE-- [fill = 0]
                  000010a0    0000001e                                                 : DebugP_log.obj (.text.boot)
                  000010be    00000002     --HOLE-- [fill = 0]
                  000010c0    0000000e     ti_dpl_config.obj (.text.boot)
                  000010ce    00000002     --HOLE-- [fill = 0]
                  000010d0    00000008     libc.a : exit.c.obj (.tramp.exit.1)
                  000010d8    0000000c     main.obj (.tramp.main.1)
                  000010e4    00000008     libc.a : autoinit.c.obj (.tramp.__TI_auto_init_nobinit_nopinit.1)
                  000010ec    0000000c     freertos.am64x.r5f.ti-arm-clang.release.lib : boot_armv7r.obj (.tramp._system_pre_init.1)
                  000010f8    00000008     --HOLE-- [fill = 0]

.text:abort 
*          0    00001100    00000008     
                  00001100    00000008     libc.a : exit.c.obj (.text:abort)

.init_array 
*          0    00001110    00000000     UNINITIALIZED

.fini_array 
*          0    00001110    00000000     UNINITIALIZED

.resource_table 
*          0    a1100000    00001000     
                  a1100000    0000008c     ti_drivers_config.obj (.resource_table)
                  a110008c    00000f74     --HOLE-- [fill = 0]

.text      0    a1200000    00017a30     
                  a1200000    00000fe8     libc.a : _printfi.c.obj (.text:__TI_printfi)
                  a1200fe8    00000004            : _lock.c.obj (.text._nop)
                  a1200fec    00000004            : fprintf.c.obj (.text._outc)
                  a1200ff0    000007cc     Configurer.obj (.text._ZN8nlohmann16json_abi_v3_11_26detail10serializerINS0_10basic_jsonINSt3__13mapENS4_6vectorENS4_12basic_stringIcNS4_11char_traitsIcEENS4_9allocatorIcEEEEbxydSA_NS0_14adl_serializerENS6_IhNSA_IhEEEEvEEE4dumpERKSG_bbjj)
                  a12017bc    00000004     libc.a : fprintf.c.obj (.text._outs)
                  a12017c0    000005aa     Configurer.obj (.text._ZN8nlohmann16json_abi_v3_11_26detail5lexerINS0_10basic_jsonINSt3__13mapENS4_6vectorENS4_12basic_stringIcNS4_11char_traitsIcEENS4_9allocatorIcEEEEbxydSA_NS0_14adl_serializerENS6_IhNSA_IhEEEEvEENS1_22iterator_input_adapterIPcEEE11scan_stringEv)
                  a1201d6a    00000002     --HOLE-- [fill = 0]
                  a1201d6c    00000004     libc.a : fseek.c.obj (.text.fseek)
                  a1201d70    00000596     freertos.am64x.r5f.ti-arm-clang.release.lib : printf.obj (.text._vsnprintf)
                  a1202306    00000002     --HOLE-- [fill = 0]
                  a1202308    00000004     libsysbm.a : remove.c.obj (.text.remove)
                  a120230c    00000004     libclang_rt.builtins.a : aeabi_memcpy.S.obj (.text)
                  a1202310    000004cc     libc++.a : string.cpp.obj (.text._ZNSt3__112_GLOBAL__N_117as_integer_helperIlNS_12basic_stringIcNS_11char_traitsIcEENS_9allocatorIcEEEEPFlPKcPPciEEET_RKS7_RKT0_PjiT1_)
                  a12027dc    00000004     libclang_rt.builtins.a : aeabi_memmove.S.obj (.text)
                  a12027e0    000004cc     libc.a : strtod.c.obj (.text.strtod)
                  a1202cac    00000004     --HOLE-- [fill = 0]
                  a1202cb0    00000478     Configurer.obj (.text._ZN8nlohmann16json_abi_v3_11_26detail6parserINS0_10basic_jsonINSt3__13mapENS4_6vectorENS4_12basic_stringIcNS4_11char_traitsIcEENS4_9allocatorIcEEEEbxydSA_NS0_14adl_serializerENS6_IhNSA_IhEEEEvEENS1_22iterator_input_adapterIPcEEE18sax_parse_internalINS1_28json_sax_dom_callback_parserISG_EEEEbPT_)
                  a1203128    00000008     libc++.a : string.cpp.obj (.tramp._ZNSt3__112basic_stringIcNS_11char_traitsIcEENS_9allocatorIcEEEC1ERKS5_.1)
                  a1203130    0000045c     Configurer.obj (.text._ZN8nlohmann16json_abi_v3_11_26detail6parserINS0_10basic_jsonINSt3__13mapENS4_6vectorENS4_12basic_stringIcNS4_11char_traitsIcEENS4_9allocatorIcEEEEbxydSA_NS0_14adl_serializerENS6_IhNSA_IhEEEEvEENS1_22iterator_input_adapterIPcEEE18sax_parse_internalINS1_19json_sax_dom_parserISG_EEEEbPT_)
                  a120358c    00000004     --HOLE-- [fill = 0]
                  a1203590    000003b0     Configurer.obj (.text._ZN8nlohmann16json_abi_v3_11_26detail9dtoa_impl16grisu2_digit_genEPcRiS4_NS2_5diyfpES5_S5_)
                  a1203940    00000390     Configurer.obj (.text._ZN8nlohmann16json_abi_v3_11_210basic_jsonINSt3__13mapENS2_6vectorENS2_12basic_stringIcNS2_11char_traitsIcEENS2_9allocatorIcEEEEbxydS8_NS0_14adl_serializerENS4_IhNS8_IhEEEEvE10json_value7destroyENS0_6detail7value_tE)
                  a1203cd0    00000388     freertos.am64x.r5f.ti-arm-clang.release.lib : printf.obj (.text._ftoa)
                  a1204058    00000008     libc++abi.a : stdlib_stdexcept.cpp.obj (.tramp._ZNKSt13runtime_error4whatEv.1)
                  a1204060    0000037e     drivers.am64x.r5f.ti-arm-clang.release.lib : sciclient.obj (.text.Sciclient_service)
                  a12043de    00000002     --HOLE-- [fill = 0]
                  a12043e0    00000372                                                : ipc_notify_v0.obj (.text.IpcNotify_init)
                  a1204752    00000002     --HOLE-- [fill = 0]
                  a1204754    0000000c     libc.a : aeabi_portable.c.obj (.text.__aeabi_errno_addr)
                  a1204760    0000035e     Broker.obj (.text._ZN6Broker15handleOperationEPKcP8Endpoint)
                  a1204abe    00000002     --HOLE-- [fill = 0]
                  a1204ac0    00000354     libc++.a : charconv.cpp.obj (.text._ZNSt3__16__itoa8__u32toaEjPc)
                  a1204e14    0000000c     libc.a : setlocale.c.obj (.text.localeconv)
                  a1204e20    00000310     freertos.am64x.r5f.ti-arm-clang.release.lib : printf.obj (.text._etoa)
                  a1205130    000002d0     Configurer.obj (.text._ZN8nlohmann16json_abi_v3_11_26detail5lexerINS0_10basic_jsonINSt3__13mapENS4_6vectorENS4_12basic_stringIcNS4_11char_traitsIcEENS4_9allocatorIcEEEEbxydSA_NS0_14adl_serializerENS6_IhNSA_IhEEEEvEENS1_22iterator_input_adapterIPcEEE11scan_numberEv)
                  a1205400    000002b8     Broker.obj (.text._ZN6Broker12askForTopicsEv)
                  a12056b8    00000008     libc++.a : string.cpp.obj (.tramp._ZNSt3__112basic_stringIcNS_11char_traitsIcEENS_9allocatorIcEEE6appendEPKcj.1)
                  a12056c0    000002ac     Configurer.obj (.text._ZN8nlohmann16json_abi_v3_11_26detail6parserINS0_10basic_jsonINSt3__13mapENS4_6vectorENS4_12basic_stringIcNS4_11char_traitsIcEENS4_9allocatorIcEEEEbxydSA_NS0_14adl_serializerENS6_IhNSA_IhEEEEvEENS1_22iterator_input_adapterIPcEEE5parseEbRSG_)
                  a120596c    00000004     --HOLE-- [fill = 0]
                  a1205970    000002a6     Configurer.obj (.text._ZN8nlohmann16json_abi_v3_11_26detail10serializerINS0_10basic_jsonINSt3__13mapENS4_6vectorENS4_12basic_stringIcNS4_11char_traitsIcEENS4_9allocatorIcEEEEbxydSA_NS0_14adl_serializerENS6_IhNSA_IhEEEEvEEE12dump_escapedERKSC_b)
                  a1205c16    00000002     --HOLE-- [fill = 0]
                  a1205c18    0000028c     libc.a : strtoll.c.obj (.text.strtoll)
                  a1205ea4    00000004     --HOLE-- [fill = 0]
                  a1205ea8    00000278            : _printfi.c.obj (.text._pconv_a)
                  a1206120    0000024e     TopicHandler.obj (.text._ZN12TopicHandler4saveE6Record13TopicMetadata16ProducerMetadata)
                  a120636e    00000002     --HOLE-- [fill = 0]
                  a1206370    00000242     Configurer.obj (.text._ZNSt3__113__tree_removeIPNS_16__tree_node_baseIPvEEEEvT_S5_)
                  a12065b2    00000006     --HOLE-- [fill = 0]
                  a12065b8    00000230     libc.a : _printfi.c.obj (.text._pconv_g)
                  a12067e8    00000230            : strtoull.c.obj (.text.strtoull)
                  a1206a18    00000008     libc++.a : string.cpp.obj (.tramp._ZNSt3__112basic_stringIcNS_11char_traitsIcEENS_9allocatorIcEEE9push_backEc.1)
                  a1206a20    0000021e     freertos.am64x.r5f.ti-arm-clang.release.lib : timers.obj (.text.prvTimerTask)
                  a1206c3e    00000002     --HOLE-- [fill = 0]
                  a1206c40    00000210     libc++abi.a : private_typeinfo.cpp.obj (.text._ZNK10__cxxabiv120__si_class_type_info16search_below_dstEPNS_19__dynamic_cast_infoEPKvib)
                  a1206e50    0000020a     Configurer.obj (.text._ZN8nlohmann16json_abi_v3_11_26detail6parserINS0_10basic_jsonINSt3__13mapENS4_6vectorENS4_12basic_stringIcNS4_11char_traitsIcEENS4_9allocatorIcEEEEbxydSA_NS0_14adl_serializerENS6_IhNSA_IhEEEEvEENS1_22iterator_input_adapterIPcEEE17exception_messageENS1_10lexer_baseISG_E10token_typeERKSC_)
                  a120705a    00000006     --HOLE-- [fill = 0]
                  a1207060    00000208     libc++.a : string.cpp.obj (.text._ZNSt3__112basic_stringIcNS_11char_traitsIcEENS_9allocatorIcEEEaSERKS5_)
                  a1207268    00000208     libc.a : strtol.c.obj (.text.strtol)
                  a1207470    00000204     Configurer.obj (.text._ZN8nlohmann16json_abi_v3_11_26detail10serializerINS0_10basic_jsonINSt3__13mapENS4_6vectorENS4_12basic_stringIcNS4_11char_traitsIcEENS4_9allocatorIcEEEEbxydSA_NS0_14adl_serializerENS6_IhNSA_IhEEEEvEEE12dump_integerIxLi0EEEvT_)
                  a1207674    0000000c     libc.a : memory.c.obj (.text.malloc)
                  a1207680    000001fe     Configurer.obj (.text._ZN8nlohmann16json_abi_v3_11_26detail28json_sax_dom_callback_parserINS0_10basic_jsonINSt3__13mapENS4_6vectorENS4_12basic_stringIcNS4_11char_traitsIcEENS4_9allocatorIcEEEEbxydSA_NS0_14adl_serializerENS6_IhNSA_IhEEEEvEEE12handle_valueIRSC_EENS4_4pairIbPSG_EEOT_b)
                  a120787e    00000002     --HOLE-- [fill = 0]
                  a1207880    000001fc     Configurer.obj (.text._ZN8nlohmann16json_abi_v3_11_26detail28json_sax_dom_callback_parserINS0_10basic_jsonINSt3__13mapENS4_6vectorENS4_12basic_stringIcNS4_11char_traitsIcEENS4_9allocatorIcEEEEbxydSA_NS0_14adl_serializerENS6_IhNSA_IhEEEEvEEE12handle_valueIDnEENS4_4pairIbPSG_EEOT_b)
                  a1207a7c    00000004     --HOLE-- [fill = 0]
                  a1207a80    000001fa     Configurer.obj (.text._ZN8nlohmann16json_abi_v3_11_26detail28json_sax_dom_callback_parserINS0_10basic_jsonINSt3__13mapENS4_6vectorENS4_12basic_stringIcNS4_11char_traitsIcEENS4_9allocatorIcEEEEbxydSA_NS0_14adl_serializerENS6_IhNSA_IhEEEEvEEE12handle_valueINS1_7value_tEEENS4_4pairIbPSG_EEOT_b)
                  a1207c7a    00000006     --HOLE-- [fill = 0]
                  a1207c80    000001f0     libc++abi.a : private_typeinfo.cpp.obj (.text._ZNK10__cxxabiv117__class_type_info9can_catchEPKNS_16__shim_type_infoERPv)
                  a1207e70    000001ec     Configurer.obj (.text._ZN8nlohmann16json_abi_v3_11_26detail28json_sax_dom_callback_parserINS0_10basic_jsonINSt3__13mapENS4_6vectorENS4_12basic_stringIcNS4_11char_traitsIcEENS4_9allocatorIcEEEEbxydSA_NS0_14adl_serializerENS6_IhNSA_IhEEEEvEEE12handle_valueIRbEENS4_4pairIbPSG_EEOT_b)
                  a120805c    00000004     --HOLE-- [fill = 0]
                  a1208060    000001ec     Configurer.obj (.text._ZN8nlohmann16json_abi_v3_11_26detail28json_sax_dom_callback_parserINS0_10basic_jsonINSt3__13mapENS4_6vectorENS4_12basic_stringIcNS4_11char_traitsIcEENS4_9allocatorIcEEEEbxydSA_NS0_14adl_serializerENS6_IhNSA_IhEEEEvEEE12handle_valueIRdEENS4_4pairIbPSG_EEOT_b)
                  a120824c    00000004     --HOLE-- [fill = 0]
                  a1208250    000001ec     Configurer.obj (.text._ZN8nlohmann16json_abi_v3_11_26detail28json_sax_dom_callback_parserINS0_10basic_jsonINSt3__13mapENS4_6vectorENS4_12basic_stringIcNS4_11char_traitsIcEENS4_9allocatorIcEEEEbxydSA_NS0_14adl_serializerENS6_IhNSA_IhEEEEvEEE12handle_valueIRxEENS4_4pairIbPSG_EEOT_b)
                  a120843c    00000004     --HOLE-- [fill = 0]
                  a1208440    000001ec     Configurer.obj (.text._ZN8nlohmann16json_abi_v3_11_26detail28json_sax_dom_callback_parserINS0_10basic_jsonINSt3__13mapENS4_6vectorENS4_12basic_stringIcNS4_11char_traitsIcEENS4_9allocatorIcEEEEbxydSA_NS0_14adl_serializerENS6_IhNSA_IhEEEEvEEE12handle_valueIRyEENS4_4pairIbPSG_EEOT_b)
                  a120862c    00000004     --HOLE-- [fill = 0]
                  a1208630    000001dc     Configurer.obj (.text._ZN8nlohmann16json_abi_v3_11_26detail9dtoa_impl13format_bufferEPciiii)
                  a120880c    00000004     --HOLE-- [fill = 0]
                  a1208810    000001da     Message.obj (.text._Z18DeserializeMessageRKNSt3__112basic_stringIcNS_11char_traitsIcEENS_9allocatorIcEEEE)
                  a12089ea    00000002     --HOLE-- [fill = 0]
                  a12089ec    000001d0     libclang_rt.builtins.a : udivsi3.S.obj (.text)
                  a1208bbc    00000004     --HOLE-- [fill = 0]
                  a1208bc0    000001cc     Configurer.obj (.text._ZNSt3__116__copy_unalignedINS_6vectorIbNS_9allocatorIbEEEELb0EEENS_14__bit_iteratorIT_Lb0ELi0EEENS5_IS6_XT0_ELi0EEES8_S7_)
                  a1208d8c    00000004     --HOLE-- [fill = 0]
                  a1208d90    000001cc     freertos.am64x.r5f.ti-arm-clang.release.lib : queue.obj (.text.xQueueSemaphoreTake)
                  a1208f5c    00000004     --HOLE-- [fill = 0]
                  a1208f60    000001c0                                                 : TimerP.obj (.text.TimerP_setup)
                  a1209120    000001b8     libc++.a : string.cpp.obj (.text._ZNSt3__112basic_stringIcNS_11char_traitsIcEENS_9allocatorIcEEE6resizeEjc)
                  a12092d8    000001b8     libc.a : memory.c.obj (.text.aligned_alloc)
                  a1209490    000001b8            : memory.c.obj (.text.free)
                  a1209648    00000008     libc++.a : memory.cpp.obj (.tramp._ZNSt3__119__shared_weak_countD2Ev.1)
                  a1209650    000001b4     RPMessageEndpoint.obj (.text._ZNK17RPMessageEndpoint7to_jsonERN8nlohmann16json_abi_v3_11_210basic_jsonINSt3__13mapENS3_6vectorENS3_12basic_stringIcNS3_11char_traitsIcEENS3_9allocatorIcEEEEbxydS9_NS1_14adl_serializerENS5_IhNS9_IhEEEEvEE)
                  a1209804    00000008     libc++.a : string.cpp.obj (.tramp._ZNSt3__112basic_stringIcNS_11char_traitsIcEENS_9allocatorIcEEEaSERKS5_.1)
                  a120980c    00000004     --HOLE-- [fill = 0]
                  a1209810    000001ae     freertos.am64x.r5f.ti-arm-clang.release.lib : queue.obj (.text.xQueueGenericSend)
                  a12099be    00000002     --HOLE-- [fill = 0]
                  a12099c0    000001a8     libc++.a : string.cpp.obj (.text._ZNSt3__112basic_stringIcNS_11char_traitsIcEENS_9allocatorIcEEE6appendEPKc)
                  a1209b68    000001a4     libc.a : fputs.c.obj (.text.fputs)
                  a1209d0c    00000004     --HOLE-- [fill = 0]
                  a1209d10    00000198     libc++.a : string.cpp.obj (.text._ZNSt3__112basic_stringIcNS_11char_traitsIcEENS_9allocatorIcEEE6appendEPKcj)
                  a1209ea8    00000008     freertos.am64x.r5f.ti-arm-clang.release.lib : portASM.obj (.tramp.vPortRestoreTaskContext.1)
                  a1209eb0    00000184                                                 : queue.obj (.text.xQueueReceive)
                  a120a034    00000008     libc++abi.a : stdlib_exception.cpp.obj (.tramp._ZNSt9exceptionD2Ev.1)
                  a120a03c    00000004     --HOLE-- [fill = 0]
                  a120a040    00000174     Configurer.obj (.text._ZN8nlohmann16json_abi_v3_11_26detail28json_sax_dom_callback_parserINS0_10basic_jsonINSt3__13mapENS4_6vectorENS4_12basic_stringIcNS4_11char_traitsIcEENS4_9allocatorIcEEEEbxydSA_NS0_14adl_serializerENS6_IhNSA_IhEEEEvEEE10end_objectEv)
                  a120a1b4    00000008     freertos.am64x.r5f.ti-arm-clang.release.lib : HwiP_armv7r_asm.obj (.tramp.HwiP_enable.1)
                  a120a1bc    00000004     --HOLE-- [fill = 0]
                  a120a1c0    00000168     libc++.a : string.cpp.obj (.text._ZNSt3__112basic_stringIcNS_11char_traitsIcEENS_9allocatorIcEEE7reserveEj)
                  a120a328    00000008     freertos.am64x.r5f.ti-arm-clang.release.lib : HwiP_armv7r_vim.obj (.tramp.HwiP_init.1)
                  a120a330    00000164     Configurer.obj (.text._ZN8nlohmann16json_abi_v3_11_26detail9dtoa_impl12grisu2_roundEPciyyyy)
                  a120a494    00000008     freertos.am64x.r5f.ti-arm-clang.release.lib : PmuP_armv7r_asm.obj (.tramp.PmuP_enableCounters.1)
                  a120a49c    00000004     --HOLE-- [fill = 0]
                  a120a4a0    00000162     TopicHandler.obj (.text._ZN12TopicHandler4pollE16ConsumerMetadata13TopicMetadata)
                  a120a602    00000002     --HOLE-- [fill = 0]
                  a120a604    00000008     libc++abi.a : stdlib_new_delete.cpp.obj (.tramp._ZdlPv.1)
                  a120a60c    00000004     --HOLE-- [fill = 0]
                  a120a610    0000015e     freertos.am64x.r5f.ti-arm-clang.release.lib : tasks.obj (.text.xTaskIncrementTick)
                  a120a76e    00000002     --HOLE-- [fill = 0]
                  a120a770    0000015c     Configurer.obj (.text._ZN8nlohmann16json_abi_v3_11_26detail10serializerINS0_10basic_jsonINSt3__13mapENS4_6vectorENS4_12basic_stringIcNS4_11char_traitsIcEENS4_9allocatorIcEEEEbxydSA_NS0_14adl_serializerENS6_IhNSA_IhEEEEvEEE12dump_integerIyLi0EEEvT_)
                  a120a8cc    00000004     --HOLE-- [fill = 0]
                  a120a8d0    00000154     libc++abi.a : private_typeinfo.cpp.obj (.text._ZNK10__cxxabiv117__class_type_info16search_below_dstEPNS_19__dynamic_cast_infoEPKvib)
                  a120aa24    00000008     freertos.am64x.r5f.ti-arm-clang.release.lib : HwiP_armv7r_vim.obj (.tramp.HwiP_inISR.1)
                  a120aa2c    00000004     --HOLE-- [fill = 0]
                  a120aa30    00000150     Configurer.obj (.text._ZN8nlohmann16json_abi_v3_11_26detail5lexerINS0_10basic_jsonINSt3__13mapENS4_6vectorENS4_12basic_stringIcNS4_11char_traitsIcEENS4_9allocatorIcEEEEbxydSA_NS0_14adl_serializerENS6_IhNSA_IhEEEEvEENS1_22iterator_input_adapterIPcEEE4scanEv)
                  a120ab80    0000014c     Configurer.obj (.text._ZN8nlohmann16json_abi_v3_11_26detail19json_sax_dom_parserINS0_10basic_jsonINSt3__13mapENS4_6vectorENS4_12basic_stringIcNS4_11char_traitsIcEENS4_9allocatorIcEEEEbxydSA_NS0_14adl_serializerENS6_IhNSA_IhEEEEvEEE12handle_valueIRbEEPSG_OT_)
                  a120accc    00000004     --HOLE-- [fill = 0]
                  a120acd0    0000014c     Configurer.obj (.text._ZN8nlohmann16json_abi_v3_11_26detail19json_sax_dom_parserINS0_10basic_jsonINSt3__13mapENS4_6vectorENS4_12basic_stringIcNS4_11char_traitsIcEENS4_9allocatorIcEEEEbxydSA_NS0_14adl_serializerENS6_IhNSA_IhEEEEvEEE12handle_valueIRdEEPSG_OT_)
                  a120ae1c    00000004     --HOLE-- [fill = 0]
                  a120ae20    0000014c     Configurer.obj (.text._ZN8nlohmann16json_abi_v3_11_26detail19json_sax_dom_parserINS0_10basic_jsonINSt3__13mapENS4_6vectorENS4_12basic_stringIcNS4_11char_traitsIcEENS4_9allocatorIcEEEEbxydSA_NS0_14adl_serializerENS6_IhNSA_IhEEEEvEEE12handle_valueIRxEEPSG_OT_)
                  a120af6c    00000004     --HOLE-- [fill = 0]
                  a120af70    0000014c     Configurer.obj (.text._ZN8nlohmann16json_abi_v3_11_26detail19json_sax_dom_parserINS0_10basic_jsonINSt3__13mapENS4_6vectorENS4_12basic_stringIcNS4_11char_traitsIcEENS4_9allocatorIcEEEEbxydSA_NS0_14adl_serializerENS6_IhNSA_IhEEEEvEEE12handle_valueIRyEEPSG_OT_)
                  a120b0bc    00000004     --HOLE-- [fill = 0]
                  a120b0c0    00000148     libc.a : _printfi.c.obj (.text.fcvt)
                  a120b208    00000144            : setvbuf.c.obj (.text.setvbuf)
                  a120b34c    00000004     --HOLE-- [fill = 0]
                  a120b350    00000140            : s_scalbn.c.obj (.text.scalbn)
                  a120b490    00000140     freertos.am64x.r5f.ti-arm-clang.release.lib : tasks.obj (.text.xTaskResumeAll)
                  a120b5d0    0000013c     Configurer.obj (.text._ZN8nlohmann16json_abi_v3_11_26detail9dtoa_impl6grisu2EPcRiS4_NS2_5diyfpES5_S5_)
                  a120b70c    00000004     --HOLE-- [fill = 0]
                  a120b710    00000138     Configurer.obj (.text._ZN8nlohmann16json_abi_v3_11_26detail8to_charsIdEEPcS3_PKcT_)
                  a120b848    00000138     libc.a : _printfi.c.obj (.text._pconv_e)
                  a120b980    00000136     freertos.am64x.r5f.ti-arm-clang.release.lib : ClockP_freertos_r5.obj (.text.ClockP_init)
                  a120bab6    00000002     --HOLE-- [fill = 0]
                  a120bab8    00000008                                                 : CacheP_armv7r.obj (.tramp.CacheP_inv.1)
                  a120bac0    00000136     drivers.am64x.r5f.ti-arm-clang.release.lib : ipc_rpmsg.obj (.text.RPMessage_recv)
                  a120bbf6    00000002     --HOLE-- [fill = 0]
                  a120bbf8    00000008     freertos.am64x.r5f.ti-arm-clang.release.lib : CacheP_armv7r_asm.obj (.tramp.CacheP_wbInv.1)
                  a120bc00    00000132     Configurer.obj (.text._ZNSt3__127__tree_balance_after_insertIPNS_16__tree_node_baseIPvEEEEvT_S5_)
                  a120bd32    00000002     --HOLE-- [fill = 0]
                  a120bd34    00000008     freertos.am64x.r5f.ti-arm-clang.release.lib : DebugP_log.obj (.tramp._DebugP_assertNoLog.1)
                  a120bd3c    00000004     --HOLE-- [fill = 0]
                  a120bd40    00000132                                                 : printf.obj (.text._ntoa_format)
                  a120be72    00000002     --HOLE-- [fill = 0]
                  a120be74    00000008                                                 : HwiP_armv7r_vim.obj (.tramp.HwiP_construct.1)
                  a120be7c    00000004     --HOLE-- [fill = 0]
                  a120be80    00000130     Configurer.obj (.text._ZN8nlohmann16json_abi_v3_11_26detail12out_of_range6createIDnLi0EEES2_iRKNSt3__112basic_stringIcNS4_11char_traitsIcEENS4_9allocatorIcEEEET_)
                  a120bfb0    0000012a     drivers.am64x.r5f.ti-arm-clang.release.lib : soc.obj (.text.SOC_moduleSetClockFrequency)
                  a120c0da    00000006     --HOLE-- [fill = 0]
                  a120c0e0    00000128     libc++abi.a : private_typeinfo.cpp.obj (.text._ZNK10__cxxabiv120__si_class_type_info16search_above_dstEPNS_19__dynamic_cast_infoEPKvS4_ib)
                  a120c208    00000008     freertos.am64x.r5f.ti-arm-clang.release.lib : HwiP_armv7r_vim.obj (.tramp.HwiP_Params_init.1)
                  a120c210    00000128     libc++.a : string.cpp.obj (.text._ZNSt3__19to_stringEi)
                  a120c338    00000008     freertos.am64x.r5f.ti-arm-clang.release.lib : HwiP_armv7r_asm.obj (.tramp.HwiP_restore.3)
                  a120c340    00000128                                                 : tasks.obj (.text.vTaskSwitchContext)
                  a120c468    00000008                                                 : HwiP_armv7r_asm.obj (.tramp.HwiP_disable.1)
                  a120c470    00000126                                                 : queue.obj (.text.xQueueGenericSendFromISR)
                  a120c596    00000002     --HOLE-- [fill = 0]
                  a120c598    00000008     libc.a : exit.c.obj (.tramp.abort.1)
                  a120c5a0    00000120     Configurer.obj (.text._ZN8nlohmann16json_abi_v3_11_26detail9dtoa_impl18compute_boundariesIdEENS2_10boundariesET_)
                  a120c6c0    00000118     libclang_rt.builtins.a : udivmoddi4.S.obj (.text)
                  a120c7d8    00000008     libc.a : aeabi_portable.c.obj (.tramp.__aeabi_assert.1)
                  a120c7e0    00000114     libc++abi.a : private_typeinfo.cpp.obj (.text._ZNK10__cxxabiv117__class_type_info16search_above_dstEPNS_19__dynamic_cast_infoEPKvS4_ib)
                  a120c8f4    0000000c     --HOLE-- [fill = 0]
                  a120c900    00000112     Configurer.obj (.text._ZN8nlohmann16json_abi_v3_11_26detail9dtoa_impl36get_cached_power_for_binary_exponentEi)
                  a120ca12    0000000e     --HOLE-- [fill = 0]
                  a120ca20    00000112     freertos.am64x.r5f.ti-arm-clang.release.lib : tasks.obj (.text.prvAddNewTaskToReadyList)
                  a120cb32    0000000e     --HOLE-- [fill = 0]
                  a120cb40    0000010c     drivers.am64x.r5f.ti-arm-clang.release.lib : ipc_rpmsg.obj (.text.RPMessage_recvHandler)
                  a120cc4c    00000004     --HOLE-- [fill = 0]
                  a120cc50    0000010c     Configurer.obj (.text._ZN8nlohmann16json_abi_v3_11_26detail19json_sax_dom_parserINS0_10basic_jsonINSt3__13mapENS4_6vectorENS4_12basic_stringIcNS4_11char_traitsIcEENS4_9allocatorIcEEEEbxydSA_NS0_14adl_serializerENS6_IhNSA_IhEEEEvEEE12handle_valueIRSC_EEPSG_OT_)
                  a120cd5c    00000004     --HOLE-- [fill = 0]
                  a120cd60    00000108     Configurer.obj (.text._ZN8nlohmann16json_abi_v3_11_26detail19json_sax_dom_parserINS0_10basic_jsonINSt3__13mapENS4_6vectorENS4_12basic_stringIcNS4_11char_traitsIcEENS4_9allocatorIcEEEEbxydSA_NS0_14adl_serializerENS6_IhNSA_IhEEEEvEEE12handle_valueIDnEEPSG_OT_)
                  a120ce68    00000008     --HOLE-- [fill = 0]
                  a120ce70    00000108     libc++.a : string.cpp.obj (.text._ZNSt3__112basic_stringIcNS_11char_traitsIcEENS_9allocatorIcEEE5eraseEjj)
                  a120cf78    00000008     --HOLE-- [fill = 0]
                  a120cf80    00000106     freertos.am64x.r5f.ti-arm-clang.release.lib : queue.obj (.text.xQueueGiveFromISR)
                  a120d086    0000000a     --HOLE-- [fill = 0]
                  a120d090    00000100     drivers.am64x.r5f.ti-arm-clang.release.lib : ipc_rpmsg.obj (.text.RPMessage_send)
                  a120d190    00000100     ti_drivers_config.obj (.text.System_init)
                  a120d290    00000100     Configurer.obj (.text._ZN8nlohmann16json_abi_v3_11_26detail19json_sax_dom_parserINS0_10basic_jsonINSt3__13mapENS4_6vectorENS4_12basic_stringIcNS4_11char_traitsIcEENS4_9allocatorIcEEEEbxydSA_NS0_14adl_serializerENS6_IhNSA_IhEEEEvEEE12handle_valueINS1_7value_tEEEPSG_OT_)
                  a120d390    00000100     Configurer.obj (.text._ZN8nlohmann16json_abi_v3_11_26detail28json_sax_dom_callback_parserINS0_10basic_jsonINSt3__13mapENS4_6vectorENS4_12basic_stringIcNS4_11char_traitsIcEENS4_9allocatorIcEEEEbxydSA_NS0_14adl_serializerENS6_IhNSA_IhEEEEvEEE11start_arrayEj)
                  a120d490    000000fe     Configurer.obj (.text._ZN8nlohmann16json_abi_v3_11_26detail28json_sax_dom_callback_parserINS0_10basic_jsonINSt3__13mapENS4_6vectorENS4_12basic_stringIcNS4_11char_traitsIcEENS4_9allocatorIcEEEEbxydSA_NS0_14adl_serializerENS6_IhNSA_IhEEEEvEEE12start_objectEj)
                  a120d58e    00000002     --HOLE-- [fill = 0]
                  a120d590    000000fe     Configurer.obj (.text._ZNSt3__16__treeINS_12__value_typeINS_12basic_stringIcNS_11char_traitsIcEENS_9allocatorIcEEEEN8nlohmann16json_abi_v3_11_210basic_jsonINS_3mapENS_6vectorES7_bxydS5_NS9_14adl_serializerENSC_IhNS5_IhEEEEvEEEENS_19__map_value_compareIS7_SH_NS_4lessIvEELb1EEENS5_ISH_EEE12__find_equalIS7_EERPNS_16__tree_node_baseIPvEENS_21__tree_const_iteratorISH_PNS_11__tree_nodeISH_SQ_EEiEERPNS_15__tree_end_nodeISS_EEST_RKT_)
                  a120d68e    00000002     --HOLE-- [fill = 0]
                  a120d690    000000fc     Configurer.obj (.text._ZN8nlohmann16json_abi_v3_11_210basic_jsonINSt3__13mapENS2_6vectorENS2_12basic_stringIcNS2_11char_traitsIcEENS2_9allocatorIcEEEEbxydS8_NS0_14adl_serializerENS4_IhNS8_IhEEEEvE5eraseINS0_6detail9iter_implISE_EELi0EEET_SJ_)
                  a120d78c    00000004     --HOLE-- [fill = 0]
                  a120d790    000000fc     Configurer.obj (.text._ZN8nlohmann16json_abi_v3_11_26detail6concatINSt3__112basic_stringIcNS3_11char_traitsIcEENS3_9allocatorIcEEEEJS9_RA12_KcS9_RA3_SA_S9_RKS9_EEET_DpOT0_)
                  a120d88c    00000004     --HOLE-- [fill = 0]
                  a120d890    000000fc     freertos.am64x.r5f.ti-arm-clang.release.lib : queue.obj (.text.xQueueGenericCreateStatic)
                  a120d98c    00000004     --HOLE-- [fill = 0]
                  a120d990    000000fa                                                 : queue.obj (.text.xQueueReceiveFromISR)
                  a120da8a    00000006     --HOLE-- [fill = 0]
                  a120da90    000000f8     libc++.a : string.cpp.obj (.text._ZNSt3__112basic_stringIcNS_11char_traitsIcEENS_9allocatorIcEEE9push_backEc)
                  a120db88    00000008     --HOLE-- [fill = 0]
                  a120db90    000000ee     Record.obj (.text._ZN8nlohmann16json_abi_v3_11_210basic_jsonINSt3__13mapENS2_6vectorENS2_12basic_stringIcNS2_11char_traitsIcEENS2_9allocatorIcEEEEbxydS8_NS0_14adl_serializerENS4_IhNS8_IhEEEEvEC2ESt16initializer_listINS0_6detail8json_refISE_EEEbNSG_7value_tE)
                  a120dc7e    00000002     --HOLE-- [fill = 0]
                  a120dc80    000000ee     Configurer.obj (.text._ZN8nlohmann16json_abi_v3_11_26detail11parse_error6createIDnLi0EEES2_iRKNS1_10position_tERKNSt3__112basic_stringIcNS7_11char_traitsIcEENS7_9allocatorIcEEEET_)
                  a120dd6e    00000002     --HOLE-- [fill = 0]
                  a120dd70    000000ee     RealTopic.obj (.text._ZN9RealTopic4pollE16ConsumerMetadata)
                  a120de5e    00000002     --HOLE-- [fill = 0]
                  a120de60    000000ee     freertos.am64x.r5f.ti-arm-clang.release.lib : tasks.obj (.text.vTaskDelete)
                  a120df4e    00000002     --HOLE-- [fill = 0]
                  a120df50    000000e8     libc.a : fputc.c.obj (.text.fputc)
                  a120e038    00000008     --HOLE-- [fill = 0]
                  a120e040    000000e4     TopicHandler.obj (.text._ZNSt3__16__treeINS_12__value_typeI16ConsumerMetadataiEENS_19__map_value_compareIS2_S3_NS_4lessIS2_EELb1EEENS_9allocatorIS3_EEE12__find_equalIS2_EERPNS_16__tree_node_baseIPvEENS_21__tree_const_iteratorIS3_PNS_11__tree_nodeIS3_SD_EEiEERPNS_15__tree_end_nodeISF_EESG_RKT_)
                  a120e124    0000000c     --HOLE-- [fill = 0]
                  a120e130    000000e2     drivers.am64x.r5f.ti-arm-clang.release.lib : ipc_rpmsg.obj (.text.RPMessage_init)
                  a120e212    0000000e     --HOLE-- [fill = 0]
                  a120e220    000000da     Broker.obj (.text._ZN6Broker5startEv)
                  a120e2fa    00000006     --HOLE-- [fill = 0]
                  a120e300    000000d6     TopicHandler.obj (.text._ZN12TopicHandler14findTopicIndexE13TopicMetadata)
                  a120e3d6    0000000a     --HOLE-- [fill = 0]
                  a120e3e0    000000d6     Configurer.obj (.text._ZNSt3__114__copy_alignedINS_6vectorIbNS_9allocatorIbEEEELb0EEENS_14__bit_iteratorIT_Lb0ELi0EEENS5_IS6_XT0_ELi0EEES8_S7_)
                  a120e4b6    0000000a     --HOLE-- [fill = 0]
                  a120e4c0    000000d2     Configurer.obj (.text._ZN8nlohmann16json_abi_v3_11_26detail19json_sax_dom_parserINS0_10basic_jsonINSt3__13mapENS4_6vectorENS4_12basic_stringIcNS4_11char_traitsIcEENS4_9allocatorIcEEEEbxydSA_NS0_14adl_serializerENS6_IhNSA_IhEEEEvEEE11start_arrayEj)
                  a120e592    0000000e     --HOLE-- [fill = 0]
                  a120e5a0    000000ce     Configurer.obj (.text._ZN8nlohmann16json_abi_v3_11_26detail19json_sax_dom_parserINS0_10basic_jsonINSt3__13mapENS4_6vectorENS4_12basic_stringIcNS4_11char_traitsIcEENS4_9allocatorIcEEEEbxydSA_NS0_14adl_serializerENS6_IhNSA_IhEEEEvEEE12start_objectEj)
                  a120e66e    00000002     --HOLE-- [fill = 0]
                  a120e670    000000ce     freertos.am64x.r5f.ti-arm-clang.release.lib : tasks.obj (.text.vTaskPriorityDisinheritAfterTimeout)
                  a120e73e    00000002     --HOLE-- [fill = 0]
                  a120e740    000000cc                                                 : timers.obj (.text.prvSampleTimeNow)
                  a120e80c    00000004     --HOLE-- [fill = 0]
                  a120e810    000000ca     Record.obj (.text._ZNK6Record7to_jsonERN8nlohmann16json_abi_v3_11_210basic_jsonINSt3__13mapENS3_6vectorENS3_12basic_stringIcNS3_11char_traitsIcEENS3_9allocatorIcEEEEbxydS9_NS1_14adl_serializerENS5_IhNS9_IhEEEEvEE)
                  a120e8da    00000006     --HOLE-- [fill = 0]
                  a120e8e0    000000c8     drivers.am64x.r5f.ti-arm-clang.release.lib : ipc_notify_v0.obj (.text.IpcNotify_sendMsg)
                  a120e9a8    00000008     --HOLE-- [fill = 0]
                  a120e9b0    000000c8     libc++.a : string.cpp.obj (.text._ZNSt3__112basic_stringIcNS_11char_traitsIcEENS_9allocatorIcEEEC2ERKS5_jjRKS4_)
                  a120ea78    000000c8     libc.a : getdevice.c.obj (.text.getdevice)
                  a120eb40    000000c6     drivers.am64x.r5f.ti-arm-clang.release.lib : ipc_notify_v0.obj (.text.IpcNotify_isr)
                  a120ec06    0000000a     --HOLE-- [fill = 0]
                  a120ec10    000000c6     freertos.am64x.r5f.ti-arm-clang.release.lib : tasks.obj (.text.prvInitialiseNewTask)
                  a120ecd6    0000000a     --HOLE-- [fill = 0]
                  a120ece0    000000c6                                                 : tasks.obj (.text.xTaskCreateStatic)
                  a120eda6    0000000a     --HOLE-- [fill = 0]
                  a120edb0    000000c4     Configurer.obj (.text._ZN8nlohmann16json_abi_v3_11_26detail28json_sax_dom_callback_parserINS0_10basic_jsonINSt3__13mapENS4_6vectorENS4_12basic_stringIcNS4_11char_traitsIcEENS4_9allocatorIcEEEEbxydSA_NS0_14adl_serializerENS6_IhNSA_IhEEEEvEEE9end_arrayEv)
                  a120ee74    0000000c     --HOLE-- [fill = 0]
                  a120ee80    000000c4     Configurer.obj (.text._ZNSt3__120back_insert_iteratorINS_6vectorIN8nlohmann16json_abi_v3_11_210basic_jsonINS_3mapES1_NS_12basic_stringIcNS_11char_traitsIcEENS_9allocatorIcEEEEbxydS9_NS3_14adl_serializerENS1_IhNS9_IhEEEEvEENS9_ISF_EEEEEaSEOSF_)
                  a120ef44    0000000c     --HOLE-- [fill = 0]
                  a120ef50    000000c2     TopicHandler.obj (.text._ZN12TopicHandler15addHandledTopicE13TopicMetadata)
                  a120f012    0000000e     --HOLE-- [fill = 0]
                  a120f020    000000c2     Configurer.obj (.text._ZN8nlohmann16json_abi_v3_11_26detail28json_sax_dom_callback_parserINS0_10basic_jsonINSt3__13mapENS4_6vectorENS4_12basic_stringIcNS4_11char_traitsIcEENS4_9allocatorIcEEEEbxydSA_NS0_14adl_serializerENS6_IhNSA_IhEEEEvEEE3keyERSC_)
                  a120f0e2    0000000e     --HOLE-- [fill = 0]
                  a120f0f0    000000c2     Configurer.obj (.text._ZN8nlohmann16json_abi_v3_11_26detail5lexerINS0_10basic_jsonINSt3__13mapENS4_6vectorENS4_12basic_stringIcNS4_11char_traitsIcEENS4_9allocatorIcEEEEbxydSA_NS0_14adl_serializerENS6_IhNSA_IhEEEEvEENS1_22iterator_input_adapterIPcEEE3getEv)
                  a120f1b2    0000000e     --HOLE-- [fill = 0]
                  a120f1c0    000000c0     Configurer.obj (.text._ZN8nlohmann16json_abi_v3_11_26detail9dtoa_impl6grisu2IdEEvPcRiS5_T_)
                  a120f280    000000c0     libc.a : _printfi.c.obj (.text._mcpy)
                  a120f340    000000c0     freertos.am64x.r5f.ti-arm-clang.release.lib : tasks.obj (.text.xTaskCheckForTimeOut)
                  a120f400    000000be     drivers.am64x.r5f.ti-arm-clang.release.lib : ipc_rpmsg_vring.obj (.text.RPMessage_vringReset)
                  a120f4be    00000002     --HOLE-- [fill = 0]
                  a120f4c0    000000bc                                                : pinmux.obj (.text.Pinmux_config)
                  a120f57c    00000004     --HOLE-- [fill = 0]
                  a120f580    000000bc     Configurer.obj (.text._ZNSt3__16vectorIN8nlohmann16json_abi_v3_11_210basic_jsonINS_3mapES0_NS_12basic_stringIcNS_11char_traitsIcEENS_9allocatorIcEEEEbxydS8_NS2_14adl_serializerENS0_IhNS8_IhEEEEvEENS8_ISE_EEE12emplace_backIJSE_EEEvDpOT_)
                  a120f63c    00000004     --HOLE-- [fill = 0]
                  a120f640    000000ba     freertos.am64x.r5f.ti-arm-clang.release.lib : tasks.obj (.text.vTaskStartScheduler)
                  a120f6fa    00000002     --HOLE-- [fill = 0]
                  a120f6fc    000000b4     libc.a : fclose.c.obj (.text.__TI_closefile)
                  a120f7b0    000000b4            : fseek.c.obj (.text.fseeko)
                  a120f864    0000000c     --HOLE-- [fill = 0]
                  a120f870    000000b2     freertos.am64x.r5f.ti-arm-clang.release.lib : tasks.obj (.text.eTaskGetState)
                  a120f922    0000000e     --HOLE-- [fill = 0]
                  a120f930    000000b0                                                 : DebugP_memTraceLogWriter.obj (.text.DebugP_memLogWriterPutChar)
                  a120f9e0    000000b0     Configurer.obj (.text._ZN8nlohmann16json_abi_v3_11_26detail6concatINSt3__112basic_stringIcNS3_11char_traitsIcEENS3_9allocatorIcEEEEJRA17_KcRKS9_cS9_RA3_SA_EEET_DpOT0_)
                  a120fa90    000000b0     Configurer.obj (.text._ZNK8nlohmann16json_abi_v3_11_210basic_jsonINSt3__13mapENS2_6vectorENS2_12basic_stringIcNS2_11char_traitsIcEENS2_9allocatorIcEEEEbxydS8_NS0_14adl_serializerENS4_IhNS8_IhEEEEvE4dumpEicbNS0_6detail15error_handler_tE)
                  a120fb40    000000b0     libc++.a : stdexcept.cpp.obj (.text._ZNSt13runtime_errorC2EPKc)
                  a120fbf0    000000b0     freertos.am64x.r5f.ti-arm-clang.release.lib : printf.obj (.text._ntoa_long_long)
                  a120fca0    000000ae                                                 : TaskP_freertos.obj (.text.TaskP_loadUpdateAll)
                  a120fd4e    00000002     --HOLE-- [fill = 0]
                  a120fd50    000000ae                                                 : tasks.obj (.text.xTaskPriorityDisinherit)
                  a120fdfe    00000002     --HOLE-- [fill = 0]
                  a120fe00    000000ac     drivers.am64x.r5f.ti-arm-clang.release.lib : ipc_rpmsg_vring.obj (.text.RPMessage_vringResetLinux)
                  a120feac    00000004     --HOLE-- [fill = 0]
                  a120feb0    000000aa                                                : ipc_rpmsg_vring.obj (.text.RPMessage_vringGetFullRxBuf)
                  a120ff5a    00000006     --HOLE-- [fill = 0]
                  a120ff60    000000a8     libc++.a : string.cpp.obj (.text._ZNKSt3__112basic_stringIcNS_11char_traitsIcEENS_9allocatorIcEEE7compareEjjPKcj)
                  a1210008    00000008     --HOLE-- [fill = 0]
                  a1210010    000000a8              : string.cpp.obj (.text._ZNSt3__19to_stringEj)
                  a12100b8    000000a8     libc.a : fflush.c.obj (.text.fflush)
                  a1210160    000000a6     freertos.am64x.r5f.ti-arm-clang.release.lib : printf.obj (.text._out_rev)
                  a1210206    0000000a     --HOLE-- [fill = 0]
                  a1210210    000000a4     drivers.am64x.r5f.ti-arm-clang.release.lib : sciclient_pm.obj (.text.Sciclient_pmQueryModuleClkFreq)
                  a12102b4    0000000c     --HOLE-- [fill = 0]
                  a12102c0    000000a4     libc++abi.a : private_typeinfo.cpp.obj (.text._ZNK10__cxxabiv120__si_class_type_info27has_unambiguous_public_baseEPNS_19__dynamic_cast_infoEPvi)
                  a1210364    0000000c     --HOLE-- [fill = 0]
                  a1210370    000000a4     Configurer.obj (.text._ZNSt3__16vectorIN8nlohmann16json_abi_v3_11_210basic_jsonINS_3mapES0_NS_12basic_stringIcNS_11char_traitsIcEENS_9allocatorIcEEEEbxydS8_NS2_14adl_serializerENS0_IhNS8_IhEEEEvEENS8_ISE_EEE12emplace_backIJRSA_EEEvDpOT_)
                  a1210414    000000a4     libc.a : memory.c.obj (.text.split)
                  a12104b8    00000008     --HOLE-- [fill = 0]
                  a12104c0    000000a2     freertos.am64x.r5f.ti-arm-clang.release.lib : tasks.obj (.text.xTaskRemoveFromEventList)
                  a1210562    00000002     --HOLE-- [fill = 0]
                  a1210564    000000a0     libsysbm.a : hostrename.c.obj (.text.HOSTrename)
                  a1210604    0000000c     --HOLE-- [fill = 0]
                  a1210610    000000a0     TopicHandler.obj (.text._ZN12TopicHandler9subscribeE16ConsumerMetadata13TopicMetadata)
                  a12106b0    000000a0     Configurer.obj (.text._ZN8nlohmann16json_abi_v3_11_26detail5lexerINS0_10basic_jsonINSt3__13mapENS4_6vectorENS4_12basic_stringIcNS4_11char_traitsIcEENS4_9allocatorIcEEEEbxydSA_NS0_14adl_serializerENS6_IhNSA_IhEEEEvEENS1_22iterator_input_adapterIPcEEE13get_codepointEv)
                  a1210750    000000a0     Configurer.obj (.text._ZN8nlohmann16json_abi_v3_11_26detail6concatINSt3__112basic_stringIcNS3_11char_traitsIcEENS3_9allocatorIcEEEEJRA10_KcS9_SC_S9_EEET_DpOT0_)
                  a12107f0    0000009e     drivers.am64x.r5f.ti-arm-clang.release.lib : ipc_rpmsg_vring.obj (.text.RPMessage_vringPutEmptyRxBuf)
                  a121088e    00000002     --HOLE-- [fill = 0]
                  a1210890    0000009e     embedded_kafka.obj (.text._Z6brokerii)
                  a121092e    00000002     --HOLE-- [fill = 0]
                  a1210930    0000009c     libc.a : _io_perm.c.obj (.text.__TI_wrt_ok)
                  a12109cc    00000004     --HOLE-- [fill = 0]
                  a12109d0    0000009a     drivers.am64x.r5f.ti-arm-clang.release.lib : sciclient.obj (.text.Sciclient_init)
                  a1210a6a    00000006     --HOLE-- [fill = 0]
                  a1210a70    0000009a                                                : sciclient.obj (.text.Sciclient_sendMessage)
                  a1210b0a    00000006     --HOLE-- [fill = 0]
                  a1210b10    0000009a     Configurer.obj (.text._ZNSt3__16vectorIN8nlohmann16json_abi_v3_11_210basic_jsonINS_3mapES0_NS_12basic_stringIcNS_11char_traitsIcEENS_9allocatorIcEEEEbxydS8_NS2_14adl_serializerENS0_IhNS8_IhEEEEvEENS8_ISE_EEE12emplace_backIJDnEEEvDpOT_)
                  a1210baa    00000002     --HOLE-- [fill = 0]
                  a1210bac    00000098     libsysbm.a : hostlseek.c.obj (.text.HOSTlseek)
                  a1210c44    0000000c     --HOLE-- [fill = 0]
                  a1210c50    00000098     drivers.am64x.r5f.ti-arm-clang.release.lib : ipc_rpmsg.obj (.text.RPMessage_coreInit)
                  a1210ce8    00000008     --HOLE-- [fill = 0]
                  a1210cf0    00000098     libc++.a : string.cpp.obj (.text._ZNKSt3__112basic_stringIcNS_11char_traitsIcEENS_9allocatorIcEEE7compareEPKc)
                  a1210d88    00000008     --HOLE-- [fill = 0]
                  a1210d90    00000098              : string.cpp.obj (.text._ZNSt3__112basic_stringIcNS_11char_traitsIcEENS_9allocatorIcEEEC2ERKS5_)
                  a1210e28    00000008     --HOLE-- [fill = 0]
                  a1210e30    00000098     Configurer.obj (.text._ZNSt3__16vectorIN8nlohmann16json_abi_v3_11_210basic_jsonINS_3mapES0_NS_12basic_stringIcNS_11char_traitsIcEENS_9allocatorIcEEEEbxydS8_NS2_14adl_serializerENS0_IhNS8_IhEEEEvEENS8_ISE_EEE12emplace_backIJNS2_6detail7value_tEEEEvDpOT_)
                  a1210ec8    00000098     libc.a : fprintf.c.obj (.text.fprintf)
                  a1210f60    00000096     freertos.am64x.r5f.ti-arm-clang.release.lib : tasks.obj (.text.vTaskGetInfo)
                  a1210ff6    00000002     --HOLE-- [fill = 0]
                  a1210ff8    00000094     libsysbm.a : hostopen.c.obj (.text.HOSTopen)
                  a121108c    00000004     --HOLE-- [fill = 0]
                  a1211090    00000094     libc++abi.a : private_typeinfo.cpp.obj (.text._ZNK10__cxxabiv117__class_type_info27has_unambiguous_public_baseEPNS_19__dynamic_cast_infoEPvi)
                  a1211124    0000000c     --HOLE-- [fill = 0]
                  a1211130    00000092     drivers.am64x.r5f.ti-arm-clang.release.lib : ipc_rpmsg_vring.obj (.text.RPMessage_vringGetEmptyTxBuf)
                  a12111c2    0000000e     --HOLE-- [fill = 0]
                  a12111d0    00000092                                                : sciclient_pm.obj (.text.Sciclient_pmSetModuleClkFreq)
                  a1211262    0000000e     --HOLE-- [fill = 0]
                  a1211270    00000092     Configurer.obj (.text._ZNK8nlohmann16json_abi_v3_11_210basic_jsonINSt3__13mapENS2_6vectorENS2_12basic_stringIcNS2_11char_traitsIcEENS2_9allocatorIcEEEEbxydS8_NS0_14adl_serializerENS4_IhNS8_IhEEEEvE16assert_invariantEb)
                  a1211302    0000000e     --HOLE-- [fill = 0]
                  a1211310    00000090     freertos.am64x.r5f.ti-arm-clang.release.lib : tasks.obj (.text.xTaskPriorityInherit)
                  a12113a0    0000008e     Configurer.obj (.text._ZN8nlohmann16json_abi_v3_11_26detail9dtoa_impl5diyfp12normalize_toERKS3_i)
                  a121142e    00000002     --HOLE-- [fill = 0]
                  a1211430    0000008e     freertos.am64x.r5f.ti-arm-clang.release.lib : port.obj (.text.pxPortInitialiseStack)
                  a12114be    00000002     --HOLE-- [fill = 0]
                  a12114c0    0000008c     drivers.am64x.r5f.ti-arm-clang.release.lib : ipc_rpmsg_vring.obj (.text.RPMessage_vringResetInternal)
                  a121154c    00000004     --HOLE-- [fill = 0]
                  a1211550    0000008c     Configurer.obj (.text._ZNSt3__16vectorIbNS_9allocatorIbEEE18__construct_at_endINS_14__bit_iteratorIS3_Lb0ELj0EEEEENS_9enable_ifIXsr27__is_cpp17_forward_iteratorIT_EE5valueEvE4typeES8_S8_)
                  a12115dc    00000004     --HOLE-- [fill = 0]
                  a12115e0    0000008c     freertos.am64x.r5f.ti-arm-clang.release.lib : printf.obj (.text._ntoa_long)
                  a121166c    0000008c     libsysbm.a : close.c.obj (.text.close)
                  a12116f8    00000008     --HOLE-- [fill = 0]
                  a1211700    00000088     Broker.obj (.text._ZN8nlohmann16json_abi_v3_11_210basic_jsonINSt3__13mapENS2_6vectorENS2_12basic_stringIcNS2_11char_traitsIcEENS2_9allocatorIcEEEEbxydS8_NS0_14adl_serializerENS4_IhNS8_IhEEEEvE5parseIRA1024_cEESE_OT_NS2_8functionIFbiNS0_6detail13parse_event_tERSE_EEEbb)
                  a1211788    00000008     --HOLE-- [fill = 0]
                  a1211790    00000088     Configurer.obj (.text._ZN8nlohmann16json_abi_v3_11_26detail10serializerINS0_10basic_jsonINSt3__13mapENS4_6vectorENS4_12basic_stringIcNS4_11char_traitsIcEENS4_9allocatorIcEEEEbxydSA_NS0_14adl_serializerENS6_IhNSA_IhEEEEvEEEC2ENS4_10shared_ptrINS1_23output_adapter_protocolIcEEEEcNS1_15error_handler_tE)
                  a1211818    00000008     --HOLE-- [fill = 0]
                  a1211820    00000088     RealTopic.obj (.text._ZN9RealTopic7publishE16ProducerMetadata6Record)
                  a12118a8    00000008     --HOLE-- [fill = 0]
                  a12118b0    00000088     Configurer.obj (.text._ZNK8nlohmann16json_abi_v3_11_26detail9iter_implINS0_10basic_jsonINSt3__13mapENS4_6vectorENS4_12basic_stringIcNS4_11char_traitsIcEENS4_9allocatorIcEEEEbxydSA_NS0_14adl_serializerENS6_IhNSA_IhEEEEvEEEdeEv)
                  a1211938    00000088     libc.a : fflush.c.obj (.text.__TI_doflush)
                  a12119c0    00000088            : _ltoa.c.obj (.text.__TI_ltoa)
                  a1211a48    00000088            : _printfi.c.obj (.text._ecpy)
                  a1211ad0    00000086     freertos.am64x.r5f.ti-arm-clang.release.lib : DebugP_memTraceLogWriter.obj (.text.DebugP_memTraceLogWriterPutLine)
                  a1211b56    0000000a     --HOLE-- [fill = 0]
                  a1211b60    00000086     Configurer.obj (.text._ZNK8nlohmann16json_abi_v3_11_26detail9iter_implINS0_10basic_jsonINSt3__13mapENS4_6vectorENS4_12basic_stringIcNS4_11char_traitsIcEENS4_9allocatorIcEEEEbxydSA_NS0_14adl_serializerENS6_IhNSA_IhEEEEvEEEptEv)
                  a1211be6    0000000a     --HOLE-- [fill = 0]
                  a1211bf0    00000086     freertos.am64x.r5f.ti-arm-clang.release.lib : timers.obj (.text.xTimerCreateTimerTask)
                  a1211c76    00000002     --HOLE-- [fill = 0]
                  a1211c78    00000084     libsysbm.a : hostread.c.obj (.text.HOSTread)
                  a1211cfc    00000084                : hostwrite.c.obj (.text.HOSTwrite)
                  a1211d80    00000084     freertos.am64x.r5f.ti-arm-clang.release.lib : tasks.obj (.text.prvAddCurrentTaskToDelayedList)
                  a1211e04    0000000c     --HOLE-- [fill = 0]
                  a1211e10    00000082     RPMessageCommunication.obj (.text._ZN22RPMessageCommunicationC2ERK17RPMessageEndpointRK6Logger)
                  a1211e92    0000000e     --HOLE-- [fill = 0]
                  a1211ea0    00000082     Configurer.obj (.text._ZN8nlohmann16json_abi_v3_11_26detail10serializerINS0_10basic_jsonINSt3__13mapENS4_6vectorENS4_12basic_stringIcNS4_11char_traitsIcEENS4_9allocatorIcEEEEbxydSA_NS0_14adl_serializerENS6_IhNSA_IhEEEEvEEE12dump_integerIhLi0EEEvT_)
                  a1211f22    0000000e     --HOLE-- [fill = 0]
                  a1211f30    00000080     TopicHandler.obj (.text._ZN12TopicHandler11unsubscribeE16ConsumerMetadata13TopicMetadata)
                  a1211fb0    00000080     Configurer.obj (.text._ZN8nlohmann16json_abi_v3_11_26detail19json_sax_dom_parserINS0_10basic_jsonINSt3__13mapENS4_6vectorENS4_12basic_stringIcNS4_11char_traitsIcEENS4_9allocatorIcEEEEbxydSA_NS0_14adl_serializerENS6_IhNSA_IhEEEEvEEE3keyERSC_)
                  a1212030    00000080     main.obj (.text.main)
                  a12120b0    00000080     freertos.am64x.r5f.ti-arm-clang.release.lib : queue.obj (.text.prvCopyDataToQueue)
                  a1212130    00000080                                                 : queue.obj (.text.xQueueGenericReset)
                  a12121b0    0000007c     drivers.am64x.r5f.ti-arm-clang.release.lib : ipc_rpmsg.obj (.text.RPMessage_construct)
                  a121222c    00000004     --HOLE-- [fill = 0]
                  a1212230    0000007c                                                : ipc_rpmsg.obj (.text.RPMessage_waitForLinuxReady)
                  a12122ac    0000007c     libc.a : _printfi.c.obj (.text._pconv_f)
                  a1212328    0000007c            : s_frexp.c.obj (.text.frexp)
                  a12123a4    0000000c     --HOLE-- [fill = 0]
                  a12123b0    0000007a     drivers.am64x.r5f.ti-arm-clang.release.lib : sciclient_pm.obj (.text.Sciclient_pmGetModuleClkNumParent)
                  a121242a    00000006     --HOLE-- [fill = 0]
                  a1212430    0000007a     freertos.am64x.r5f.ti-arm-clang.release.lib : timers.obj (.text.prvCheckForValidListAndQueue)
                  a12124aa    00000006     --HOLE-- [fill = 0]
                  a12124b0    0000007a                                                 : tasks.obj (.text.prvIdleTask)
                  a121252a    00000006     --HOLE-- [fill = 0]
                  a1212530    00000078     Configurer.obj (.text._ZN8nlohmann16json_abi_v3_11_26detail5lexerINS0_10basic_jsonINSt3__13mapENS4_6vectorENS4_12basic_stringIcNS4_11char_traitsIcEENS4_9allocatorIcEEEEbxydSA_NS0_14adl_serializerENS6_IhNSA_IhEEEEvEENS1_22iterator_input_adapterIPcEEE18next_byte_in_rangeESt16initializer_listIiE)
                  a12125a8    00000078     libc.a : snprintf.c.obj (.text.snprintf)
                  a1212620    00000076     freertos.am64x.r5f.ti-arm-clang.release.lib : DebugP_freertos.obj (.text._DebugP_logZone)
                  a1212696    0000000a     --HOLE-- [fill = 0]
                  a12126a0    00000076     Broker.obj (.text._ZN6BrokerC2E17CommunicationTypeRK8EndpointRK6Logger14BrokerMetadatabb)
                  a1212716    0000000a     --HOLE-- [fill = 0]
                  a1212720    00000076     freertos.am64x.r5f.ti-arm-clang.release.lib : timers.obj (.text.xTimerGenericCommand)
                  a1212796    0000000a     --HOLE-- [fill = 0]
                  a12127a0    00000074     Configurer.obj (.text._ZNSt3__16vectorIbNS_9allocatorIbEEE9push_backERKb)
                  a1212814    0000000c     --HOLE-- [fill = 0]
                  a1212820    00000072     RPMessageCommunication.obj (.text._ZN22RPMessageCommunication4readEPcjR8Endpoint)
                  a1212892    0000000e     --HOLE-- [fill = 0]
                  a12128a0    00000072     freertos.am64x.r5f.ti-arm-clang.release.lib : queue.obj (.text.prvUnlockQueue)
                  a1212912    0000000e     --HOLE-- [fill = 0]
                  a1212920    00000070                                                 : SemaphoreP_freertos.obj (.text.SemaphoreP_constructBinary)
                  a1212990    00000070     libc.a : atoi.c.obj (.text.atoi)
                  a1212a00    0000006e     drivers.am64x.r5f.ti-arm-clang.release.lib : soc.obj (.text.SOC_moduleClockEnable)
                  a1212a6e    00000002     --HOLE-- [fill = 0]
                  a1212a70    0000006e                                                : sciclient_pm.obj (.text.Sciclient_pmGetModuleState)
                  a1212ade    00000002     --HOLE-- [fill = 0]
                  a1212ae0    0000006c     libsysbm.a : hostunlink.c.obj (.text.HOSTunlink)
                  a1212b4c    00000004     --HOLE-- [fill = 0]
                  a1212b50    0000006c     Configurer.obj (.text._ZN8nlohmann16json_abi_v3_11_210basic_jsonINSt3__13mapENS2_6vectorENS2_12basic_stringIcNS2_11char_traitsIcEENS2_9allocatorIcEEEEbxydS8_NS0_14adl_serializerENS4_IhNS8_IhEEEEvEC2ERKSE_)
                  a1212bbc    0000006c     libc.a : aeabi_portable.c.obj (.text.__aeabi_assert)
                  a1212c28    0000006c            : getdevice.c.obj (.text.finddevice)
                  a1212c94    0000000c     --HOLE-- [fill = 0]
                  a1212ca0    0000006a     RPMessageCommunication.obj (.text._ZN22RPMessageCommunication5writeEPKcjRK8Endpoint)
                  a1212d0a    00000006     --HOLE-- [fill = 0]
                  a1212d10    0000006a     Configurer.obj (.text._ZN8nlohmann16json_abi_v3_11_26detail5lexerINS0_10basic_jsonINSt3__13mapENS4_6vectorENS4_12basic_stringIcNS4_11char_traitsIcEENS4_9allocatorIcEEEEbxydSA_NS0_14adl_serializerENS6_IhNSA_IhEEEEvEENS1_22iterator_input_adapterIPcEEE12scan_commentEv)
                  a1212d7a    00000006     --HOLE-- [fill = 0]
                  a1212d80    0000006a     Configurer.obj (.text._ZN8nlohmann16json_abi_v3_11_26detail5lexerINS0_10basic_jsonINSt3__13mapENS4_6vectorENS4_12basic_stringIcNS4_11char_traitsIcEENS4_9allocatorIcEEEEbxydSA_NS0_14adl_serializerENS6_IhNSA_IhEEEEvEENS1_22iterator_input_adapterIPcEEE5resetEv)
                  a1212dea    00000006     --HOLE-- [fill = 0]
                  a1212df0    0000006a     Configurer.obj (.text._ZN8nlohmann16json_abi_v3_11_26detail9dtoa_impl5diyfp3subERKS3_S5_)
                  a1212e5a    00000006     --HOLE-- [fill = 0]
                  a1212e60    0000006a     TI_DebugLogger.obj (.text._ZNK14TI_DebugLogger3logEPKcz)
                  a1212eca    00000006     --HOLE-- [fill = 0]
                  a1212ed0    0000006a     TI_DebugLogger.obj (.text._ZNK14TI_DebugLogger8logErrorEPKcz)
                  a1212f3a    00000006     --HOLE-- [fill = 0]
                  a1212f40    00000068     freertos.am64x.r5f.ti-arm-clang.release.lib : AddrTranslateP.obj (.text.AddrTranslateP_getLocalAddr)
                  a1212fa8    00000068     libsysbm.a : hosttime.c.obj (.text.HOSTtime64)
                  a1213010    00000068     Configurer.obj (.text._ZN8nlohmann16json_abi_v3_11_26detail6parserINS0_10basic_jsonINSt3__13mapENS4_6vectorENS4_12basic_stringIcNS4_11char_traitsIcEENS4_9allocatorIcEEEEbxydSA_NS0_14adl_serializerENS6_IhNSA_IhEEEEvEENS1_22iterator_input_adapterIPcEEEC2EOSJ_NS4_8functionIFbiNS1_13parse_event_tERSG_EEEbb)
                  a1213078    00000008     --HOLE-- [fill = 0]
                  a1213080    00000068     RealTopic.obj (.text._ZN9RealTopic9subscribeE16ConsumerMetadata)
                  a12130e8    00000008     --HOLE-- [fill = 0]
                  a12130f0    00000068     Configurer.obj (.text._ZNSt3__16vectorIbNS_9allocatorIbEEE7reserveEj)
                  a1213158    00000068     libc.a : vsnprintf.c.obj (.text.vsnprintf)
                  a12131c0    00000066     drivers.am64x.r5f.ti-arm-clang.release.lib : ipc_rpmsg.obj (.text.RPMessage_getEndPtMsg)
                  a1213226    0000000a     --HOLE-- [fill = 0]
                  a1213230    00000066                                                : sciclient_pm.obj (.text.Sciclient_pmGetModuleClkFreq)
                  a1213296    0000000a     --HOLE-- [fill = 0]
                  a12132a0    00000066                                                : sciclient_pm.obj (.text.Sciclient_pmGetModuleClkParent)
                  a1213306    0000000a     --HOLE-- [fill = 0]
                  a1213310    00000064                                                : sciclient_pm.obj (.text.Sciclient_pmModuleGetClkStatus)
                  a1213374    0000000c     --HOLE-- [fill = 0]
                  a1213380    00000064     TopicHandler.obj (.text._ZNSt3__19allocatorI9RealTopicE9constructIS1_JRKS1_EEEvPT_DpOT0_)
                  a12133e4    0000000c     --HOLE-- [fill = 0]
                  a12133f0    00000064     TopicHandler.obj (.text._ZNSt3__19allocatorI9RealTopicE9constructIS1_JS1_EEEvPT_DpOT0_)
                  a1213454    0000000c     --HOLE-- [fill = 0]
                  a1213460    00000064     freertos.am64x.r5f.ti-arm-clang.release.lib : PmuP_armv7r.obj (.text.pmu)
                  a12134c4    0000000c     --HOLE-- [fill = 0]
                  a12134d0    00000064                                                 : queue.obj (.text.vQueueDelete)
                  a1213534    00000060     libsysbm.a : hostclose.c.obj (.text.HOSTclose)
                  a1213594    0000000c     --HOLE-- [fill = 0]
                  a12135a0    00000060     embedded_kafka.obj (.text._Z12waitingLinuxv)
                  a1213600    00000060     Broker.obj (.text._ZN6Broker18createTestingTopicEv)
                  a1213660    00000060     Configurer.obj (.text._ZN8nlohmann16json_abi_v3_11_26detail10serializerINS0_10basic_jsonINSt3__13mapENS4_6vectorENS4_12basic_stringIcNS4_11char_traitsIcEENS4_9allocatorIcEEEEbxydSA_NS0_14adl_serializerENS6_IhNSA_IhEEEEvEEE10dump_floatEd)
                  a12136c0    0000005e     drivers.am64x.r5f.ti-arm-clang.release.lib : ipc_rpmsg_vring.obj (.text.RPMessage_vringPutFullTxBuf)
                  a121371e    00000002     --HOLE-- [fill = 0]
                  a1213720    0000005e                                                : sciclient_pm.obj (.text.Sciclient_pmModuleClkRequest)
                  a121377e    00000002     --HOLE-- [fill = 0]
                  a1213780    0000005e                                                : sciclient_pm.obj (.text.Sciclient_pmSetModuleClkParent)
                  a12137de    00000002     --HOLE-- [fill = 0]
                  a12137e0    0000005e     Configurer.obj (.text._ZN8nlohmann16json_abi_v3_11_26detail5lexerINS0_10basic_jsonINSt3__13mapENS4_6vectorENS4_12basic_stringIcNS4_11char_traitsIcEENS4_9allocatorIcEEEEbxydSA_NS0_14adl_serializerENS6_IhNSA_IhEEEEvEENS1_22iterator_input_adapterIPcEEE12scan_literalEPKcjNS1_10lexer_baseISG_E10token_typeE)
                  a121383e    00000002     --HOLE-- [fill = 0]
                  a1213840    0000005e     RealTopic.obj (.text._ZN9RealTopic11unsubscribeE16ConsumerMetadata)
                  a121389e    00000002     --HOLE-- [fill = 0]
                  a12138a0    0000005e     Record.obj (.text._ZNSt3__16__treeINS_12__value_typeINS_12basic_stringIcNS_11char_traitsIcEENS_9allocatorIcEEEEN8nlohmann16json_abi_v3_11_210basic_jsonINS_3mapENS_6vectorES7_bxydS5_NS9_14adl_serializerENSC_IhNS5_IhEEEEvEEEENS_19__map_value_compareIS7_SH_NS_4lessIvEELb1EEENS5_ISH_EEE16__construct_nodeIJS7_SG_EEENS_10unique_ptrINS_11__tree_nodeISH_PvEENS_22__tree_node_destructorINS5_ISS_EEEEEEDpOT_)
                  a12138fe    00000002     --HOLE-- [fill = 0]
                  a1213900    0000005e     Configurer.obj (.text._ZNSt3__16__treeINS_12__value_typeINS_12basic_stringIcNS_11char_traitsIcEENS_9allocatorIcEEEEN8nlohmann16json_abi_v3_11_210basic_jsonINS_3mapENS_6vectorES7_bxydS5_NS9_14adl_serializerENSC_IhNS5_IhEEEEvEEEENS_19__map_value_compareIS7_SH_NS_4lessIvEELb1EEENS5_ISH_EEE30__emplace_hint_unique_key_argsIS7_JRKNS_4pairIKS7_SG_EEEEENSP_INS_15__tree_iteratorISH_PNS_11__tree_nodeISH_PvEEiEEbEENS_21__tree_const_iteratorISH_SY_iEERKT_DpOT0_)
                  a121395e    00000002     --HOLE-- [fill = 0]
                  a1213960    0000005c     freertos.am64x.r5f.ti-arm-clang.release.lib : DebugP_log.obj (.text._DebugP_assert)
                  a12139bc    00000004     --HOLE-- [fill = 0]
                  a12139c0    0000005c     Configurer.obj (.text._ZNSt3__16__treeINS_12__value_typeINS_12basic_stringIcNS_11char_traitsIcEENS_9allocatorIcEEEEN8nlohmann16json_abi_v3_11_210basic_jsonINS_3mapENS_6vectorES7_bxydS5_NS9_14adl_serializerENSC_IhNS5_IhEEEEvEEEENS_19__map_value_compareIS7_SH_NS_4lessIvEELb1EEENS5_ISH_EEE12__find_equalIS7_EERPNS_16__tree_node_baseIPvEERPNS_15__tree_end_nodeISS_EERKT_)
                  a1213a1c    00000004     --HOLE-- [fill = 0]
                  a1213a20    0000005c     TopicHandler.obj (.text._ZNSt3__16vectorI9RealTopicNS_9allocatorIS1_EEE26__swap_out_circular_bufferERNS_14__split_bufferIS1_RS3_EE)
                  a1213a7c    0000005c     libc.a : _printfi.c.obj (.text._fcpy)
                  a1213ad8    00000008     --HOLE-- [fill = 0]
                  a1213ae0    0000005a     drivers.am64x.r5f.ti-arm-clang.release.lib : ipc_rpmsg_vring.obj (.text.RPMessage_vringIsFullRxBuf)
                  a1213b3a    00000006     --HOLE-- [fill = 0]
                  a1213b40    0000005a     TopicHandler.obj (.text._ZNSt3__13mapI16ConsumerMetadataiNS_4lessIS1_EENS_9allocatorINS_4pairIKS1_iEEEEE6insertINS_20__map_const_iteratorINS_21__tree_const_iteratorINS_12__value_typeIS1_iEEPNS_11__tree_nodeISE_PvEEiEEEEEEvT_SL_)
                  a1213b9a    00000006     --HOLE-- [fill = 0]
                  a1213ba0    0000005a     Configurer.obj (.text._ZNSt3__13mapINS_12basic_stringIcNS_11char_traitsIcEENS_9allocatorIcEEEEN8nlohmann16json_abi_v3_11_210basic_jsonIS0_NS_6vectorES6_bxydS4_NS8_14adl_serializerENSA_IhNS4_IhEEEEvEENS_4lessIvEENS4_INS_4pairIKS6_SE_EEEEE6insertINS_20__map_const_iteratorINS_21__tree_const_iteratorINS_12__value_typeIS6_SE_EEPNS_11__tree_nodeISQ_PvEEiEEEEEEvT_SX_)
                  a1213bfa    00000006     --HOLE-- [fill = 0]
                  a1213c00    00000058     freertos.am64x.r5f.ti-arm-clang.release.lib : SemaphoreP_freertos.obj (.text.SemaphoreP_pend)
                  a1213c58    00000008     --HOLE-- [fill = 0]
                  a1213c60    00000058     Configurer.obj (.text._ZN8nlohmann16json_abi_v3_11_210basic_jsonINSt3__13mapENS2_6vectorENS2_12basic_stringIcNS2_11char_traitsIcEENS2_9allocatorIcEEEEbxydS8_NS0_14adl_serializerENS4_IhNS8_IhEEEEvE6parserINS0_6detail22iterator_input_adapterIPcEEEENSG_6parserISE_T_EESL_NS2_8functionIFbiNSG_13parse_event_tERSE_EEEbb)
                  a1213cb8    00000008     --HOLE-- [fill = 0]
                  a1213cc0    00000058     Configurer.obj (.text._ZN8nlohmann16json_abi_v3_11_26detail11parse_error15position_stringERKNS1_10position_tE)
                  a1213d18    00000008     --HOLE-- [fill = 0]
                  a1213d20    00000058     Configurer.obj (.text._ZN8nlohmann16json_abi_v3_11_26detail6concatINSt3__112basic_stringIcNS3_11char_traitsIcEENS3_9allocatorIcEEEEJRA26_KcS9_cEEET_DpOT0_)
                  a1213d78    00000008     --HOLE-- [fill = 0]
                  a1213d80    00000058     Configurer.obj (.text._ZNK8nlohmann16json_abi_v3_11_26detail5lexerINS0_10basic_jsonINSt3__13mapENS4_6vectorENS4_12basic_stringIcNS4_11char_traitsIcEENS4_9allocatorIcEEEEbxydSA_NS0_14adl_serializerENS6_IhNSA_IhEEEEvEENS1_22iterator_input_adapterIPcEEE16get_token_stringEv)
                  a1213dd8    00000008     --HOLE-- [fill = 0]
                  a1213de0    00000058     Configurer.obj (.text._ZNKSt3__14lessIvEclIRKNS_12basic_stringIcNS_11char_traitsIcEENS_9allocatorIcEEEESA_EEDTltclsr3stdE7forwardIT_Efp_Eclsr3stdE7forwardIT0_Efp0_EEOSB_OSC_)
                  a1213e38    00000008     --HOLE-- [fill = 0]
                  a1213e40    00000058     libc++abi.a : stdlib_stdexcept.cpp.obj (.text._ZNSt13runtime_errorD0Ev)
                  a1213e98    00000008     --HOLE-- [fill = 0]
                  a1213ea0    00000058     Configurer.obj (.text._ZNSt3__146__construct_backward_with_exception_guaranteesINS_9allocatorIN8nlohmann16json_abi_v3_11_210basic_jsonINS_3mapENS_6vectorENS_12basic_stringIcNS_11char_traitsIcEENS1_IcEEEEbxydS1_NS3_14adl_serializerENS6_IhNS1_IhEEEEvEEEEPSF_EEvRT_T0_SK_RSK_)
                  a1213ef8    00000058     libc.a : fopen.c.obj (.text.__TI_cleanup)
                  a1213f50    00000058     libsysbm.a : trgmsg.c.obj (.text.__TI_readmsg)
                  a1213fa8    00000058                : trgmsg.c.obj (.text.__TI_writemsg)
                  a1214000    00000058     libc.a : snprintf.c.obj (.text._outs)
                  a1214058    00000058            : vsnprintf.c.obj (.text._outs)
                  a12140b0    00000058            : sprintf.c.obj (.text.sprintf)
                  a1214108    00000008     --HOLE-- [fill = 0]
                  a1214110    00000058     freertos.am64x.r5f.ti-arm-clang.release.lib : tasks.obj (.text.vTaskPlaceOnEventListRestricted)
                  a1214168    00000008     --HOLE-- [fill = 0]
                  a1214170    00000056     embedded_kafka.obj (.text._ZNSt3__112basic_stringIcNS_11char_traitsIcEENS_9allocatorIcEEEC2IDnEEPKc)
                  a12141c6    0000000a     --HOLE-- [fill = 0]
                  a12141d0    00000056     freertos.am64x.r5f.ti-arm-clang.release.lib : tasks.obj (.text.vTaskDelay)
                  a1214226    0000000a     --HOLE-- [fill = 0]
                  a1214230    00000054     drivers.am64x.r5f.ti-arm-clang.release.lib : ipc_rpmsg.obj (.text.RPMessage_notifyCallback)
                  a1214284    0000000c     --HOLE-- [fill = 0]
                  a1214290    00000054     Configurer.obj (.text._ZN8nlohmann16json_abi_v3_11_26detail10serializerINS0_10basic_jsonINSt3__13mapENS4_6vectorENS4_12basic_stringIcNS4_11char_traitsIcEENS4_9allocatorIcEEEEbxydSA_NS0_14adl_serializerENS6_IhNSA_IhEEEEvEEE6decodeERhRjh)
                  a12142e4    0000000c     --HOLE-- [fill = 0]
                  a12142f0    00000054     Configurer.obj (.text._ZN8nlohmann16json_abi_v3_11_26detail28json_sax_dom_callback_parserINS0_10basic_jsonINSt3__13mapENS4_6vectorENS4_12basic_stringIcNS4_11char_traitsIcEENS4_9allocatorIcEEEEbxydSA_NS0_14adl_serializerENS6_IhNSA_IhEEEEvEEEC2ERSG_NS4_8functionIFbiNS1_13parse_event_tESI_EEEb)
                  a1214344    0000000c     --HOLE-- [fill = 0]
                  a1214350    00000054     Configurer.obj (.text._ZN8nlohmann16json_abi_v3_11_26detail9dtoa_impl5diyfp9normalizeES3_)
                  a12143a4    0000000c     --HOLE-- [fill = 0]
                  a12143b0    00000054     libc++abi.a : stdlib_stdexcept.cpp.obj (.text._ZNSt13runtime_errorD2Ev)
                  a1214404    00000054     libc.a : exit.c.obj (.text.exit)
                  a1214458    00000008     --HOLE-- [fill = 0]
                  a1214460    00000052     drivers.am64x.r5f.ti-arm-clang.release.lib : sciclient_pm.obj (.text.Sciclient_pmSetModuleState)
                  a12144b2    0000000e     --HOLE-- [fill = 0]
                  a12144c0    00000052     freertos.am64x.r5f.ti-arm-clang.release.lib : SemaphoreP_freertos.obj (.text.SemaphoreP_constructMutex)
                  a1214512    0000000e     --HOLE-- [fill = 0]
                  a1214520    00000052                                                 : SemaphoreP_freertos.obj (.text.SemaphoreP_post)
                  a1214572    0000000e     --HOLE-- [fill = 0]
                  a1214580    00000052     RPMessageEndpoint.obj (.text._ZN17RPMessageEndpoint9from_jsonERKN8nlohmann16json_abi_v3_11_210basic_jsonINSt3__13mapENS3_6vectorENS3_12basic_stringIcNS3_11char_traitsIcEENS3_9allocatorIcEEEEbxydS9_NS1_14adl_serializerENS5_IhNS9_IhEEEEvEE)
                  a12145d2    0000000e     --HOLE-- [fill = 0]
                  a12145e0    00000052     Configurer.obj (.text._ZN8nlohmann16json_abi_v3_11_26detail19json_sax_dom_parserINS0_10basic_jsonINSt3__13mapENS4_6vectorENS4_12basic_stringIcNS4_11char_traitsIcEENS4_9allocatorIcEEEEbxydSA_NS0_14adl_serializerENS6_IhNSA_IhEEEEvEEE10end_objectEv)
                  a1214632    0000000e     --HOLE-- [fill = 0]
                  a1214640    00000052     Configurer.obj (.text._ZN8nlohmann16json_abi_v3_11_26detail19json_sax_dom_parserINS0_10basic_jsonINSt3__13mapENS4_6vectorENS4_12basic_stringIcNS4_11char_traitsIcEENS4_9allocatorIcEEEEbxydSA_NS0_14adl_serializerENS6_IhNSA_IhEEEEvEEE9end_arrayEv)
                  a1214692    0000000e     --HOLE-- [fill = 0]
                  a12146a0    00000052     Configurer.obj (.text._ZNK8nlohmann16json_abi_v3_11_26detail9iter_implINS0_10basic_jsonINSt3__13mapENS4_6vectorENS4_12basic_stringIcNS4_11char_traitsIcEENS4_9allocatorIcEEEEbxydSA_NS0_14adl_serializerENS6_IhNSA_IhEEEEvEEEeqISH_LDn0EEEbRKT_)
                  a12146f2    0000000e     --HOLE-- [fill = 0]
                  a1214700    00000052     TopicHandler.obj (.text._ZNSt3__16__treeINS_12__value_typeI16ConsumerMetadataiEENS_19__map_value_compareIS2_S3_NS_4lessIS2_EELb1EEENS_9allocatorIS3_EEE30__emplace_hint_unique_key_argsIS2_JRKNS_4pairIKS2_iEEEEENSC_INS_15__tree_iteratorIS3_PNS_11__tree_nodeIS3_PvEEiEEbEENS_21__tree_const_iteratorIS3_SL_iEERKT_DpOT0_)
                  a1214752    0000000e     --HOLE-- [fill = 0]
                  a1214760    00000052     freertos.am64x.r5f.ti-arm-clang.release.lib : queue.obj (.text.xQueueGiveMutexRecursive)
                  a12147b2    0000000e     --HOLE-- [fill = 0]
                  a12147c0    00000050     drivers.am64x.r5f.ti-arm-clang.release.lib : ipc_rpmsg.obj (.text.RPMessage_announce)
                  a1214810    00000050                                                : sciclient_soc_priv.obj (.text.Sciclient_getContext)
                  a1214860    00000050     EndpointFactory.obj (.text._ZN15EndpointFactory15getFreeEndpointEv)
                  a12148b0    00000050     Configurer.obj (.text._ZN8nlohmann16json_abi_v3_11_26detail5lexerINS0_10basic_jsonINSt3__13mapENS4_6vectorENS4_12basic_stringIcNS4_11char_traitsIcEENS4_9allocatorIcEEEEbxydSA_NS0_14adl_serializerENS6_IhNSA_IhEEEEvEENS1_22iterator_input_adapterIPcEEE5ungetEv)
                  a1214900    00000050     RealTopic.obj (.text._ZN9RealTopicC2E13TopicMetadataRK6Logger)
                  a1214950    00000050     TopicHandler.obj (.text._ZNSt3__16__treeINS_12__value_typeI16ConsumerMetadataiEENS_19__map_value_compareIS2_S3_NS_4lessIS2_EELb1EEENS_9allocatorIS3_EEE12__find_equalIS2_EERPNS_16__tree_node_baseIPvEERPNS_15__tree_end_nodeISF_EERKT_)
                  a12149a0    00000050     freertos.am64x.r5f.ti-arm-clang.release.lib : tasks.obj (.text.prvDeleteTCB)
                  a12149f0    00000050     libc.a : autoinit.c.obj (.text:__TI_auto_init_nobinit_nopinit)
                  a1214a40    0000004e     Record.obj (.text._ZN8nlohmann16json_abi_v3_11_210basic_jsonINSt3__13mapENS2_6vectorENS2_12basic_stringIcNS2_11char_traitsIcEENS2_9allocatorIcEEEEbxydS8_NS0_14adl_serializerENS4_IhNS8_IhEEEEvEC2INS0_6detail8json_refISE_EELi0EEERKT_)
                  a1214a8e    00000002     --HOLE-- [fill = 0]
                  a1214a90    0000004e     Configurer.obj (.text._ZN8nlohmann16json_abi_v3_11_26detail28json_sax_dom_callback_parserINS0_10basic_jsonINSt3__13mapENS4_6vectorENS4_12basic_stringIcNS4_11char_traitsIcEENS4_9allocatorIcEEEEbxydSA_NS0_14adl_serializerENS6_IhNSA_IhEEEEvEEED2Ev)
                  a1214ade    00000002     --HOLE-- [fill = 0]
                  a1214ae0    0000004e     Configurer.obj (.text._ZN8nlohmann16json_abi_v3_11_26detail9iter_implINS0_10basic_jsonINSt3__13mapENS4_6vectorENS4_12basic_stringIcNS4_11char_traitsIcEENS4_9allocatorIcEEEEbxydSA_NS0_14adl_serializerENS6_IhNSA_IhEEEEvEEEC2EPSG_)
                  a1214b2e    00000002     --HOLE-- [fill = 0]
                  a1214b30    0000004e     freertos.am64x.r5f.ti-arm-clang.release.lib : tasks.obj (.text.vTaskPlaceOnEventList)
                  a1214b7e    00000002     --HOLE-- [fill = 0]
                  a1214b80    0000004e                                                 : queue.obj (.text.xQueueTakeMutexRecursive)
                  a1214bce    00000002     --HOLE-- [fill = 0]
                  a1214bd0    0000004c                                                 : ClockP_freertos.obj (.text.ClockP_getTimeUsec)
                  a1214c1c    00000004     --HOLE-- [fill = 0]
                  a1214c20    0000004c     drivers.am64x.r5f.ti-arm-clang.release.lib : ipc_rpmsg.obj (.text.RPMessage_allocEndPtMsg)
                  a1214c6c    00000004     --HOLE-- [fill = 0]
                  a1214c70    0000004c     Configurer.obj (.text._ZN8nlohmann16json_abi_v3_11_210basic_jsonINSt3__13mapENS2_6vectorENS2_12basic_stringIcNS2_11char_traitsIcEENS2_9allocatorIcEEEEbxydS8_NS0_14adl_serializerENS4_IhNS8_IhEEEEvE10json_valueC2ENS0_6detail7value_tE)
                  a1214cbc    00000004     --HOLE-- [fill = 0]
                  a1214cc0    0000004c     Configurer.obj (.text._ZNSt3__16__treeINS_12__value_typeINS_12basic_stringIcNS_11char_traitsIcEENS_9allocatorIcEEEEN8nlohmann16json_abi_v3_11_210basic_jsonINS_3mapENS_6vectorES7_bxydS5_NS9_14adl_serializerENSC_IhNS5_IhEEEEvEEEENS_19__map_value_compareIS7_SH_NS_4lessIvEELb1EEENS5_ISH_EEE16__construct_nodeIJS7_DnEEENS_10unique_ptrINS_11__tree_nodeISH_PvEENS_22__tree_node_destructorINS5_ISS_EEEEEEDpOT_)
                  a1214d0c    0000004c     libc.a : memmov.c.obj (.text.memmove)
                  a1214d58    00000008     --HOLE-- [fill = 0]
                  a1214d60    0000004a     Configurer.obj (.text._ZN8nlohmann16json_abi_v3_11_26detail9exception4nameERKNSt3__112basic_stringIcNS3_11char_traitsIcEENS3_9allocatorIcEEEEi)
                  a1214daa    00000006     --HOLE-- [fill = 0]
[...]
a1233730  gIpcNotifyMailboxBaseAddr                                                                                                                                                                                                                                                                                                                                                                                                                      
a1233758  gSciclientSecProxyCfg                                                                                                                                                                                                                                                                                                                                                                                                                          
a1233778  gClockConfig                                                                                                                                                                                                                                                                                                                                                                                                                                   
a123378c  FreeRTOS_errno                                                                                                                                                                                                                                                                                                                                                                                                                                 
a1233790  gAddrTranslateConfig                                                                                                                                                                                                                                                                                                                                                                                                                           
a123379c  gSocModulesClockFrequency                                                                                                                                                                                                                                                                                                                                                                                                                      
a12337a8  __TI_cleanup_ptr                                                                                                                                                                                                                                                                                                                                                                                                                               
a12337ac  __TI_dtors_ptr                                                                                                                                                                                                                                                                                                                                                                                                                                 
a12337d0  _ZN15EndpointFactory12freeEndpointE                                                                                                                                                                                                                                                                                                                                                                                                            
a12337d4  __TI_ft_end                                                                                                                                                                                                                                                                                                                                                                                                                                    
a12337d8  __aeabi_errno                                                                                                                                                                                                                                                                                                                                                                                                                                  
a12337dc  __cxa_new_handler                                                                                                                                                                                                                                                                                                                                                                                                                              
a12337e0  _lock                                                                                                                                                                                                                                                                                                                                                                                                                                          
a12337e4  _unlock                                                                                                                                                                                                                                                                                                                                                                                                                                        
a12337e8  gDebugLogZone                                                                                                                                                                                                                                                                                                                                                                                                                                  
a12337f0  gDebugMemLogSize                                                                                                                                                                                                                                                                                                                                                                                                                               
a12337fc  gHwiConfig                                                                                                                                                                                                                                                                                                                                                                                                                                     
a1233800  gIpcNotifyInterruptConfigNum_r5fss0_1                                                                                                                                                                                                                                                                                                                                                                                                          
a1233818  gSocModules                                                                                                                                                                                                                                                                                                                                                                                                                                    
a1233824  pxCurrentTCB                                                                                                                                                                                                                                                                                                                                                                                                                                   
a1233828  ulPortInterruptNesting                                                                                                                                                                                                                                                                                                                                                                                                                         
a123382c  ulPortSchedularRunning                                                                                                                                                                                                                                                                                                                                                                                                                         
a1233830  ulPortTaskHasFPUContext                                                                                                                                                                                                                                                                                                                                                                                                                        
a1233834  ulPortYieldRequired                                                                                                                                                                                                                                                                                                                                                                                                                            
a1233880  __IRQ_STACK_START                                                                                                                                                                                                                                                                                                                                                                                                                              
a1233980  __FIQ_STACK_START                                                                                                                                                                                                                                                                                                                                                                                                                              
a1233980  __IRQ_STACK_END                                                                                                                                                                                                                                                                                                                                                                                                                                
a1233a80  __FIQ_STACK_END                                                                                                                                                                                                                                                                                                                                                                                                                                
a1233a80  __SVC_STACK_START                                                                                                                                                                                                                                                                                                                                                                                                                              
a1234a80  __ABORT_STACK_START                                                                                                                                                                                                                                                                                                                                                                                                                            
a1234a80  __SVC_STACK_END                                                                                                                                                                                                                                                                                                                                                                                                                                
a1234b80  __ABORT_STACK_END                                                                                                                                                                                                                                                                                                                                                                                                                              
a1234b80  __UNDEFINED_STACK_START                                                                                                                                                                                                                                                                                                                                                                                                                        
a1234c80  __UNDEFINED_STACK_END                                                                                                                                                                                                                                                                                                                                                                                                                          
a5000000  gRPMessageVringMem                                                                                                                                                                                                                                                                                                                                                                                                                             
ffffffff  __TI_pprof_out_hndl                                                                                                                                                                                                                                                                                                                                                                                                                            
ffffffff  __TI_prof_data_size                                                                                                                                                                                                                                                                                                                                                                                                                            
ffffffff  __TI_prof_data_start                                                                                                                                                                                                                                                                                                                                                                                                                           
ffffffff  __binit__                                                                                                                                                                                                                                                                                                                                                                                                                                      
ffffffff  binit                                                                                                                                                                                                                                                                                                                                                                                                                                          
UNDEFED   __TI_CINIT_Base                                                                                                                                                                                                                                                                                                                                                                                                                                
UNDEFED   __TI_CINIT_Limit                                                                                                                                                                                                                                                                                                                                                                                                                               
UNDEFED   __TI_Handler_Table_Base                                                                                                                                                                                                                                                                                                                                                                                                                        
UNDEFED   __TI_Handler_Table_Limit                                                                                                                                                                                                                                                                                                                                                                                                                       
UNDEFED   _system_post_cinit                                                                                                                                                                                                                                                                                                                                                                                                                             

[843 symbols]
