******************************************************************************
            TI ARM Clang Linker Unix v2.1.2                    
******************************************************************************
>> Linked Sun Oct  8 12:04:21 2023

OUTPUT FILE NAME:   <ipc_rpmsg_echo_linux.release.out>
ENTRY POINT SYMBOL: "_c_int00"  address: 0000ec17


MEMORY CONFIGURATION

         name            origin    length      used     unused   attr    fill
----------------------  --------  ---------  --------  --------  ----  --------
  M4F_VECS              00000000   00000200  00000140  000000c0  RWIX
  M4F_IRAM              00000200   0002fe00  00013b10  0001c2f0  RWIX
  M4F_DRAM              00030000   00010000  0000e528  00001ad8  RWIX
  DDR_0                 a4100000   00001000  00001000  00000000  RWIX
  USER_SHM_MEM          a5000000   00000080  00000000  00000080  RWIX
  LOG_SHM_MEM           a5000080   00003f80  00003800  00000780  RWIX
  IPC_VRING_MEM         a5004000   0000c000  00006680  00005980  RWIX


SEGMENT ALLOCATION MAP

run origin  load origin   length   init length attrs members
----------  ----------- ---------- ----------- ----- -------
00000000    00000000    00000140   00000140    rw-
  00000000    00000000    00000140   00000140    rw- .vectors
00000200    00000200    00008000   00000000    rw-
  00000200    00000200    00008000   00000000    rw- .sysmem
00008200    00008200    00007b10   00007b10    r-x
  00008200    00008200    00007b10   00007b10    r-x .text
0000fd10    0000fd10    00004000   00000000    rw-
  0000fd10    0000fd10    00004000   00000000    rw- .stack
00030000    00030000    0000c000   00000000    rw-
  00030000    00030000    0000c000   00000000    rw- .bss
0003c000    0003c000    000022a0   000022a0    r--
  0003c000    0003c000    000022a0   000022a0    r-- .rodata
0003e2a0    0003e2a0    00000288   00000288    rw-
  0003e2a0    0003e2a0    00000288   00000288    rw- .data
a4100000    a4100000    00001000   00001000    r--
  a4100000    a4100000    00001000   00001000    r-- .resource_table


SECTION ALLOCATION MAP

 output                                  attributes/
section   page    origin      length       input sections
--------  ----  ----------  ----------   ----------------
.vectors   0    00000000    00000140     
                  00000000    00000140     freertos.am64x.m4f.ti-arm-clang.release.lib : HwiP_armv7m_handlers_freertos.obj (.vectors)

.sysmem    0    00000200    00008000     UNINITIALIZED
                  00000200    00000010     libc.a : memory.c.obj (.sysmem)
                  00000210    00007ff0     --HOLE--

.text      0    00008200    00007b10     
                  00008200    00000570     freertos.am64x.m4f.ti-arm-clang.release.lib : printf.obj (.text._vsnprintf)
                  00008770    000004a8                                                 : printf.obj (.text._etoa)
                  00008c18    00000438                                                 : printf.obj (.text._ftoa)
                  00009050    000003a4                                                 : HwiP_armv7m.obj (.text.hwi)
                  000093f4    00000384     drivers.am64x.m4f.ti-arm-clang.release.lib : ipc_notify_v0.obj (.text.IpcNotify_init)
                  00009778    0000035a                                                : sciclient.obj (.text.Sciclient_service)
                  00009ad2    00000002     ti_board_open_close.obj (.text.Board_driversClose)
                  00009ad4    00000268     libc.a : _printfi.c.obj (.text:__TI_printfi_minimal)
                  00009d3c    00000244     ipc_rpmsg_echo.obj (.text.ipc_rpmsg_send_messages)
                  00009f80    00000240     freertos.am64x.m4f.ti-arm-clang.release.lib : timers.obj (.text.prvTimerTask)
                  0000a1c0    000001fc                                                 : queue.obj (.text.xQueueSemaphoreTake)
                  0000a3bc    000001e8                                                 : queue.obj (.text.xQueueGenericSend)
                  0000a5a4    000001be                                                 : MpuP_armv7m.obj (.text.mpu)
                  0000a762    00000002     ti_board_config.obj (.text.Board_init)
                  0000a764    000001ba     freertos.am64x.m4f.ti-arm-clang.release.lib : queue.obj (.text.xQueueReceive)
                  0000a91e    00000002                                                 : CacheP_null.obj (.text.CacheP_wbInv)
                  0000a920    000001b6     libclang_rt.builtins.a : adddf3.S.obj (.text)
                  0000aad6    00000002     freertos.am64x.m4f.ti-arm-clang.release.lib : ClockP_freertos_m4.obj (.text.ClockP_timerClearOverflowInt)
                  0000aad8    00000184                                                 : TaskP_freertos.obj (.text.TaskP_construct)
                  0000ac5c    0000016a                                                 : tasks.obj (.text.xTaskIncrementTick)
                  0000adc6    00000002     ti_drivers_open_close.obj (.text.Drivers_open)
                  0000adc8    0000013e     freertos.am64x.m4f.ti-arm-clang.release.lib : tasks.obj (.text.xTaskResumeAll)
                  0000af06    0000013c     ipc_rpmsg_echo.obj (.text.ipc_rpmsg_create_recv_tasks)
                  0000b042    00000136     drivers.am64x.m4f.ti-arm-clang.release.lib : ipc_rpmsg.obj (.text.RPMessage_recv)
                  0000b178    00000136     libclang_rt.builtins.a : divdf3.S.obj (.text)
                  0000b2ae    00000002                            : aeabi_div0.c.obj (.text.__aeabi_ldiv0)
                  0000b2b0    00000134     drivers.am64x.m4f.ti-arm-clang.release.lib : soc.obj (.text.SOC_moduleSetClockFrequency)
                  0000b3e4    00000130     freertos.am64x.m4f.ti-arm-clang.release.lib : ClockP_freertos_m4.obj (.text.ClockP_init)
                  0000b514    0000012c                                                 : queue.obj (.text.xQueueGenericSendFromISR)
                  0000b640    00000122                                                 : tasks.obj (.text.vTaskDelete)
                  0000b762    00000002     libc.a : _lock.c.obj (.text._nop)
                  0000b764    0000011c     freertos.am64x.m4f.ti-arm-clang.release.lib : printf.obj (.text._ntoa_format)
                  0000b880    0000011a                                                 : tasks.obj (.text.prvAddNewTaskToReadyList)
                  0000b99a    0000010c     drivers.am64x.m4f.ti-arm-clang.release.lib : ipc_rpmsg.obj (.text.RPMessage_recvHandler)
                  0000baa6    0000010c     freertos.am64x.m4f.ti-arm-clang.release.lib : queue.obj (.text.xQueueGiveFromISR)
                  0000bbb2    00000108                                                 : SysTickTimerP.obj (.text.SysTickTimerP_setup)
                  0000bcba    00000100     ti_drivers_config.obj (.text.System_init)
                  0000bdba    00000100     freertos.am64x.m4f.ti-arm-clang.release.lib : queue.obj (.text.xQueueReceiveFromISR)
                  0000beba    000000fe                                                 : queue.obj (.text.xQueueGenericCreateStatic)
                  0000bfb8    000000fc     drivers.am64x.m4f.ti-arm-clang.release.lib : ipc_rpmsg.obj (.text.RPMessage_send)
                  0000c0b4    000000fc     libclang_rt.builtins.a : muldf3.S.obj (.text)
                  0000c1b0    000000f8     libc.a : memory.c.obj (.text.free)
                  0000c2a8    000000f8     freertos.am64x.m4f.ti-arm-clang.release.lib : tasks.obj (.text.vTaskSwitchContext)
                  0000c3a0    000000ee     drivers.am64x.m4f.ti-arm-clang.release.lib : ipc_rpmsg.obj (.text.RPMessage_init)
                  0000c48e    000000da     freertos.am64x.m4f.ti-arm-clang.release.lib : tasks.obj (.text.vTaskPriorityDisinheritAfterTimeout)
                  0000c568    000000cc     drivers.am64x.m4f.ti-arm-clang.release.lib : ipc_notify_v0.obj (.text.IpcNotify_isr)
                  0000c634    000000cc     freertos.am64x.m4f.ti-arm-clang.release.lib : timers.obj (.text.prvSampleTimeNow)
                  0000c700    000000ca     drivers.am64x.m4f.ti-arm-clang.release.lib : ipc_notify_v0.obj (.text.IpcNotify_sendMsg)
                  0000c7ca    000000ca     freertos.am64x.m4f.ti-arm-clang.release.lib : tasks.obj (.text.xTaskPriorityDisinherit)
                  0000c894    000000c4                                                 : tasks.obj (.text.vTaskStartScheduler)
                  0000c958    000000c2                                                 : tasks.obj (.text.prvInitialiseNewTask)
                  0000ca1a    000000c2                                                 : tasks.obj (.text.xTaskCreateStatic)
                  0000cadc    000000be     drivers.am64x.m4f.ti-arm-clang.release.lib : pinmux.obj (.text.Pinmux_config)
                  0000cb9a    000000b8                                                : ipc_rpmsg_vring.obj (.text.RPMessage_vringReset)
                  0000cc52    00000002     freertos.am64x.m4f.ti-arm-clang.release.lib : printf.obj (.text._out_null)
                  0000cc54    000000b0                                                 : AddrTranslateP.obj (.text.AddrTranslateP_init)
                  0000cd04    000000b0                                                 : DebugP_memTraceLogWriter.obj (.text.DebugP_memLogWriterPutChar)
                  0000cdb4    000000b0                                                 : DebugP_shmLogWriter.obj (.text.DebugP_shmLogWriterPutChar)
                  0000ce64    000000b0                                                 : TaskP_freertos.obj (.text.TaskP_loadUpdateAll)
                  0000cf14    000000b0     libclang_rt.builtins.a : udivmoddi4.S.obj (.text)
                  0000cfc4    000000a8     freertos.am64x.m4f.ti-arm-clang.release.lib : tasks.obj (.text.xTaskPriorityInherit)
                  0000d06c    000000a6                                                 : HwiP_armv7m_handlers_freertos.obj (.text.hwi)
                  0000d112    00000002                                                 : port.obj (.text.vPortConfigTimerForRunTimeStats)
                  0000d114    000000a6     ipc_rpmsg_echo.obj (.text.ipc_recv_task_main)
                  0000d1ba    000000a4     drivers.am64x.m4f.ti-arm-clang.release.lib : ipc_rpmsg_vring.obj (.text.RPMessage_vringGetFullRxBuf)
                  0000d25e    00000002     --HOLE-- [fill = 0]
                  0000d260    000000a4     freertos.am64x.m4f.ti-arm-clang.release.lib : printf.obj (.text._ntoa_long_long)
                  0000d304    000000a4                                                 : printf.obj (.text._out_rev)
                  0000d3a8    000000a4                                                 : tasks.obj (.text.xTaskRemoveFromEventList)
                  0000d44c    000000a0                                                 : tasks.obj (.text.eTaskGetState)
                  0000d4ec    000000a0                                                 : tasks.obj (.text.prvAddCurrentTaskToDelayedList)
                  0000d58c    0000009e     drivers.am64x.m4f.ti-arm-clang.release.lib : ipc_rpmsg_vring.obj (.text.RPMessage_vringPutEmptyRxBuf)
                  0000d62a    0000009e                                                : sciclient_pm.obj (.text.Sciclient_pmQueryModuleClkFreq)
                  0000d6c8    0000009e     freertos.am64x.m4f.ti-arm-clang.release.lib : tasks.obj (.text.xTaskCheckForTimeOut)
                  0000d766    0000009a     drivers.am64x.m4f.ti-arm-clang.release.lib : sciclient.obj (.text.Sciclient_init)
                  0000d800    0000009a                                                : sciclient.obj (.text.Sciclient_sendMessage)
                  0000d89a    00000002     --HOLE-- [fill = 0]
                  0000d89c    00000098                                                : ipc_rpmsg.obj (.text.RPMessage_coreInit)
                  0000d934    00000096     freertos.am64x.m4f.ti-arm-clang.release.lib : tasks.obj (.text.vTaskGetInfo)
                  0000d9ca    00000002     --HOLE-- [fill = 0]
                  0000d9cc    00000094                                                 : printf.obj (.text._ntoa_long)
                  0000da60    00000092     drivers.am64x.m4f.ti-arm-clang.release.lib : ipc_rpmsg_vring.obj (.text.RPMessage_vringGetEmptyTxBuf)
                  0000daf2    00000092     freertos.am64x.m4f.ti-arm-clang.release.lib : queue.obj (.text.xQueueGenericReset)
                  0000db84    00000090     drivers.am64x.m4f.ti-arm-clang.release.lib : ipc_rpmsg_vring.obj (.text.RPMessage_vringResetInternal)
                  0000dc14    0000008c                                                : sciclient_pm.obj (.text.Sciclient_pmSetModuleClkFreq)
                  0000dca0    00000088     freertos.am64x.m4f.ti-arm-clang.release.lib : DebugP_memTraceLogWriter.obj (.text.DebugP_memTraceLogWriterPutLine)
                  0000dd28    00000086                                                 : DebugP_shmLogWriter.obj (.text.DebugP_shmLogWriterPutLine)
                  0000ddae    00000086                                                 : timers.obj (.text.xTimerCreateTimerTask)
                  0000de34    00000082     main.obj (.text.main)
                  0000deb6    0000007a     drivers.am64x.m4f.ti-arm-clang.release.lib : sciclient_pm.obj (.text.Sciclient_pmGetModuleClkNumParent)
                  0000df30    0000007a     freertos.am64x.m4f.ti-arm-clang.release.lib : timers.obj (.text.prvCheckForValidListAndQueue)
                  0000dfaa    0000007a                                                 : port.obj (.text.xPortStartScheduler)
                  0000e024    00000078     drivers.am64x.m4f.ti-arm-clang.release.lib : ipc_rpmsg.obj (.text.RPMessage_construct)
                  0000e09c    00000078     freertos.am64x.m4f.ti-arm-clang.release.lib : queue.obj (.text.prvCopyDataToQueue)
                  0000e114    00000078                                                 : timers.obj (.text.xTimerGenericCommand)
                  0000e18c    00000076                                                 : DebugP_freertos.obj (.text._DebugP_logZone)
                  0000e202    00000072     drivers.am64x.m4f.ti-arm-clang.release.lib : soc.obj (.text.SOC_moduleClockEnable)
                  0000e274    00000072     freertos.am64x.m4f.ti-arm-clang.release.lib : queue.obj (.text.prvUnlockQueue)
                  0000e2e6    00000070                                                 : SemaphoreP_freertos.obj (.text.SemaphoreP_constructBinary)
                  0000e356    00000002     --HOLE-- [fill = 0]
                  0000e358    00000070                                                 : tasks.obj (.text.prvIdleTask)
                  0000e3c8    0000006e     drivers.am64x.m4f.ti-arm-clang.release.lib : ipc_rpmsg.obj (.text.RPMessage_getEndPtMsg)
                  0000e436    0000006e                                                : sciclient_pm.obj (.text.Sciclient_pmGetModuleState)
                  0000e4a4    0000006e     libclang_rt.builtins.a : comparedf2.c.obj (.text.__gedf2)
                  0000e512    00000002     --HOLE-- [fill = 0]
                  0000e514    0000006e                            : comparedf2.c.obj (.text.__ledf2)
                  0000e582    00000002     --HOLE-- [fill = 0]
                  0000e584    0000006a     freertos.am64x.m4f.ti-arm-clang.release.lib : AddrTranslateP.obj (.text.AddrTranslateP_getLocalAddr)
                  0000e5ee    0000006a                                                 : tasks.obj (.text.vTaskDelay)
                  0000e658    00000066     drivers.am64x.m4f.ti-arm-clang.release.lib : sciclient_pm.obj (.text.Sciclient_pmGetModuleClkParent)
                  0000e6be    00000066     freertos.am64x.m4f.ti-arm-clang.release.lib : SemaphoreP_freertos.obj (.text.SemaphoreP_pend)
                  0000e724    00000066                                                 : SemaphoreP_freertos.obj (.text.SemaphoreP_post)
                  0000e78a    00000002     --HOLE-- [fill = 0]
                  0000e78c    00000064     drivers.am64x.m4f.ti-arm-clang.release.lib : ipc_notify_v0.obj (.text.IpcNotify_waitSync)
                  0000e7f0    00000064                                                : sciclient_pm.obj (.text.Sciclient_pmModuleGetClkStatus)
                  0000e854    00000064     freertos.am64x.m4f.ti-arm-clang.release.lib : queue.obj (.text.vQueueDelete)
                  0000e8b8    00000008                                                 : printf.obj (.text._out_buffer)
                  0000e8c0    00000064                                                 : port.obj (.text.xPortPendSVHandler)
                  0000e924    00000062     libclang_rt.builtins.a : aeabi_dcmp.S.obj (.text)
                  0000e986    00000002     --HOLE-- [fill = 0]
                  0000e988    00000060     drivers.am64x.m4f.ti-arm-clang.release.lib : ipc_notify_v0.obj (.text.IpcNotify_syncAll)
                  0000e9e8    0000005e                                                : ipc_rpmsg_vring.obj (.text.RPMessage_vringPutFullTxBuf)
                  0000ea46    0000005e                                                : sciclient_pm.obj (.text.Sciclient_pmSetModuleClkParent)
                  0000eaa4    0000005e     freertos.am64x.m4f.ti-arm-clang.release.lib : DebugP_log.obj (.text._DebugP_assert)
                  0000eb02    0000005e                                                 : port.obj (.text.vPortEnterCritical)
                  0000eb60    0000005c     drivers.am64x.m4f.ti-arm-clang.release.lib : sciclient_pm.obj (.text.Sciclient_pmModuleClkRequest)
                  0000ebbc    0000005a                                                : ipc_rpmsg_vring.obj (.text.RPMessage_vringIsFullRxBuf)
                  0000ec16    0000005a     freertos.am64x.m4f.ti-arm-clang.release.lib : boot_armv7m.obj (.text:_c_int00)
                  0000ec70    00000058     ti_dpl_config.obj (.text.Dpl_init)
                  0000ecc8    00000058     freertos.am64x.m4f.ti-arm-clang.release.lib : tasks.obj (.text.vTaskPlaceOnEventListRestricted)
                  0000ed20    00000056                                                 : port.obj (.text.prvTaskExitError)
                  0000ed76    00000052     drivers.am64x.m4f.ti-arm-clang.release.lib : sciclient_pm.obj (.text.Sciclient_pmSetModuleState)
                  0000edc8    00000052     freertos.am64x.m4f.ti-arm-clang.release.lib : queue.obj (.text.xQueueGiveMutexRecursive)
                  0000ee1a    00000002     --HOLE-- [fill = 0]
                  0000ee1c    00000050     drivers.am64x.m4f.ti-arm-clang.release.lib : ipc_rpmsg.obj (.text.RPMessage_notifyCallback)
                  0000ee6c    00000050                                                : sciclient_soc_priv.obj (.text.Sciclient_getContext)
                  0000eebc    00000050     freertos.am64x.m4f.ti-arm-clang.release.lib : SemaphoreP_freertos.obj (.text.SemaphoreP_constructMutex)
                  0000ef0c    00000050                                                 : tasks.obj (.text.prvDeleteTCB)
                  0000ef5c    00000050                                                 : queue.obj (.text.xQueueTakeMutexRecursive)
                  0000efac    0000004e                                                 : tasks.obj (.text.vTaskPlaceOnEventList)
                  0000effa    00000002     --HOLE-- [fill = 0]
                  0000effc    0000004c                                                 : ClockP_freertos.obj (.text.ClockP_getTimeUsec)
                  0000f048    0000004c     drivers.am64x.m4f.ti-arm-clang.release.lib : ipc_rpmsg.obj (.text.RPMessage_allocEndPtMsg)
                  0000f094    00000048     ipc_rpmsg_echo.obj (.text.ipc_rpmsg_echo_main)
                  0000f0dc    00000048     libclang_rt.builtins.a : fixdfsi.S.obj (.text)
                  0000f124    00000046     freertos.am64x.m4f.ti-arm-clang.release.lib : queue.obj (.text.vQueueWaitForMessageRestricted)
                  0000f16a    00000044     drivers.am64x.m4f.ti-arm-clang.release.lib : sciclient_pm.obj (.text.Sciclient_pmSetModuleRst)
                  0000f1ae    00000002     --HOLE-- [fill = 0]
                  0000f1b0    00000044     libc.a : snprintf.c.obj (.text.snprintf)
                  0000f1f4    00000044     freertos.am64x.m4f.ti-arm-clang.release.lib : port.obj (.text.vPortExitCritical)
                  0000f238    00000044     libclang_rt.builtins.a : fixunsdfsi.S.obj (.text)
                  0000f27c    00000040     drivers.am64x.m4f.ti-arm-clang.release.lib : ipc_rpmsg.obj (.text.RPMessage_destruct)
                  0000f2bc    00000040     freertos.am64x.m4f.ti-arm-clang.release.lib : timers.obj (.text.prvInsertTimerInActiveList)
                  0000f2fc    0000003e     drivers.am64x.m4f.ti-arm-clang.release.lib : ipc_notify_v0.obj (.text.IpcNotify_registerClient)
                  0000f33a    0000003e     freertos.am64x.m4f.ti-arm-clang.release.lib : TaskP_freertos.obj (.text.vApplicationLoadHook)
                  0000f378    0000003e                                                 : port.obj (.text.vPortTimerTickHandler)
                  0000f3b6    0000003e                                                 : tasks.obj (.text.xTaskGetIdleTaskHandle)
                  0000f3f4    0000003a                                                 : list.obj (.text.vListInsert)
                  0000f42e    00000002     --HOLE-- [fill = 0]
                  0000f430    00000038     ti_power_clock_config.obj (.text.Module_clockSetFrequency)
                  0000f468    00000038     drivers.am64x.m4f.ti-arm-clang.release.lib : ipc_rpmsg_vring.obj (.text.RPMessage_vringCheckEmptyTxBuf)
                  0000f4a0    00000038                                                : sciclient.obj (.text.Sciclient_getCurrentContext)
                  0000f4d8    00000038     libc.a : autoinit.c.obj (.text:__TI_auto_init_nobinit_nopinit)
                  0000f510    00000036     freertos.am64x.m4f.ti-arm-clang.release.lib : ClockP_freertos.obj (.text.ClockP_usleep)
                  0000f546    00000032                                                 : printf.obj (.text.snprintf_)
                  0000f578    00000030                                                 : DebugP_shmLogWriter.obj (.text.DebugP_shmLogWriterInit)
                  0000f5a8    00000030     libclang_rt.builtins.a : comparedf2.c.obj (.text.__unorddf2)
                  0000f5d8    00000030     libc.a : snprintf.c.obj (.text._outs)
                  0000f608    00000030     freertos.am64x.m4f.ti-arm-clang.release.lib : port.obj (.text.prvPortStartFirstTask)
                  0000f638    00000030                                                 : port.obj (.text.vApplicationStackOverflowHook)
                  0000f668    00000030                                                 : queue.obj (.text.xQueueCreateMutexStatic)
                  0000f698    0000002e                                                 : ClockP_freertos.obj (.text.ClockP_timerTickIsr)
                  0000f6c6    00000002     --HOLE-- [fill = 0]
                  0000f6c8    0000002e     ti_power_clock_config.obj (.text.Module_clockEnable)
                  0000f6f6    00000002     --HOLE-- [fill = 0]
                  0000f6f8    0000002e     libclang_rt.builtins.a : floatsidf.S.obj (.text)
                  0000f726    00000028     drivers.am64x.m4f.ti-arm-clang.release.lib : ipc_rpmsg.obj (.text.RPMessage_Params_init)
                  0000f74e    00000002     --HOLE-- [fill = 0]
                  0000f750    00000028     libc.a : memory.c.obj (.text.free_list_insert)
                  0000f778    00000028     freertos.am64x.m4f.ti-arm-clang.release.lib : port.obj (.text.pxPortInitialiseStack)
                  0000f7a0    00000028                                                 : queue.obj (.text.vQueueAddToRegistry)
                  0000f7c8    00000026     drivers.am64x.m4f.ti-arm-clang.release.lib : ipc_rpmsg.obj (.text.RPMessage_controlEndPtHandler)
                  0000f7ee    00000024     freertos.am64x.m4f.ti-arm-clang.release.lib : list.obj (.text.uxListRemove)
                  0000f812    0000000e     ti_power_clock_config.obj (.text.PowerClock_init)
                  0000f820    00000024     freertos.am64x.m4f.ti-arm-clang.release.lib : port.obj (.text.vPortSVCHandler)
                  0000f844    00000024                                                 : printf.obj (.text.vprintf_)
                  0000f868    00000024                                                 : tasks.obj (.text.xTaskGetSchedulerState)
                  0000f88c    00000022     ti_pinmux_config.obj (.text.Pinmux_init)
                  0000f8ae    00000022     drivers.am64x.m4f.ti-arm-clang.release.lib : ipc_rpmsg.obj (.text.RPMessage_isLinuxCore)
                  0000f8d0    00000020     freertos.am64x.m4f.ti-arm-clang.release.lib : DebugP_log.obj (.text.DebugP_logZoneEnable)
                  0000f8f0    00000020     libclang_rt.builtins.a : floatunsidf.S.obj (.text)
                  0000f910    0000001e     drivers.am64x.m4f.ti-arm-clang.release.lib : ipc_notify_v0.obj (.text.IpcNotify_syncCallback)
                  0000f92e    0000001e     freertos.am64x.m4f.ti-arm-clang.release.lib : SysTickTimerP.obj (.text.SysTickTimerP_Params_init)
                  0000f94c    0000001e                                                 : DebugP_log.obj (.text._DebugP_assertNoLog)
                  0000f96a    0000001e     libc.a : memccpy.c.obj (.text.memccpy)
                  0000f988    0000001c     drivers.am64x.m4f.ti-arm-clang.release.lib : ipc_rpmsg_vring.obj (.text.RPMessage_vringGetTxBufLen)
                  0000f9a4    0000001c                                                : soc.obj (.text.SOC_getCoreName)
                  0000f9c0    0000001c     libc.a : memory.c.obj (.text.free_list_remove)
                  0000f9dc    0000001c     freertos.am64x.m4f.ti-arm-clang.release.lib : port.obj (.text.vApplicationGetIdleTaskMemory)
                  0000f9f8    0000001c                                                 : port.obj (.text.vApplicationGetTimerTaskMemory)
                  0000fa14    0000001c                                                 : list.obj (.text.vListInsertEnd)
                  0000fa30    0000001a     drivers.am64x.m4f.ti-arm-clang.release.lib : ipc_notify_v0.obj (.text.IpcNotify_Params_init)
                  0000fa4a    0000001a                                                : ipc_rpmsg_vring.obj (.text.RPMessage_vringGetRxBufAddr)
                  0000fa64    0000001a                                                : ipc_rpmsg_vring.obj (.text.RPMessage_vringGetTxBufAddr)
                  0000fa7e    0000001a     freertos.am64x.m4f.ti-arm-clang.release.lib : TaskP_freertos.obj (.text.TaskP_Params_init)
                  0000fa98    0000001a                                                 : heap_3.obj (.text.vPortFree)
                  0000fab2    0000001a                                                 : tasks.obj (.text.vTaskInternalSetTimeOutState)
                  0000facc    00000018     ti_drivers_config.obj (.text.IpcNotify_getConfig)
                  0000fae4    00000018     drivers.am64x.m4f.ti-arm-clang.release.lib : ipc_notify_v0.obj (.text.IpcNotify_isCoreEnabled)
                  0000fafc    00000018     libc.a : snprintf.c.obj (.text._outc)
                  0000fb14    00000018     freertos.am64x.m4f.ti-arm-clang.release.lib : tasks.obj (.text.pvTaskIncrementMutexHeldCount)
                  0000fb2c    00000016                                                 : HwiP_armv7m.obj (.text.HwiP_inISR)
                  0000fb42    00000016     drivers.am64x.m4f.ti-arm-clang.release.lib : sciclient_soc_priv.obj (.text.Sciclient_getDevId)
                  0000fb58    00000016     freertos.am64x.m4f.ti-arm-clang.release.lib : list.obj (.text.vListInitialise)
                  0000fb6e    00000014                                                 : ClockP_freertos.obj (.text.ClockP_usecToTicks)
                  0000fb82    00000002     --HOLE-- [fill = 0]
                  0000fb84    00000014                                                 : port.obj (.text.vPortEnableVFP)
                  0000fb98    00000014     libclang_rt.builtins.a : aeabi_memset.S.obj (.text)
                  0000fbac    00000014                            : aeabi_uldivmod.S.obj (.text)
                  0000fbc0    00000012     freertos.am64x.m4f.ti-arm-clang.release.lib : DebugP_memTraceLogWriter.obj (.text.DebugP_memLogWriterInit)
                  0000fbd2    00000012                                                 : SysTickTimerP.obj (.text.SysTickTimerP_start)
                  0000fbe4    00000012     main.obj (.text.freertos_main)
                  0000fbf6    00000012     ti_dpl_config.obj (.text.putchar_)
                  0000fc08    00000012     libc.a : memcpy_t2.S.obj (.text:TI_memcpy_small)
                  0000fc1a    00000010     freertos.am64x.m4f.ti-arm-clang.release.lib : ClockP_freertos.obj (.text.ClockP_ticksToUsec)
                  0000fc2a    00000010     drivers.am64x.m4f.ti-arm-clang.release.lib : ipc_rpmsg.obj (.text.RPMessage_CreateParams_init)
                  0000fc3a    00000010     freertos.am64x.m4f.ti-arm-clang.release.lib : tasks.obj (.text.vTaskSuspendAll)
                  0000fc4a    0000000e                                                 : SysTickTimerP.obj (.text.SysTickTimerP_getCount)
                  0000fc58    0000000e                                                 : SysTickTimerP.obj (.text.SysTickTimerP_getReloadCount)
                  0000fc66    0000000e     libc.a : _printfi.c.obj (.text.strlen)
                  0000fc74    0000000e     freertos.am64x.m4f.ti-arm-clang.release.lib : tasks.obj (.text.vTaskMissedYield)
                  0000fc82    0000000e     libc.a : memset_t2.S.obj (.text:TI_memset_small)
                  0000fc90    0000000c     drivers.am64x.m4f.ti-arm-clang.release.lib : ipc_notify_v0.obj (.text.IpcNotify_getSelfCoreId)
                  0000fc9c    0000000c     freertos.am64x.m4f.ti-arm-clang.release.lib : tasks.obj (.text.xTaskGetCurrentTaskHandle)
                  0000fca8    0000000c                                                 : tasks.obj (.text.xTaskGetTickCount)
                  0000fcb4    0000000a                                                 : AddrTranslateP.obj (.text.AddrTranslateP_Params_init)
                  0000fcbe    0000000a     drivers.am64x.m4f.ti-arm-clang.release.lib : csl_sec_proxy.obj (.text.CSL_secProxyGetDataAddr)
                  0000fcc8    0000000a     freertos.am64x.m4f.ti-arm-clang.release.lib : printf.obj (.text._out_char)
                  0000fcd2    0000000a                                                 : port.obj (.text.vApplicationIdleHook)
                  0000fcdc    00000008                                                 : port.obj (.text.uiPortGetRunTimeCounterValue)
                  0000fce4    00000006                                                 : SemaphoreP_freertos.obj (.text.SemaphoreP_destruct)
                  0000fcea    00000006                                                 : list.obj (.text.vListInitialiseItem)
                  0000fcf0    00000004     ti_board_open_close.obj (.text.Board_driversOpen)
                  0000fcf4    00000004     freertos.am64x.m4f.ti-arm-clang.release.lib : ClockP_freertos.obj (.text.ClockP_getTicks)
                  0000fcf8    00000004                                                 : ClockP_freertos_m4.obj (.text.ClockP_getTimerCount)
                  0000fcfc    00000004     drivers.am64x.m4f.ti-arm-clang.release.lib : ipc_rpmsg.obj (.text.RPMessage_getLocalEndPt)
                  0000fd00    00000004     ti_dpl_config.obj (.text.boot)
                  0000fd04    00000004     libc.a : exit.c.obj (.text:abort)
                  0000fd08    00000004     libclang_rt.builtins.a : aeabi_memcpy.S.obj (.text)
                  0000fd0c    00000004     --HOLE-- [fill = 0]

.stack     0    0000fd10    00004000     UNINITIALIZED
                  0000fd10    00000004     freertos.am64x.m4f.ti-arm-clang.release.lib : boot_armv7m.obj (.stack)
                  0000fd14    00003ffc     --HOLE--

.bss       0    00030000    0000c000     UNINITIALIZED
                  00030000    00004000     (.common:gIpcTaskStack)
                  00034000    00004000     (.common:gMainTaskStack)
                  00038000    00001000     ti_dpl_config.obj (.bss.debug_mem_trace_buf)
                  00039000    00001000     freertos.am64x.m4f.ti-arm-clang.release.lib : port.obj (.bss.uxIdleTaskStack)
                  0003a000    00000b2c     (.common:gIpcRpmsgCtrl)
                  0003ab2c    00000400                                                 : port.obj (.bss.uxTimerTaskStack)
                  0003af2c    00000280                                                 : tasks.obj (.bss.pxReadyTasksLists)
                  0003b1ac    00000280     (.common:gHwiCtrl)
                  0003b42c    00000180     (.common:gIpcRecvMsgObject)
                  0003b5ac    00000140     (.common:gIpcTask)
                  0003b6ec    00000100                                                 : timers.obj (.bss.prvCheckForValidListAndQueue.ucStaticTimerQueueStorage)
                  0003b7ec    00000100     (.common:xQueueRegistry)
                  0003b8ec    000000c0     (.common:gIpcAckReplyMsgObject)
                  0003b9ac    000000a8     (.common:gIpcNotifyCtrl)
                  0003ba54    00000004                                                 : timers.obj (.bss.pxCurrentTimerList)
                  0003ba58    000000a0     (.common:gTaskP_ctrl)
                  0003baf8    00000098                                                 : DebugP_freertos.obj (.bss.gDebugLogLockObj)
                  0003bb90    00000088                                                 : port.obj (.bss.xIdleTaskTCB)
                  0003bc18    00000088                                                 : port.obj (.bss.xTimerTaskTCB)
                  0003bca0    00000088     (.common:gMainTaskObj)
                  0003bd28    0000007a                                                 : DebugP_memTraceLogWriter.obj (.bss.DebugP_memLogWriterPutChar.lineBuf)
                  0003bda2    0000007a                                                 : DebugP_shmLogWriter.obj (.bss.DebugP_shmLogWriterPutChar.lineBuf)
                  0003be1c    00000050                                                 : timers.obj (.bss.prvCheckForValidListAndQueue.xStaticTimerQueue)
                  0003be6c    00000050     (.common:gRovDummyQueue)
                  0003bebc    00000004                                                 : tasks.obj (.bss.pxDelayedTaskList)
                  0003bec0    00000038     (.common:gClockCtrl)
                  0003bef8    00000014                                                 : timers.obj (.bss.xActiveTimerList1)
                  0003bf0c    00000014                                                 : timers.obj (.bss.xActiveTimerList2)
                  0003bf20    00000014                                                 : tasks.obj (.bss.xDelayedTaskList1)
                  0003bf34    00000014                                                 : tasks.obj (.bss.xDelayedTaskList2)
                  0003bf48    00000014                                                 : tasks.obj (.bss.xPendingReadyList)
                  0003bf5c    00000014                                                 : tasks.obj (.bss.xSuspendedTaskList)
                  0003bf70    00000014                                                 : tasks.obj (.bss.xTasksWaitingTermination)
                  0003bf84    00000004                                                 : tasks.obj (.bss.pxOverflowDelayedTaskList)
                  0003bf88    00000004                                                 : timers.obj (.bss.pxOverflowTimerList)
                  0003bf8c    00000004     libc.a : memory.c.obj (.bss.sys_free)
                  0003bf90    00000004     (.common:gMainTask)
                  0003bf94    0000006c     --HOLE--

.rodata    0    0003c000    000022a0     
                  0003c000    000007ee     freertos.am64x.m4f.ti-arm-clang.release.lib : tasks.obj (.rodata.str1.1)
                  0003c7ee    00000756                                                 : queue.obj (.rodata.str1.1)
                  0003cf44    0000031a     drivers.am64x.m4f.ti-arm-clang.release.lib : ipc_rpmsg.obj (.rodata.str1.1)
                  0003d25e    000002bc     freertos.am64x.m4f.ti-arm-clang.release.lib : timers.obj (.rodata.str1.1)
                  0003d51a    00000297     ipc_rpmsg_echo.obj (.rodata.str1.1)
                  0003d7b1    000001ad     freertos.am64x.m4f.ti-arm-clang.release.lib : port.obj (.rodata.str1.1)
                  0003d95e    0000017d     drivers.am64x.m4f.ti-arm-clang.release.lib : ipc_notify_v0.obj (.rodata.str1.1)
                  0003dadb    00000163     freertos.am64x.m4f.ti-arm-clang.release.lib : TaskP_freertos.obj (.rodata.str1.1)
                  0003dc3e    00000002     --HOLE-- [fill = 0]
                  0003dc40    0000012c     drivers.am64x.m4f.ti-arm-clang.release.lib : sciclient_fmwSecureProxyMap.obj (.rodata.gSciclientMap)
                  0003dd6c    0000010a     freertos.am64x.m4f.ti-arm-clang.release.lib : ClockP_freertos_m4.obj (.rodata.str1.1)
                  0003de76    000000da                                                 : SemaphoreP_freertos.obj (.rodata.str1.1)
                  0003df50    000000a9                                                 : SysTickTimerP.obj (.rodata.str1.1)
                  0003dff9    0000007b     drivers.am64x.m4f.ti-arm-clang.release.lib : soc.obj (.rodata.str1.1)
                  0003e074    00000004     freertos.am64x.m4f.ti-arm-clang.release.lib : tasks.obj (.rodata.uxTopUsedPriority)
                  0003e078    00000050                                                 : printf.obj (.rodata._ftoa.pow10)
                  0003e0c8    00000050     drivers.am64x.m4f.ti-arm-clang.release.lib : ipc_rpmsg_vring.obj (.rodata.str1.1)
                  0003e118    00000042     ti_drivers_config.obj (.rodata.str1.1)
                  0003e15a    00000041     main.obj (.rodata.str1.1)
                  0003e19b    0000002d     freertos.am64x.m4f.ti-arm-clang.release.lib : DebugP_log.obj (.rodata.str1.1)
                  0003e1c8    00000022     libc.a : _printfi.c.obj (.rodata.str1.1)
                  0003e1ea    00000002     --HOLE-- [fill = 0]
                  0003e1ec    00000020     drivers.am64x.m4f.ti-arm-clang.release.lib : soc.obj (.rodata.SOC_getCoreName.coreIdNames)
                  0003e20c    00000020     ti_dpl_config.obj (.rodata.gMpuRegionConfig)
                  0003e22c    0000001b     freertos.am64x.m4f.ti-arm-clang.release.lib : DebugP_memTraceLogWriter.obj (.rodata.str1.1)
                  0003e247    0000001b                                                 : DebugP_shmLogWriter.obj (.rodata.str1.1)
                  0003e262    00000002     --HOLE-- [fill = 0]
                  0003e264    00000018     drivers.am64x.m4f.ti-arm-clang.release.lib : sciclient_soc_priv.obj (.rodata..Lswitch.table.Sciclient_getDevId)
                  0003e27c    00000012     freertos.am64x.m4f.ti-arm-clang.release.lib : printf.obj (.rodata.str1.1)
                  0003e28e    00000002     --HOLE-- [fill = 0]
                  0003e290    0000000c     ti_dpl_config.obj (.rodata.gMpuConfig)
                  0003e29c    00000004     --HOLE-- [fill = 0]

.data      0    0003e2a0    00000288     
                  0003e2a0    00000093     drivers.am64x.m4f.ti-arm-clang.release.lib : ipc_notify_v0_cfg.obj (.data.gIpcNotifyMailboxConfig)
                  0003e333    00000001                                                : sciclient.obj (.data.gSecHeaderSizeWords)
                  0003e334    00000004     freertos.am64x.m4f.ti-arm-clang.release.lib : DebugP_memTraceLogWriter.obj (.data.DebugP_memLogWriterPutChar.lineBufIndex)
                  0003e338    00000080     ti_dpl_config.obj (.data.gAddrTranslateRegionConfig)
                  0003e3b8    00000030     drivers.am64x.m4f.ti-arm-clang.release.lib : ipc_notify_v0_cfg.obj (.data.gIpcNotifyInterruptConfig_m4fss0_0)
                  0003e3e8    00000024                                                : ipc_notify_v0_cfg.obj (.data.gIpcNotifyMailboxBaseAddr)
                  0003e40c    00000004     freertos.am64x.m4f.ti-arm-clang.release.lib : DebugP_shmLogWriter.obj (.data.DebugP_shmLogWriterPutChar.lineBufIndex)
                  0003e410    00000020     drivers.am64x.m4f.ti-arm-clang.release.lib : sciclient_soc_priv.obj (.data.gSciclientSecProxyCfg)
                  0003e430    00000018     ipc_rpmsg_echo.obj (.data.gRemoteCoreId)
                  0003e448    00000014     ti_dpl_config.obj (.data.gClockConfig)
                  0003e45c    0000000c     freertos.am64x.m4f.ti-arm-clang.release.lib : AddrTranslateP.obj (.data.gAddrTranslateConfig)
                  0003e468    0000000c     ti_power_clock_config.obj (.data.gSocModulesClockFrequency)
                  0003e474    00000008     ti_pinmux_config.obj (.data.gPinMuxMainDomainCfg)
                  0003e47c    00000008     ti_pinmux_config.obj (.data.gPinMuxMcuDomainCfg)
                  0003e484    00000004     freertos.am64x.m4f.ti-arm-clang.release.lib : tasks.obj (.data.FreeRTOS_errno)
                  0003e488    00000008                                                 : TaskP_freertos.obj (.data.vApplicationLoadHook.lastUpdateTime)
                  0003e490    00000004     libc.a : _lock.c.obj (.data._lock)
                  0003e494    00000004            : _lock.c.obj (.data._unlock)
                  0003e498    00000004     freertos.am64x.m4f.ti-arm-clang.release.lib : DebugP_log.obj (.data.gDebugLogZone)
                  0003e49c    00000004                                                 : DebugP_memTraceLogWriter.obj (.data.gDebugMemLogIsWrapAround)
                  0003e4a0    00000004     ti_dpl_config.obj (.data.gDebugMemLogSize)
                  0003e4a4    00000004     freertos.am64x.m4f.ti-arm-clang.release.lib : DebugP_memTraceLogWriter.obj (.data.gDebugMemLogWriteIndex)
                  0003e4a8    00000004                                                 : DebugP_memTraceLogWriter.obj (.data.gDebugP_memTraceLogWriterSelfCoreName)
                  0003e4ac    00000004                                                 : DebugP_shmLogWriter.obj (.data.gDebugShmLogWriter)
                  0003e4b0    00000004                                                 : DebugP_shmLogWriter.obj (.data.gDebugShmLogWriterSelfCoreName)
                  0003e4b4    00000004     drivers.am64x.m4f.ti-arm-clang.release.lib : ipc_notify_v0_cfg.obj (.data.gIpcNotifyInterruptConfigNum_m4fss0_0)
                  0003e4b8    00000004     ipc_rpmsg_echo.obj (.data.gMsgEchoCount)
                  0003e4bc    00000004     drivers.am64x.m4f.ti-arm-clang.release.lib : sciclient.obj (.data.gSciclientHandle.0)
                  0003e4c0    00000004                                                : sciclient.obj (.data.gSciclientHandle.2)
                  0003e4c4    00000004                                                : sciclient.obj (.data.gSciclientHandle.3)
                  0003e4c8    00000004                                                : sciclient.obj (.data.gSciclientHandle.4)
                  0003e4cc    00000004                                                : sciclient.obj (.data.gSciclientHandle.5)
                  0003e4d0    00000004     ti_power_clock_config.obj (.data.gSocModules)
                  0003e4d4    00000004     freertos.am64x.m4f.ti-arm-clang.release.lib : timers.obj (.data.prvSampleTimeNow.xLastTime)
                  0003e4d8    00000004                                                 : tasks.obj (.data.pxCurrentTCB)
                  0003e4dc    00000004                                                 : tasks.obj (.data.ulTaskSwitchedInTime)
                  0003e4e0    00000004                                                 : tasks.obj (.data.ulTotalRunTime)
                  0003e4e4    00000004                                                 : port.obj (.data.uxCriticalNesting)
                  0003e4e8    00000004                                                 : tasks.obj (.data.uxCurrentNumberOfTasks)
                  0003e4ec    00000004                                                 : tasks.obj (.data.uxDeletedTasksWaitingCleanUp)
                  0003e4f0    00000004                                                 : tasks.obj (.data.uxSchedulerSuspended)
                  0003e4f4    00000004                                                 : tasks.obj (.data.uxTaskNumber)
                  0003e4f8    00000004                                                 : tasks.obj (.data.uxTopReadyPriority)
                  0003e4fc    00000004                                                 : tasks.obj (.data.xIdleTaskHandle)
                  0003e500    00000004                                                 : tasks.obj (.data.xNextTaskUnblockTime)
                  0003e504    00000004                                                 : tasks.obj (.data.xNumOfOverflows)
                  0003e508    00000004                                                 : tasks.obj (.data.xPendedTicks)
                  0003e50c    00000004                                                 : tasks.obj (.data.xSchedulerRunning)
                  0003e510    00000004                                                 : tasks.obj (.data.xTickCount)
                  0003e514    00000004                                                 : timers.obj (.data.xTimerQueue)
                  0003e518    00000004                                                 : timers.obj (.data.xTimerTaskHandle)
                  0003e51c    00000004                                                 : tasks.obj (.data.xYieldPending)
                  0003e520    00000001                                                 : DebugP_freertos.obj (.data.gDebugLogIsInitDone)
                  0003e521    00000003     --HOLE-- [fill = 0]
                  0003e524    00000001                                                 : port.obj (.data.ulPortSchedularRunning)
                  0003e525    00000003     --HOLE-- [fill = 0]

.resource_table 
*          0    a4100000    00001000     
                  a4100000    0000008c     ti_drivers_config.obj (.resource_table)
                  a410008c    00000f74     --HOLE-- [fill = 0]

.init_array 
*          0    00000200    00000000     UNINITIALIZED

.bss.log_shared_mem 
*          0    a5000080    00003800     NOLOAD SECTION
                  a5000080    00003800     ti_dpl_config.obj (.bss.log_shared_mem)

.bss.ipc_vring_mem 
*          0    a5004000    00006680     NOLOAD SECTION
                  a5004000    00006680     ti_drivers_config.obj (.bss.ipc_vring_mem)

__llvm_prf_cnts 
*          0    00030000    00000000     UNINITIALIZED

__llvm_prf_bits 
*          0    00030000    00000000     UNINITIALIZED

MODULE SUMMARY

       Module                              code    ro data   rw data
       ------                              ----    -------   -------
    obj/release/
       ti_drivers_config.obj               280     206       26240  
       ipc_rpmsg_echo.obj                  1134    663       17308  
       ti_dpl_config.obj                   110     44        18584  
       main.obj                            148     65        16524  
       ti_power_clock_config.obj           116     0         16     
       ti_pinmux_config.obj                34      0         16     
       ti_board_open_close.obj             6       0         0      
       ti_board_config.obj                 2       0         0      
       ti_drivers_open_close.obj           2       0         0      
    +--+-----------------------------------+-------+---------+---------+
       Total:                              1832    978       78688  
                                                                    
    /home/thomas/ti/mcu_plus_sdk_am64x_08_05_00_24/source/drivers/lib/drivers.am64x.m4f.ti-arm-clang.release.lib
       ipc_rpmsg.obj                       1802    794       2860   
       ipc_notify_v0.obj                   1656    381       168    
       sciclient.obj                       1222    0         21     
       ipc_rpmsg_vring.obj                 1116    80        0      
       sciclient_pm.obj                    1068    0         0      
       soc.obj                             450     155       0      
       sciclient_fmwSecureProxyMap.obj     0       300       0      
       ipc_notify_v0_cfg.obj               0       0         235    
       pinmux.obj                          190     0         0      
       sciclient_soc_priv.obj              102     24        32     
       csl_sec_proxy.obj                   10      0         0      
    +--+-----------------------------------+-------+---------+---------+
       Total:                              7616    1734      3316   
                                                                    
    /home/thomas/ti/mcu_plus_sdk_am64x_08_05_00_24/source/kernel/freertos/lib/freertos.am64x.m4f.ti-arm-clang.release.lib
       tasks.obj                           4130    2034      812    
       port.obj                            800     429       5397   
       queue.obj                           3316    1878      256    
       printf.obj                          4530    98        0      
       timers.obj                          1220    700       396    
       HwiP_armv7m.obj                     954     0         640    
       TaskP_freertos.obj                  652     355       168    
       SemaphoreP_freertos.obj             402     218       80     
       ClockP_freertos_m4.obj              310     266       0      
       DebugP_shmLogWriter.obj             358     27        134    
       SysTickTimerP.obj                   340     169       0      
       DebugP_memTraceLogWriter.obj        330     27        138    
       HwiP_armv7m_handlers_freertos.obj   166     0         320    
       MpuP_armv7m.obj                     446     0         0      
       AddrTranslateP.obj                  292     0         12     
       ClockP_freertos.obj                 216     0         56     
       DebugP_freertos.obj                 118     0         153    
       DebugP_log.obj                      156     45        4      
       list.obj                            150     0         0      
       boot_armv7m.obj                     90      0         0      
       heap_3.obj                          26      0         0      
       CacheP_null.obj                     2       0         0      
    +--+-----------------------------------+-------+---------+---------+
       Total:                              19004   6246      8566   
                                                                    
    /home/thomas/ti/ti-cgt-armllvm_2.1.2.LTS/lib/armv7em-ti-none-eabihf/c/libc.a
       _printfi.c.obj                      630     34        0      
       memory.c.obj                        316     0         4      
       snprintf.c.obj                      140     0         0      
       autoinit.c.obj                      56      0         0      
       memccpy.c.obj                       30      0         0      
       memcpy_t2.S.obj                     18      0         0      
       memset_t2.S.obj                     14      0         0      
       _lock.c.obj                         2       0         8      
       exit.c.obj                          4       0         0      
    +--+-----------------------------------+-------+---------+---------+
       Total:                              1210    34        12     
                                                                    
    /home/thomas/ti/ti-cgt-armllvm_2.1.2.LTS/lib/clang/14.0.6/lib/armv7em-ti-none-eabihf/libclang_rt.builtins.a
       adddf3.S.obj                        438     0         0      
       divdf3.S.obj                        310     0         0      
       comparedf2.c.obj                    268     0         0      
       muldf3.S.obj                        252     0         0      
       udivmoddi4.S.obj                    176     0         0      
       aeabi_dcmp.S.obj                    98      0         0      
       fixdfsi.S.obj                       72      0         0      
       fixunsdfsi.S.obj                    68      0         0      
       floatsidf.S.obj                     46      0         0      
       floatunsidf.S.obj                   32      0         0      
       aeabi_memset.S.obj                  20      0         0      
       aeabi_uldivmod.S.obj                20      0         0      
       aeabi_memcpy.S.obj                  4       0         0      
       aeabi_div0.c.obj                    2       0         0      
    +--+-----------------------------------+-------+---------+---------+
       Total:                              1806    0         0      
                                                                    
       Heap:                               0       0         32768  
       Stack:                              0       0         16384  
    +--+-----------------------------------+-------+---------+---------+
       Grand Total:                        31468   8992      139734 


GLOBAL SYMBOLS: SORTED ALPHABETICALLY BY Name 

address   name                                 
-------   ----                                 
0000fcb5  AddrTranslateP_Params_init           
0000e585  AddrTranslateP_getLocalAddr          
0000cc55  AddrTranslateP_init                  
00009ad3  Board_driversClose                   
0000fcf1  Board_driversOpen                    
0000a763  Board_init                           
0000fd04  C$$EXIT                              
0000fcbf  CSL_secProxyGetDataAddr              
0000a91f  CacheP_wbInv                         
0000fcf5  ClockP_getTicks                      
0000effd  ClockP_getTimeUsec                   
0000fcf9  ClockP_getTimerCount                 
0000b3e5  ClockP_init                          
0000fc1b  ClockP_ticksToUsec                   
0000aad7  ClockP_timerClearOverflowInt         
0000f699  ClockP_timerTickIsr                  
0000fb6f  ClockP_usecToTicks                   
0000f511  ClockP_usleep                        
0000f8d1  DebugP_logZoneEnable                 
0000fbc1  DebugP_memLogWriterInit              
0000cd05  DebugP_memLogWriterPutChar           
0000dca1  DebugP_memTraceLogWriterPutLine      
0000f579  DebugP_shmLogWriterInit              
0000cdb5  DebugP_shmLogWriterPutChar           
0000dd29  DebugP_shmLogWriterPutLine           
0000ec71  Dpl_init                             
0000adc7  Drivers_open                         
0003e484  FreeRTOS_errno                       
000091d1  HwiP_Params_init                     
0000d0d3  HwiP_busFault_handler                
00009161  HwiP_clearInt                        
000091e3  HwiP_construct                       
0000d103  HwiP_debugMon_handler                
00009281  HwiP_destruct                        
0000930f  HwiP_disable                         
000090a9  HwiP_disableInt                      
0000931b  HwiP_enable                          
00009051  HwiP_enableInt                       
0000d0b3  HwiP_hardFault_handler               
0000fb2d  HwiP_inISR                           
00009327  HwiP_init                            
0000d06d  HwiP_interrupt_handler               
0000d0c3  HwiP_memFault_handler                
0000d0a1  HwiP_nmi_handler                     
000092fb  HwiP_post                            
0000d0f3  HwiP_reserved_handler                
0000909f  HwiP_restore                         
00009105  HwiP_restoreInt                      
00009183  HwiP_setPri                          
0000d0e3  HwiP_usageFault_handler              
0000fa31  IpcNotify_Params_init                
0000facd  IpcNotify_getConfig                  
0000fc91  IpcNotify_getSelfCoreId              
000093f5  IpcNotify_init                       
0000fae5  IpcNotify_isCoreEnabled              
0000c569  IpcNotify_isr                        
0000f2fd  IpcNotify_registerClient             
0000c701  IpcNotify_sendMsg                    
0000e989  IpcNotify_syncAll                    
0000f911  IpcNotify_syncCallback               
0000e78d  IpcNotify_waitSync                   
0000f6c9  Module_clockEnable                   
0000f431  Module_clockSetFrequency             
0000a5a5  MpuP_RegionAttrs_init                
0000a6b5  MpuP_disable                         
0000a67b  MpuP_enable                          
0000a6eb  MpuP_init                            
0000a6db  MpuP_isEnable                        
0000a5b3  MpuP_setRegion                       
0000cadd  Pinmux_config                        
0000f88d  Pinmux_init                          
0000f813  PowerClock_init                      
0000fc2b  RPMessage_CreateParams_init          
0000f727  RPMessage_Params_init                
0000f049  RPMessage_allocEndPtMsg              
0000e025  RPMessage_construct                  
0000f7c9  RPMessage_controlEndPtHandler        
0000d89d  RPMessage_coreInit                   
0000f27d  RPMessage_destruct                   
0000e3c9  RPMessage_getEndPtMsg                
0000fcfd  RPMessage_getLocalEndPt              
0000c3a1  RPMessage_init                       
0000f8af  RPMessage_isLinuxCore                
0000ee1d  RPMessage_notifyCallback             
0000b043  RPMessage_recv                       
0000b99b  RPMessage_recvHandler                
0000bfb9  RPMessage_send                       
0000f469  RPMessage_vringCheckEmptyTxBuf       
0000da61  RPMessage_vringGetEmptyTxBuf         
0000d1bb  RPMessage_vringGetFullRxBuf          
0000fa4b  RPMessage_vringGetRxBufAddr          
0000fa65  RPMessage_vringGetTxBufAddr          
0000f989  RPMessage_vringGetTxBufLen           
0000ebbd  RPMessage_vringIsFullRxBuf           
0000d58d  RPMessage_vringPutEmptyRxBuf         
0000e9e9  RPMessage_vringPutFullTxBuf          
0000cb9b  RPMessage_vringReset                 
0000db85  RPMessage_vringResetInternal         
0000f9a5  SOC_getCoreName                      
0000e203  SOC_moduleClockEnable                
0000b2b1  SOC_moduleSetClockFrequency          
0000ee6d  Sciclient_getContext                 
0000f4a1  Sciclient_getCurrentContext          
0000fb43  Sciclient_getDevId                   
0000d767  Sciclient_init                       
0000deb7  Sciclient_pmGetModuleClkNumParent    
0000e659  Sciclient_pmGetModuleClkParent       
0000e437  Sciclient_pmGetModuleState           
0000eb61  Sciclient_pmModuleClkRequest         
0000e7f1  Sciclient_pmModuleGetClkStatus       
0000d62b  Sciclient_pmQueryModuleClkFreq       
0000dc15  Sciclient_pmSetModuleClkFreq         
0000ea47  Sciclient_pmSetModuleClkParent       
0000f16b  Sciclient_pmSetModuleRst             
0000ed77  Sciclient_pmSetModuleState           
00009779  Sciclient_service                    
0000e2e7  SemaphoreP_constructBinary           
0000eebd  SemaphoreP_constructMutex            
0000fce5  SemaphoreP_destruct                  
0000e6bf  SemaphoreP_pend                      
0000e725  SemaphoreP_post                      
0000f92f  SysTickTimerP_Params_init            
0000fc4b  SysTickTimerP_getCount               
0000fc59  SysTickTimerP_getReloadCount         
0000bbb3  SysTickTimerP_setup                  
0000fbd3  SysTickTimerP_start                  
0000bcbb  System_init                          
0000fc09  TI_memcpy_small                      
0000fc83  TI_memset_small                      
0000fa7f  TaskP_Params_init                    
0000aad9  TaskP_construct                      
0000ce65  TaskP_loadUpdateAll                  
0000eaa5  _DebugP_assert                       
0000f94d  _DebugP_assertNoLog                  
0000e18d  _DebugP_logZone                      
0003c000  __BSS_END                            
00030000  __BSS_START                          
00013d10  __STACK_END                          
00004000  __STACK_SIZE                         
00008000  __SYSMEM_SIZE                        
UNDEFED   __TI_CINIT_Base                      
UNDEFED   __TI_CINIT_Limit                     
UNDEFED   __TI_Handler_Table_Base              
UNDEFED   __TI_Handler_Table_Limit             
0000f4d9  __TI_auto_init_nobinit_nopinit       
ffffffff  __TI_pprof_out_hndl                  
00009ad5  __TI_printfi_minimal                 
ffffffff  __TI_prof_data_size                  
ffffffff  __TI_prof_data_start                 
00000000  __TI_static_base__                   
0000a92b  __adddf3                             
0000f0dd  __aeabi_d2iz                         
0000f239  __aeabi_d2uiz                        
0000a92b  __aeabi_dadd                         
0000e925  __aeabi_dcmpeq                       
0000e961  __aeabi_dcmpge                       
0000e975  __aeabi_dcmpgt                       
0000e94d  __aeabi_dcmple                       
0000e939  __aeabi_dcmplt                       
0000f5a9  __aeabi_dcmpun                       
0000b179  __aeabi_ddiv                         
0000c0b5  __aeabi_dmul                         
0000a921  __aeabi_dsub                         
0000f6f9  __aeabi_i2d                          
0000b2af  __aeabi_ldiv0                        
0000fba5  __aeabi_memclr                       
0000fba5  __aeabi_memclr4                      
0000fba5  __aeabi_memclr8                      
0000fd09  __aeabi_memcpy                       
0000fd09  __aeabi_memcpy4                      
0000fd09  __aeabi_memcpy8                      
0000fb99  __aeabi_memset                       
0000fb99  __aeabi_memset4                      
0000fb99  __aeabi_memset8                      
0000f8f1  __aeabi_ui2d                         
0000fbad  __aeabi_uldivmod                     
ffffffff  __binit__                            
0000e515  __cmpdf2                             
0000b179  __divdf3                             
0000e515  __eqdf2                              
0000f0dd  __fixdfsi                            
0000f239  __fixunsdfsi                         
0000f6f9  __floatsidf                          
0000f8f1  __floatunsidf                        
0000e4a5  __gedf2                              
0000e4a5  __gtdf2                              
0000e515  __ledf2                              
0000e515  __ltdf2                              
0000fd01  __mpu_init                           
0000c0b5  __muldf3                             
0000e515  __nedf2                              
0000fd10  __stack                              
00030000  __start___llvm_prf_bits              
00030000  __start___llvm_prf_cnts              
00030000  __stop___llvm_prf_bits               
00030000  __stop___llvm_prf_cnts               
0000a921  __subdf3                             
0000cf15  __udivmoddi4                         
0000f5a9  __unorddf2                           
0000ec17  _c_int00                             
0003e490  _lock                                
0000b763  _nop                                 
00000200  _sys_memory                          
UNDEFED   _system_post_cinit                   
0003e494  _unlock                              
0000fd05  abort                                
ffffffff  binit                                
0000d44d  eTaskGetState                        
0000c1b1  free                                 
0000fbe5  freertos_main                        
0003e45c  gAddrTranslateConfig                 
0003e338  gAddrTranslateRegionConfig           
0003e448  gClockConfig                         
0003bec0  gClockCtrl                           
0003e498  gDebugLogZone                        
00038000  gDebugMemLog                         
0003e4a0  gDebugMemLogSize                     
a5000080  gDebugShmLog                         
0003b1ac  gHwiCtrl                             
00000000  gHwiP_vectorTable                    
0003b8ec  gIpcAckReplyMsgObject                
0003b9ac  gIpcNotifyCtrl                       
0003e4b4  gIpcNotifyInterruptConfigNum_m4fss0_0
0003e3b8  gIpcNotifyInterruptConfig_m4fss0_0   
0003e3e8  gIpcNotifyMailboxBaseAddr            
0003e2a0  gIpcNotifyMailboxConfig              
0003b42c  gIpcRecvMsgObject                    
0003a000  gIpcRpmsgCtrl                        
0003b5ac  gIpcTask                             
00030000  gIpcTaskStack                        
0003bf90  gMainTask                            
0003bca0  gMainTaskObj                         
00034000  gMainTaskStack                       
0003e290  gMpuConfig                           
0003e20c  gMpuRegionConfig                     
0003e4b8  gMsgEchoCount                        
a5004000  gRPMessageVringMem                   
a4100000  gRPMessage_linuxResourceTable        
0003e430  gRemoteCoreId                        
0003be6c  gRovDummyQueue                       
0003dc40  gSciclientMap                        
0003e410  gSciclientSecProxyCfg                
0003e4d0  gSocModules                          
0003e468  gSocModulesClockFrequency            
0003ba58  gTaskP_ctrl                          
0000d115  ipc_recv_task_main                   
0000af07  ipc_rpmsg_create_recv_tasks          
0000f095  ipc_rpmsg_echo_main                  
00009d3d  ipc_rpmsg_send_messages              
0000de35  main                                 
0000f96b  memccpy                              
0000fbf7  putchar_                             
0000fb15  pvTaskIncrementMutexHeldCount        
0003e4d8  pxCurrentTCB                         
0000f779  pxPortInitialiseStack                
0000f1b1  snprintf                             
0000f547  snprintf_                            
0000fcdd  uiPortGetRunTimeCounterValue         
0000f7ef  uxListRemove                         
0003e074  uxTopUsedPriority                    
0000f9dd  vApplicationGetIdleTaskMemory        
0000f9f9  vApplicationGetTimerTaskMemory       
0000fcd3  vApplicationIdleHook                 
0000f33b  vApplicationLoadHook                 
0000f639  vApplicationStackOverflowHook        
0000fb59  vListInitialise                      
0000fceb  vListInitialiseItem                  
0000f3f5  vListInsert                          
0000fa15  vListInsertEnd                       
0000d113  vPortConfigTimerForRunTimeStats      
0000eb03  vPortEnterCritical                   
0000f1f5  vPortExitCritical                    
0000fa99  vPortFree                            
0000f821  vPortSVCHandler                      
0000f379  vPortTimerTickHandler                
0000f7a1  vQueueAddToRegistry                  
0000e855  vQueueDelete                         
0000f125  vQueueWaitForMessageRestricted       
0000e5ef  vTaskDelay                           
0000b641  vTaskDelete                          
0000d935  vTaskGetInfo                         
0000fab3  vTaskInternalSetTimeOutState         
0000fc75  vTaskMissedYield                     
0000efad  vTaskPlaceOnEventList                
0000ecc9  vTaskPlaceOnEventListRestricted      
0000c48f  vTaskPriorityDisinheritAfterTimeout  
0000c895  vTaskStartScheduler                  
0000fc3b  vTaskSuspendAll                      
0000c2a9  vTaskSwitchContext                   
0000f845  vprintf_                             
0000e8c1  xPortPendSVHandler                   
0000dfab  xPortStartScheduler                  
0000f669  xQueueCreateMutexStatic              
0000bebb  xQueueGenericCreateStatic            
0000daf3  xQueueGenericReset                   
0000a3bd  xQueueGenericSend                    
0000b515  xQueueGenericSendFromISR             
0000baa7  xQueueGiveFromISR                    
0000edc9  xQueueGiveMutexRecursive             
0000a765  xQueueReceive                        
0000bdbb  xQueueReceiveFromISR                 
0003b7ec  xQueueRegistry                       
0000a1c1  xQueueSemaphoreTake                  
0000ef5d  xQueueTakeMutexRecursive             
0000d6c9  xTaskCheckForTimeOut                 
0000ca1b  xTaskCreateStatic                    
0000fc9d  xTaskGetCurrentTaskHandle            
0000f3b7  xTaskGetIdleTaskHandle               
0000f869  xTaskGetSchedulerState               
0000fca9  xTaskGetTickCount                    
0000ac5d  xTaskIncrementTick                   
0000c7cb  xTaskPriorityDisinherit              
0000cfc5  xTaskPriorityInherit                 
0000d3a9  xTaskRemoveFromEventList             
0000adc9  xTaskResumeAll                       
0000ddaf  xTimerCreateTimerTask                
0000e115  xTimerGenericCommand                 


GLOBAL SYMBOLS: SORTED BY Symbol Address 

address   name                                 
-------   ----                                 
00000000  __TI_static_base__                   
00000000  gHwiP_vectorTable                    
00000200  _sys_memory                          
00004000  __STACK_SIZE                         
00008000  __SYSMEM_SIZE                        
00009051  HwiP_enableInt                       
0000909f  HwiP_restore                         
000090a9  HwiP_disableInt                      
00009105  HwiP_restoreInt                      
00009161  HwiP_clearInt                        
00009183  HwiP_setPri                          
000091d1  HwiP_Params_init                     
000091e3  HwiP_construct                       
00009281  HwiP_destruct                        
000092fb  HwiP_post                            
0000930f  HwiP_disable                         
0000931b  HwiP_enable                          
00009327  HwiP_init                            
000093f5  IpcNotify_init                       
00009779  Sciclient_service                    
00009ad3  Board_driversClose                   
00009ad5  __TI_printfi_minimal                 
00009d3d  ipc_rpmsg_send_messages              
0000a1c1  xQueueSemaphoreTake                  
0000a3bd  xQueueGenericSend                    
0000a5a5  MpuP_RegionAttrs_init                
0000a5b3  MpuP_setRegion                       
0000a67b  MpuP_enable                          
0000a6b5  MpuP_disable                         
0000a6db  MpuP_isEnable                        
0000a6eb  MpuP_init                            
0000a763  Board_init                           
0000a765  xQueueReceive                        
0000a91f  CacheP_wbInv                         
0000a921  __aeabi_dsub                         
0000a921  __subdf3                             
0000a92b  __adddf3                             
0000a92b  __aeabi_dadd                         
0000aad7  ClockP_timerClearOverflowInt         
0000aad9  TaskP_construct                      
0000ac5d  xTaskIncrementTick                   
0000adc7  Drivers_open                         
0000adc9  xTaskResumeAll                       
0000af07  ipc_rpmsg_create_recv_tasks          
0000b043  RPMessage_recv                       
0000b179  __aeabi_ddiv                         
0000b179  __divdf3                             
0000b2af  __aeabi_ldiv0                        
0000b2b1  SOC_moduleSetClockFrequency          
0000b3e5  ClockP_init                          
0000b515  xQueueGenericSendFromISR             
0000b641  vTaskDelete                          
0000b763  _nop                                 
0000b99b  RPMessage_recvHandler                
0000baa7  xQueueGiveFromISR                    
0000bbb3  SysTickTimerP_setup                  
0000bcbb  System_init                          
0000bdbb  xQueueReceiveFromISR                 
0000bebb  xQueueGenericCreateStatic            
0000bfb9  RPMessage_send                       
0000c0b5  __aeabi_dmul                         
0000c0b5  __muldf3                             
0000c1b1  free                                 
0000c2a9  vTaskSwitchContext                   
0000c3a1  RPMessage_init                       
0000c48f  vTaskPriorityDisinheritAfterTimeout  
0000c569  IpcNotify_isr                        
0000c701  IpcNotify_sendMsg                    
0000c7cb  xTaskPriorityDisinherit              
0000c895  vTaskStartScheduler                  
0000ca1b  xTaskCreateStatic                    
0000cadd  Pinmux_config                        
0000cb9b  RPMessage_vringReset                 
0000cc55  AddrTranslateP_init                  
0000cd05  DebugP_memLogWriterPutChar           
0000cdb5  DebugP_shmLogWriterPutChar           
0000ce65  TaskP_loadUpdateAll                  
0000cf15  __udivmoddi4                         
0000cfc5  xTaskPriorityInherit                 
0000d06d  HwiP_interrupt_handler               
0000d0a1  HwiP_nmi_handler                     
0000d0b3  HwiP_hardFault_handler               
0000d0c3  HwiP_memFault_handler                
0000d0d3  HwiP_busFault_handler                
0000d0e3  HwiP_usageFault_handler              
0000d0f3  HwiP_reserved_handler                
0000d103  HwiP_debugMon_handler                
0000d113  vPortConfigTimerForRunTimeStats      
0000d115  ipc_recv_task_main                   
0000d1bb  RPMessage_vringGetFullRxBuf          
0000d3a9  xTaskRemoveFromEventList             
0000d44d  eTaskGetState                        
0000d58d  RPMessage_vringPutEmptyRxBuf         
0000d62b  Sciclient_pmQueryModuleClkFreq       
0000d6c9  xTaskCheckForTimeOut                 
0000d767  Sciclient_init                       
0000d89d  RPMessage_coreInit                   
0000d935  vTaskGetInfo                         
0000da61  RPMessage_vringGetEmptyTxBuf         
0000daf3  xQueueGenericReset                   
0000db85  RPMessage_vringResetInternal         
0000dc15  Sciclient_pmSetModuleClkFreq         
0000dca1  DebugP_memTraceLogWriterPutLine      
0000dd29  DebugP_shmLogWriterPutLine           
0000ddaf  xTimerCreateTimerTask                
0000de35  main                                 
0000deb7  Sciclient_pmGetModuleClkNumParent    
0000dfab  xPortStartScheduler                  
0000e025  RPMessage_construct                  
0000e115  xTimerGenericCommand                 
0000e18d  _DebugP_logZone                      
0000e203  SOC_moduleClockEnable                
0000e2e7  SemaphoreP_constructBinary           
0000e3c9  RPMessage_getEndPtMsg                
0000e437  Sciclient_pmGetModuleState           
0000e4a5  __gedf2                              
0000e4a5  __gtdf2                              
0000e515  __cmpdf2                             
0000e515  __eqdf2                              
0000e515  __ledf2                              
0000e515  __ltdf2                              
0000e515  __nedf2                              
0000e585  AddrTranslateP_getLocalAddr          
0000e5ef  vTaskDelay                           
0000e659  Sciclient_pmGetModuleClkParent       
0000e6bf  SemaphoreP_pend                      
0000e725  SemaphoreP_post                      
0000e78d  IpcNotify_waitSync                   
0000e7f1  Sciclient_pmModuleGetClkStatus       
0000e855  vQueueDelete                         
0000e8c1  xPortPendSVHandler                   
0000e925  __aeabi_dcmpeq                       
0000e939  __aeabi_dcmplt                       
0000e94d  __aeabi_dcmple                       
0000e961  __aeabi_dcmpge                       
0000e975  __aeabi_dcmpgt                       
0000e989  IpcNotify_syncAll                    
0000e9e9  RPMessage_vringPutFullTxBuf          
0000ea47  Sciclient_pmSetModuleClkParent       
0000eaa5  _DebugP_assert                       
0000eb03  vPortEnterCritical                   
0000eb61  Sciclient_pmModuleClkRequest         
0000ebbd  RPMessage_vringIsFullRxBuf           
0000ec17  _c_int00                             
0000ec71  Dpl_init                             
0000ecc9  vTaskPlaceOnEventListRestricted      
0000ed77  Sciclient_pmSetModuleState           
0000edc9  xQueueGiveMutexRecursive             
0000ee1d  RPMessage_notifyCallback             
0000ee6d  Sciclient_getContext                 
0000eebd  SemaphoreP_constructMutex            
0000ef5d  xQueueTakeMutexRecursive             
0000efad  vTaskPlaceOnEventList                
0000effd  ClockP_getTimeUsec                   
0000f049  RPMessage_allocEndPtMsg              
0000f095  ipc_rpmsg_echo_main                  
0000f0dd  __aeabi_d2iz                         
0000f0dd  __fixdfsi                            
0000f125  vQueueWaitForMessageRestricted       
0000f16b  Sciclient_pmSetModuleRst             
0000f1b1  snprintf                             
0000f1f5  vPortExitCritical                    
0000f239  __aeabi_d2uiz                        
0000f239  __fixunsdfsi                         
0000f27d  RPMessage_destruct                   
0000f2fd  IpcNotify_registerClient             
0000f33b  vApplicationLoadHook                 
0000f379  vPortTimerTickHandler                
0000f3b7  xTaskGetIdleTaskHandle               
0000f3f5  vListInsert                          
0000f431  Module_clockSetFrequency             
0000f469  RPMessage_vringCheckEmptyTxBuf       
0000f4a1  Sciclient_getCurrentContext          
0000f4d9  __TI_auto_init_nobinit_nopinit       
0000f511  ClockP_usleep                        
0000f547  snprintf_                            
0000f579  DebugP_shmLogWriterInit              
0000f5a9  __aeabi_dcmpun                       
0000f5a9  __unorddf2                           
0000f639  vApplicationStackOverflowHook        
0000f669  xQueueCreateMutexStatic              
0000f699  ClockP_timerTickIsr                  
0000f6c9  Module_clockEnable                   
0000f6f9  __aeabi_i2d                          
0000f6f9  __floatsidf                          
0000f727  RPMessage_Params_init                
0000f779  pxPortInitialiseStack                
0000f7a1  vQueueAddToRegistry                  
0000f7c9  RPMessage_controlEndPtHandler        
0000f7ef  uxListRemove                         
0000f813  PowerClock_init                      
0000f821  vPortSVCHandler                      
0000f845  vprintf_                             
0000f869  xTaskGetSchedulerState               
0000f88d  Pinmux_init                          
0000f8af  RPMessage_isLinuxCore                
0000f8d1  DebugP_logZoneEnable                 
0000f8f1  __aeabi_ui2d                         
0000f8f1  __floatunsidf                        
0000f911  IpcNotify_syncCallback               
0000f92f  SysTickTimerP_Params_init            
0000f94d  _DebugP_assertNoLog                  
0000f96b  memccpy                              
0000f989  RPMessage_vringGetTxBufLen           
0000f9a5  SOC_getCoreName                      
0000f9dd  vApplicationGetIdleTaskMemory        
0000f9f9  vApplicationGetTimerTaskMemory       
0000fa15  vListInsertEnd                       
0000fa31  IpcNotify_Params_init                
0000fa4b  RPMessage_vringGetRxBufAddr          
0000fa65  RPMessage_vringGetTxBufAddr          
0000fa7f  TaskP_Params_init                    
0000fa99  vPortFree                            
0000fab3  vTaskInternalSetTimeOutState         
0000facd  IpcNotify_getConfig                  
0000fae5  IpcNotify_isCoreEnabled              
0000fb15  pvTaskIncrementMutexHeldCount        
0000fb2d  HwiP_inISR                           
0000fb43  Sciclient_getDevId                   
0000fb59  vListInitialise                      
0000fb6f  ClockP_usecToTicks                   
0000fb99  __aeabi_memset                       
0000fb99  __aeabi_memset4                      
0000fb99  __aeabi_memset8                      
0000fba5  __aeabi_memclr                       
0000fba5  __aeabi_memclr4                      
0000fba5  __aeabi_memclr8                      
0000fbad  __aeabi_uldivmod                     
0000fbc1  DebugP_memLogWriterInit              
0000fbd3  SysTickTimerP_start                  
0000fbe5  freertos_main                        
0000fbf7  putchar_                             
0000fc09  TI_memcpy_small                      
0000fc1b  ClockP_ticksToUsec                   
0000fc2b  RPMessage_CreateParams_init          
0000fc3b  vTaskSuspendAll                      
0000fc4b  SysTickTimerP_getCount               
0000fc59  SysTickTimerP_getReloadCount         
0000fc75  vTaskMissedYield                     
0000fc83  TI_memset_small                      
0000fc91  IpcNotify_getSelfCoreId              
0000fc9d  xTaskGetCurrentTaskHandle            
0000fca9  xTaskGetTickCount                    
0000fcb5  AddrTranslateP_Params_init           
0000fcbf  CSL_secProxyGetDataAddr              
0000fcd3  vApplicationIdleHook                 
0000fcdd  uiPortGetRunTimeCounterValue         
0000fce5  SemaphoreP_destruct                  
0000fceb  vListInitialiseItem                  
0000fcf1  Board_driversOpen                    
0000fcf5  ClockP_getTicks                      
0000fcf9  ClockP_getTimerCount                 
0000fcfd  RPMessage_getLocalEndPt              
0000fd01  __mpu_init                           
0000fd04  C$$EXIT                              
0000fd05  abort                                
0000fd09  __aeabi_memcpy                       
0000fd09  __aeabi_memcpy4                      
0000fd09  __aeabi_memcpy8                      
0000fd10  __stack                              
00013d10  __STACK_END                          
00030000  __BSS_START                          
00030000  __start___llvm_prf_bits              
00030000  __start___llvm_prf_cnts              
00030000  __stop___llvm_prf_bits               
00030000  __stop___llvm_prf_cnts               
00030000  gIpcTaskStack                        
00034000  gMainTaskStack                       
00038000  gDebugMemLog                         
0003a000  gIpcRpmsgCtrl                        
0003b1ac  gHwiCtrl                             
0003b42c  gIpcRecvMsgObject                    
0003b5ac  gIpcTask                             
0003b7ec  xQueueRegistry                       
0003b8ec  gIpcAckReplyMsgObject                
0003b9ac  gIpcNotifyCtrl                       
0003ba58  gTaskP_ctrl                          
0003bca0  gMainTaskObj                         
0003be6c  gRovDummyQueue                       
0003bec0  gClockCtrl                           
0003bf90  gMainTask                            
0003c000  __BSS_END                            
0003dc40  gSciclientMap                        
0003e074  uxTopUsedPriority                    
0003e20c  gMpuRegionConfig                     
0003e290  gMpuConfig                           
0003e2a0  gIpcNotifyMailboxConfig              
0003e338  gAddrTranslateRegionConfig           
0003e3b8  gIpcNotifyInterruptConfig_m4fss0_0   
0003e3e8  gIpcNotifyMailboxBaseAddr            
0003e410  gSciclientSecProxyCfg                
0003e430  gRemoteCoreId                        
0003e448  gClockConfig                         
0003e45c  gAddrTranslateConfig                 
0003e468  gSocModulesClockFrequency            
0003e484  FreeRTOS_errno                       
0003e490  _lock                                
0003e494  _unlock                              
0003e498  gDebugLogZone                        
0003e4a0  gDebugMemLogSize                     
0003e4b4  gIpcNotifyInterruptConfigNum_m4fss0_0
0003e4b8  gMsgEchoCount                        
0003e4d0  gSocModules                          
0003e4d8  pxCurrentTCB                         
a4100000  gRPMessage_linuxResourceTable        
a5000080  gDebugShmLog                         
a5004000  gRPMessageVringMem                   
ffffffff  __TI_pprof_out_hndl                  
ffffffff  __TI_prof_data_size                  
ffffffff  __TI_prof_data_start                 
ffffffff  __binit__                            
ffffffff  binit                                
UNDEFED   __TI_CINIT_Base                      
UNDEFED   __TI_CINIT_Limit                     
UNDEFED   __TI_Handler_Table_Base              
UNDEFED   __TI_Handler_Table_Limit             
UNDEFED   _system_post_cinit                   

[317 symbols]
